Copyright 1986-2022 Xilinx, Inc. All Rights Reserved. Copyright 2022-2024 Advanced Micro Devices, Inc. All Rights Reserved.
---------------------------------------------------------------------------------------------------------------------------------------------
| Tool Version : Vivado v.2024.2 (win64) Build 5239630 Fri Nov 08 22:35:27 MST 2024
| Date         : Thu Sep 17 19:22:35 2026
| Host         : PavilionPlus1 running 64-bit major release  (build 9200)
| Command      : report_timing -delay_type min -max_paths 10 -file V:/stage7_sgf/wlblock/critical_hold_paths.rpt
| Design       : rv32i_pipeline_7stage_sgf_top
| Device       : 7a35t-cpg236
| Speed File   : -1  PRODUCTION 1.23 2018-06-13
| Design State : Routed
---------------------------------------------------------------------------------------------------------------------------------------------

Timing Report

Slack (MET) :             0.108ns  (arrival time - required time)
  Source:                 u_ex2_mem/alu_result_out_reg[6]_rep__3/C
                            (rising edge-triggered cell FDCE clocked by clk  {rise@0.000ns fall@2.500ns period=5.000ns})
  Destination:            u_dmem/mem_reg_1792_2047_29_29/RAMS64E_A/ADR4
                            (rising edge-triggered cell RAMS64E clocked by clk  {rise@0.000ns fall@2.500ns period=5.000ns})
  Path Group:             clk
  Path Type:              Hold (Min at Fast Process Corner)
  Requirement:            0.000ns  (clk rise@0.000ns - clk rise@0.000ns)
  Data Path Delay:        0.329ns  (logic 0.141ns (42.814%)  route 0.188ns (57.186%))
  Logic Levels:           0  
  Clock Path Skew:        0.022ns (DCD - SCD - CPR)
    Destination Clock Delay (DCD):    0.432ns
    Source Clock Delay      (SCD):    0.410ns
    Clock Pessimism Removal (CPR):    -0.000ns

    Location             Delay type                Incr(ns)  Path(ns)    Netlist Resource(s)
  -------------------------------------------------------------------    -------------------
                         (clock clk rise edge)        0.000     0.000 r  
                                                      0.000     0.000 r  clk (IN)
                         net (fo=9586, unset)         0.410     0.410    u_ex2_mem/clk
    SLICE_X43Y26         FDCE                                         r  u_ex2_mem/alu_result_out_reg[6]_rep__3/C
  -------------------------------------------------------------------    -------------------
    SLICE_X43Y26         FDCE (Prop_fdce_C_Q)         0.141     0.551 r  u_ex2_mem/alu_result_out_reg[6]_rep__3/Q
                         net (fo=128, routed)         0.188     0.739    u_dmem/mem_reg_1792_2047_29_29/A4
    SLICE_X42Y27         RAMS64E                                      r  u_dmem/mem_reg_1792_2047_29_29/RAMS64E_A/ADR4
  -------------------------------------------------------------------    -------------------

                         (clock clk rise edge)        0.000     0.000 r  
                                                      0.000     0.000 r  clk (IN)
                         net (fo=9586, unset)         0.432     0.432    u_dmem/mem_reg_1792_2047_29_29/WCLK
    SLICE_X42Y27         RAMS64E                                      r  u_dmem/mem_reg_1792_2047_29_29/RAMS64E_A/CLK
                         clock pessimism              0.000     0.432    
    SLICE_X42Y27         RAMS64E (Hold_rams64e_CLK_ADR4)
                                                      0.200     0.632    u_dmem/mem_reg_1792_2047_29_29/RAMS64E_A
  -------------------------------------------------------------------
                         required time                         -0.632    
                         arrival time                           0.739    
  -------------------------------------------------------------------
                         slack                                  0.108    

Slack (MET) :             0.108ns  (arrival time - required time)
  Source:                 u_ex2_mem/alu_result_out_reg[6]_rep__3/C
                            (rising edge-triggered cell FDCE clocked by clk  {rise@0.000ns fall@2.500ns period=5.000ns})
  Destination:            u_dmem/mem_reg_1792_2047_29_29/RAMS64E_B/ADR4
                            (rising edge-triggered cell RAMS64E clocked by clk  {rise@0.000ns fall@2.500ns period=5.000ns})
  Path Group:             clk
  Path Type:              Hold (Min at Fast Process Corner)
  Requirement:            0.000ns  (clk rise@0.000ns - clk rise@0.000ns)
  Data Path Delay:        0.329ns  (logic 0.141ns (42.814%)  route 0.188ns (57.186%))
  Logic Levels:           0  
  Clock Path Skew:        0.022ns (DCD - SCD - CPR)
    Destination Clock Delay (DCD):    0.432ns
    Source Clock Delay      (SCD):    0.410ns
    Clock Pessimism Removal (CPR):    -0.000ns

    Location             Delay type                Incr(ns)  Path(ns)    Netlist Resource(s)
  -------------------------------------------------------------------    -------------------
                         (clock clk rise edge)        0.000     0.000 r  
                                                      0.000     0.000 r  clk (IN)
                         net (fo=9586, unset)         0.410     0.410    u_ex2_mem/clk
    SLICE_X43Y26         FDCE                                         r  u_ex2_mem/alu_result_out_reg[6]_rep__3/C
  -------------------------------------------------------------------    -------------------
    SLICE_X43Y26         FDCE (Prop_fdce_C_Q)         0.141     0.551 r  u_ex2_mem/alu_result_out_reg[6]_rep__3/Q
                         net (fo=128, routed)         0.188     0.739    u_dmem/mem_reg_1792_2047_29_29/A4
    SLICE_X42Y27         RAMS64E                                      r  u_dmem/mem_reg_1792_2047_29_29/RAMS64E_B/ADR4
  -------------------------------------------------------------------    -------------------

                         (clock clk rise edge)        0.000     0.000 r  
                                                      0.000     0.000 r  clk (IN)
                         net (fo=9586, unset)         0.432     0.432    u_dmem/mem_reg_1792_2047_29_29/WCLK
    SLICE_X42Y27         RAMS64E                                      r  u_dmem/mem_reg_1792_2047_29_29/RAMS64E_B/CLK
                         clock pessimism              0.000     0.432    
    SLICE_X42Y27         RAMS64E (Hold_rams64e_CLK_ADR4)
                                                      0.200     0.632    u_dmem/mem_reg_1792_2047_29_29/RAMS64E_B
  -------------------------------------------------------------------
                         required time                         -0.632    
                         arrival time                           0.739    
  -------------------------------------------------------------------
                         slack                                  0.108    

Slack (MET) :             0.108ns  (arrival time - required time)
  Source:                 u_ex2_mem/alu_result_out_reg[6]_rep__3/C
                            (rising edge-triggered cell FDCE clocked by clk  {rise@0.000ns fall@2.500ns period=5.000ns})
  Destination:            u_dmem/mem_reg_1792_2047_29_29/RAMS64E_C/ADR4
                            (rising edge-triggered cell RAMS64E clocked by clk  {rise@0.000ns fall@2.500ns period=5.000ns})
  Path Group:             clk
  Path Type:              Hold (Min at Fast Process Corner)
  Requirement:            0.000ns  (clk rise@0.000ns - clk rise@0.000ns)
  Data Path Delay:        0.329ns  (logic 0.141ns (42.814%)  route 0.188ns (57.186%))
  Logic Levels:           0  
  Clock Path Skew:        0.022ns (DCD - SCD - CPR)
    Destination Clock Delay (DCD):    0.432ns
    Source Clock Delay      (SCD):    0.410ns
    Clock Pessimism Removal (CPR):    -0.000ns

    Location             Delay type                Incr(ns)  Path(ns)    Netlist Resource(s)
  -------------------------------------------------------------------    -------------------
                         (clock clk rise edge)        0.000     0.000 r  
                                                      0.000     0.000 r  clk (IN)
                         net (fo=9586, unset)         0.410     0.410    u_ex2_mem/clk
    SLICE_X43Y26         FDCE                                         r  u_ex2_mem/alu_result_out_reg[6]_rep__3/C
  -------------------------------------------------------------------    -------------------
    SLICE_X43Y26         FDCE (Prop_fdce_C_Q)         0.141     0.551 r  u_ex2_mem/alu_result_out_reg[6]_rep__3/Q
                         net (fo=128, routed)         0.188     0.739    u_dmem/mem_reg_1792_2047_29_29/A4
    SLICE_X42Y27         RAMS64E                                      r  u_dmem/mem_reg_1792_2047_29_29/RAMS64E_C/ADR4
  -------------------------------------------------------------------    -------------------

                         (clock clk rise edge)        0.000     0.000 r  
                                                      0.000     0.000 r  clk (IN)
                         net (fo=9586, unset)         0.432     0.432    u_dmem/mem_reg_1792_2047_29_29/WCLK
    SLICE_X42Y27         RAMS64E                                      r  u_dmem/mem_reg_1792_2047_29_29/RAMS64E_C/CLK
                         clock pessimism              0.000     0.432    
    SLICE_X42Y27         RAMS64E (Hold_rams64e_CLK_ADR4)
                                                      0.200     0.632    u_dmem/mem_reg_1792_2047_29_29/RAMS64E_C
  -------------------------------------------------------------------
                         required time                         -0.632    
                         arrival time                           0.739    
  -------------------------------------------------------------------
                         slack                                  0.108    

Slack (MET) :             0.108ns  (arrival time - required time)
  Source:                 u_ex2_mem/alu_result_out_reg[6]_rep__3/C
                            (rising edge-triggered cell FDCE clocked by clk  {rise@0.000ns fall@2.500ns period=5.000ns})
  Destination:            u_dmem/mem_reg_1792_2047_29_29/RAMS64E_D/ADR4
                            (rising edge-triggered cell RAMS64E clocked by clk  {rise@0.000ns fall@2.500ns period=5.000ns})
  Path Group:             clk
  Path Type:              Hold (Min at Fast Process Corner)
  Requirement:            0.000ns  (clk rise@0.000ns - clk rise@0.000ns)
  Data Path Delay:        0.329ns  (logic 0.141ns (42.814%)  route 0.188ns (57.186%))
  Logic Levels:           0  
  Clock Path Skew:        0.022ns (DCD - SCD - CPR)
    Destination Clock Delay (DCD):    0.432ns
    Source Clock Delay      (SCD):    0.410ns
    Clock Pessimism Removal (CPR):    -0.000ns

    Location             Delay type                Incr(ns)  Path(ns)    Netlist Resource(s)
  -------------------------------------------------------------------    -------------------
                         (clock clk rise edge)        0.000     0.000 r  
                                                      0.000     0.000 r  clk (IN)
                         net (fo=9586, unset)         0.410     0.410    u_ex2_mem/clk
    SLICE_X43Y26         FDCE                                         r  u_ex2_mem/alu_result_out_reg[6]_rep__3/C
  -------------------------------------------------------------------    -------------------
    SLICE_X43Y26         FDCE (Prop_fdce_C_Q)         0.141     0.551 r  u_ex2_mem/alu_result_out_reg[6]_rep__3/Q
                         net (fo=128, routed)         0.188     0.739    u_dmem/mem_reg_1792_2047_29_29/A4
    SLICE_X42Y27         RAMS64E                                      r  u_dmem/mem_reg_1792_2047_29_29/RAMS64E_D/ADR4
  -------------------------------------------------------------------    -------------------

                         (clock clk rise edge)        0.000     0.000 r  
                                                      0.000     0.000 r  clk (IN)
                         net (fo=9586, unset)         0.432     0.432    u_dmem/mem_reg_1792_2047_29_29/WCLK
    SLICE_X42Y27         RAMS64E                                      r  u_dmem/mem_reg_1792_2047_29_29/RAMS64E_D/CLK
                         clock pessimism              0.000     0.432    
    SLICE_X42Y27         RAMS64E (Hold_rams64e_CLK_ADR4)
                                                      0.200     0.632    u_dmem/mem_reg_1792_2047_29_29/RAMS64E_D
  -------------------------------------------------------------------
                         required time                         -0.632    
                         arrival time                           0.739    
  -------------------------------------------------------------------
                         slack                                  0.108    

Slack (MET) :             0.111ns  (arrival time - required time)
  Source:                 u_ex2_mem/pc_plus4_out_reg[22]/C
                            (rising edge-triggered cell FDCE clocked by clk  {rise@0.000ns fall@2.500ns period=5.000ns})
  Destination:            u_mem_wb/pc_plus4_out_reg[22]/D
                            (rising edge-triggered cell FDCE clocked by clk  {rise@0.000ns fall@2.500ns period=5.000ns})
  Path Group:             clk
  Path Type:              Hold (Min at Fast Process Corner)
  Requirement:            0.000ns  (clk rise@0.000ns - clk rise@0.000ns)
  Data Path Delay:        0.208ns  (logic 0.141ns (67.788%)  route 0.067ns (32.212%))
  Logic Levels:           0  
  Clock Path Skew:        0.022ns (DCD - SCD - CPR)
    Destination Clock Delay (DCD):    0.432ns
    Source Clock Delay      (SCD):    0.410ns
    Clock Pessimism Removal (CPR):    -0.000ns

    Location             Delay type                Incr(ns)  Path(ns)    Netlist Resource(s)
  -------------------------------------------------------------------    -------------------
                         (clock clk rise edge)        0.000     0.000 r  
                                                      0.000     0.000 r  clk (IN)
                         net (fo=9586, unset)         0.410     0.410    u_ex2_mem/clk
    SLICE_X37Y53         FDCE                                         r  u_ex2_mem/pc_plus4_out_reg[22]/C
  -------------------------------------------------------------------    -------------------
    SLICE_X37Y53         FDCE (Prop_fdce_C_Q)         0.141     0.551 r  u_ex2_mem/pc_plus4_out_reg[22]/Q
                         net (fo=2, routed)           0.067     0.618    u_mem_wb/pc_plus4_out_reg[31]_0[22]
    SLICE_X37Y53         FDCE                                         r  u_mem_wb/pc_plus4_out_reg[22]/D
  -------------------------------------------------------------------    -------------------

                         (clock clk rise edge)        0.000     0.000 r  
                                                      0.000     0.000 r  clk (IN)
                         net (fo=9586, unset)         0.432     0.432    u_mem_wb/clk
    SLICE_X37Y53         FDCE                                         r  u_mem_wb/pc_plus4_out_reg[22]/C
                         clock pessimism              0.000     0.432    
    SLICE_X37Y53         FDCE (Hold_fdce_C_D)         0.075     0.507    u_mem_wb/pc_plus4_out_reg[22]
  -------------------------------------------------------------------
                         required time                         -0.507    
                         arrival time                           0.618    
  -------------------------------------------------------------------
                         slack                                  0.111    

Slack (MET) :             0.115ns  (arrival time - required time)
  Source:                 u_ex2_mem/alu_result_out_reg[7]_rep__3/C
                            (rising edge-triggered cell FDCE clocked by clk  {rise@0.000ns fall@2.500ns period=5.000ns})
  Destination:            u_dmem/mem_reg_1792_2047_29_29/RAMS64E_A/ADR5
                            (rising edge-triggered cell RAMS64E clocked by clk  {rise@0.000ns fall@2.500ns period=5.000ns})
  Path Group:             clk
  Path Type:              Hold (Min at Fast Process Corner)
  Requirement:            0.000ns  (clk rise@0.000ns - clk rise@0.000ns)
  Data Path Delay:        0.307ns  (logic 0.141ns (45.943%)  route 0.166ns (54.057%))
  Logic Levels:           0  
  Clock Path Skew:        0.022ns (DCD - SCD - CPR)
    Destination Clock Delay (DCD):    0.432ns
    Source Clock Delay      (SCD):    0.410ns
    Clock Pessimism Removal (CPR):    -0.000ns

    Location             Delay type                Incr(ns)  Path(ns)    Netlist Resource(s)
  -------------------------------------------------------------------    -------------------
                         (clock clk rise edge)        0.000     0.000 r  
                                                      0.000     0.000 r  clk (IN)
                         net (fo=9586, unset)         0.410     0.410    u_ex2_mem/clk
    SLICE_X43Y26         FDCE                                         r  u_ex2_mem/alu_result_out_reg[7]_rep__3/C
  -------------------------------------------------------------------    -------------------
    SLICE_X43Y26         FDCE (Prop_fdce_C_Q)         0.141     0.551 r  u_ex2_mem/alu_result_out_reg[7]_rep__3/Q
                         net (fo=128, routed)         0.166     0.717    u_dmem/mem_reg_1792_2047_29_29/A5
    SLICE_X42Y27         RAMS64E                                      r  u_dmem/mem_reg_1792_2047_29_29/RAMS64E_A/ADR5
  -------------------------------------------------------------------    -------------------

                         (clock clk rise edge)        0.000     0.000 r  
                                                      0.000     0.000 r  clk (IN)
                         net (fo=9586, unset)         0.432     0.432    u_dmem/mem_reg_1792_2047_29_29/WCLK
    SLICE_X42Y27         RAMS64E                                      r  u_dmem/mem_reg_1792_2047_29_29/RAMS64E_A/CLK
                         clock pessimism              0.000     0.432    
    SLICE_X42Y27         RAMS64E (Hold_rams64e_CLK_ADR5)
                                                      0.170     0.602    u_dmem/mem_reg_1792_2047_29_29/RAMS64E_A
  -------------------------------------------------------------------
                         required time                         -0.602    
                         arrival time                           0.717    
  -------------------------------------------------------------------
                         slack                                  0.115    

Slack (MET) :             0.115ns  (arrival time - required time)
  Source:                 u_ex2_mem/alu_result_out_reg[7]_rep__3/C
                            (rising edge-triggered cell FDCE clocked by clk  {rise@0.000ns fall@2.500ns period=5.000ns})
  Destination:            u_dmem/mem_reg_1792_2047_29_29/RAMS64E_B/ADR5
                            (rising edge-triggered cell RAMS64E clocked by clk  {rise@0.000ns fall@2.500ns period=5.000ns})
  Path Group:             clk
  Path Type:              Hold (Min at Fast Process Corner)
  Requirement:            0.000ns  (clk rise@0.000ns - clk rise@0.000ns)
  Data Path Delay:        0.307ns  (logic 0.141ns (45.943%)  route 0.166ns (54.057%))
  Logic Levels:           0  
  Clock Path Skew:        0.022ns (DCD - SCD - CPR)
    Destination Clock Delay (DCD):    0.432ns
    Source Clock Delay      (SCD):    0.410ns
    Clock Pessimism Removal (CPR):    -0.000ns

    Location             Delay type                Incr(ns)  Path(ns)    Netlist Resource(s)
  -------------------------------------------------------------------    -------------------
                         (clock clk rise edge)        0.000     0.000 r  
                                                      0.000     0.000 r  clk (IN)
                         net (fo=9586, unset)         0.410     0.410    u_ex2_mem/clk
    SLICE_X43Y26         FDCE                                         r  u_ex2_mem/alu_result_out_reg[7]_rep__3/C
  -------------------------------------------------------------------    -------------------
    SLICE_X43Y26         FDCE (Prop_fdce_C_Q)         0.141     0.551 r  u_ex2_mem/alu_result_out_reg[7]_rep__3/Q
                         net (fo=128, routed)         0.166     0.717    u_dmem/mem_reg_1792_2047_29_29/A5
    SLICE_X42Y27         RAMS64E                                      r  u_dmem/mem_reg_1792_2047_29_29/RAMS64E_B/ADR5
  -------------------------------------------------------------------    -------------------

                         (clock clk rise edge)        0.000     0.000 r  
                                                      0.000     0.000 r  clk (IN)
                         net (fo=9586, unset)         0.432     0.432    u_dmem/mem_reg_1792_2047_29_29/WCLK
    SLICE_X42Y27         RAMS64E                                      r  u_dmem/mem_reg_1792_2047_29_29/RAMS64E_B/CLK
                         clock pessimism              0.000     0.432    
    SLICE_X42Y27         RAMS64E (Hold_rams64e_CLK_ADR5)
                                                      0.170     0.602    u_dmem/mem_reg_1792_2047_29_29/RAMS64E_B
  -------------------------------------------------------------------
                         required time                         -0.602    
                         arrival time                           0.717    
  -------------------------------------------------------------------
                         slack                                  0.115    

Slack (MET) :             0.115ns  (arrival time - required time)
  Source:                 u_ex2_mem/alu_result_out_reg[7]_rep__3/C
                            (rising edge-triggered cell FDCE clocked by clk  {rise@0.000ns fall@2.500ns period=5.000ns})
  Destination:            u_dmem/mem_reg_1792_2047_29_29/RAMS64E_C/ADR5
                            (rising edge-triggered cell RAMS64E clocked by clk  {rise@0.000ns fall@2.500ns period=5.000ns})
  Path Group:             clk
  Path Type:              Hold (Min at Fast Process Corner)
  Requirement:            0.000ns  (clk rise@0.000ns - clk rise@0.000ns)
  Data Path Delay:        0.307ns  (logic 0.141ns (45.943%)  route 0.166ns (54.057%))
  Logic Levels:           0  
  Clock Path Skew:        0.022ns (DCD - SCD - CPR)
    Destination Clock Delay (DCD):    0.432ns
    Source Clock Delay      (SCD):    0.410ns
    Clock Pessimism Removal (CPR):    -0.000ns

    Location             Delay type                Incr(ns)  Path(ns)    Netlist Resource(s)
  -------------------------------------------------------------------    -------------------
                         (clock clk rise edge)        0.000     0.000 r  
                                                      0.000     0.000 r  clk (IN)
                         net (fo=9586, unset)         0.410     0.410    u_ex2_mem/clk
    SLICE_X43Y26         FDCE                                         r  u_ex2_mem/alu_result_out_reg[7]_rep__3/C
  -------------------------------------------------------------------    -------------------
    SLICE_X43Y26         FDCE (Prop_fdce_C_Q)         0.141     0.551 r  u_ex2_mem/alu_result_out_reg[7]_rep__3/Q
                         net (fo=128, routed)         0.166     0.717    u_dmem/mem_reg_1792_2047_29_29/A5
    SLICE_X42Y27         RAMS64E                                      r  u_dmem/mem_reg_1792_2047_29_29/RAMS64E_C/ADR5
  -------------------------------------------------------------------    -------------------

                         (clock clk rise edge)        0.000     0.000 r  
                                                      0.000     0.000 r  clk (IN)
                         net (fo=9586, unset)         0.432     0.432    u_dmem/mem_reg_1792_2047_29_29/WCLK
    SLICE_X42Y27         RAMS64E                                      r  u_dmem/mem_reg_1792_2047_29_29/RAMS64E_C/CLK
                         clock pessimism              0.000     0.432    
    SLICE_X42Y27         RAMS64E (Hold_rams64e_CLK_ADR5)
                                                      0.170     0.602    u_dmem/mem_reg_1792_2047_29_29/RAMS64E_C
  -------------------------------------------------------------------
                         required time                         -0.602    
                         arrival time                           0.717    
  -------------------------------------------------------------------
                         slack                                  0.115    

Slack (MET) :             0.115ns  (arrival time - required time)
  Source:                 u_ex2_mem/alu_result_out_reg[7]_rep__3/C
                            (rising edge-triggered cell FDCE clocked by clk  {rise@0.000ns fall@2.500ns period=5.000ns})
  Destination:            u_dmem/mem_reg_1792_2047_29_29/RAMS64E_D/ADR5
                            (rising edge-triggered cell RAMS64E clocked by clk  {rise@0.000ns fall@2.500ns period=5.000ns})
  Path Group:             clk
  Path Type:              Hold (Min at Fast Process Corner)
  Requirement:            0.000ns  (clk rise@0.000ns - clk rise@0.000ns)
  Data Path Delay:        0.307ns  (logic 0.141ns (45.943%)  route 0.166ns (54.057%))
  Logic Levels:           0  
  Clock Path Skew:        0.022ns (DCD - SCD - CPR)
    Destination Clock Delay (DCD):    0.432ns
    Source Clock Delay      (SCD):    0.410ns
    Clock Pessimism Removal (CPR):    -0.000ns

    Location             Delay type                Incr(ns)  Path(ns)    Netlist Resource(s)
  -------------------------------------------------------------------    -------------------
                         (clock clk rise edge)        0.000     0.000 r  
                                                      0.000     0.000 r  clk (IN)
                         net (fo=9586, unset)         0.410     0.410    u_ex2_mem/clk
    SLICE_X43Y26         FDCE                                         r  u_ex2_mem/alu_result_out_reg[7]_rep__3/C
  -------------------------------------------------------------------    -------------------
    SLICE_X43Y26         FDCE (Prop_fdce_C_Q)         0.141     0.551 r  u_ex2_mem/alu_result_out_reg[7]_rep__3/Q
                         net (fo=128, routed)         0.166     0.717    u_dmem/mem_reg_1792_2047_29_29/A5
    SLICE_X42Y27         RAMS64E                                      r  u_dmem/mem_reg_1792_2047_29_29/RAMS64E_D/ADR5
  -------------------------------------------------------------------    -------------------

                         (clock clk rise edge)        0.000     0.000 r  
                                                      0.000     0.000 r  clk (IN)
                         net (fo=9586, unset)         0.432     0.432    u_dmem/mem_reg_1792_2047_29_29/WCLK
    SLICE_X42Y27         RAMS64E                                      r  u_dmem/mem_reg_1792_2047_29_29/RAMS64E_D/CLK
                         clock pessimism              0.000     0.432    
    SLICE_X42Y27         RAMS64E (Hold_rams64e_CLK_ADR5)
                                                      0.170     0.602    u_dmem/mem_reg_1792_2047_29_29/RAMS64E_D
  -------------------------------------------------------------------
                         required time                         -0.602    
                         arrival time                           0.717    
  -------------------------------------------------------------------
                         slack                                  0.115    

Slack (MET) :             0.119ns  (arrival time - required time)
  Source:                 u_ex2_mem/rs2_data_out_reg[1]/C
                            (rising edge-triggered cell FDCE clocked by clk  {rise@0.000ns fall@2.500ns period=5.000ns})
  Destination:            u_dmem/mem_reg_0_255_1_1/RAMS64E_D/I
                            (rising edge-triggered cell RAMS64E clocked by clk  {rise@0.000ns fall@2.500ns period=5.000ns})
  Path Group:             clk
  Path Type:              Hold (Min at Fast Process Corner)
  Requirement:            0.000ns  (clk rise@0.000ns - clk rise@0.000ns)
  Data Path Delay:        0.284ns  (logic 0.141ns (49.607%)  route 0.143ns (50.393%))
  Logic Levels:           0  
  Clock Path Skew:        0.022ns (DCD - SCD - CPR)
    Destination Clock Delay (DCD):    0.432ns
    Source Clock Delay      (SCD):    0.410ns
    Clock Pessimism Removal (CPR):    -0.000ns

    Location             Delay type                Incr(ns)  Path(ns)    Netlist Resource(s)
  -------------------------------------------------------------------    -------------------
                         (clock clk rise edge)        0.000     0.000 r  
                                                      0.000     0.000 r  clk (IN)
                         net (fo=9586, unset)         0.410     0.410    u_ex2_mem/clk
    SLICE_X39Y33         FDCE                                         r  u_ex2_mem/rs2_data_out_reg[1]/C
  -------------------------------------------------------------------    -------------------
    SLICE_X39Y33         FDCE (Prop_fdce_C_Q)         0.141     0.551 r  u_ex2_mem/rs2_data_out_reg[1]/Q
                         net (fo=35, routed)          0.143     0.694    u_dmem/mem_reg_0_255_1_1/D
    SLICE_X38Y33         RAMS64E                                      r  u_dmem/mem_reg_0_255_1_1/RAMS64E_D/I
  -------------------------------------------------------------------    -------------------

                         (clock clk rise edge)        0.000     0.000 r  
                                                      0.000     0.000 r  clk (IN)
                         net (fo=9586, unset)         0.432     0.432    u_dmem/mem_reg_0_255_1_1/WCLK
    SLICE_X38Y33         RAMS64E                                      r  u_dmem/mem_reg_0_255_1_1/RAMS64E_D/CLK
                         clock pessimism              0.000     0.432    
    SLICE_X38Y33         RAMS64E (Hold_rams64e_CLK_I)
                                                      0.144     0.576    u_dmem/mem_reg_0_255_1_1/RAMS64E_D
  -------------------------------------------------------------------
                         required time                         -0.576    
                         arrival time                           0.694    
  -------------------------------------------------------------------
                         slack                                  0.119    




