Copyright 1986-2022 Xilinx, Inc. All Rights Reserved. Copyright 2022-2024 Advanced Micro Devices, Inc. All Rights Reserved.
---------------------------------------------------------------------------------------------------------------------------------------------
| Tool Version : Vivado v.2024.2 (win64) Build 5239630 Fri Nov 08 22:35:27 MST 2024
| Date         : Thu Sep 17 19:22:35 2026
| Host         : PavilionPlus1 running 64-bit major release  (build 9200)
| Command      : report_timing -delay_type max -max_paths 10 -file V:/stage7_sgf/wlblock/critical_setup_paths.rpt
| Design       : rv32i_pipeline_7stage_sgf_top
| Device       : 7a35t-cpg236
| Speed File   : -1  PRODUCTION 1.23 2018-06-13
| Design State : Routed
---------------------------------------------------------------------------------------------------------------------------------------------

Timing Report

Slack (VIOLATED) :        -3.885ns  (required time - arrival time)
  Source:                 u_pc/pc_out_reg[3]_rep__2/C
                            (rising edge-triggered cell FDCE clocked by clk  {rise@0.000ns fall@2.500ns period=5.000ns})
  Destination:            u_icache/data_reg[36][23]/CE
                            (rising edge-triggered cell FDCE clocked by clk  {rise@0.000ns fall@2.500ns period=5.000ns})
  Path Group:             clk
  Path Type:              Setup (Max at Slow Process Corner)
  Requirement:            5.000ns  (clk rise@5.000ns - clk rise@0.000ns)
  Data Path Delay:        8.596ns  (logic 2.298ns (26.735%)  route 6.298ns (73.265%))
  Logic Levels:           8  (CARRY4=1 LUT6=5 MUXF7=1 MUXF8=1)
  Clock Path Skew:        -0.049ns (DCD - SCD + CPR)
    Destination Clock Delay (DCD):    0.924ns = ( 5.924 - 5.000 ) 
    Source Clock Delay      (SCD):    0.973ns
    Clock Pessimism Removal (CPR):    0.000ns
  Clock Uncertainty:      0.035ns  ((TSJ^2 + TIJ^2)^1/2 + DJ) / 2 + PE
    Total System Jitter     (TSJ):    0.071ns
    Total Input Jitter      (TIJ):    0.000ns
    Discrete Jitter          (DJ):    0.000ns
    Phase Error              (PE):    0.000ns

    Location             Delay type                Incr(ns)  Path(ns)    Netlist Resource(s)
  -------------------------------------------------------------------    -------------------
                         (clock clk rise edge)        0.000     0.000 r  
                                                      0.000     0.000 r  clk (IN)
                         net (fo=9586, unset)         0.973     0.973    u_pc/clk
    SLICE_X43Y85         FDCE                                         r  u_pc/pc_out_reg[3]_rep__2/C
  -------------------------------------------------------------------    -------------------
    SLICE_X43Y85         FDCE (Prop_fdce_C_Q)         0.419     1.392 r  u_pc/pc_out_reg[3]_rep__2/Q
                         net (fo=115, routed)         1.465     2.857    u_icache/tags_reg[0][23]_i_195_0
    SLICE_X44Y88         LUT6 (Prop_lut6_I2_O)        0.299     3.156 r  u_icache/tags[0][23]_i_449/O
                         net (fo=1, routed)           0.000     3.156    u_icache/tags[0][23]_i_449_n_0
    SLICE_X44Y88         MUXF7 (Prop_muxf7_I0_O)      0.238     3.394 r  u_icache/tags_reg[0][23]_i_209/O
                         net (fo=1, routed)           0.000     3.394    u_icache/tags_reg[0][23]_i_209_n_0
    SLICE_X44Y88         MUXF8 (Prop_muxf8_I0_O)      0.104     3.498 r  u_icache/tags_reg[0][23]_i_89/O
                         net (fo=1, routed)           0.840     4.338    u_icache/tags_reg[0][23]_i_89_n_0
    SLICE_X37Y87         LUT6 (Prop_lut6_I0_O)        0.316     4.654 r  u_icache/tags[0][23]_i_47/O
                         net (fo=1, routed)           0.911     5.565    u_icache/tags[15]
    SLICE_X29Y85         LUT6 (Prop_lut6_I0_O)        0.124     5.689 r  u_icache/tags[0][23]_i_19/O
                         net (fo=1, routed)           0.000     5.689    u_icache/tags[0][23]_i_19_n_0
    SLICE_X29Y85         CARRY4 (Prop_carry4_S[1]_CO[3])
                                                      0.550     6.239 f  u_icache/tags_reg[0][23]_i_7/CO[3]
                         net (fo=1, routed)           0.617     6.856    u_icache/hit0
    SLICE_X31Y86         LUT6 (Prop_lut6_I5_O)        0.124     6.980 f  u_icache/tags[0][23]_i_3/O
                         net (fo=96, routed)          0.884     7.864    u_pc/data_reg[14][0]_0
    SLICE_X36Y89         LUT6 (Prop_lut6_I5_O)        0.124     7.988 r  u_pc/tags[36][23]_i_1/O
                         net (fo=57, routed)          1.581     9.569    u_icache/data_reg[36][0]_0[0]
    SLICE_X57Y102        FDCE                                         r  u_icache/data_reg[36][23]/CE
  -------------------------------------------------------------------    -------------------

                         (clock clk rise edge)        5.000     5.000 r  
                                                      0.000     5.000 r  clk (IN)
                         net (fo=9586, unset)         0.924     5.924    u_icache/clk
    SLICE_X57Y102        FDCE                                         r  u_icache/data_reg[36][23]/C
                         clock pessimism              0.000     5.924    
                         clock uncertainty           -0.035     5.889    
    SLICE_X57Y102        FDCE (Setup_fdce_C_CE)      -0.205     5.684    u_icache/data_reg[36][23]
  -------------------------------------------------------------------
                         required time                          5.684    
                         arrival time                          -9.569    
  -------------------------------------------------------------------
                         slack                                 -3.885    

Slack (VIOLATED) :        -3.871ns  (required time - arrival time)
  Source:                 u_pc/pc_out_reg[3]_rep__2/C
                            (rising edge-triggered cell FDCE clocked by clk  {rise@0.000ns fall@2.500ns period=5.000ns})
  Destination:            u_icache/data_reg[61][2]/CE
                            (rising edge-triggered cell FDCE clocked by clk  {rise@0.000ns fall@2.500ns period=5.000ns})
  Path Group:             clk
  Path Type:              Setup (Max at Slow Process Corner)
  Requirement:            5.000ns  (clk rise@5.000ns - clk rise@0.000ns)
  Data Path Delay:        8.618ns  (logic 2.298ns (26.666%)  route 6.320ns (73.334%))
  Logic Levels:           8  (CARRY4=1 LUT6=5 MUXF7=1 MUXF8=1)
  Clock Path Skew:        -0.049ns (DCD - SCD + CPR)
    Destination Clock Delay (DCD):    0.924ns = ( 5.924 - 5.000 ) 
    Source Clock Delay      (SCD):    0.973ns
    Clock Pessimism Removal (CPR):    0.000ns
  Clock Uncertainty:      0.035ns  ((TSJ^2 + TIJ^2)^1/2 + DJ) / 2 + PE
    Total System Jitter     (TSJ):    0.071ns
    Total Input Jitter      (TIJ):    0.000ns
    Discrete Jitter          (DJ):    0.000ns
    Phase Error              (PE):    0.000ns

    Location             Delay type                Incr(ns)  Path(ns)    Netlist Resource(s)
  -------------------------------------------------------------------    -------------------
                         (clock clk rise edge)        0.000     0.000 r  
                                                      0.000     0.000 r  clk (IN)
                         net (fo=9586, unset)         0.973     0.973    u_pc/clk
    SLICE_X43Y85         FDCE                                         r  u_pc/pc_out_reg[3]_rep__2/C
  -------------------------------------------------------------------    -------------------
    SLICE_X43Y85         FDCE (Prop_fdce_C_Q)         0.419     1.392 r  u_pc/pc_out_reg[3]_rep__2/Q
                         net (fo=115, routed)         1.465     2.857    u_icache/tags_reg[0][23]_i_195_0
    SLICE_X44Y88         LUT6 (Prop_lut6_I2_O)        0.299     3.156 r  u_icache/tags[0][23]_i_449/O
                         net (fo=1, routed)           0.000     3.156    u_icache/tags[0][23]_i_449_n_0
    SLICE_X44Y88         MUXF7 (Prop_muxf7_I0_O)      0.238     3.394 r  u_icache/tags_reg[0][23]_i_209/O
                         net (fo=1, routed)           0.000     3.394    u_icache/tags_reg[0][23]_i_209_n_0
    SLICE_X44Y88         MUXF8 (Prop_muxf8_I0_O)      0.104     3.498 r  u_icache/tags_reg[0][23]_i_89/O
                         net (fo=1, routed)           0.840     4.338    u_icache/tags_reg[0][23]_i_89_n_0
    SLICE_X37Y87         LUT6 (Prop_lut6_I0_O)        0.316     4.654 r  u_icache/tags[0][23]_i_47/O
                         net (fo=1, routed)           0.911     5.565    u_icache/tags[15]
    SLICE_X29Y85         LUT6 (Prop_lut6_I0_O)        0.124     5.689 r  u_icache/tags[0][23]_i_19/O
                         net (fo=1, routed)           0.000     5.689    u_icache/tags[0][23]_i_19_n_0
    SLICE_X29Y85         CARRY4 (Prop_carry4_S[1]_CO[3])
                                                      0.550     6.239 f  u_icache/tags_reg[0][23]_i_7/CO[3]
                         net (fo=1, routed)           0.617     6.856    u_icache/hit0
    SLICE_X31Y86         LUT6 (Prop_lut6_I5_O)        0.124     6.980 f  u_icache/tags[0][23]_i_3/O
                         net (fo=96, routed)          0.768     7.748    u_pc/data_reg[14][0]_0
    SLICE_X29Y89         LUT6 (Prop_lut6_I5_O)        0.124     7.872 r  u_pc/tags[61][23]_i_1/O
                         net (fo=57, routed)          1.718     9.591    u_icache/data_reg[61][0]_0[0]
    SLICE_X56Y102        FDCE                                         r  u_icache/data_reg[61][2]/CE
  -------------------------------------------------------------------    -------------------

                         (clock clk rise edge)        5.000     5.000 r  
                                                      0.000     5.000 r  clk (IN)
                         net (fo=9586, unset)         0.924     5.924    u_icache/clk
    SLICE_X56Y102        FDCE                                         r  u_icache/data_reg[61][2]/C
                         clock pessimism              0.000     5.924    
                         clock uncertainty           -0.035     5.889    
    SLICE_X56Y102        FDCE (Setup_fdce_C_CE)      -0.169     5.720    u_icache/data_reg[61][2]
  -------------------------------------------------------------------
                         required time                          5.720    
                         arrival time                          -9.591    
  -------------------------------------------------------------------
                         slack                                 -3.871    

Slack (VIOLATED) :        -3.842ns  (required time - arrival time)
  Source:                 u_pc/pc_out_reg[3]_rep__2/C
                            (rising edge-triggered cell FDCE clocked by clk  {rise@0.000ns fall@2.500ns period=5.000ns})
  Destination:            u_icache/tags_reg[51][19]/CE
                            (rising edge-triggered cell FDCE clocked by clk  {rise@0.000ns fall@2.500ns period=5.000ns})
  Path Group:             clk
  Path Type:              Setup (Max at Slow Process Corner)
  Requirement:            5.000ns  (clk rise@5.000ns - clk rise@0.000ns)
  Data Path Delay:        8.553ns  (logic 2.298ns (26.867%)  route 6.255ns (73.133%))
  Logic Levels:           8  (CARRY4=1 LUT6=5 MUXF7=1 MUXF8=1)
  Clock Path Skew:        -0.049ns (DCD - SCD + CPR)
    Destination Clock Delay (DCD):    0.924ns = ( 5.924 - 5.000 ) 
    Source Clock Delay      (SCD):    0.973ns
    Clock Pessimism Removal (CPR):    0.000ns
  Clock Uncertainty:      0.035ns  ((TSJ^2 + TIJ^2)^1/2 + DJ) / 2 + PE
    Total System Jitter     (TSJ):    0.071ns
    Total Input Jitter      (TIJ):    0.000ns
    Discrete Jitter          (DJ):    0.000ns
    Phase Error              (PE):    0.000ns

    Location             Delay type                Incr(ns)  Path(ns)    Netlist Resource(s)
  -------------------------------------------------------------------    -------------------
                         (clock clk rise edge)        0.000     0.000 r  
                                                      0.000     0.000 r  clk (IN)
                         net (fo=9586, unset)         0.973     0.973    u_pc/clk
    SLICE_X43Y85         FDCE                                         r  u_pc/pc_out_reg[3]_rep__2/C
  -------------------------------------------------------------------    -------------------
    SLICE_X43Y85         FDCE (Prop_fdce_C_Q)         0.419     1.392 r  u_pc/pc_out_reg[3]_rep__2/Q
                         net (fo=115, routed)         1.465     2.857    u_icache/tags_reg[0][23]_i_195_0
    SLICE_X44Y88         LUT6 (Prop_lut6_I2_O)        0.299     3.156 r  u_icache/tags[0][23]_i_449/O
                         net (fo=1, routed)           0.000     3.156    u_icache/tags[0][23]_i_449_n_0
    SLICE_X44Y88         MUXF7 (Prop_muxf7_I0_O)      0.238     3.394 r  u_icache/tags_reg[0][23]_i_209/O
                         net (fo=1, routed)           0.000     3.394    u_icache/tags_reg[0][23]_i_209_n_0
    SLICE_X44Y88         MUXF8 (Prop_muxf8_I0_O)      0.104     3.498 r  u_icache/tags_reg[0][23]_i_89/O
                         net (fo=1, routed)           0.840     4.338    u_icache/tags_reg[0][23]_i_89_n_0
    SLICE_X37Y87         LUT6 (Prop_lut6_I0_O)        0.316     4.654 r  u_icache/tags[0][23]_i_47/O
                         net (fo=1, routed)           0.911     5.565    u_icache/tags[15]
    SLICE_X29Y85         LUT6 (Prop_lut6_I0_O)        0.124     5.689 r  u_icache/tags[0][23]_i_19/O
                         net (fo=1, routed)           0.000     5.689    u_icache/tags[0][23]_i_19_n_0
    SLICE_X29Y85         CARRY4 (Prop_carry4_S[1]_CO[3])
                                                      0.550     6.239 f  u_icache/tags_reg[0][23]_i_7/CO[3]
                         net (fo=1, routed)           0.617     6.856    u_icache/hit0
    SLICE_X31Y86         LUT6 (Prop_lut6_I5_O)        0.124     6.980 f  u_icache/tags[0][23]_i_3/O
                         net (fo=96, routed)          1.007     7.987    u_pc/data_reg[14][0]_0
    SLICE_X29Y91         LUT6 (Prop_lut6_I5_O)        0.124     8.111 r  u_pc/tags[51][23]_i_1/O
                         net (fo=57, routed)          1.415     9.526    u_icache/data_reg[51][0]_0[0]
    SLICE_X55Y85         FDCE                                         r  u_icache/tags_reg[51][19]/CE
  -------------------------------------------------------------------    -------------------

                         (clock clk rise edge)        5.000     5.000 r  
                                                      0.000     5.000 r  clk (IN)
                         net (fo=9586, unset)         0.924     5.924    u_icache/clk
    SLICE_X55Y85         FDCE                                         r  u_icache/tags_reg[51][19]/C
                         clock pessimism              0.000     5.924    
                         clock uncertainty           -0.035     5.889    
    SLICE_X55Y85         FDCE (Setup_fdce_C_CE)      -0.205     5.684    u_icache/tags_reg[51][19]
  -------------------------------------------------------------------
                         required time                          5.684    
                         arrival time                          -9.526    
  -------------------------------------------------------------------
                         slack                                 -3.842    

Slack (VIOLATED) :        -3.835ns  (required time - arrival time)
  Source:                 u_pc/pc_out_reg[3]_rep__2/C
                            (rising edge-triggered cell FDCE clocked by clk  {rise@0.000ns fall@2.500ns period=5.000ns})
  Destination:            u_icache/data_reg[35][20]/CE
                            (rising edge-triggered cell FDCE clocked by clk  {rise@0.000ns fall@2.500ns period=5.000ns})
  Path Group:             clk
  Path Type:              Setup (Max at Slow Process Corner)
  Requirement:            5.000ns  (clk rise@5.000ns - clk rise@0.000ns)
  Data Path Delay:        8.546ns  (logic 2.298ns (26.891%)  route 6.248ns (73.109%))
  Logic Levels:           8  (CARRY4=1 LUT6=5 MUXF7=1 MUXF8=1)
  Clock Path Skew:        -0.049ns (DCD - SCD + CPR)
    Destination Clock Delay (DCD):    0.924ns = ( 5.924 - 5.000 ) 
    Source Clock Delay      (SCD):    0.973ns
    Clock Pessimism Removal (CPR):    0.000ns
  Clock Uncertainty:      0.035ns  ((TSJ^2 + TIJ^2)^1/2 + DJ) / 2 + PE
    Total System Jitter     (TSJ):    0.071ns
    Total Input Jitter      (TIJ):    0.000ns
    Discrete Jitter          (DJ):    0.000ns
    Phase Error              (PE):    0.000ns

    Location             Delay type                Incr(ns)  Path(ns)    Netlist Resource(s)
  -------------------------------------------------------------------    -------------------
                         (clock clk rise edge)        0.000     0.000 r  
                                                      0.000     0.000 r  clk (IN)
                         net (fo=9586, unset)         0.973     0.973    u_pc/clk
    SLICE_X43Y85         FDCE                                         r  u_pc/pc_out_reg[3]_rep__2/C
  -------------------------------------------------------------------    -------------------
    SLICE_X43Y85         FDCE (Prop_fdce_C_Q)         0.419     1.392 r  u_pc/pc_out_reg[3]_rep__2/Q
                         net (fo=115, routed)         1.465     2.857    u_icache/tags_reg[0][23]_i_195_0
    SLICE_X44Y88         LUT6 (Prop_lut6_I2_O)        0.299     3.156 r  u_icache/tags[0][23]_i_449/O
                         net (fo=1, routed)           0.000     3.156    u_icache/tags[0][23]_i_449_n_0
    SLICE_X44Y88         MUXF7 (Prop_muxf7_I0_O)      0.238     3.394 r  u_icache/tags_reg[0][23]_i_209/O
                         net (fo=1, routed)           0.000     3.394    u_icache/tags_reg[0][23]_i_209_n_0
    SLICE_X44Y88         MUXF8 (Prop_muxf8_I0_O)      0.104     3.498 r  u_icache/tags_reg[0][23]_i_89/O
                         net (fo=1, routed)           0.840     4.338    u_icache/tags_reg[0][23]_i_89_n_0
    SLICE_X37Y87         LUT6 (Prop_lut6_I0_O)        0.316     4.654 r  u_icache/tags[0][23]_i_47/O
                         net (fo=1, routed)           0.911     5.565    u_icache/tags[15]
    SLICE_X29Y85         LUT6 (Prop_lut6_I0_O)        0.124     5.689 r  u_icache/tags[0][23]_i_19/O
                         net (fo=1, routed)           0.000     5.689    u_icache/tags[0][23]_i_19_n_0
    SLICE_X29Y85         CARRY4 (Prop_carry4_S[1]_CO[3])
                                                      0.550     6.239 f  u_icache/tags_reg[0][23]_i_7/CO[3]
                         net (fo=1, routed)           0.617     6.856    u_icache/hit0
    SLICE_X31Y86         LUT6 (Prop_lut6_I5_O)        0.124     6.980 f  u_icache/tags[0][23]_i_3/O
                         net (fo=96, routed)          0.892     7.872    u_pc/data_reg[14][0]_0
    SLICE_X32Y90         LUT6 (Prop_lut6_I5_O)        0.124     7.996 r  u_pc/tags[35][23]_i_1/O
                         net (fo=57, routed)          1.523     9.519    u_icache/data_reg[35][0]_0[0]
    SLICE_X53Y105        FDCE                                         r  u_icache/data_reg[35][20]/CE
  -------------------------------------------------------------------    -------------------

                         (clock clk rise edge)        5.000     5.000 r  
                                                      0.000     5.000 r  clk (IN)
                         net (fo=9586, unset)         0.924     5.924    u_icache/clk
    SLICE_X53Y105        FDCE                                         r  u_icache/data_reg[35][20]/C
                         clock pessimism              0.000     5.924    
                         clock uncertainty           -0.035     5.889    
    SLICE_X53Y105        FDCE (Setup_fdce_C_CE)      -0.205     5.684    u_icache/data_reg[35][20]
  -------------------------------------------------------------------
                         required time                          5.684    
                         arrival time                          -9.519    
  -------------------------------------------------------------------
                         slack                                 -3.835    

Slack (VIOLATED) :        -3.833ns  (required time - arrival time)
  Source:                 u_pc/pc_out_reg[3]_rep__2/C
                            (rising edge-triggered cell FDCE clocked by clk  {rise@0.000ns fall@2.500ns period=5.000ns})
  Destination:            u_icache/data_reg[61][29]/CE
                            (rising edge-triggered cell FDCE clocked by clk  {rise@0.000ns fall@2.500ns period=5.000ns})
  Path Group:             clk
  Path Type:              Setup (Max at Slow Process Corner)
  Requirement:            5.000ns  (clk rise@5.000ns - clk rise@0.000ns)
  Data Path Delay:        8.544ns  (logic 2.298ns (26.895%)  route 6.246ns (73.105%))
  Logic Levels:           8  (CARRY4=1 LUT6=5 MUXF7=1 MUXF8=1)
  Clock Path Skew:        -0.049ns (DCD - SCD + CPR)
    Destination Clock Delay (DCD):    0.924ns = ( 5.924 - 5.000 ) 
    Source Clock Delay      (SCD):    0.973ns
    Clock Pessimism Removal (CPR):    0.000ns
  Clock Uncertainty:      0.035ns  ((TSJ^2 + TIJ^2)^1/2 + DJ) / 2 + PE
    Total System Jitter     (TSJ):    0.071ns
    Total Input Jitter      (TIJ):    0.000ns
    Discrete Jitter          (DJ):    0.000ns
    Phase Error              (PE):    0.000ns

    Location             Delay type                Incr(ns)  Path(ns)    Netlist Resource(s)
  -------------------------------------------------------------------    -------------------
                         (clock clk rise edge)        0.000     0.000 r  
                                                      0.000     0.000 r  clk (IN)
                         net (fo=9586, unset)         0.973     0.973    u_pc/clk
    SLICE_X43Y85         FDCE                                         r  u_pc/pc_out_reg[3]_rep__2/C
  -------------------------------------------------------------------    -------------------
    SLICE_X43Y85         FDCE (Prop_fdce_C_Q)         0.419     1.392 r  u_pc/pc_out_reg[3]_rep__2/Q
                         net (fo=115, routed)         1.465     2.857    u_icache/tags_reg[0][23]_i_195_0
    SLICE_X44Y88         LUT6 (Prop_lut6_I2_O)        0.299     3.156 r  u_icache/tags[0][23]_i_449/O
                         net (fo=1, routed)           0.000     3.156    u_icache/tags[0][23]_i_449_n_0
    SLICE_X44Y88         MUXF7 (Prop_muxf7_I0_O)      0.238     3.394 r  u_icache/tags_reg[0][23]_i_209/O
                         net (fo=1, routed)           0.000     3.394    u_icache/tags_reg[0][23]_i_209_n_0
    SLICE_X44Y88         MUXF8 (Prop_muxf8_I0_O)      0.104     3.498 r  u_icache/tags_reg[0][23]_i_89/O
                         net (fo=1, routed)           0.840     4.338    u_icache/tags_reg[0][23]_i_89_n_0
    SLICE_X37Y87         LUT6 (Prop_lut6_I0_O)        0.316     4.654 r  u_icache/tags[0][23]_i_47/O
                         net (fo=1, routed)           0.911     5.565    u_icache/tags[15]
    SLICE_X29Y85         LUT6 (Prop_lut6_I0_O)        0.124     5.689 r  u_icache/tags[0][23]_i_19/O
                         net (fo=1, routed)           0.000     5.689    u_icache/tags[0][23]_i_19_n_0
    SLICE_X29Y85         CARRY4 (Prop_carry4_S[1]_CO[3])
                                                      0.550     6.239 f  u_icache/tags_reg[0][23]_i_7/CO[3]
                         net (fo=1, routed)           0.617     6.856    u_icache/hit0
    SLICE_X31Y86         LUT6 (Prop_lut6_I5_O)        0.124     6.980 f  u_icache/tags[0][23]_i_3/O
                         net (fo=96, routed)          0.768     7.748    u_pc/data_reg[14][0]_0
    SLICE_X29Y89         LUT6 (Prop_lut6_I5_O)        0.124     7.872 r  u_pc/tags[61][23]_i_1/O
                         net (fo=57, routed)          1.645     9.517    u_icache/data_reg[61][0]_0[0]
    SLICE_X59Y98         FDCE                                         r  u_icache/data_reg[61][29]/CE
  -------------------------------------------------------------------    -------------------

                         (clock clk rise edge)        5.000     5.000 r  
                                                      0.000     5.000 r  clk (IN)
                         net (fo=9586, unset)         0.924     5.924    u_icache/clk
    SLICE_X59Y98         FDCE                                         r  u_icache/data_reg[61][29]/C
                         clock pessimism              0.000     5.924    
                         clock uncertainty           -0.035     5.889    
    SLICE_X59Y98         FDCE (Setup_fdce_C_CE)      -0.205     5.684    u_icache/data_reg[61][29]
  -------------------------------------------------------------------
                         required time                          5.684    
                         arrival time                          -9.517    
  -------------------------------------------------------------------
                         slack                                 -3.833    

Slack (VIOLATED) :        -3.831ns  (required time - arrival time)
  Source:                 u_pc/pc_out_reg[3]_rep__2/C
                            (rising edge-triggered cell FDCE clocked by clk  {rise@0.000ns fall@2.500ns period=5.000ns})
  Destination:            u_icache/data_reg[48][29]/CE
                            (rising edge-triggered cell FDCE clocked by clk  {rise@0.000ns fall@2.500ns period=5.000ns})
  Path Group:             clk
  Path Type:              Setup (Max at Slow Process Corner)
  Requirement:            5.000ns  (clk rise@5.000ns - clk rise@0.000ns)
  Data Path Delay:        8.542ns  (logic 2.298ns (26.903%)  route 6.244ns (73.097%))
  Logic Levels:           8  (CARRY4=1 LUT6=5 MUXF7=1 MUXF8=1)
  Clock Path Skew:        -0.049ns (DCD - SCD + CPR)
    Destination Clock Delay (DCD):    0.924ns = ( 5.924 - 5.000 ) 
    Source Clock Delay      (SCD):    0.973ns
    Clock Pessimism Removal (CPR):    0.000ns
  Clock Uncertainty:      0.035ns  ((TSJ^2 + TIJ^2)^1/2 + DJ) / 2 + PE
    Total System Jitter     (TSJ):    0.071ns
    Total Input Jitter      (TIJ):    0.000ns
    Discrete Jitter          (DJ):    0.000ns
    Phase Error              (PE):    0.000ns

    Location             Delay type                Incr(ns)  Path(ns)    Netlist Resource(s)
  -------------------------------------------------------------------    -------------------
                         (clock clk rise edge)        0.000     0.000 r  
                                                      0.000     0.000 r  clk (IN)
                         net (fo=9586, unset)         0.973     0.973    u_pc/clk
    SLICE_X43Y85         FDCE                                         r  u_pc/pc_out_reg[3]_rep__2/C
  -------------------------------------------------------------------    -------------------
    SLICE_X43Y85         FDCE (Prop_fdce_C_Q)         0.419     1.392 r  u_pc/pc_out_reg[3]_rep__2/Q
                         net (fo=115, routed)         1.465     2.857    u_icache/tags_reg[0][23]_i_195_0
    SLICE_X44Y88         LUT6 (Prop_lut6_I2_O)        0.299     3.156 r  u_icache/tags[0][23]_i_449/O
                         net (fo=1, routed)           0.000     3.156    u_icache/tags[0][23]_i_449_n_0
    SLICE_X44Y88         MUXF7 (Prop_muxf7_I0_O)      0.238     3.394 r  u_icache/tags_reg[0][23]_i_209/O
                         net (fo=1, routed)           0.000     3.394    u_icache/tags_reg[0][23]_i_209_n_0
    SLICE_X44Y88         MUXF8 (Prop_muxf8_I0_O)      0.104     3.498 r  u_icache/tags_reg[0][23]_i_89/O
                         net (fo=1, routed)           0.840     4.338    u_icache/tags_reg[0][23]_i_89_n_0
    SLICE_X37Y87         LUT6 (Prop_lut6_I0_O)        0.316     4.654 r  u_icache/tags[0][23]_i_47/O
                         net (fo=1, routed)           0.911     5.565    u_icache/tags[15]
    SLICE_X29Y85         LUT6 (Prop_lut6_I0_O)        0.124     5.689 r  u_icache/tags[0][23]_i_19/O
                         net (fo=1, routed)           0.000     5.689    u_icache/tags[0][23]_i_19_n_0
    SLICE_X29Y85         CARRY4 (Prop_carry4_S[1]_CO[3])
                                                      0.550     6.239 f  u_icache/tags_reg[0][23]_i_7/CO[3]
                         net (fo=1, routed)           0.617     6.856    u_icache/hit0
    SLICE_X31Y86         LUT6 (Prop_lut6_I5_O)        0.124     6.980 f  u_icache/tags[0][23]_i_3/O
                         net (fo=96, routed)          0.810     7.790    u_pc/data_reg[14][0]_0
    SLICE_X32Y88         LUT6 (Prop_lut6_I5_O)        0.124     7.914 r  u_pc/tags[48][23]_i_1/O
                         net (fo=57, routed)          1.601     9.515    u_icache/data_reg[48][0]_0[0]
    SLICE_X59Y99         FDCE                                         r  u_icache/data_reg[48][29]/CE
  -------------------------------------------------------------------    -------------------

                         (clock clk rise edge)        5.000     5.000 r  
                                                      0.000     5.000 r  clk (IN)
                         net (fo=9586, unset)         0.924     5.924    u_icache/clk
    SLICE_X59Y99         FDCE                                         r  u_icache/data_reg[48][29]/C
                         clock pessimism              0.000     5.924    
                         clock uncertainty           -0.035     5.889    
    SLICE_X59Y99         FDCE (Setup_fdce_C_CE)      -0.205     5.684    u_icache/data_reg[48][29]
  -------------------------------------------------------------------
                         required time                          5.684    
                         arrival time                          -9.515    
  -------------------------------------------------------------------
                         slack                                 -3.831    

Slack (VIOLATED) :        -3.823ns  (required time - arrival time)
  Source:                 u_pc/pc_out_reg[3]_rep__2/C
                            (rising edge-triggered cell FDCE clocked by clk  {rise@0.000ns fall@2.500ns period=5.000ns})
  Destination:            u_icache/data_reg[61][12]/CE
                            (rising edge-triggered cell FDCE clocked by clk  {rise@0.000ns fall@2.500ns period=5.000ns})
  Path Group:             clk
  Path Type:              Setup (Max at Slow Process Corner)
  Requirement:            5.000ns  (clk rise@5.000ns - clk rise@0.000ns)
  Data Path Delay:        8.534ns  (logic 2.298ns (26.927%)  route 6.236ns (73.073%))
  Logic Levels:           8  (CARRY4=1 LUT6=5 MUXF7=1 MUXF8=1)
  Clock Path Skew:        -0.049ns (DCD - SCD + CPR)
    Destination Clock Delay (DCD):    0.924ns = ( 5.924 - 5.000 ) 
    Source Clock Delay      (SCD):    0.973ns
    Clock Pessimism Removal (CPR):    0.000ns
  Clock Uncertainty:      0.035ns  ((TSJ^2 + TIJ^2)^1/2 + DJ) / 2 + PE
    Total System Jitter     (TSJ):    0.071ns
    Total Input Jitter      (TIJ):    0.000ns
    Discrete Jitter          (DJ):    0.000ns
    Phase Error              (PE):    0.000ns

    Location             Delay type                Incr(ns)  Path(ns)    Netlist Resource(s)
  -------------------------------------------------------------------    -------------------
                         (clock clk rise edge)        0.000     0.000 r  
                                                      0.000     0.000 r  clk (IN)
                         net (fo=9586, unset)         0.973     0.973    u_pc/clk
    SLICE_X43Y85         FDCE                                         r  u_pc/pc_out_reg[3]_rep__2/C
  -------------------------------------------------------------------    -------------------
    SLICE_X43Y85         FDCE (Prop_fdce_C_Q)         0.419     1.392 r  u_pc/pc_out_reg[3]_rep__2/Q
                         net (fo=115, routed)         1.465     2.857    u_icache/tags_reg[0][23]_i_195_0
    SLICE_X44Y88         LUT6 (Prop_lut6_I2_O)        0.299     3.156 r  u_icache/tags[0][23]_i_449/O
                         net (fo=1, routed)           0.000     3.156    u_icache/tags[0][23]_i_449_n_0
    SLICE_X44Y88         MUXF7 (Prop_muxf7_I0_O)      0.238     3.394 r  u_icache/tags_reg[0][23]_i_209/O
                         net (fo=1, routed)           0.000     3.394    u_icache/tags_reg[0][23]_i_209_n_0
    SLICE_X44Y88         MUXF8 (Prop_muxf8_I0_O)      0.104     3.498 r  u_icache/tags_reg[0][23]_i_89/O
                         net (fo=1, routed)           0.840     4.338    u_icache/tags_reg[0][23]_i_89_n_0
    SLICE_X37Y87         LUT6 (Prop_lut6_I0_O)        0.316     4.654 r  u_icache/tags[0][23]_i_47/O
                         net (fo=1, routed)           0.911     5.565    u_icache/tags[15]
    SLICE_X29Y85         LUT6 (Prop_lut6_I0_O)        0.124     5.689 r  u_icache/tags[0][23]_i_19/O
                         net (fo=1, routed)           0.000     5.689    u_icache/tags[0][23]_i_19_n_0
    SLICE_X29Y85         CARRY4 (Prop_carry4_S[1]_CO[3])
                                                      0.550     6.239 f  u_icache/tags_reg[0][23]_i_7/CO[3]
                         net (fo=1, routed)           0.617     6.856    u_icache/hit0
    SLICE_X31Y86         LUT6 (Prop_lut6_I5_O)        0.124     6.980 f  u_icache/tags[0][23]_i_3/O
                         net (fo=96, routed)          0.768     7.748    u_pc/data_reg[14][0]_0
    SLICE_X29Y89         LUT6 (Prop_lut6_I5_O)        0.124     7.872 r  u_pc/tags[61][23]_i_1/O
                         net (fo=57, routed)          1.635     9.507    u_icache/data_reg[61][0]_0[0]
    SLICE_X58Y91         FDCE                                         r  u_icache/data_reg[61][12]/CE
  -------------------------------------------------------------------    -------------------

                         (clock clk rise edge)        5.000     5.000 r  
                                                      0.000     5.000 r  clk (IN)
                         net (fo=9586, unset)         0.924     5.924    u_icache/clk
    SLICE_X58Y91         FDCE                                         r  u_icache/data_reg[61][12]/C
                         clock pessimism              0.000     5.924    
                         clock uncertainty           -0.035     5.889    
    SLICE_X58Y91         FDCE (Setup_fdce_C_CE)      -0.205     5.684    u_icache/data_reg[61][12]
  -------------------------------------------------------------------
                         required time                          5.684    
                         arrival time                          -9.507    
  -------------------------------------------------------------------
                         slack                                 -3.823    

Slack (VIOLATED) :        -3.822ns  (required time - arrival time)
  Source:                 u_pc/pc_out_reg[3]_rep__2/C
                            (rising edge-triggered cell FDCE clocked by clk  {rise@0.000ns fall@2.500ns period=5.000ns})
  Destination:            u_icache/data_reg[48][18]/CE
                            (rising edge-triggered cell FDCE clocked by clk  {rise@0.000ns fall@2.500ns period=5.000ns})
  Path Group:             clk
  Path Type:              Setup (Max at Slow Process Corner)
  Requirement:            5.000ns  (clk rise@5.000ns - clk rise@0.000ns)
  Data Path Delay:        8.533ns  (logic 2.298ns (26.932%)  route 6.235ns (73.068%))
  Logic Levels:           8  (CARRY4=1 LUT6=5 MUXF7=1 MUXF8=1)
  Clock Path Skew:        -0.049ns (DCD - SCD + CPR)
    Destination Clock Delay (DCD):    0.924ns = ( 5.924 - 5.000 ) 
    Source Clock Delay      (SCD):    0.973ns
    Clock Pessimism Removal (CPR):    0.000ns
  Clock Uncertainty:      0.035ns  ((TSJ^2 + TIJ^2)^1/2 + DJ) / 2 + PE
    Total System Jitter     (TSJ):    0.071ns
    Total Input Jitter      (TIJ):    0.000ns
    Discrete Jitter          (DJ):    0.000ns
    Phase Error              (PE):    0.000ns

    Location             Delay type                Incr(ns)  Path(ns)    Netlist Resource(s)
  -------------------------------------------------------------------    -------------------
                         (clock clk rise edge)        0.000     0.000 r  
                                                      0.000     0.000 r  clk (IN)
                         net (fo=9586, unset)         0.973     0.973    u_pc/clk
    SLICE_X43Y85         FDCE                                         r  u_pc/pc_out_reg[3]_rep__2/C
  -------------------------------------------------------------------    -------------------
    SLICE_X43Y85         FDCE (Prop_fdce_C_Q)         0.419     1.392 r  u_pc/pc_out_reg[3]_rep__2/Q
                         net (fo=115, routed)         1.465     2.857    u_icache/tags_reg[0][23]_i_195_0
    SLICE_X44Y88         LUT6 (Prop_lut6_I2_O)        0.299     3.156 r  u_icache/tags[0][23]_i_449/O
                         net (fo=1, routed)           0.000     3.156    u_icache/tags[0][23]_i_449_n_0
    SLICE_X44Y88         MUXF7 (Prop_muxf7_I0_O)      0.238     3.394 r  u_icache/tags_reg[0][23]_i_209/O
                         net (fo=1, routed)           0.000     3.394    u_icache/tags_reg[0][23]_i_209_n_0
    SLICE_X44Y88         MUXF8 (Prop_muxf8_I0_O)      0.104     3.498 r  u_icache/tags_reg[0][23]_i_89/O
                         net (fo=1, routed)           0.840     4.338    u_icache/tags_reg[0][23]_i_89_n_0
    SLICE_X37Y87         LUT6 (Prop_lut6_I0_O)        0.316     4.654 r  u_icache/tags[0][23]_i_47/O
                         net (fo=1, routed)           0.911     5.565    u_icache/tags[15]
    SLICE_X29Y85         LUT6 (Prop_lut6_I0_O)        0.124     5.689 r  u_icache/tags[0][23]_i_19/O
                         net (fo=1, routed)           0.000     5.689    u_icache/tags[0][23]_i_19_n_0
    SLICE_X29Y85         CARRY4 (Prop_carry4_S[1]_CO[3])
                                                      0.550     6.239 f  u_icache/tags_reg[0][23]_i_7/CO[3]
                         net (fo=1, routed)           0.617     6.856    u_icache/hit0
    SLICE_X31Y86         LUT6 (Prop_lut6_I5_O)        0.124     6.980 f  u_icache/tags[0][23]_i_3/O
                         net (fo=96, routed)          0.810     7.790    u_pc/data_reg[14][0]_0
    SLICE_X32Y88         LUT6 (Prop_lut6_I5_O)        0.124     7.914 r  u_pc/tags[48][23]_i_1/O
                         net (fo=57, routed)          1.592     9.506    u_icache/data_reg[48][0]_0[0]
    SLICE_X59Y89         FDCE                                         r  u_icache/data_reg[48][18]/CE
  -------------------------------------------------------------------    -------------------

                         (clock clk rise edge)        5.000     5.000 r  
                                                      0.000     5.000 r  clk (IN)
                         net (fo=9586, unset)         0.924     5.924    u_icache/clk
    SLICE_X59Y89         FDCE                                         r  u_icache/data_reg[48][18]/C
                         clock pessimism              0.000     5.924    
                         clock uncertainty           -0.035     5.889    
    SLICE_X59Y89         FDCE (Setup_fdce_C_CE)      -0.205     5.684    u_icache/data_reg[48][18]
  -------------------------------------------------------------------
                         required time                          5.684    
                         arrival time                          -9.506    
  -------------------------------------------------------------------
                         slack                                 -3.822    

Slack (VIOLATED) :        -3.814ns  (required time - arrival time)
  Source:                 u_pc/pc_out_reg[3]_rep__2/C
                            (rising edge-triggered cell FDCE clocked by clk  {rise@0.000ns fall@2.500ns period=5.000ns})
  Destination:            u_icache/data_reg[35][24]/CE
                            (rising edge-triggered cell FDCE clocked by clk  {rise@0.000ns fall@2.500ns period=5.000ns})
  Path Group:             clk
  Path Type:              Setup (Max at Slow Process Corner)
  Requirement:            5.000ns  (clk rise@5.000ns - clk rise@0.000ns)
  Data Path Delay:        8.525ns  (logic 2.298ns (26.954%)  route 6.227ns (73.046%))
  Logic Levels:           8  (CARRY4=1 LUT6=5 MUXF7=1 MUXF8=1)
  Clock Path Skew:        -0.049ns (DCD - SCD + CPR)
    Destination Clock Delay (DCD):    0.924ns = ( 5.924 - 5.000 ) 
    Source Clock Delay      (SCD):    0.973ns
    Clock Pessimism Removal (CPR):    0.000ns
  Clock Uncertainty:      0.035ns  ((TSJ^2 + TIJ^2)^1/2 + DJ) / 2 + PE
    Total System Jitter     (TSJ):    0.071ns
    Total Input Jitter      (TIJ):    0.000ns
    Discrete Jitter          (DJ):    0.000ns
    Phase Error              (PE):    0.000ns

    Location             Delay type                Incr(ns)  Path(ns)    Netlist Resource(s)
  -------------------------------------------------------------------    -------------------
                         (clock clk rise edge)        0.000     0.000 r  
                                                      0.000     0.000 r  clk (IN)
                         net (fo=9586, unset)         0.973     0.973    u_pc/clk
    SLICE_X43Y85         FDCE                                         r  u_pc/pc_out_reg[3]_rep__2/C
  -------------------------------------------------------------------    -------------------
    SLICE_X43Y85         FDCE (Prop_fdce_C_Q)         0.419     1.392 r  u_pc/pc_out_reg[3]_rep__2/Q
                         net (fo=115, routed)         1.465     2.857    u_icache/tags_reg[0][23]_i_195_0
    SLICE_X44Y88         LUT6 (Prop_lut6_I2_O)        0.299     3.156 r  u_icache/tags[0][23]_i_449/O
                         net (fo=1, routed)           0.000     3.156    u_icache/tags[0][23]_i_449_n_0
    SLICE_X44Y88         MUXF7 (Prop_muxf7_I0_O)      0.238     3.394 r  u_icache/tags_reg[0][23]_i_209/O
                         net (fo=1, routed)           0.000     3.394    u_icache/tags_reg[0][23]_i_209_n_0
    SLICE_X44Y88         MUXF8 (Prop_muxf8_I0_O)      0.104     3.498 r  u_icache/tags_reg[0][23]_i_89/O
                         net (fo=1, routed)           0.840     4.338    u_icache/tags_reg[0][23]_i_89_n_0
    SLICE_X37Y87         LUT6 (Prop_lut6_I0_O)        0.316     4.654 r  u_icache/tags[0][23]_i_47/O
                         net (fo=1, routed)           0.911     5.565    u_icache/tags[15]
    SLICE_X29Y85         LUT6 (Prop_lut6_I0_O)        0.124     5.689 r  u_icache/tags[0][23]_i_19/O
                         net (fo=1, routed)           0.000     5.689    u_icache/tags[0][23]_i_19_n_0
    SLICE_X29Y85         CARRY4 (Prop_carry4_S[1]_CO[3])
                                                      0.550     6.239 f  u_icache/tags_reg[0][23]_i_7/CO[3]
                         net (fo=1, routed)           0.617     6.856    u_icache/hit0
    SLICE_X31Y86         LUT6 (Prop_lut6_I5_O)        0.124     6.980 f  u_icache/tags[0][23]_i_3/O
                         net (fo=96, routed)          0.892     7.872    u_pc/data_reg[14][0]_0
    SLICE_X32Y90         LUT6 (Prop_lut6_I5_O)        0.124     7.996 r  u_pc/tags[35][23]_i_1/O
                         net (fo=57, routed)          1.503     9.498    u_icache/data_reg[35][0]_0[0]
    SLICE_X51Y107        FDCE                                         r  u_icache/data_reg[35][24]/CE
  -------------------------------------------------------------------    -------------------

                         (clock clk rise edge)        5.000     5.000 r  
                                                      0.000     5.000 r  clk (IN)
                         net (fo=9586, unset)         0.924     5.924    u_icache/clk
    SLICE_X51Y107        FDCE                                         r  u_icache/data_reg[35][24]/C
                         clock pessimism              0.000     5.924    
                         clock uncertainty           -0.035     5.889    
    SLICE_X51Y107        FDCE (Setup_fdce_C_CE)      -0.205     5.684    u_icache/data_reg[35][24]
  -------------------------------------------------------------------
                         required time                          5.684    
                         arrival time                          -9.498    
  -------------------------------------------------------------------
                         slack                                 -3.814    

Slack (VIOLATED) :        -3.809ns  (required time - arrival time)
  Source:                 u_pc/pc_out_reg[3]_rep__2/C
                            (rising edge-triggered cell FDCE clocked by clk  {rise@0.000ns fall@2.500ns period=5.000ns})
  Destination:            u_icache/data_reg[50][28]/CE
                            (rising edge-triggered cell FDCE clocked by clk  {rise@0.000ns fall@2.500ns period=5.000ns})
  Path Group:             clk
  Path Type:              Setup (Max at Slow Process Corner)
  Requirement:            5.000ns  (clk rise@5.000ns - clk rise@0.000ns)
  Data Path Delay:        8.520ns  (logic 2.298ns (26.971%)  route 6.222ns (73.029%))
  Logic Levels:           8  (CARRY4=1 LUT6=5 MUXF7=1 MUXF8=1)
  Clock Path Skew:        -0.049ns (DCD - SCD + CPR)
    Destination Clock Delay (DCD):    0.924ns = ( 5.924 - 5.000 ) 
    Source Clock Delay      (SCD):    0.973ns
    Clock Pessimism Removal (CPR):    0.000ns
  Clock Uncertainty:      0.035ns  ((TSJ^2 + TIJ^2)^1/2 + DJ) / 2 + PE
    Total System Jitter     (TSJ):    0.071ns
    Total Input Jitter      (TIJ):    0.000ns
    Discrete Jitter          (DJ):    0.000ns
    Phase Error              (PE):    0.000ns

    Location             Delay type                Incr(ns)  Path(ns)    Netlist Resource(s)
  -------------------------------------------------------------------    -------------------
                         (clock clk rise edge)        0.000     0.000 r  
                                                      0.000     0.000 r  clk (IN)
                         net (fo=9586, unset)         0.973     0.973    u_pc/clk
    SLICE_X43Y85         FDCE                                         r  u_pc/pc_out_reg[3]_rep__2/C
  -------------------------------------------------------------------    -------------------
    SLICE_X43Y85         FDCE (Prop_fdce_C_Q)         0.419     1.392 r  u_pc/pc_out_reg[3]_rep__2/Q
                         net (fo=115, routed)         1.465     2.857    u_icache/tags_reg[0][23]_i_195_0
    SLICE_X44Y88         LUT6 (Prop_lut6_I2_O)        0.299     3.156 r  u_icache/tags[0][23]_i_449/O
                         net (fo=1, routed)           0.000     3.156    u_icache/tags[0][23]_i_449_n_0
    SLICE_X44Y88         MUXF7 (Prop_muxf7_I0_O)      0.238     3.394 r  u_icache/tags_reg[0][23]_i_209/O
                         net (fo=1, routed)           0.000     3.394    u_icache/tags_reg[0][23]_i_209_n_0
    SLICE_X44Y88         MUXF8 (Prop_muxf8_I0_O)      0.104     3.498 r  u_icache/tags_reg[0][23]_i_89/O
                         net (fo=1, routed)           0.840     4.338    u_icache/tags_reg[0][23]_i_89_n_0
    SLICE_X37Y87         LUT6 (Prop_lut6_I0_O)        0.316     4.654 r  u_icache/tags[0][23]_i_47/O
                         net (fo=1, routed)           0.911     5.565    u_icache/tags[15]
    SLICE_X29Y85         LUT6 (Prop_lut6_I0_O)        0.124     5.689 r  u_icache/tags[0][23]_i_19/O
                         net (fo=1, routed)           0.000     5.689    u_icache/tags[0][23]_i_19_n_0
    SLICE_X29Y85         CARRY4 (Prop_carry4_S[1]_CO[3])
                                                      0.550     6.239 f  u_icache/tags_reg[0][23]_i_7/CO[3]
                         net (fo=1, routed)           0.617     6.856    u_icache/hit0
    SLICE_X31Y86         LUT6 (Prop_lut6_I5_O)        0.124     6.980 f  u_icache/tags[0][23]_i_3/O
                         net (fo=96, routed)          0.771     7.751    u_pc/data_reg[14][0]_0
    SLICE_X29Y89         LUT6 (Prop_lut6_I5_O)        0.124     7.875 r  u_pc/tags[50][23]_i_1/O
                         net (fo=57, routed)          1.618     9.493    u_icache/data_reg[50][0]_0[0]
    SLICE_X61Y92         FDCE                                         r  u_icache/data_reg[50][28]/CE
  -------------------------------------------------------------------    -------------------

                         (clock clk rise edge)        5.000     5.000 r  
                                                      0.000     5.000 r  clk (IN)
                         net (fo=9586, unset)         0.924     5.924    u_icache/clk
    SLICE_X61Y92         FDCE                                         r  u_icache/data_reg[50][28]/C
                         clock pessimism              0.000     5.924    
                         clock uncertainty           -0.035     5.889    
    SLICE_X61Y92         FDCE (Setup_fdce_C_CE)      -0.205     5.684    u_icache/data_reg[50][28]
  -------------------------------------------------------------------
                         required time                          5.684    
                         arrival time                          -9.493    
  -------------------------------------------------------------------
                         slack                                 -3.809    




