Copyright 1986-2022 Xilinx, Inc. All Rights Reserved. Copyright 2022-2024 Advanced Micro Devices, Inc. All Rights Reserved.
---------------------------------------------------------------------------------------------------------------------------------------------
| Tool Version : Vivado v.2024.2 (win64) Build 5239630 Fri Nov 08 22:35:27 MST 2024
| Date         : Thu Sep 17 19:22:34 2026
| Host         : PavilionPlus1 running 64-bit major release  (build 9200)
| Command      : report_timing_summary -report_unconstrained -file V:/stage7_sgf/wlblock/timing_summary.rpt
| Design       : rv32i_pipeline_7stage_sgf_top
| Device       : 7a35t-cpg236
| Speed File   : -1  PRODUCTION 1.23 2018-06-13
| Design State : Routed
---------------------------------------------------------------------------------------------------------------------------------------------

Timing Summary Report

------------------------------------------------------------------------------------------------
| Timer Settings
| --------------
------------------------------------------------------------------------------------------------

  Enable Multi Corner Analysis               :  Yes
  Enable Pessimism Removal                   :  Yes
  Pessimism Removal Resolution               :  Nearest Common Node
  Enable Input Delay Default Clock           :  No
  Enable Preset / Clear Arcs                 :  No
  Disable Flight Delays                      :  No
  Ignore I/O Paths                           :  No
  Timing Early Launch at Borrowing Latches   :  No
  Borrow Time for Max Delay Exceptions       :  Yes
  Merge Timing Exceptions                    :  Yes
  Inter-SLR Compensation                     :  Conservative

  Corner  Analyze    Analyze    
  Name    Max Paths  Min Paths  
  ------  ---------  ---------  
  Slow    Yes        Yes        
  Fast    Yes        Yes        


------------------------------------------------------------------------------------------------
| Report Methodology
| ------------------
------------------------------------------------------------------------------------------------

Rule       Severity  Description                                                Violations  
---------  --------  ---------------------------------------------------------  ----------  
DPIR-1     Warning   Asynchronous driver check                                  414         
SYNTH-5    Warning   Mapped onto distributed RAM because of timing constraints  256         
SYNTH-10   Warning   Wide multiplier                                            12          
TIMING-16  Warning   Large setup violation                                      1000        
TIMING-18  Warning   Missing input or output delay                              97          

Note: This report is based on the most recent report_methodology run and may not be up-to-date. Run report_methodology on the current design for the latest report.



check_timing report

Table of Contents
-----------------
1. checking no_clock (0)
2. checking constant_clock (0)
3. checking pulse_width_clock (0)
4. checking unconstrained_internal_endpoints (0)
5. checking no_input_delay (1)
6. checking no_output_delay (96)
7. checking multiple_clock (0)
8. checking generated_clocks (0)
9. checking loops (0)
10. checking partial_input_delay (0)
11. checking partial_output_delay (0)
12. checking latch_loops (0)

1. checking no_clock (0)
------------------------
 There are 0 register/latch pins with no clock.


2. checking constant_clock (0)
------------------------------
 There are 0 register/latch pins with constant_clock.


3. checking pulse_width_clock (0)
---------------------------------
 There are 0 register/latch pins which need pulse_width check


4. checking unconstrained_internal_endpoints (0)
------------------------------------------------
 There are 0 pins that are not constrained for maximum delay.

 There are 0 pins that are not constrained for maximum delay due to constant clock.


5. checking no_input_delay (1)
------------------------------
 There is 1 input port with no input delay specified. (HIGH)

 There are 0 input ports with no input delay but user has a false path constraint.


6. checking no_output_delay (96)
--------------------------------
 There are 96 ports with no output delay specified. (HIGH)

 There are 0 ports with no output delay but user has a false path constraint

 There are 0 ports with no output delay but with a timing clock defined on it or propagating through it


7. checking multiple_clock (0)
------------------------------
 There are 0 register/latch pins with multiple clocks.


8. checking generated_clocks (0)
--------------------------------
 There are 0 generated clocks that are not connected to a clock source.


9. checking loops (0)
---------------------
 There are 0 combinational loops in the design.


10. checking partial_input_delay (0)
------------------------------------
 There are 0 input ports with partial input delay specified.


11. checking partial_output_delay (0)
-------------------------------------
 There are 0 ports with partial output delay specified.


12. checking latch_loops (0)
----------------------------
 There are 0 combinational latch loops in the design through latch input



------------------------------------------------------------------------------------------------
| Design Timing Summary
| ---------------------
------------------------------------------------------------------------------------------------

    WNS(ns)      TNS(ns)  TNS Failing Endpoints  TNS Total Endpoints      WHS(ns)      THS(ns)  THS Failing Endpoints  THS Total Endpoints     WPWS(ns)     TPWS(ns)  TPWS Failing Endpoints  TPWS Total Endpoints  
    -------      -------  ---------------------  -------------------      -------      -------  ---------------------  -------------------     --------     --------  ----------------------  --------------------  
     -3.885   -30445.041                  15269                27036        0.108        0.000                      0                27036        1.250        0.000                       0                  9587  


Timing constraints are not met.


------------------------------------------------------------------------------------------------
| Clock Summary
| -------------
------------------------------------------------------------------------------------------------

Clock  Waveform(ns)         Period(ns)      Frequency(MHz)
-----  ------------         ----------      --------------
clk    {0.000 2.500}        5.000           200.000         


------------------------------------------------------------------------------------------------
| Intra Clock Table
| -----------------
------------------------------------------------------------------------------------------------

Clock             WNS(ns)      TNS(ns)  TNS Failing Endpoints  TNS Total Endpoints      WHS(ns)      THS(ns)  THS Failing Endpoints  THS Total Endpoints     WPWS(ns)     TPWS(ns)  TPWS Failing Endpoints  TPWS Total Endpoints  
-----             -------      -------  ---------------------  -------------------      -------      -------  ---------------------  -------------------     --------     --------  ----------------------  --------------------  
clk                -3.885   -30445.041                  15269                27036        0.108        0.000                      0                27036        1.250        0.000                       0                  9587  


------------------------------------------------------------------------------------------------
| Inter Clock Table
| -----------------
------------------------------------------------------------------------------------------------

From Clock    To Clock          WNS(ns)      TNS(ns)  TNS Failing Endpoints  TNS Total Endpoints      WHS(ns)      THS(ns)  THS Failing Endpoints  THS Total Endpoints  
----------    --------          -------      -------  ---------------------  -------------------      -------      -------  ---------------------  -------------------  


------------------------------------------------------------------------------------------------
| Other Path Groups Table
| -----------------------
------------------------------------------------------------------------------------------------

Path Group    From Clock    To Clock          WNS(ns)      TNS(ns)  TNS Failing Endpoints  TNS Total Endpoints      WHS(ns)      THS(ns)  THS Failing Endpoints  THS Total Endpoints  
----------    ----------    --------          -------      -------  ---------------------  -------------------      -------      -------  ---------------------  -------------------  


------------------------------------------------------------------------------------------------
| User Ignored Path Table
| -----------------------
------------------------------------------------------------------------------------------------

Path Group    From Clock    To Clock    
----------    ----------    --------    


------------------------------------------------------------------------------------------------
| Unconstrained Path Table
| ------------------------
------------------------------------------------------------------------------------------------

Path Group    From Clock    To Clock    
----------    ----------    --------    
(none)        clk                         
(none)                      clk           


------------------------------------------------------------------------------------------------
| Timing Details
| --------------
------------------------------------------------------------------------------------------------


---------------------------------------------------------------------------------------------------
From Clock:  clk
  To Clock:  clk

Setup :        15269  Failing Endpoints,  Worst Slack       -3.885ns,  Total Violation   -30445.040ns
Hold  :            0  Failing Endpoints,  Worst Slack        0.108ns,  Total Violation        0.000ns
PW    :            0  Failing Endpoints,  Worst Slack        1.250ns,  Total Violation        0.000ns
---------------------------------------------------------------------------------------------------


Max Delay Paths
--------------------------------------------------------------------------------------
Slack (VIOLATED) :        -3.885ns  (required time - arrival time)
  Source:                 u_pc/pc_out_reg[3]_rep__2/C
                            (rising edge-triggered cell FDCE clocked by clk  {rise@0.000ns fall@2.500ns period=5.000ns})
  Destination:            u_icache/data_reg[36][23]/CE
                            (rising edge-triggered cell FDCE clocked by clk  {rise@0.000ns fall@2.500ns period=5.000ns})
  Path Group:             clk
  Path Type:              Setup (Max at Slow Process Corner)
  Requirement:            5.000ns  (clk rise@5.000ns - clk rise@0.000ns)
  Data Path Delay:        8.596ns  (logic 2.298ns (26.735%)  route 6.298ns (73.265%))
  Logic Levels:           8  (CARRY4=1 LUT6=5 MUXF7=1 MUXF8=1)
  Clock Path Skew:        -0.049ns (DCD - SCD + CPR)
    Destination Clock Delay (DCD):    0.924ns = ( 5.924 - 5.000 ) 
    Source Clock Delay      (SCD):    0.973ns
    Clock Pessimism Removal (CPR):    0.000ns
  Clock Uncertainty:      0.035ns  ((TSJ^2 + TIJ^2)^1/2 + DJ) / 2 + PE
    Total System Jitter     (TSJ):    0.071ns
    Total Input Jitter      (TIJ):    0.000ns
    Discrete Jitter          (DJ):    0.000ns
    Phase Error              (PE):    0.000ns

    Location             Delay type                Incr(ns)  Path(ns)    Netlist Resource(s)
  -------------------------------------------------------------------    -------------------
                         (clock clk rise edge)        0.000     0.000 r  
                                                      0.000     0.000 r  clk (IN)
                         net (fo=9586, unset)         0.973     0.973    u_pc/clk
    SLICE_X43Y85         FDCE                                         r  u_pc/pc_out_reg[3]_rep__2/C
  -------------------------------------------------------------------    -------------------
    SLICE_X43Y85         FDCE (Prop_fdce_C_Q)         0.419     1.392 r  u_pc/pc_out_reg[3]_rep__2/Q
                         net (fo=115, routed)         1.465     2.857    u_icache/tags_reg[0][23]_i_195_0
    SLICE_X44Y88         LUT6 (Prop_lut6_I2_O)        0.299     3.156 r  u_icache/tags[0][23]_i_449/O
                         net (fo=1, routed)           0.000     3.156    u_icache/tags[0][23]_i_449_n_0
    SLICE_X44Y88         MUXF7 (Prop_muxf7_I0_O)      0.238     3.394 r  u_icache/tags_reg[0][23]_i_209/O
                         net (fo=1, routed)           0.000     3.394    u_icache/tags_reg[0][23]_i_209_n_0
    SLICE_X44Y88         MUXF8 (Prop_muxf8_I0_O)      0.104     3.498 r  u_icache/tags_reg[0][23]_i_89/O
                         net (fo=1, routed)           0.840     4.338    u_icache/tags_reg[0][23]_i_89_n_0
    SLICE_X37Y87         LUT6 (Prop_lut6_I0_O)        0.316     4.654 r  u_icache/tags[0][23]_i_47/O
                         net (fo=1, routed)           0.911     5.565    u_icache/tags[15]
    SLICE_X29Y85         LUT6 (Prop_lut6_I0_O)        0.124     5.689 r  u_icache/tags[0][23]_i_19/O
                         net (fo=1, routed)           0.000     5.689    u_icache/tags[0][23]_i_19_n_0
    SLICE_X29Y85         CARRY4 (Prop_carry4_S[1]_CO[3])
                                                      0.550     6.239 f  u_icache/tags_reg[0][23]_i_7/CO[3]
                         net (fo=1, routed)           0.617     6.856    u_icache/hit0
    SLICE_X31Y86         LUT6 (Prop_lut6_I5_O)        0.124     6.980 f  u_icache/tags[0][23]_i_3/O
                         net (fo=96, routed)          0.884     7.864    u_pc/data_reg[14][0]_0
    SLICE_X36Y89         LUT6 (Prop_lut6_I5_O)        0.124     7.988 r  u_pc/tags[36][23]_i_1/O
                         net (fo=57, routed)          1.581     9.569    u_icache/data_reg[36][0]_0[0]
    SLICE_X57Y102        FDCE                                         r  u_icache/data_reg[36][23]/CE
  -------------------------------------------------------------------    -------------------

                         (clock clk rise edge)        5.000     5.000 r  
                                                      0.000     5.000 r  clk (IN)
                         net (fo=9586, unset)         0.924     5.924    u_icache/clk
    SLICE_X57Y102        FDCE                                         r  u_icache/data_reg[36][23]/C
                         clock pessimism              0.000     5.924    
                         clock uncertainty           -0.035     5.889    
    SLICE_X57Y102        FDCE (Setup_fdce_C_CE)      -0.205     5.684    u_icache/data_reg[36][23]
  -------------------------------------------------------------------
                         required time                          5.684    
                         arrival time                          -9.569    
  -------------------------------------------------------------------
                         slack                                 -3.885    





Min Delay Paths
--------------------------------------------------------------------------------------
Slack (MET) :             0.108ns  (arrival time - required time)
  Source:                 u_ex2_mem/alu_result_out_reg[6]_rep__3/C
                            (rising edge-triggered cell FDCE clocked by clk  {rise@0.000ns fall@2.500ns period=5.000ns})
  Destination:            u_dmem/mem_reg_1792_2047_29_29/RAMS64E_A/ADR4
                            (rising edge-triggered cell RAMS64E clocked by clk  {rise@0.000ns fall@2.500ns period=5.000ns})
  Path Group:             clk
  Path Type:              Hold (Min at Fast Process Corner)
  Requirement:            0.000ns  (clk rise@0.000ns - clk rise@0.000ns)
  Data Path Delay:        0.329ns  (logic 0.141ns (42.814%)  route 0.188ns (57.186%))
  Logic Levels:           0  
  Clock Path Skew:        0.022ns (DCD - SCD - CPR)
    Destination Clock Delay (DCD):    0.432ns
    Source Clock Delay      (SCD):    0.410ns
    Clock Pessimism Removal (CPR):    -0.000ns

    Location             Delay type                Incr(ns)  Path(ns)    Netlist Resource(s)
  -------------------------------------------------------------------    -------------------
                         (clock clk rise edge)        0.000     0.000 r  
                                                      0.000     0.000 r  clk (IN)
                         net (fo=9586, unset)         0.410     0.410    u_ex2_mem/clk
    SLICE_X43Y26         FDCE                                         r  u_ex2_mem/alu_result_out_reg[6]_rep__3/C
  -------------------------------------------------------------------    -------------------
    SLICE_X43Y26         FDCE (Prop_fdce_C_Q)         0.141     0.551 r  u_ex2_mem/alu_result_out_reg[6]_rep__3/Q
                         net (fo=128, routed)         0.188     0.739    u_dmem/mem_reg_1792_2047_29_29/A4
    SLICE_X42Y27         RAMS64E                                      r  u_dmem/mem_reg_1792_2047_29_29/RAMS64E_A/ADR4
  -------------------------------------------------------------------    -------------------

                         (clock clk rise edge)        0.000     0.000 r  
                                                      0.000     0.000 r  clk (IN)
                         net (fo=9586, unset)         0.432     0.432    u_dmem/mem_reg_1792_2047_29_29/WCLK
    SLICE_X42Y27         RAMS64E                                      r  u_dmem/mem_reg_1792_2047_29_29/RAMS64E_A/CLK
                         clock pessimism              0.000     0.432    
    SLICE_X42Y27         RAMS64E (Hold_rams64e_CLK_ADR4)
                                                      0.200     0.632    u_dmem/mem_reg_1792_2047_29_29/RAMS64E_A
  -------------------------------------------------------------------
                         required time                         -0.632    
                         arrival time                           0.739    
  -------------------------------------------------------------------
                         slack                                  0.108    





Pulse Width Checks
--------------------------------------------------------------------------------------
Clock Name:         clk
Waveform(ns):       { 0.000 2.500 }
Period(ns):         5.000
Sources:            { clk }

Check Type        Corner  Lib Pin      Reference Pin  Required(ns)  Actual(ns)  Slack(ns)  Location      Pin
Min Period        n/a     DSP48E1/CLK  n/a            2.154         5.000       2.846      DSP48_X0Y13   u_mdu/mul_ss_out0__0/CLK
Low Pulse Width   Slow    RAMS64E/CLK  n/a            1.250         2.500       1.250      SLICE_X50Y44  u_dmem/mem_reg_0_255_0_0/RAMS64E_A/CLK
High Pulse Width  Slow    RAMS64E/CLK  n/a            1.250         2.500       1.250      SLICE_X50Y44  u_dmem/mem_reg_0_255_0_0/RAMS64E_A/CLK



--------------------------------------------------------------------------------------
Path Group:  (none)
From Clock:  clk
  To Clock:  

Max Delay            96 Endpoints
Min Delay            96 Endpoints
--------------------------------------------------------------------------------------


Max Delay Paths
--------------------------------------------------------------------------------------
Slack:                    inf
  Source:                 u_ex1_ex2/alu_b_out_reg[1]/C
                            (rising edge-triggered cell FDCE clocked by clk  {rise@0.000ns fall@2.500ns period=5.000ns})
  Destination:            debug_alu_result[24]
                            (output port)
  Path Group:             (none)
  Path Type:              Max at Slow Process Corner
  Data Path Delay:        6.074ns  (logic 2.407ns (39.629%)  route 3.667ns (60.371%))
  Logic Levels:           10  (CARRY4=7 LUT2=1 LUT5=1 LUT6=1)
  Clock Uncertainty:      0.025ns  ((TSJ^2 + TIJ^2)^1/2 + DJ) / 2 + PE
    Total System Jitter     (TSJ):    0.050ns
    Total Input Jitter      (TIJ):    0.000ns
    Discrete Jitter          (DJ):    0.000ns
    Phase Error              (PE):    0.000ns

    Location             Delay type                Incr(ns)  Path(ns)    Netlist Resource(s)
  -------------------------------------------------------------------    -------------------
                         (clock clk rise edge)        0.000     0.000 r  
                                                      0.000     0.000 r  clk (IN)
                         net (fo=9586, unset)         0.973     0.973    u_ex1_ex2/clk
    SLICE_X12Y49         FDCE                                         r  u_ex1_ex2/alu_b_out_reg[1]/C
  -------------------------------------------------------------------    -------------------
    SLICE_X12Y49         FDCE (Prop_fdce_C_Q)         0.518     1.491 r  u_ex1_ex2/alu_b_out_reg[1]/Q
                         net (fo=88, routed)          1.190     2.681    u_ex1_ex2/ex2_alu_b[1]
    SLICE_X7Y47          LUT2 (Prop_lut2_I1_O)        0.124     2.805 r  u_ex1_ex2/debug_alu_result[3]_INST_0_i_14/O
                         net (fo=1, routed)           0.000     2.805    u_ex1_ex2/debug_alu_result[3]_INST_0_i_14_n_0
    SLICE_X7Y47          CARRY4 (Prop_carry4_S[1]_CO[3])
                                                      0.550     3.355 r  u_ex1_ex2/debug_alu_result[3]_INST_0_i_6/CO[3]
                         net (fo=1, routed)           0.000     3.355    u_ex1_ex2/debug_alu_result[3]_INST_0_i_6_n_0
    SLICE_X7Y48          CARRY4 (Prop_carry4_CI_CO[3])
                                                      0.114     3.469 r  u_ex1_ex2/debug_alu_result[7]_INST_0_i_6/CO[3]
                         net (fo=1, routed)           0.000     3.469    u_ex1_ex2/debug_alu_result[7]_INST_0_i_6_n_0
    SLICE_X7Y49          CARRY4 (Prop_carry4_CI_CO[3])
                                                      0.114     3.583 r  u_ex1_ex2/debug_alu_result[11]_INST_0_i_6/CO[3]
                         net (fo=1, routed)           0.001     3.583    u_ex1_ex2/debug_alu_result[11]_INST_0_i_6_n_0
    SLICE_X7Y50          CARRY4 (Prop_carry4_CI_CO[3])
                                                      0.114     3.697 r  u_ex1_ex2/debug_alu_result[15]_INST_0_i_6/CO[3]
                         net (fo=1, routed)           0.000     3.697    u_ex1_ex2/debug_alu_result[15]_INST_0_i_6_n_0
    SLICE_X7Y51          CARRY4 (Prop_carry4_CI_CO[3])
                                                      0.114     3.811 r  u_ex1_ex2/debug_alu_result[19]_INST_0_i_10/CO[3]
                         net (fo=1, routed)           0.000     3.811    u_ex1_ex2/debug_alu_result[19]_INST_0_i_10_n_0
    SLICE_X7Y52          CARRY4 (Prop_carry4_CI_CO[3])
                                                      0.114     3.925 r  u_ex1_ex2/debug_alu_result[23]_INST_0_i_10/CO[3]
                         net (fo=1, routed)           0.000     3.925    u_ex1_ex2/debug_alu_result[23]_INST_0_i_10_n_0
    SLICE_X7Y53          CARRY4 (Prop_carry4_CI_O[0])
                                                      0.222     4.147 r  u_ex1_ex2/debug_alu_result[27]_INST_0_i_10/O[0]
                         net (fo=1, routed)           0.440     4.587    u_ex1_ex2/u_alu/data0[24]
    SLICE_X7Y55          LUT6 (Prop_lut6_I5_O)        0.299     4.886 r  u_ex1_ex2/debug_alu_result[24]_INST_0_i_3/O
                         net (fo=1, routed)           1.064     5.950    u_ex1_ex2/debug_alu_result[24]_INST_0_i_3_n_0
    SLICE_X8Y45          LUT5 (Prop_lut5_I4_O)        0.124     6.074 r  u_ex1_ex2/debug_alu_result[24]_INST_0/O
                         net (fo=2, unset)            0.973     7.047    debug_alu_result[24]
                                                                      r  debug_alu_result[24] (OUT)
  -------------------------------------------------------------------    -------------------





Min Delay Paths
--------------------------------------------------------------------------------------
Slack:                    inf
  Source:                 u_if2_id/instr_out_reg[0]/C
                            (rising edge-triggered cell FDPE clocked by clk  {rise@0.000ns fall@2.500ns period=5.000ns})
  Destination:            debug_instr[0]
                            (output port)
  Path Group:             (none)
  Path Type:              Min at Fast Process Corner
  Data Path Delay:        0.551ns  (logic 0.141ns (25.583%)  route 0.410ns (74.417%))
  Logic Levels:           0  
  Clock Uncertainty:      0.025ns  ((TSJ^2 + TIJ^2)^1/2 + DJ) / 2 + PE
    Total System Jitter     (TSJ):    0.050ns
    Total Input Jitter      (TIJ):    0.000ns
    Discrete Jitter          (DJ):    0.000ns
    Phase Error              (PE):    0.000ns

    Location             Delay type                Incr(ns)  Path(ns)    Netlist Resource(s)
  -------------------------------------------------------------------    -------------------
                         (clock clk rise edge)        0.000     0.000 r  
                                                      0.000     0.000 r  clk (IN)
                         net (fo=9586, unset)         0.410     0.410    u_if2_id/clk
    SLICE_X5Y64          FDPE                                         r  u_if2_id/instr_out_reg[0]/C
  -------------------------------------------------------------------    -------------------
    SLICE_X5Y64          FDPE (Prop_fdpe_C_Q)         0.141     0.551 r  u_if2_id/instr_out_reg[0]/Q
                         net (fo=10, unset)           0.410     0.961    debug_instr[0]
                                                                      r  debug_instr[0] (OUT)
  -------------------------------------------------------------------    -------------------





--------------------------------------------------------------------------------------
Path Group:  (none)
From Clock:  
  To Clock:  clk

Max Delay          8557 Endpoints
Min Delay          8557 Endpoints
--------------------------------------------------------------------------------------


Max Delay Paths
--------------------------------------------------------------------------------------
Slack:                    inf
  Source:                 rst_n
                            (input port)
  Destination:            u_icache/data_reg[18][11]/CLR
                            (recovery check against rising-edge clock clk  {rise@0.000ns fall@2.500ns period=5.000ns})
  Path Group:             (none)
  Path Type:              Recovery (Max at Slow Process Corner)
  Data Path Delay:        18.792ns  (logic 0.124ns (0.660%)  route 18.668ns (99.340%))
  Logic Levels:           1  (LUT1=1)
  Clock Path Skew:        0.924ns (DCD - SCD + CPR)
    Destination Clock Delay (DCD):    0.924ns
    Source Clock Delay      (SCD):    0.000ns
    Clock Pessimism Removal (CPR):    0.000ns
  Clock Uncertainty:      0.025ns  ((TSJ^2 + TIJ^2)^1/2 + DJ) / 2 + PE
    Total System Jitter     (TSJ):    0.050ns
    Total Input Jitter      (TIJ):    0.000ns
    Discrete Jitter          (DJ):    0.000ns
    Phase Error              (PE):    0.000ns

    Location             Delay type                Incr(ns)  Path(ns)    Netlist Resource(s)
  -------------------------------------------------------------------    -------------------
                                                      0.000     0.000 r  rst_n (IN)
                         net (fo=30, unset)           0.973     0.973    u_icache/rst_n
    SLICE_X2Y22          LUT1 (Prop_lut1_I0_O)        0.124     1.097 f  u_icache/pc_out[31]_i_3/O
                         net (fo=6701, routed)       17.695    18.792    u_icache/p_0_in
    SLICE_X36Y100        FDCE                                         f  u_icache/data_reg[18][11]/CLR
  -------------------------------------------------------------------    -------------------

                         (clock clk rise edge)        0.000     0.000 r  
                                                      0.000     0.000 r  clk (IN)
                         net (fo=9586, unset)         0.924     0.924    u_icache/clk
    SLICE_X36Y100        FDCE                                         r  u_icache/data_reg[18][11]/C





Min Delay Paths
--------------------------------------------------------------------------------------
Slack:                    inf
  Source:                 rst_n
                            (input port)
  Destination:            u_bp/btb_target_reg[28][0]/CE
                            (rising edge-triggered cell FDRE clocked by clk  {rise@0.000ns fall@2.500ns period=5.000ns})
  Path Group:             (none)
  Path Type:              Hold (Min at Fast Process Corner)
  Data Path Delay:        0.577ns  (logic 0.045ns (7.801%)  route 0.532ns (92.199%))
  Logic Levels:           1  (LUT6=1)
  Clock Path Skew:        0.432ns (DCD - SCD - CPR)
    Destination Clock Delay (DCD):    0.432ns
    Source Clock Delay      (SCD):    0.000ns
    Clock Pessimism Removal (CPR):    -0.000ns

    Location             Delay type                Incr(ns)  Path(ns)    Netlist Resource(s)
  -------------------------------------------------------------------    -------------------
                                                      0.000     0.000 r  rst_n (IN)
                         net (fo=30, unset)           0.410     0.410    u_ex1_ex2/rst_n
    SLICE_X44Y70         LUT6 (Prop_lut6_I0_O)        0.045     0.455 r  u_ex1_ex2/btb_type[28][0]_i_1/O
                         net (fo=58, routed)          0.122     0.577    u_bp/btb_tag_reg[28][0]_0[0]
    SLICE_X44Y70         FDRE                                         r  u_bp/btb_target_reg[28][0]/CE
  -------------------------------------------------------------------    -------------------

                         (clock clk rise edge)        0.000     0.000 r  
                                                      0.000     0.000 r  clk (IN)
                         net (fo=9586, unset)         0.432     0.432    u_bp/clk
    SLICE_X44Y70         FDRE                                         r  u_bp/btb_target_reg[28][0]/C





