Copyright 1986-2022 Xilinx, Inc. All Rights Reserved. Copyright 2022-2024 Advanced Micro Devices, Inc. All Rights Reserved.
---------------------------------------------------------------------------------------------------------------------------------------------
| Tool Version : Vivado v.2024.2 (win64) Build 5239630 Fri Nov 08 22:35:27 MST 2024
| Date         : Thu Sep 17 17:11:44 2026
| Host         : PavilionPlus1 running 64-bit major release  (build 9200)
| Command      : report_timing_summary -report_unconstrained -file V:/stage6_sgf/wlblock/timing_summary.rpt
| Design       : rv32i_pipeline_sgf_top
| Device       : 7a35t-cpg236
| Speed File   : -1  PRODUCTION 1.23 2018-06-13
| Design State : Routed
---------------------------------------------------------------------------------------------------------------------------------------------

Timing Summary Report

------------------------------------------------------------------------------------------------
| Timer Settings
| --------------
------------------------------------------------------------------------------------------------

  Enable Multi Corner Analysis               :  Yes
  Enable Pessimism Removal                   :  Yes
  Pessimism Removal Resolution               :  Nearest Common Node
  Enable Input Delay Default Clock           :  No
  Enable Preset / Clear Arcs                 :  No
  Disable Flight Delays                      :  No
  Ignore I/O Paths                           :  No
  Timing Early Launch at Borrowing Latches   :  No
  Borrow Time for Max Delay Exceptions       :  Yes
  Merge Timing Exceptions                    :  Yes
  Inter-SLR Compensation                     :  Conservative

  Corner  Analyze    Analyze    
  Name    Max Paths  Min Paths  
  ------  ---------  ---------  
  Slow    Yes        Yes        
  Fast    Yes        Yes        


------------------------------------------------------------------------------------------------
| Report Methodology
| ------------------
------------------------------------------------------------------------------------------------

Rule       Severity  Description                                                Violations  
---------  --------  ---------------------------------------------------------  ----------  
DPIR-1     Warning   Asynchronous driver check                                  414         
SYNTH-5    Warning   Mapped onto distributed RAM because of timing constraints  256         
SYNTH-10   Warning   Wide multiplier                                            12          
TIMING-16  Warning   Large setup violation                                      1000        
TIMING-18  Warning   Missing input or output delay                              97          

Note: This report is based on the most recent report_methodology run and may not be up-to-date. Run report_methodology on the current design for the latest report.



check_timing report

Table of Contents
-----------------
1. checking no_clock (0)
2. checking constant_clock (0)
3. checking pulse_width_clock (0)
4. checking unconstrained_internal_endpoints (0)
5. checking no_input_delay (1)
6. checking no_output_delay (96)
7. checking multiple_clock (0)
8. checking generated_clocks (0)
9. checking loops (0)
10. checking partial_input_delay (0)
11. checking partial_output_delay (0)
12. checking latch_loops (0)

1. checking no_clock (0)
------------------------
 There are 0 register/latch pins with no clock.


2. checking constant_clock (0)
------------------------------
 There are 0 register/latch pins with constant_clock.


3. checking pulse_width_clock (0)
---------------------------------
 There are 0 register/latch pins which need pulse_width check


4. checking unconstrained_internal_endpoints (0)
------------------------------------------------
 There are 0 pins that are not constrained for maximum delay.

 There are 0 pins that are not constrained for maximum delay due to constant clock.


5. checking no_input_delay (1)
------------------------------
 There is 1 input port with no input delay specified. (HIGH)

 There are 0 input ports with no input delay but user has a false path constraint.


6. checking no_output_delay (96)
--------------------------------
 There are 96 ports with no output delay specified. (HIGH)

 There are 0 ports with no output delay but user has a false path constraint

 There are 0 ports with no output delay but with a timing clock defined on it or propagating through it


7. checking multiple_clock (0)
------------------------------
 There are 0 register/latch pins with multiple clocks.


8. checking generated_clocks (0)
--------------------------------
 There are 0 generated clocks that are not connected to a clock source.


9. checking loops (0)
---------------------
 There are 0 combinational loops in the design.


10. checking partial_input_delay (0)
------------------------------------
 There are 0 input ports with partial input delay specified.


11. checking partial_output_delay (0)
-------------------------------------
 There are 0 ports with partial output delay specified.


12. checking latch_loops (0)
----------------------------
 There are 0 combinational latch loops in the design through latch input



------------------------------------------------------------------------------------------------
| Design Timing Summary
| ---------------------
------------------------------------------------------------------------------------------------

    WNS(ns)      TNS(ns)  TNS Failing Endpoints  TNS Total Endpoints      WHS(ns)      THS(ns)  THS Failing Endpoints  THS Total Endpoints     WPWS(ns)     TPWS(ns)  TPWS Failing Endpoints  TPWS Total Endpoints  
    -------      -------  ---------------------  -------------------      -------      -------  ---------------------  -------------------     --------     --------  ----------------------  --------------------  
     -4.059   -28261.258                  14330                26740        0.085        0.000                      0                26740        1.250        0.000                       0                  9640  


Timing constraints are not met.


------------------------------------------------------------------------------------------------
| Clock Summary
| -------------
------------------------------------------------------------------------------------------------

Clock  Waveform(ns)         Period(ns)      Frequency(MHz)
-----  ------------         ----------      --------------
clk    {0.000 2.500}        5.000           200.000         


------------------------------------------------------------------------------------------------
| Intra Clock Table
| -----------------
------------------------------------------------------------------------------------------------

Clock             WNS(ns)      TNS(ns)  TNS Failing Endpoints  TNS Total Endpoints      WHS(ns)      THS(ns)  THS Failing Endpoints  THS Total Endpoints     WPWS(ns)     TPWS(ns)  TPWS Failing Endpoints  TPWS Total Endpoints  
-----             -------      -------  ---------------------  -------------------      -------      -------  ---------------------  -------------------     --------     --------  ----------------------  --------------------  
clk                -4.059   -28261.258                  14330                26740        0.085        0.000                      0                26740        1.250        0.000                       0                  9640  


------------------------------------------------------------------------------------------------
| Inter Clock Table
| -----------------
------------------------------------------------------------------------------------------------

From Clock    To Clock          WNS(ns)      TNS(ns)  TNS Failing Endpoints  TNS Total Endpoints      WHS(ns)      THS(ns)  THS Failing Endpoints  THS Total Endpoints  
----------    --------          -------      -------  ---------------------  -------------------      -------      -------  ---------------------  -------------------  


------------------------------------------------------------------------------------------------
| Other Path Groups Table
| -----------------------
------------------------------------------------------------------------------------------------

Path Group    From Clock    To Clock          WNS(ns)      TNS(ns)  TNS Failing Endpoints  TNS Total Endpoints      WHS(ns)      THS(ns)  THS Failing Endpoints  THS Total Endpoints  
----------    ----------    --------          -------      -------  ---------------------  -------------------      -------      -------  ---------------------  -------------------  


------------------------------------------------------------------------------------------------
| User Ignored Path Table
| -----------------------
------------------------------------------------------------------------------------------------

Path Group    From Clock    To Clock    
----------    ----------    --------    


------------------------------------------------------------------------------------------------
| Unconstrained Path Table
| ------------------------
------------------------------------------------------------------------------------------------

Path Group    From Clock    To Clock    
----------    ----------    --------    
(none)        clk                         
(none)                      clk           


------------------------------------------------------------------------------------------------
| Timing Details
| --------------
------------------------------------------------------------------------------------------------


---------------------------------------------------------------------------------------------------
From Clock:  clk
  To Clock:  clk

Setup :        14330  Failing Endpoints,  Worst Slack       -4.059ns,  Total Violation   -28261.258ns
Hold  :            0  Failing Endpoints,  Worst Slack        0.085ns,  Total Violation        0.000ns
PW    :            0  Failing Endpoints,  Worst Slack        1.250ns,  Total Violation        0.000ns
---------------------------------------------------------------------------------------------------


Max Delay Paths
--------------------------------------------------------------------------------------
Slack (VIOLATED) :        -4.059ns  (required time - arrival time)
  Source:                 u_pc/pc_out_reg[3]_rep__5/C
                            (rising edge-triggered cell FDCE clocked by clk  {rise@0.000ns fall@2.500ns period=5.000ns})
  Destination:            u_icache/data_reg[50][30]/CE
                            (rising edge-triggered cell FDCE clocked by clk  {rise@0.000ns fall@2.500ns period=5.000ns})
  Path Group:             clk
  Path Type:              Setup (Max at Slow Process Corner)
  Requirement:            5.000ns  (clk rise@5.000ns - clk rise@0.000ns)
  Data Path Delay:        8.806ns  (logic 2.085ns (23.676%)  route 6.721ns (76.324%))
  Logic Levels:           9  (CARRY4=2 LUT6=5 MUXF7=1 MUXF8=1)
  Clock Path Skew:        -0.049ns (DCD - SCD + CPR)
    Destination Clock Delay (DCD):    0.924ns = ( 5.924 - 5.000 ) 
    Source Clock Delay      (SCD):    0.973ns
    Clock Pessimism Removal (CPR):    0.000ns
  Clock Uncertainty:      0.035ns  ((TSJ^2 + TIJ^2)^1/2 + DJ) / 2 + PE
    Total System Jitter     (TSJ):    0.071ns
    Total Input Jitter      (TIJ):    0.000ns
    Discrete Jitter          (DJ):    0.000ns
    Phase Error              (PE):    0.000ns

    Location             Delay type                Incr(ns)  Path(ns)    Netlist Resource(s)
  -------------------------------------------------------------------    -------------------
                         (clock clk rise edge)        0.000     0.000 r  
                                                      0.000     0.000 r  clk (IN)
                         net (fo=9642, unset)         0.973     0.973    u_pc/clk
    SLICE_X37Y70         FDCE                                         r  u_pc/pc_out_reg[3]_rep__5/C
  -------------------------------------------------------------------    -------------------
    SLICE_X37Y70         FDCE (Prop_fdce_C_Q)         0.456     1.429 r  u_pc/pc_out_reg[3]_rep__5/Q
                         net (fo=115, routed)         1.759     3.188    u_icache/instr_out_reg[31]_i_282_0
    SLICE_X50Y78         LUT6 (Prop_lut6_I2_O)        0.124     3.312 r  u_icache/instr_out[31]_i_665/O
                         net (fo=1, routed)           0.000     3.312    u_icache/instr_out[31]_i_665_n_0
    SLICE_X50Y78         MUXF7 (Prop_muxf7_I1_O)      0.214     3.526 r  u_icache/instr_out_reg[31]_i_331/O
                         net (fo=1, routed)           0.000     3.526    u_icache/instr_out_reg[31]_i_331_n_0
    SLICE_X50Y78         MUXF8 (Prop_muxf8_I1_O)      0.088     3.614 r  u_icache/instr_out_reg[31]_i_164/O
                         net (fo=1, routed)           1.191     4.805    u_icache/instr_out_reg[31]_i_164_n_0
    SLICE_X37Y75         LUT6 (Prop_lut6_I3_O)        0.319     5.124 r  u_icache/instr_out[31]_i_87/O
                         net (fo=1, routed)           0.471     5.595    u_icache/tags[7]
    SLICE_X36Y72         LUT6 (Prop_lut6_I5_O)        0.124     5.719 r  u_icache/instr_out[31]_i_51/O
                         net (fo=1, routed)           0.000     5.719    u_icache/instr_out[31]_i_51_n_0
    SLICE_X36Y72         CARRY4 (Prop_carry4_S[2]_CO[3])
                                                      0.398     6.117 r  u_icache/instr_out_reg[31]_i_21/CO[3]
                         net (fo=1, routed)           0.000     6.117    u_icache/instr_out_reg[31]_i_21_n_0
    SLICE_X36Y73         CARRY4 (Prop_carry4_CI_CO[3])
                                                      0.114     6.231 f  u_icache/instr_out_reg[31]_i_8/CO[3]
                         net (fo=1, routed)           0.637     6.868    u_icache/hit0
    SLICE_X37Y75         LUT6 (Prop_lut6_I5_O)        0.124     6.992 f  u_icache/instr_out[31]_i_3/O
                         net (fo=96, routed)          1.339     8.331    u_pc/data_reg[14][0]_0
    SLICE_X51Y72         LUT6 (Prop_lut6_I5_O)        0.124     8.455 r  u_pc/tags[50][23]_i_1/O
                         net (fo=57, routed)          1.325     9.779    u_icache/data_reg[50][0]_0[0]
    SLICE_X64Y63         FDCE                                         r  u_icache/data_reg[50][30]/CE
  -------------------------------------------------------------------    -------------------

                         (clock clk rise edge)        5.000     5.000 r  
                                                      0.000     5.000 r  clk (IN)
                         net (fo=9642, unset)         0.924     5.924    u_icache/clk
    SLICE_X64Y63         FDCE                                         r  u_icache/data_reg[50][30]/C
                         clock pessimism              0.000     5.924    
                         clock uncertainty           -0.035     5.889    
    SLICE_X64Y63         FDCE (Setup_fdce_C_CE)      -0.169     5.720    u_icache/data_reg[50][30]
  -------------------------------------------------------------------
                         required time                          5.720    
                         arrival time                          -9.779    
  -------------------------------------------------------------------
                         slack                                 -4.059    





Min Delay Paths
--------------------------------------------------------------------------------------
Slack (MET) :             0.085ns  (arrival time - required time)
  Source:                 u_ex2_mem/rs2_data_out_reg[5]/C
                            (rising edge-triggered cell FDCE clocked by clk  {rise@0.000ns fall@2.500ns period=5.000ns})
  Destination:            u_dmem/mem_reg_1024_1279_5_5/RAMS64E_D/I
                            (rising edge-triggered cell RAMS64E clocked by clk  {rise@0.000ns fall@2.500ns period=5.000ns})
  Path Group:             clk
  Path Type:              Hold (Min at Fast Process Corner)
  Requirement:            0.000ns  (clk rise@0.000ns - clk rise@0.000ns)
  Data Path Delay:        0.250ns  (logic 0.141ns (56.317%)  route 0.109ns (43.683%))
  Logic Levels:           0  
  Clock Path Skew:        0.022ns (DCD - SCD - CPR)
    Destination Clock Delay (DCD):    0.432ns
    Source Clock Delay      (SCD):    0.410ns
    Clock Pessimism Removal (CPR):    -0.000ns

    Location             Delay type                Incr(ns)  Path(ns)    Netlist Resource(s)
  -------------------------------------------------------------------    -------------------
                         (clock clk rise edge)        0.000     0.000 r  
                                                      0.000     0.000 r  clk (IN)
                         net (fo=9642, unset)         0.410     0.410    u_ex2_mem/clk
    SLICE_X33Y18         FDCE                                         r  u_ex2_mem/rs2_data_out_reg[5]/C
  -------------------------------------------------------------------    -------------------
    SLICE_X33Y18         FDCE (Prop_fdce_C_Q)         0.141     0.551 r  u_ex2_mem/rs2_data_out_reg[5]/Q
                         net (fo=35, routed)          0.109     0.661    u_dmem/mem_reg_1024_1279_5_5/D
    SLICE_X30Y18         RAMS64E                                      r  u_dmem/mem_reg_1024_1279_5_5/RAMS64E_D/I
  -------------------------------------------------------------------    -------------------

                         (clock clk rise edge)        0.000     0.000 r  
                                                      0.000     0.000 r  clk (IN)
                         net (fo=9642, unset)         0.432     0.432    u_dmem/mem_reg_1024_1279_5_5/WCLK
    SLICE_X30Y18         RAMS64E                                      r  u_dmem/mem_reg_1024_1279_5_5/RAMS64E_D/CLK
                         clock pessimism              0.000     0.432    
    SLICE_X30Y18         RAMS64E (Hold_rams64e_CLK_I)
                                                      0.144     0.576    u_dmem/mem_reg_1024_1279_5_5/RAMS64E_D
  -------------------------------------------------------------------
                         required time                         -0.576    
                         arrival time                           0.661    
  -------------------------------------------------------------------
                         slack                                  0.085    





Pulse Width Checks
--------------------------------------------------------------------------------------
Clock Name:         clk
Waveform(ns):       { 0.000 2.500 }
Period(ns):         5.000
Sources:            { clk }

Check Type        Corner  Lib Pin      Reference Pin  Required(ns)  Actual(ns)  Slack(ns)  Location      Pin
Min Period        n/a     DSP48E1/CLK  n/a            2.154         5.000       2.846      DSP48_X0Y1    u_mdu/mul_su_out0__2/CLK
Low Pulse Width   Slow    RAMS64E/CLK  n/a            1.250         2.500       1.250      SLICE_X30Y22  u_dmem/mem_reg_0_255_0_0/RAMS64E_A/CLK
High Pulse Width  Slow    RAMS64E/CLK  n/a            1.250         2.500       1.250      SLICE_X30Y22  u_dmem/mem_reg_0_255_0_0/RAMS64E_A/CLK



--------------------------------------------------------------------------------------
Path Group:  (none)
From Clock:  clk
  To Clock:  

Max Delay            96 Endpoints
Min Delay            96 Endpoints
--------------------------------------------------------------------------------------


Max Delay Paths
--------------------------------------------------------------------------------------
Slack:                    inf
  Source:                 u_ex1_ex2/alu_a_out_reg[26]/C
                            (rising edge-triggered cell FDCE clocked by clk  {rise@0.000ns fall@2.500ns period=5.000ns})
  Destination:            debug_alu_result[13]
                            (output port)
  Path Group:             (none)
  Path Type:              Max at Slow Process Corner
  Data Path Delay:        5.919ns  (logic 1.014ns (17.132%)  route 4.905ns (82.868%))
  Logic Levels:           4  (LUT6=4)
  Clock Uncertainty:      0.025ns  ((TSJ^2 + TIJ^2)^1/2 + DJ) / 2 + PE
    Total System Jitter     (TSJ):    0.050ns
    Total Input Jitter      (TIJ):    0.000ns
    Discrete Jitter          (DJ):    0.000ns
    Phase Error              (PE):    0.000ns

    Location             Delay type                Incr(ns)  Path(ns)    Netlist Resource(s)
  -------------------------------------------------------------------    -------------------
                         (clock clk rise edge)        0.000     0.000 r  
                                                      0.000     0.000 r  clk (IN)
                         net (fo=9642, unset)         0.973     0.973    u_ex1_ex2/clk
    SLICE_X12Y42         FDCE                                         r  u_ex1_ex2/alu_a_out_reg[26]/C
  -------------------------------------------------------------------    -------------------
    SLICE_X12Y42         FDCE (Prop_fdce_C_Q)         0.518     1.491 r  u_ex1_ex2/alu_a_out_reg[26]/Q
                         net (fo=18, routed)          1.327     2.818    u_ex1_ex2/ex2_alu_a[26]
    SLICE_X11Y33         LUT6 (Prop_lut6_I1_O)        0.124     2.942 r  u_ex1_ex2/debug_alu_result[25]_INST_0_i_9/O
                         net (fo=7, routed)           1.153     4.095    u_ex1_ex2/debug_alu_result[25]_INST_0_i_9_n_0
    SLICE_X7Y31          LUT6 (Prop_lut6_I0_O)        0.124     4.219 r  u_ex1_ex2/debug_alu_result[13]_INST_0_i_5/O
                         net (fo=1, routed)           0.675     4.894    u_ex1_ex2/debug_alu_result[13]_INST_0_i_5_n_0
    SLICE_X11Y31         LUT6 (Prop_lut6_I5_O)        0.124     5.018 r  u_ex1_ex2/debug_alu_result[13]_INST_0_i_1/O
                         net (fo=1, routed)           0.776     5.795    u_ex1_ex2/debug_alu_result[13]_INST_0_i_1_n_0
    SLICE_X11Y34         LUT6 (Prop_lut6_I1_O)        0.124     5.919 r  u_ex1_ex2/debug_alu_result[13]_INST_0/O
                         net (fo=2, unset)            0.973     6.892    debug_alu_result[13]
                                                                      r  debug_alu_result[13] (OUT)
  -------------------------------------------------------------------    -------------------





Min Delay Paths
--------------------------------------------------------------------------------------
Slack:                    inf
  Source:                 u_pc/pc_out_reg[7]/C
                            (rising edge-triggered cell FDCE clocked by clk  {rise@0.000ns fall@2.500ns period=5.000ns})
  Destination:            debug_pc[7]
                            (output port)
  Path Group:             (none)
  Path Type:              Min at Fast Process Corner
  Data Path Delay:        0.538ns  (logic 0.128ns (23.786%)  route 0.410ns (76.214%))
  Logic Levels:           0  
  Clock Uncertainty:      0.025ns  ((TSJ^2 + TIJ^2)^1/2 + DJ) / 2 + PE
    Total System Jitter     (TSJ):    0.050ns
    Total Input Jitter      (TIJ):    0.000ns
    Discrete Jitter          (DJ):    0.000ns
    Phase Error              (PE):    0.000ns

    Location             Delay type                Incr(ns)  Path(ns)    Netlist Resource(s)
  -------------------------------------------------------------------    -------------------
                         (clock clk rise edge)        0.000     0.000 r  
                                                      0.000     0.000 r  clk (IN)
                         net (fo=9642, unset)         0.410     0.410    u_pc/clk
    SLICE_X41Y59         FDCE                                         r  u_pc/pc_out_reg[7]/C
  -------------------------------------------------------------------    -------------------
    SLICE_X41Y59         FDCE (Prop_fdce_C_Q)         0.128     0.538 r  u_pc/pc_out_reg[7]/Q
                         net (fo=100, unset)          0.410     0.948    debug_pc[7]
                                                                      r  debug_pc[7] (OUT)
  -------------------------------------------------------------------    -------------------





--------------------------------------------------------------------------------------
Path Group:  (none)
From Clock:  
  To Clock:  clk

Max Delay          8506 Endpoints
Min Delay          8506 Endpoints
--------------------------------------------------------------------------------------


Max Delay Paths
--------------------------------------------------------------------------------------
Slack:                    inf
  Source:                 rst_n
                            (input port)
  Destination:            u_mdu/mul_ss_out_reg[12]__1/CLR
                            (recovery check against rising-edge clock clk  {rise@0.000ns fall@2.500ns period=5.000ns})
  Path Group:             (none)
  Path Type:              Recovery (Max at Slow Process Corner)
  Data Path Delay:        26.893ns  (logic 0.124ns (0.461%)  route 26.769ns (99.539%))
  Logic Levels:           1  (LUT1=1)
  Clock Path Skew:        0.924ns (DCD - SCD + CPR)
    Destination Clock Delay (DCD):    0.924ns
    Source Clock Delay      (SCD):    0.000ns
    Clock Pessimism Removal (CPR):    0.000ns
  Clock Uncertainty:      0.025ns  ((TSJ^2 + TIJ^2)^1/2 + DJ) / 2 + PE
    Total System Jitter     (TSJ):    0.050ns
    Total Input Jitter      (TIJ):    0.000ns
    Discrete Jitter          (DJ):    0.000ns
    Phase Error              (PE):    0.000ns

    Location             Delay type                Incr(ns)  Path(ns)    Netlist Resource(s)
  -------------------------------------------------------------------    -------------------
                                                      0.000     0.000 r  rst_n (IN)
                         net (fo=30, unset)           0.973     0.973    u_icache/rst_n
    SLICE_X58Y94         LUT1 (Prop_lut1_I0_O)        0.124     1.097 f  u_icache/pc_out[31]_i_3/O
                         net (fo=6650, routed)       25.796    26.893    u_mdu/p_0_in
    SLICE_X7Y25          FDCE                                         f  u_mdu/mul_ss_out_reg[12]__1/CLR
  -------------------------------------------------------------------    -------------------

                         (clock clk rise edge)        0.000     0.000 r  
                                                      0.000     0.000 r  clk (IN)
                         net (fo=9642, unset)         0.924     0.924    u_mdu/clk
    SLICE_X7Y25          FDCE                                         r  u_mdu/mul_ss_out_reg[12]__1/C





Min Delay Paths
--------------------------------------------------------------------------------------
Slack:                    inf
  Source:                 rst_n
                            (input port)
  Destination:            u_bp/btb_target_reg[26][0]/CE
                            (rising edge-triggered cell FDRE clocked by clk  {rise@0.000ns fall@2.500ns period=5.000ns})
  Path Group:             (none)
  Path Type:              Hold (Min at Fast Process Corner)
  Data Path Delay:        0.599ns  (logic 0.045ns (7.510%)  route 0.554ns (92.490%))
  Logic Levels:           1  (LUT6=1)
  Clock Path Skew:        0.432ns (DCD - SCD - CPR)
    Destination Clock Delay (DCD):    0.432ns
    Source Clock Delay      (SCD):    0.000ns
    Clock Pessimism Removal (CPR):    -0.000ns

    Location             Delay type                Incr(ns)  Path(ns)    Netlist Resource(s)
  -------------------------------------------------------------------    -------------------
                                                      0.000     0.000 r  rst_n (IN)
                         net (fo=30, unset)           0.410     0.410    u_ex1_ex2/rst_n
    SLICE_X38Y57         LUT6 (Prop_lut6_I0_O)        0.045     0.455 r  u_ex1_ex2/btb_type[26][0]_i_1/O
                         net (fo=58, routed)          0.144     0.599    u_bp/btb_tag_reg[26][0]_0[0]
    SLICE_X39Y57         FDRE                                         r  u_bp/btb_target_reg[26][0]/CE
  -------------------------------------------------------------------    -------------------

                         (clock clk rise edge)        0.000     0.000 r  
                                                      0.000     0.000 r  clk (IN)
                         net (fo=9642, unset)         0.432     0.432    u_bp/clk
    SLICE_X39Y57         FDRE                                         r  u_bp/btb_target_reg[26][0]/C





