Copyright 1986-2022 Xilinx, Inc. All Rights Reserved. Copyright 2022-2024 Advanced Micro Devices, Inc. All Rights Reserved.
---------------------------------------------------------------------------------------------------------------------------------------------
| Tool Version : Vivado v.2024.2 (win64) Build 5239630 Fri Nov 08 22:35:27 MST 2024
| Date         : Thu Sep 17 11:55:10 2026
| Host         : PavilionPlus1 running 64-bit major release  (build 9200)
| Command      : report_timing -delay_type min -max_paths 10 -file V:/stage6_baseline/default/critical_hold_paths.rpt
| Design       : rv32i_pipeline_top
| Device       : 7a35t-cpg236
| Speed File   : -1  PRODUCTION 1.23 2018-06-13
| Design State : Routed
---------------------------------------------------------------------------------------------------------------------------------------------

Timing Report

Slack (MET) :             0.112ns  (arrival time - required time)
  Source:                 u_ex2_mem/alu_result_out_reg[26]/C
                            (rising edge-triggered cell FDCE clocked by clk  {rise@0.000ns fall@2.500ns period=5.000ns})
  Destination:            u_mem_wb/alu_result_out_reg[26]/D
                            (rising edge-triggered cell FDCE clocked by clk  {rise@0.000ns fall@2.500ns period=5.000ns})
  Path Group:             clk
  Path Type:              Hold (Min at Fast Process Corner)
  Requirement:            0.000ns  (clk rise@0.000ns - clk rise@0.000ns)
  Data Path Delay:        0.209ns  (logic 0.141ns (67.454%)  route 0.068ns (32.546%))
  Logic Levels:           0  
  Clock Path Skew:        0.022ns (DCD - SCD - CPR)
    Destination Clock Delay (DCD):    0.432ns
    Source Clock Delay      (SCD):    0.410ns
    Clock Pessimism Removal (CPR):    -0.000ns

    Location             Delay type                Incr(ns)  Path(ns)    Netlist Resource(s)
  -------------------------------------------------------------------    -------------------
                         (clock clk rise edge)        0.000     0.000 r  
                                                      0.000     0.000 r  clk (IN)
                         net (fo=9467, unset)         0.410     0.410    u_ex2_mem/clk
    SLICE_X25Y100        FDCE                                         r  u_ex2_mem/alu_result_out_reg[26]/C
  -------------------------------------------------------------------    -------------------
    SLICE_X25Y100        FDCE (Prop_fdce_C_Q)         0.141     0.551 r  u_ex2_mem/alu_result_out_reg[26]/Q
                         net (fo=2, routed)           0.068     0.619    u_mem_wb/D[26]
    SLICE_X25Y100        FDCE                                         r  u_mem_wb/alu_result_out_reg[26]/D
  -------------------------------------------------------------------    -------------------

                         (clock clk rise edge)        0.000     0.000 r  
                                                      0.000     0.000 r  clk (IN)
                         net (fo=9467, unset)         0.432     0.432    u_mem_wb/clk
    SLICE_X25Y100        FDCE                                         r  u_mem_wb/alu_result_out_reg[26]/C
                         clock pessimism              0.000     0.432    
    SLICE_X25Y100        FDCE (Hold_fdce_C_D)         0.075     0.507    u_mem_wb/alu_result_out_reg[26]
  -------------------------------------------------------------------
                         required time                         -0.507    
                         arrival time                           0.619    
  -------------------------------------------------------------------
                         slack                                  0.112    

Slack (MET) :             0.114ns  (arrival time - required time)
  Source:                 u_ex2_mem/pc_plus4_out_reg[27]/C
                            (rising edge-triggered cell FDCE clocked by clk  {rise@0.000ns fall@2.500ns period=5.000ns})
  Destination:            u_mem_wb/pc_plus4_out_reg[27]/D
                            (rising edge-triggered cell FDCE clocked by clk  {rise@0.000ns fall@2.500ns period=5.000ns})
  Path Group:             clk
  Path Type:              Hold (Min at Fast Process Corner)
  Requirement:            0.000ns  (clk rise@0.000ns - clk rise@0.000ns)
  Data Path Delay:        0.212ns  (logic 0.141ns (66.546%)  route 0.071ns (33.454%))
  Logic Levels:           0  
  Clock Path Skew:        0.022ns (DCD - SCD - CPR)
    Destination Clock Delay (DCD):    0.432ns
    Source Clock Delay      (SCD):    0.410ns
    Clock Pessimism Removal (CPR):    -0.000ns

    Location             Delay type                Incr(ns)  Path(ns)    Netlist Resource(s)
  -------------------------------------------------------------------    -------------------
                         (clock clk rise edge)        0.000     0.000 r  
                                                      0.000     0.000 r  clk (IN)
                         net (fo=9467, unset)         0.410     0.410    u_ex2_mem/clk
    SLICE_X26Y100        FDCE                                         r  u_ex2_mem/pc_plus4_out_reg[27]/C
  -------------------------------------------------------------------    -------------------
    SLICE_X26Y100        FDCE (Prop_fdce_C_Q)         0.141     0.551 r  u_ex2_mem/pc_plus4_out_reg[27]/Q
                         net (fo=2, routed)           0.071     0.622    u_mem_wb/pc_plus4_out_reg[31]_0[27]
    SLICE_X26Y100        FDCE                                         r  u_mem_wb/pc_plus4_out_reg[27]/D
  -------------------------------------------------------------------    -------------------

                         (clock clk rise edge)        0.000     0.000 r  
                                                      0.000     0.000 r  clk (IN)
                         net (fo=9467, unset)         0.432     0.432    u_mem_wb/clk
    SLICE_X26Y100        FDCE                                         r  u_mem_wb/pc_plus4_out_reg[27]/C
                         clock pessimism              0.000     0.432    
    SLICE_X26Y100        FDCE (Hold_fdce_C_D)         0.076     0.508    u_mem_wb/pc_plus4_out_reg[27]
  -------------------------------------------------------------------
                         required time                         -0.508    
                         arrival time                           0.622    
  -------------------------------------------------------------------
                         slack                                  0.114    

Slack (MET) :             0.126ns  (arrival time - required time)
  Source:                 u_id_ex1/pc_plus4_out_reg[9]/C
                            (rising edge-triggered cell FDCE clocked by clk  {rise@0.000ns fall@2.500ns period=5.000ns})
  Destination:            u_ex1_ex2/pc_plus4_out_reg[9]/D
                            (rising edge-triggered cell FDCE clocked by clk  {rise@0.000ns fall@2.500ns period=5.000ns})
  Path Group:             clk
  Path Type:              Hold (Min at Fast Process Corner)
  Requirement:            0.000ns  (clk rise@0.000ns - clk rise@0.000ns)
  Data Path Delay:        0.240ns  (logic 0.186ns (77.523%)  route 0.054ns (22.477%))
  Logic Levels:           1  (LUT2=1)
  Clock Path Skew:        0.022ns (DCD - SCD - CPR)
    Destination Clock Delay (DCD):    0.432ns
    Source Clock Delay      (SCD):    0.410ns
    Clock Pessimism Removal (CPR):    -0.000ns

    Location             Delay type                Incr(ns)  Path(ns)    Netlist Resource(s)
  -------------------------------------------------------------------    -------------------
                         (clock clk rise edge)        0.000     0.000 r  
                                                      0.000     0.000 r  clk (IN)
                         net (fo=9467, unset)         0.410     0.410    u_id_ex1/clk
    SLICE_X36Y105        FDCE                                         r  u_id_ex1/pc_plus4_out_reg[9]/C
  -------------------------------------------------------------------    -------------------
    SLICE_X36Y105        FDCE (Prop_fdce_C_Q)         0.141     0.551 r  u_id_ex1/pc_plus4_out_reg[9]/Q
                         net (fo=1, routed)           0.054     0.605    u_id_ex1/ex1_pc_plus4[9]
    SLICE_X37Y105        LUT2 (Prop_lut2_I0_O)        0.045     0.650 r  u_id_ex1/pc_plus4_out[9]_i_1__1/O
                         net (fo=1, routed)           0.000     0.650    u_ex1_ex2/pc_plus4_out_reg[31]_1[8]
    SLICE_X37Y105        FDCE                                         r  u_ex1_ex2/pc_plus4_out_reg[9]/D
  -------------------------------------------------------------------    -------------------

                         (clock clk rise edge)        0.000     0.000 r  
                                                      0.000     0.000 r  clk (IN)
                         net (fo=9467, unset)         0.432     0.432    u_ex1_ex2/clk
    SLICE_X37Y105        FDCE                                         r  u_ex1_ex2/pc_plus4_out_reg[9]/C
                         clock pessimism              0.000     0.432    
    SLICE_X37Y105        FDCE (Hold_fdce_C_D)         0.092     0.524    u_ex1_ex2/pc_plus4_out_reg[9]
  -------------------------------------------------------------------
                         required time                         -0.524    
                         arrival time                           0.650    
  -------------------------------------------------------------------
                         slack                                  0.126    

Slack (MET) :             0.132ns  (arrival time - required time)
  Source:                 u_id_ex1/branch_out_reg/C
                            (rising edge-triggered cell FDCE clocked by clk  {rise@0.000ns fall@2.500ns period=5.000ns})
  Destination:            u_ex1_ex2/branch_out_reg/D
                            (rising edge-triggered cell FDCE clocked by clk  {rise@0.000ns fall@2.500ns period=5.000ns})
  Path Group:             clk
  Path Type:              Hold (Min at Fast Process Corner)
  Requirement:            0.000ns  (clk rise@0.000ns - clk rise@0.000ns)
  Data Path Delay:        0.273ns  (logic 0.186ns (68.106%)  route 0.087ns (31.894%))
  Logic Levels:           1  (LUT2=1)
  Clock Path Skew:        0.022ns (DCD - SCD - CPR)
    Destination Clock Delay (DCD):    0.432ns
    Source Clock Delay      (SCD):    0.410ns
    Clock Pessimism Removal (CPR):    -0.000ns

    Location             Delay type                Incr(ns)  Path(ns)    Netlist Resource(s)
  -------------------------------------------------------------------    -------------------
                         (clock clk rise edge)        0.000     0.000 r  
                                                      0.000     0.000 r  clk (IN)
                         net (fo=9467, unset)         0.410     0.410    u_id_ex1/clk
    SLICE_X31Y106        FDCE                                         r  u_id_ex1/branch_out_reg/C
  -------------------------------------------------------------------    -------------------
    SLICE_X31Y106        FDCE (Prop_fdce_C_Q)         0.141     0.551 r  u_id_ex1/branch_out_reg/Q
                         net (fo=1, routed)           0.087     0.638    u_id_ex1/ex1_branch
    SLICE_X30Y106        LUT2 (Prop_lut2_I0_O)        0.045     0.683 r  u_id_ex1/branch_out_i_1__0/O
                         net (fo=1, routed)           0.000     0.683    u_ex1_ex2/branch_out_reg_1
    SLICE_X30Y106        FDCE                                         r  u_ex1_ex2/branch_out_reg/D
  -------------------------------------------------------------------    -------------------

                         (clock clk rise edge)        0.000     0.000 r  
                                                      0.000     0.000 r  clk (IN)
                         net (fo=9467, unset)         0.432     0.432    u_ex1_ex2/clk
    SLICE_X30Y106        FDCE                                         r  u_ex1_ex2/branch_out_reg/C
                         clock pessimism              0.000     0.432    
    SLICE_X30Y106        FDCE (Hold_fdce_C_D)         0.120     0.552    u_ex1_ex2/branch_out_reg
  -------------------------------------------------------------------
                         required time                         -0.552    
                         arrival time                           0.683    
  -------------------------------------------------------------------
                         slack                                  0.132    

Slack (MET) :             0.132ns  (arrival time - required time)
  Source:                 u_id_ex1/pc_plus4_out_reg[11]/C
                            (rising edge-triggered cell FDCE clocked by clk  {rise@0.000ns fall@2.500ns period=5.000ns})
  Destination:            u_ex1_ex2/pc_plus4_out_reg[11]/D
                            (rising edge-triggered cell FDCE clocked by clk  {rise@0.000ns fall@2.500ns period=5.000ns})
  Path Group:             clk
  Path Type:              Hold (Min at Fast Process Corner)
  Requirement:            0.000ns  (clk rise@0.000ns - clk rise@0.000ns)
  Data Path Delay:        0.273ns  (logic 0.186ns (68.106%)  route 0.087ns (31.894%))
  Logic Levels:           1  (LUT2=1)
  Clock Path Skew:        0.022ns (DCD - SCD - CPR)
    Destination Clock Delay (DCD):    0.432ns
    Source Clock Delay      (SCD):    0.410ns
    Clock Pessimism Removal (CPR):    -0.000ns

    Location             Delay type                Incr(ns)  Path(ns)    Netlist Resource(s)
  -------------------------------------------------------------------    -------------------
                         (clock clk rise edge)        0.000     0.000 r  
                                                      0.000     0.000 r  clk (IN)
                         net (fo=9467, unset)         0.410     0.410    u_id_ex1/clk
    SLICE_X39Y102        FDCE                                         r  u_id_ex1/pc_plus4_out_reg[11]/C
  -------------------------------------------------------------------    -------------------
    SLICE_X39Y102        FDCE (Prop_fdce_C_Q)         0.141     0.551 r  u_id_ex1/pc_plus4_out_reg[11]/Q
                         net (fo=1, routed)           0.087     0.638    u_id_ex1/ex1_pc_plus4[11]
    SLICE_X38Y102        LUT2 (Prop_lut2_I0_O)        0.045     0.683 r  u_id_ex1/pc_plus4_out[11]_i_1__1/O
                         net (fo=1, routed)           0.000     0.683    u_ex1_ex2/pc_plus4_out_reg[31]_1[10]
    SLICE_X38Y102        FDCE                                         r  u_ex1_ex2/pc_plus4_out_reg[11]/D
  -------------------------------------------------------------------    -------------------

                         (clock clk rise edge)        0.000     0.000 r  
                                                      0.000     0.000 r  clk (IN)
                         net (fo=9467, unset)         0.432     0.432    u_ex1_ex2/clk
    SLICE_X38Y102        FDCE                                         r  u_ex1_ex2/pc_plus4_out_reg[11]/C
                         clock pessimism              0.000     0.432    
    SLICE_X38Y102        FDCE (Hold_fdce_C_D)         0.120     0.552    u_ex1_ex2/pc_plus4_out_reg[11]
  -------------------------------------------------------------------
                         required time                         -0.552    
                         arrival time                           0.683    
  -------------------------------------------------------------------
                         slack                                  0.132    

Slack (MET) :             0.141ns  (arrival time - required time)
  Source:                 u_ex2_mem/alu_result_out_reg[2]_rep__0/C
                            (rising edge-triggered cell FDCE clocked by clk  {rise@0.000ns fall@2.500ns period=5.000ns})
  Destination:            u_dmem/mem_reg_768_1023_10_10/RAMS64E_A/ADR0
                            (rising edge-triggered cell RAMS64E clocked by clk  {rise@0.000ns fall@2.500ns period=5.000ns})
  Path Group:             clk
  Path Type:              Hold (Min at Fast Process Corner)
  Requirement:            0.000ns  (clk rise@0.000ns - clk rise@0.000ns)
  Data Path Delay:        0.472ns  (logic 0.141ns (29.856%)  route 0.331ns (70.144%))
  Logic Levels:           0  
  Clock Path Skew:        0.022ns (DCD - SCD - CPR)
    Destination Clock Delay (DCD):    0.432ns
    Source Clock Delay      (SCD):    0.410ns
    Clock Pessimism Removal (CPR):    -0.000ns

    Location             Delay type                Incr(ns)  Path(ns)    Netlist Resource(s)
  -------------------------------------------------------------------    -------------------
                         (clock clk rise edge)        0.000     0.000 r  
                                                      0.000     0.000 r  clk (IN)
                         net (fo=9467, unset)         0.410     0.410    u_ex2_mem/clk
    SLICE_X13Y86         FDCE                                         r  u_ex2_mem/alu_result_out_reg[2]_rep__0/C
  -------------------------------------------------------------------    -------------------
    SLICE_X13Y86         FDCE (Prop_fdce_C_Q)         0.141     0.551 r  u_ex2_mem/alu_result_out_reg[2]_rep__0/Q
                         net (fo=130, routed)         0.331     0.882    u_dmem/mem_reg_768_1023_10_10/A0
    SLICE_X12Y86         RAMS64E                                      r  u_dmem/mem_reg_768_1023_10_10/RAMS64E_A/ADR0
  -------------------------------------------------------------------    -------------------

                         (clock clk rise edge)        0.000     0.000 r  
                                                      0.000     0.000 r  clk (IN)
                         net (fo=9467, unset)         0.432     0.432    u_dmem/mem_reg_768_1023_10_10/WCLK
    SLICE_X12Y86         RAMS64E                                      r  u_dmem/mem_reg_768_1023_10_10/RAMS64E_A/CLK
                         clock pessimism              0.000     0.432    
    SLICE_X12Y86         RAMS64E (Hold_rams64e_CLK_ADR0)
                                                      0.310     0.742    u_dmem/mem_reg_768_1023_10_10/RAMS64E_A
  -------------------------------------------------------------------
                         required time                         -0.742    
                         arrival time                           0.882    
  -------------------------------------------------------------------
                         slack                                  0.141    

Slack (MET) :             0.141ns  (arrival time - required time)
  Source:                 u_ex2_mem/alu_result_out_reg[2]_rep__0/C
                            (rising edge-triggered cell FDCE clocked by clk  {rise@0.000ns fall@2.500ns period=5.000ns})
  Destination:            u_dmem/mem_reg_768_1023_10_10/RAMS64E_B/ADR0
                            (rising edge-triggered cell RAMS64E clocked by clk  {rise@0.000ns fall@2.500ns period=5.000ns})
  Path Group:             clk
  Path Type:              Hold (Min at Fast Process Corner)
  Requirement:            0.000ns  (clk rise@0.000ns - clk rise@0.000ns)
  Data Path Delay:        0.472ns  (logic 0.141ns (29.856%)  route 0.331ns (70.144%))
  Logic Levels:           0  
  Clock Path Skew:        0.022ns (DCD - SCD - CPR)
    Destination Clock Delay (DCD):    0.432ns
    Source Clock Delay      (SCD):    0.410ns
    Clock Pessimism Removal (CPR):    -0.000ns

    Location             Delay type                Incr(ns)  Path(ns)    Netlist Resource(s)
  -------------------------------------------------------------------    -------------------
                         (clock clk rise edge)        0.000     0.000 r  
                                                      0.000     0.000 r  clk (IN)
                         net (fo=9467, unset)         0.410     0.410    u_ex2_mem/clk
    SLICE_X13Y86         FDCE                                         r  u_ex2_mem/alu_result_out_reg[2]_rep__0/C
  -------------------------------------------------------------------    -------------------
    SLICE_X13Y86         FDCE (Prop_fdce_C_Q)         0.141     0.551 r  u_ex2_mem/alu_result_out_reg[2]_rep__0/Q
                         net (fo=130, routed)         0.331     0.882    u_dmem/mem_reg_768_1023_10_10/A0
    SLICE_X12Y86         RAMS64E                                      r  u_dmem/mem_reg_768_1023_10_10/RAMS64E_B/ADR0
  -------------------------------------------------------------------    -------------------

                         (clock clk rise edge)        0.000     0.000 r  
                                                      0.000     0.000 r  clk (IN)
                         net (fo=9467, unset)         0.432     0.432    u_dmem/mem_reg_768_1023_10_10/WCLK
    SLICE_X12Y86         RAMS64E                                      r  u_dmem/mem_reg_768_1023_10_10/RAMS64E_B/CLK
                         clock pessimism              0.000     0.432    
    SLICE_X12Y86         RAMS64E (Hold_rams64e_CLK_ADR0)
                                                      0.310     0.742    u_dmem/mem_reg_768_1023_10_10/RAMS64E_B
  -------------------------------------------------------------------
                         required time                         -0.742    
                         arrival time                           0.882    
  -------------------------------------------------------------------
                         slack                                  0.141    

Slack (MET) :             0.141ns  (arrival time - required time)
  Source:                 u_ex2_mem/alu_result_out_reg[2]_rep__0/C
                            (rising edge-triggered cell FDCE clocked by clk  {rise@0.000ns fall@2.500ns period=5.000ns})
  Destination:            u_dmem/mem_reg_768_1023_10_10/RAMS64E_C/ADR0
                            (rising edge-triggered cell RAMS64E clocked by clk  {rise@0.000ns fall@2.500ns period=5.000ns})
  Path Group:             clk
  Path Type:              Hold (Min at Fast Process Corner)
  Requirement:            0.000ns  (clk rise@0.000ns - clk rise@0.000ns)
  Data Path Delay:        0.472ns  (logic 0.141ns (29.856%)  route 0.331ns (70.144%))
  Logic Levels:           0  
  Clock Path Skew:        0.022ns (DCD - SCD - CPR)
    Destination Clock Delay (DCD):    0.432ns
    Source Clock Delay      (SCD):    0.410ns
    Clock Pessimism Removal (CPR):    -0.000ns

    Location             Delay type                Incr(ns)  Path(ns)    Netlist Resource(s)
  -------------------------------------------------------------------    -------------------
                         (clock clk rise edge)        0.000     0.000 r  
                                                      0.000     0.000 r  clk (IN)
                         net (fo=9467, unset)         0.410     0.410    u_ex2_mem/clk
    SLICE_X13Y86         FDCE                                         r  u_ex2_mem/alu_result_out_reg[2]_rep__0/C
  -------------------------------------------------------------------    -------------------
    SLICE_X13Y86         FDCE (Prop_fdce_C_Q)         0.141     0.551 r  u_ex2_mem/alu_result_out_reg[2]_rep__0/Q
                         net (fo=130, routed)         0.331     0.882    u_dmem/mem_reg_768_1023_10_10/A0
    SLICE_X12Y86         RAMS64E                                      r  u_dmem/mem_reg_768_1023_10_10/RAMS64E_C/ADR0
  -------------------------------------------------------------------    -------------------

                         (clock clk rise edge)        0.000     0.000 r  
                                                      0.000     0.000 r  clk (IN)
                         net (fo=9467, unset)         0.432     0.432    u_dmem/mem_reg_768_1023_10_10/WCLK
    SLICE_X12Y86         RAMS64E                                      r  u_dmem/mem_reg_768_1023_10_10/RAMS64E_C/CLK
                         clock pessimism              0.000     0.432    
    SLICE_X12Y86         RAMS64E (Hold_rams64e_CLK_ADR0)
                                                      0.310     0.742    u_dmem/mem_reg_768_1023_10_10/RAMS64E_C
  -------------------------------------------------------------------
                         required time                         -0.742    
                         arrival time                           0.882    
  -------------------------------------------------------------------
                         slack                                  0.141    

Slack (MET) :             0.141ns  (arrival time - required time)
  Source:                 u_ex2_mem/alu_result_out_reg[2]_rep__0/C
                            (rising edge-triggered cell FDCE clocked by clk  {rise@0.000ns fall@2.500ns period=5.000ns})
  Destination:            u_dmem/mem_reg_768_1023_10_10/RAMS64E_D/ADR0
                            (rising edge-triggered cell RAMS64E clocked by clk  {rise@0.000ns fall@2.500ns period=5.000ns})
  Path Group:             clk
  Path Type:              Hold (Min at Fast Process Corner)
  Requirement:            0.000ns  (clk rise@0.000ns - clk rise@0.000ns)
  Data Path Delay:        0.472ns  (logic 0.141ns (29.856%)  route 0.331ns (70.144%))
  Logic Levels:           0  
  Clock Path Skew:        0.022ns (DCD - SCD - CPR)
    Destination Clock Delay (DCD):    0.432ns
    Source Clock Delay      (SCD):    0.410ns
    Clock Pessimism Removal (CPR):    -0.000ns

    Location             Delay type                Incr(ns)  Path(ns)    Netlist Resource(s)
  -------------------------------------------------------------------    -------------------
                         (clock clk rise edge)        0.000     0.000 r  
                                                      0.000     0.000 r  clk (IN)
                         net (fo=9467, unset)         0.410     0.410    u_ex2_mem/clk
    SLICE_X13Y86         FDCE                                         r  u_ex2_mem/alu_result_out_reg[2]_rep__0/C
  -------------------------------------------------------------------    -------------------
    SLICE_X13Y86         FDCE (Prop_fdce_C_Q)         0.141     0.551 r  u_ex2_mem/alu_result_out_reg[2]_rep__0/Q
                         net (fo=130, routed)         0.331     0.882    u_dmem/mem_reg_768_1023_10_10/A0
    SLICE_X12Y86         RAMS64E                                      r  u_dmem/mem_reg_768_1023_10_10/RAMS64E_D/ADR0
  -------------------------------------------------------------------    -------------------

                         (clock clk rise edge)        0.000     0.000 r  
                                                      0.000     0.000 r  clk (IN)
                         net (fo=9467, unset)         0.432     0.432    u_dmem/mem_reg_768_1023_10_10/WCLK
    SLICE_X12Y86         RAMS64E                                      r  u_dmem/mem_reg_768_1023_10_10/RAMS64E_D/CLK
                         clock pessimism              0.000     0.432    
    SLICE_X12Y86         RAMS64E (Hold_rams64e_CLK_ADR0)
                                                      0.310     0.742    u_dmem/mem_reg_768_1023_10_10/RAMS64E_D
  -------------------------------------------------------------------
                         required time                         -0.742    
                         arrival time                           0.882    
  -------------------------------------------------------------------
                         slack                                  0.141    

Slack (MET) :             0.150ns  (arrival time - required time)
  Source:                 u_mdu/dividend_reg[11]/C
                            (rising edge-triggered cell FDCE clocked by clk  {rise@0.000ns fall@2.500ns period=5.000ns})
  Destination:            u_mdu/dividend_reg[12]/D
                            (rising edge-triggered cell FDCE clocked by clk  {rise@0.000ns fall@2.500ns period=5.000ns})
  Path Group:             clk
  Path Type:              Hold (Min at Fast Process Corner)
  Requirement:            0.000ns  (clk rise@0.000ns - clk rise@0.000ns)
  Data Path Delay:        0.292ns  (logic 0.186ns (63.754%)  route 0.106ns (36.246%))
  Logic Levels:           1  (LUT6=1)
  Clock Path Skew:        0.022ns (DCD - SCD - CPR)
    Destination Clock Delay (DCD):    0.432ns
    Source Clock Delay      (SCD):    0.410ns
    Clock Pessimism Removal (CPR):    -0.000ns

    Location             Delay type                Incr(ns)  Path(ns)    Netlist Resource(s)
  -------------------------------------------------------------------    -------------------
                         (clock clk rise edge)        0.000     0.000 r  
                                                      0.000     0.000 r  clk (IN)
                         net (fo=9467, unset)         0.410     0.410    u_mdu/clk
    SLICE_X4Y66          FDCE                                         r  u_mdu/dividend_reg[11]/C
  -------------------------------------------------------------------    -------------------
    SLICE_X4Y66          FDCE (Prop_fdce_C_Q)         0.141     0.551 r  u_mdu/dividend_reg[11]/Q
                         net (fo=1, routed)           0.106     0.657    u_ex1_ex2/dividend_reg[31][11]
    SLICE_X6Y66          LUT6 (Prop_lut6_I4_O)        0.045     0.702 r  u_ex1_ex2/dividend[12]_i_1/O
                         net (fo=1, routed)           0.000     0.702    u_mdu/dividend_reg[31]_0[12]
    SLICE_X6Y66          FDCE                                         r  u_mdu/dividend_reg[12]/D
  -------------------------------------------------------------------    -------------------

                         (clock clk rise edge)        0.000     0.000 r  
                                                      0.000     0.000 r  clk (IN)
                         net (fo=9467, unset)         0.432     0.432    u_mdu/clk
    SLICE_X6Y66          FDCE                                         r  u_mdu/dividend_reg[12]/C
                         clock pessimism              0.000     0.432    
    SLICE_X6Y66          FDCE (Hold_fdce_C_D)         0.120     0.552    u_mdu/dividend_reg[12]
  -------------------------------------------------------------------
                         required time                         -0.552    
                         arrival time                           0.702    
  -------------------------------------------------------------------
                         slack                                  0.150    




