Copyright 1986-2022 Xilinx, Inc. All Rights Reserved. Copyright 2022-2024 Advanced Micro Devices, Inc. All Rights Reserved.
---------------------------------------------------------------------------------------------------------------------------------------------
| Tool Version : Vivado v.2024.2 (win64) Build 5239630 Fri Nov 08 22:35:27 MST 2024
| Date         : Thu Sep 17 17:32:31 2026
| Host         : PavilionPlus1 running 64-bit major release  (build 9200)
| Command      : report_timing -delay_type max -max_paths 10 -file V:/stage7_baseline/default/critical_setup_paths.rpt
| Design       : rv32i_pipeline_7stage_top
| Device       : 7a35t-cpg236
| Speed File   : -1  PRODUCTION 1.23 2018-06-13
| Design State : Routed
---------------------------------------------------------------------------------------------------------------------------------------------

Timing Report

Slack (VIOLATED) :        -3.762ns  (required time - arrival time)
  Source:                 u_pc/pc_out_reg[3]_rep__2/C
                            (rising edge-triggered cell FDCE clocked by clk  {rise@0.000ns fall@2.500ns period=5.000ns})
  Destination:            u_icache/data_reg[7][13]/CE
                            (rising edge-triggered cell FDCE clocked by clk  {rise@0.000ns fall@2.500ns period=5.000ns})
  Path Group:             clk
  Path Type:              Setup (Max at Slow Process Corner)
  Requirement:            5.000ns  (clk rise@5.000ns - clk rise@0.000ns)
  Data Path Delay:        8.473ns  (logic 1.966ns (23.203%)  route 6.507ns (76.797%))
  Logic Levels:           8  (CARRY4=1 LUT6=5 MUXF7=1 MUXF8=1)
  Clock Path Skew:        -0.049ns (DCD - SCD + CPR)
    Destination Clock Delay (DCD):    0.924ns = ( 5.924 - 5.000 ) 
    Source Clock Delay      (SCD):    0.973ns
    Clock Pessimism Removal (CPR):    0.000ns
  Clock Uncertainty:      0.035ns  ((TSJ^2 + TIJ^2)^1/2 + DJ) / 2 + PE
    Total System Jitter     (TSJ):    0.071ns
    Total Input Jitter      (TIJ):    0.000ns
    Discrete Jitter          (DJ):    0.000ns
    Phase Error              (PE):    0.000ns

    Location             Delay type                Incr(ns)  Path(ns)    Netlist Resource(s)
  -------------------------------------------------------------------    -------------------
                         (clock clk rise edge)        0.000     0.000 r  
                                                      0.000     0.000 r  clk (IN)
                         net (fo=9564, unset)         0.973     0.973    u_pc/clk
    SLICE_X35Y25         FDCE                                         r  u_pc/pc_out_reg[3]_rep__2/C
  -------------------------------------------------------------------    -------------------
    SLICE_X35Y25         FDCE (Prop_fdce_C_Q)         0.456     1.429 r  u_pc/pc_out_reg[3]_rep__2/Q
                         net (fo=115, routed)         1.611     3.040    u_icache/tags_reg[0][23]_i_195_0
    SLICE_X46Y19         LUT6 (Prop_lut6_I2_O)        0.124     3.164 r  u_icache/tags[0][23]_i_415/O
                         net (fo=1, routed)           0.000     3.164    u_icache/tags[0][23]_i_415_n_0
    SLICE_X46Y19         MUXF7 (Prop_muxf7_I0_O)      0.209     3.373 r  u_icache/tags_reg[0][23]_i_192/O
                         net (fo=1, routed)           0.000     3.373    u_icache/tags_reg[0][23]_i_192_n_0
    SLICE_X46Y19         MUXF8 (Prop_muxf8_I1_O)      0.088     3.461 r  u_icache/tags_reg[0][23]_i_80/O
                         net (fo=1, routed)           0.895     4.356    u_icache/tags_reg[0][23]_i_80_n_0
    SLICE_X33Y22         LUT6 (Prop_lut6_I5_O)        0.319     4.675 r  u_icache/tags[0][23]_i_44/O
                         net (fo=1, routed)           0.804     5.479    u_icache/tags[18]
    SLICE_X35Y22         LUT6 (Prop_lut6_I0_O)        0.124     5.603 r  u_icache/tags[0][23]_i_18/O
                         net (fo=1, routed)           0.000     5.603    u_icache/tags[0][23]_i_18_n_0
    SLICE_X35Y22         CARRY4 (Prop_carry4_S[2]_CO[3])
                                                      0.398     6.001 f  u_icache/tags_reg[0][23]_i_7/CO[3]
                         net (fo=1, routed)           0.759     6.760    u_icache/hit0
    SLICE_X34Y19         LUT6 (Prop_lut6_I5_O)        0.124     6.884 f  u_icache/tags[0][23]_i_3/O
                         net (fo=96, routed)          1.246     8.130    u_pc/data_reg[14][0]_0
    SLICE_X48Y12         LUT6 (Prop_lut6_I5_O)        0.124     8.254 r  u_pc/tags[7][23]_i_1/O
                         net (fo=57, routed)          1.192     9.446    u_icache/data_reg[7][0]_0[0]
    SLICE_X58Y4          FDCE                                         r  u_icache/data_reg[7][13]/CE
  -------------------------------------------------------------------    -------------------

                         (clock clk rise edge)        5.000     5.000 r  
                                                      0.000     5.000 r  clk (IN)
                         net (fo=9564, unset)         0.924     5.924    u_icache/clk
    SLICE_X58Y4          FDCE                                         r  u_icache/data_reg[7][13]/C
                         clock pessimism              0.000     5.924    
                         clock uncertainty           -0.035     5.889    
    SLICE_X58Y4          FDCE (Setup_fdce_C_CE)      -0.205     5.684    u_icache/data_reg[7][13]
  -------------------------------------------------------------------
                         required time                          5.684    
                         arrival time                          -9.446    
  -------------------------------------------------------------------
                         slack                                 -3.762    

Slack (VIOLATED) :        -3.762ns  (required time - arrival time)
  Source:                 u_pc/pc_out_reg[3]_rep__2/C
                            (rising edge-triggered cell FDCE clocked by clk  {rise@0.000ns fall@2.500ns period=5.000ns})
  Destination:            u_icache/data_reg[7][9]/CE
                            (rising edge-triggered cell FDCE clocked by clk  {rise@0.000ns fall@2.500ns period=5.000ns})
  Path Group:             clk
  Path Type:              Setup (Max at Slow Process Corner)
  Requirement:            5.000ns  (clk rise@5.000ns - clk rise@0.000ns)
  Data Path Delay:        8.473ns  (logic 1.966ns (23.203%)  route 6.507ns (76.797%))
  Logic Levels:           8  (CARRY4=1 LUT6=5 MUXF7=1 MUXF8=1)
  Clock Path Skew:        -0.049ns (DCD - SCD + CPR)
    Destination Clock Delay (DCD):    0.924ns = ( 5.924 - 5.000 ) 
    Source Clock Delay      (SCD):    0.973ns
    Clock Pessimism Removal (CPR):    0.000ns
  Clock Uncertainty:      0.035ns  ((TSJ^2 + TIJ^2)^1/2 + DJ) / 2 + PE
    Total System Jitter     (TSJ):    0.071ns
    Total Input Jitter      (TIJ):    0.000ns
    Discrete Jitter          (DJ):    0.000ns
    Phase Error              (PE):    0.000ns

    Location             Delay type                Incr(ns)  Path(ns)    Netlist Resource(s)
  -------------------------------------------------------------------    -------------------
                         (clock clk rise edge)        0.000     0.000 r  
                                                      0.000     0.000 r  clk (IN)
                         net (fo=9564, unset)         0.973     0.973    u_pc/clk
    SLICE_X35Y25         FDCE                                         r  u_pc/pc_out_reg[3]_rep__2/C
  -------------------------------------------------------------------    -------------------
    SLICE_X35Y25         FDCE (Prop_fdce_C_Q)         0.456     1.429 r  u_pc/pc_out_reg[3]_rep__2/Q
                         net (fo=115, routed)         1.611     3.040    u_icache/tags_reg[0][23]_i_195_0
    SLICE_X46Y19         LUT6 (Prop_lut6_I2_O)        0.124     3.164 r  u_icache/tags[0][23]_i_415/O
                         net (fo=1, routed)           0.000     3.164    u_icache/tags[0][23]_i_415_n_0
    SLICE_X46Y19         MUXF7 (Prop_muxf7_I0_O)      0.209     3.373 r  u_icache/tags_reg[0][23]_i_192/O
                         net (fo=1, routed)           0.000     3.373    u_icache/tags_reg[0][23]_i_192_n_0
    SLICE_X46Y19         MUXF8 (Prop_muxf8_I1_O)      0.088     3.461 r  u_icache/tags_reg[0][23]_i_80/O
                         net (fo=1, routed)           0.895     4.356    u_icache/tags_reg[0][23]_i_80_n_0
    SLICE_X33Y22         LUT6 (Prop_lut6_I5_O)        0.319     4.675 r  u_icache/tags[0][23]_i_44/O
                         net (fo=1, routed)           0.804     5.479    u_icache/tags[18]
    SLICE_X35Y22         LUT6 (Prop_lut6_I0_O)        0.124     5.603 r  u_icache/tags[0][23]_i_18/O
                         net (fo=1, routed)           0.000     5.603    u_icache/tags[0][23]_i_18_n_0
    SLICE_X35Y22         CARRY4 (Prop_carry4_S[2]_CO[3])
                                                      0.398     6.001 f  u_icache/tags_reg[0][23]_i_7/CO[3]
                         net (fo=1, routed)           0.759     6.760    u_icache/hit0
    SLICE_X34Y19         LUT6 (Prop_lut6_I5_O)        0.124     6.884 f  u_icache/tags[0][23]_i_3/O
                         net (fo=96, routed)          1.246     8.130    u_pc/data_reg[14][0]_0
    SLICE_X48Y12         LUT6 (Prop_lut6_I5_O)        0.124     8.254 r  u_pc/tags[7][23]_i_1/O
                         net (fo=57, routed)          1.192     9.446    u_icache/data_reg[7][0]_0[0]
    SLICE_X58Y4          FDCE                                         r  u_icache/data_reg[7][9]/CE
  -------------------------------------------------------------------    -------------------

                         (clock clk rise edge)        5.000     5.000 r  
                                                      0.000     5.000 r  clk (IN)
                         net (fo=9564, unset)         0.924     5.924    u_icache/clk
    SLICE_X58Y4          FDCE                                         r  u_icache/data_reg[7][9]/C
                         clock pessimism              0.000     5.924    
                         clock uncertainty           -0.035     5.889    
    SLICE_X58Y4          FDCE (Setup_fdce_C_CE)      -0.205     5.684    u_icache/data_reg[7][9]
  -------------------------------------------------------------------
                         required time                          5.684    
                         arrival time                          -9.446    
  -------------------------------------------------------------------
                         slack                                 -3.762    

Slack (VIOLATED) :        -3.757ns  (required time - arrival time)
  Source:                 u_pc/pc_out_reg[3]_rep__2/C
                            (rising edge-triggered cell FDCE clocked by clk  {rise@0.000ns fall@2.500ns period=5.000ns})
  Destination:            u_icache/data_reg[16][24]/CE
                            (rising edge-triggered cell FDCE clocked by clk  {rise@0.000ns fall@2.500ns period=5.000ns})
  Path Group:             clk
  Path Type:              Setup (Max at Slow Process Corner)
  Requirement:            5.000ns  (clk rise@5.000ns - clk rise@0.000ns)
  Data Path Delay:        8.504ns  (logic 1.966ns (23.119%)  route 6.538ns (76.881%))
  Logic Levels:           8  (CARRY4=1 LUT6=5 MUXF7=1 MUXF8=1)
  Clock Path Skew:        -0.049ns (DCD - SCD + CPR)
    Destination Clock Delay (DCD):    0.924ns = ( 5.924 - 5.000 ) 
    Source Clock Delay      (SCD):    0.973ns
    Clock Pessimism Removal (CPR):    0.000ns
  Clock Uncertainty:      0.035ns  ((TSJ^2 + TIJ^2)^1/2 + DJ) / 2 + PE
    Total System Jitter     (TSJ):    0.071ns
    Total Input Jitter      (TIJ):    0.000ns
    Discrete Jitter          (DJ):    0.000ns
    Phase Error              (PE):    0.000ns

    Location             Delay type                Incr(ns)  Path(ns)    Netlist Resource(s)
  -------------------------------------------------------------------    -------------------
                         (clock clk rise edge)        0.000     0.000 r  
                                                      0.000     0.000 r  clk (IN)
                         net (fo=9564, unset)         0.973     0.973    u_pc/clk
    SLICE_X35Y25         FDCE                                         r  u_pc/pc_out_reg[3]_rep__2/C
  -------------------------------------------------------------------    -------------------
    SLICE_X35Y25         FDCE (Prop_fdce_C_Q)         0.456     1.429 r  u_pc/pc_out_reg[3]_rep__2/Q
                         net (fo=115, routed)         1.611     3.040    u_icache/tags_reg[0][23]_i_195_0
    SLICE_X46Y19         LUT6 (Prop_lut6_I2_O)        0.124     3.164 r  u_icache/tags[0][23]_i_415/O
                         net (fo=1, routed)           0.000     3.164    u_icache/tags[0][23]_i_415_n_0
    SLICE_X46Y19         MUXF7 (Prop_muxf7_I0_O)      0.209     3.373 r  u_icache/tags_reg[0][23]_i_192/O
                         net (fo=1, routed)           0.000     3.373    u_icache/tags_reg[0][23]_i_192_n_0
    SLICE_X46Y19         MUXF8 (Prop_muxf8_I1_O)      0.088     3.461 r  u_icache/tags_reg[0][23]_i_80/O
                         net (fo=1, routed)           0.895     4.356    u_icache/tags_reg[0][23]_i_80_n_0
    SLICE_X33Y22         LUT6 (Prop_lut6_I5_O)        0.319     4.675 r  u_icache/tags[0][23]_i_44/O
                         net (fo=1, routed)           0.804     5.479    u_icache/tags[18]
    SLICE_X35Y22         LUT6 (Prop_lut6_I0_O)        0.124     5.603 r  u_icache/tags[0][23]_i_18/O
                         net (fo=1, routed)           0.000     5.603    u_icache/tags[0][23]_i_18_n_0
    SLICE_X35Y22         CARRY4 (Prop_carry4_S[2]_CO[3])
                                                      0.398     6.001 f  u_icache/tags_reg[0][23]_i_7/CO[3]
                         net (fo=1, routed)           0.759     6.760    u_icache/hit0
    SLICE_X34Y19         LUT6 (Prop_lut6_I5_O)        0.124     6.884 f  u_icache/tags[0][23]_i_3/O
                         net (fo=96, routed)          1.352     8.236    u_pc/data_reg[14][0]_0
    SLICE_X15Y11         LUT6 (Prop_lut6_I5_O)        0.124     8.360 r  u_pc/tags[16][23]_i_1/O
                         net (fo=57, routed)          1.117     9.477    u_icache/data_reg[16][0]_0[0]
    SLICE_X6Y3           FDCE                                         r  u_icache/data_reg[16][24]/CE
  -------------------------------------------------------------------    -------------------

                         (clock clk rise edge)        5.000     5.000 r  
                                                      0.000     5.000 r  clk (IN)
                         net (fo=9564, unset)         0.924     5.924    u_icache/clk
    SLICE_X6Y3           FDCE                                         r  u_icache/data_reg[16][24]/C
                         clock pessimism              0.000     5.924    
                         clock uncertainty           -0.035     5.889    
    SLICE_X6Y3           FDCE (Setup_fdce_C_CE)      -0.169     5.720    u_icache/data_reg[16][24]
  -------------------------------------------------------------------
                         required time                          5.720    
                         arrival time                          -9.477    
  -------------------------------------------------------------------
                         slack                                 -3.757    

Slack (VIOLATED) :        -3.745ns  (required time - arrival time)
  Source:                 u_pc/pc_out_reg[3]_rep__2/C
                            (rising edge-triggered cell FDCE clocked by clk  {rise@0.000ns fall@2.500ns period=5.000ns})
  Destination:            u_icache/data_reg[20][20]/CE
                            (rising edge-triggered cell FDCE clocked by clk  {rise@0.000ns fall@2.500ns period=5.000ns})
  Path Group:             clk
  Path Type:              Setup (Max at Slow Process Corner)
  Requirement:            5.000ns  (clk rise@5.000ns - clk rise@0.000ns)
  Data Path Delay:        8.456ns  (logic 1.966ns (23.250%)  route 6.490ns (76.750%))
  Logic Levels:           8  (CARRY4=1 LUT6=5 MUXF7=1 MUXF8=1)
  Clock Path Skew:        -0.049ns (DCD - SCD + CPR)
    Destination Clock Delay (DCD):    0.924ns = ( 5.924 - 5.000 ) 
    Source Clock Delay      (SCD):    0.973ns
    Clock Pessimism Removal (CPR):    0.000ns
  Clock Uncertainty:      0.035ns  ((TSJ^2 + TIJ^2)^1/2 + DJ) / 2 + PE
    Total System Jitter     (TSJ):    0.071ns
    Total Input Jitter      (TIJ):    0.000ns
    Discrete Jitter          (DJ):    0.000ns
    Phase Error              (PE):    0.000ns

    Location             Delay type                Incr(ns)  Path(ns)    Netlist Resource(s)
  -------------------------------------------------------------------    -------------------
                         (clock clk rise edge)        0.000     0.000 r  
                                                      0.000     0.000 r  clk (IN)
                         net (fo=9564, unset)         0.973     0.973    u_pc/clk
    SLICE_X35Y25         FDCE                                         r  u_pc/pc_out_reg[3]_rep__2/C
  -------------------------------------------------------------------    -------------------
    SLICE_X35Y25         FDCE (Prop_fdce_C_Q)         0.456     1.429 r  u_pc/pc_out_reg[3]_rep__2/Q
                         net (fo=115, routed)         1.611     3.040    u_icache/tags_reg[0][23]_i_195_0
    SLICE_X46Y19         LUT6 (Prop_lut6_I2_O)        0.124     3.164 r  u_icache/tags[0][23]_i_415/O
                         net (fo=1, routed)           0.000     3.164    u_icache/tags[0][23]_i_415_n_0
    SLICE_X46Y19         MUXF7 (Prop_muxf7_I0_O)      0.209     3.373 r  u_icache/tags_reg[0][23]_i_192/O
                         net (fo=1, routed)           0.000     3.373    u_icache/tags_reg[0][23]_i_192_n_0
    SLICE_X46Y19         MUXF8 (Prop_muxf8_I1_O)      0.088     3.461 r  u_icache/tags_reg[0][23]_i_80/O
                         net (fo=1, routed)           0.895     4.356    u_icache/tags_reg[0][23]_i_80_n_0
    SLICE_X33Y22         LUT6 (Prop_lut6_I5_O)        0.319     4.675 r  u_icache/tags[0][23]_i_44/O
                         net (fo=1, routed)           0.804     5.479    u_icache/tags[18]
    SLICE_X35Y22         LUT6 (Prop_lut6_I0_O)        0.124     5.603 r  u_icache/tags[0][23]_i_18/O
                         net (fo=1, routed)           0.000     5.603    u_icache/tags[0][23]_i_18_n_0
    SLICE_X35Y22         CARRY4 (Prop_carry4_S[2]_CO[3])
                                                      0.398     6.001 f  u_icache/tags_reg[0][23]_i_7/CO[3]
                         net (fo=1, routed)           0.759     6.760    u_icache/hit0
    SLICE_X34Y19         LUT6 (Prop_lut6_I5_O)        0.124     6.884 f  u_icache/tags[0][23]_i_3/O
                         net (fo=96, routed)          1.356     8.240    u_pc/data_reg[14][0]_0
    SLICE_X15Y11         LUT6 (Prop_lut6_I5_O)        0.124     8.364 r  u_pc/tags[20][23]_i_1/O
                         net (fo=57, routed)          1.065     9.429    u_icache/data_reg[20][0]_0[0]
    SLICE_X1Y14          FDCE                                         r  u_icache/data_reg[20][20]/CE
  -------------------------------------------------------------------    -------------------

                         (clock clk rise edge)        5.000     5.000 r  
                                                      0.000     5.000 r  clk (IN)
                         net (fo=9564, unset)         0.924     5.924    u_icache/clk
    SLICE_X1Y14          FDCE                                         r  u_icache/data_reg[20][20]/C
                         clock pessimism              0.000     5.924    
                         clock uncertainty           -0.035     5.889    
    SLICE_X1Y14          FDCE (Setup_fdce_C_CE)      -0.205     5.684    u_icache/data_reg[20][20]
  -------------------------------------------------------------------
                         required time                          5.684    
                         arrival time                          -9.429    
  -------------------------------------------------------------------
                         slack                                 -3.745    

Slack (VIOLATED) :        -3.742ns  (required time - arrival time)
  Source:                 u_pc/pc_out_reg[3]_rep__2/C
                            (rising edge-triggered cell FDCE clocked by clk  {rise@0.000ns fall@2.500ns period=5.000ns})
  Destination:            u_icache/data_reg[19][18]/CE
                            (rising edge-triggered cell FDCE clocked by clk  {rise@0.000ns fall@2.500ns period=5.000ns})
  Path Group:             clk
  Path Type:              Setup (Max at Slow Process Corner)
  Requirement:            5.000ns  (clk rise@5.000ns - clk rise@0.000ns)
  Data Path Delay:        8.453ns  (logic 1.966ns (23.257%)  route 6.487ns (76.743%))
  Logic Levels:           8  (CARRY4=1 LUT6=5 MUXF7=1 MUXF8=1)
  Clock Path Skew:        -0.049ns (DCD - SCD + CPR)
    Destination Clock Delay (DCD):    0.924ns = ( 5.924 - 5.000 ) 
    Source Clock Delay      (SCD):    0.973ns
    Clock Pessimism Removal (CPR):    0.000ns
  Clock Uncertainty:      0.035ns  ((TSJ^2 + TIJ^2)^1/2 + DJ) / 2 + PE
    Total System Jitter     (TSJ):    0.071ns
    Total Input Jitter      (TIJ):    0.000ns
    Discrete Jitter          (DJ):    0.000ns
    Phase Error              (PE):    0.000ns

    Location             Delay type                Incr(ns)  Path(ns)    Netlist Resource(s)
  -------------------------------------------------------------------    -------------------
                         (clock clk rise edge)        0.000     0.000 r  
                                                      0.000     0.000 r  clk (IN)
                         net (fo=9564, unset)         0.973     0.973    u_pc/clk
    SLICE_X35Y25         FDCE                                         r  u_pc/pc_out_reg[3]_rep__2/C
  -------------------------------------------------------------------    -------------------
    SLICE_X35Y25         FDCE (Prop_fdce_C_Q)         0.456     1.429 r  u_pc/pc_out_reg[3]_rep__2/Q
                         net (fo=115, routed)         1.611     3.040    u_icache/tags_reg[0][23]_i_195_0
    SLICE_X46Y19         LUT6 (Prop_lut6_I2_O)        0.124     3.164 r  u_icache/tags[0][23]_i_415/O
                         net (fo=1, routed)           0.000     3.164    u_icache/tags[0][23]_i_415_n_0
    SLICE_X46Y19         MUXF7 (Prop_muxf7_I0_O)      0.209     3.373 r  u_icache/tags_reg[0][23]_i_192/O
                         net (fo=1, routed)           0.000     3.373    u_icache/tags_reg[0][23]_i_192_n_0
    SLICE_X46Y19         MUXF8 (Prop_muxf8_I1_O)      0.088     3.461 r  u_icache/tags_reg[0][23]_i_80/O
                         net (fo=1, routed)           0.895     4.356    u_icache/tags_reg[0][23]_i_80_n_0
    SLICE_X33Y22         LUT6 (Prop_lut6_I5_O)        0.319     4.675 r  u_icache/tags[0][23]_i_44/O
                         net (fo=1, routed)           0.804     5.479    u_icache/tags[18]
    SLICE_X35Y22         LUT6 (Prop_lut6_I0_O)        0.124     5.603 r  u_icache/tags[0][23]_i_18/O
                         net (fo=1, routed)           0.000     5.603    u_icache/tags[0][23]_i_18_n_0
    SLICE_X35Y22         CARRY4 (Prop_carry4_S[2]_CO[3])
                                                      0.398     6.001 f  u_icache/tags_reg[0][23]_i_7/CO[3]
                         net (fo=1, routed)           0.759     6.760    u_icache/hit0
    SLICE_X34Y19         LUT6 (Prop_lut6_I5_O)        0.124     6.884 f  u_icache/tags[0][23]_i_3/O
                         net (fo=96, routed)          1.020     7.904    u_pc/data_reg[14][0]_0
    SLICE_X30Y13         LUT6 (Prop_lut6_I5_O)        0.124     8.028 r  u_pc/tags[19][23]_i_1/O
                         net (fo=57, routed)          1.398     9.426    u_icache/data_reg[19][0]_0[0]
    SLICE_X5Y7           FDCE                                         r  u_icache/data_reg[19][18]/CE
  -------------------------------------------------------------------    -------------------

                         (clock clk rise edge)        5.000     5.000 r  
                                                      0.000     5.000 r  clk (IN)
                         net (fo=9564, unset)         0.924     5.924    u_icache/clk
    SLICE_X5Y7           FDCE                                         r  u_icache/data_reg[19][18]/C
                         clock pessimism              0.000     5.924    
                         clock uncertainty           -0.035     5.889    
    SLICE_X5Y7           FDCE (Setup_fdce_C_CE)      -0.205     5.684    u_icache/data_reg[19][18]
  -------------------------------------------------------------------
                         required time                          5.684    
                         arrival time                          -9.426    
  -------------------------------------------------------------------
                         slack                                 -3.742    

Slack (VIOLATED) :        -3.734ns  (required time - arrival time)
  Source:                 u_pc/pc_out_reg[3]_rep__2/C
                            (rising edge-triggered cell FDCE clocked by clk  {rise@0.000ns fall@2.500ns period=5.000ns})
  Destination:            u_icache/data_reg[20][0]/CE
                            (rising edge-triggered cell FDCE clocked by clk  {rise@0.000ns fall@2.500ns period=5.000ns})
  Path Group:             clk
  Path Type:              Setup (Max at Slow Process Corner)
  Requirement:            5.000ns  (clk rise@5.000ns - clk rise@0.000ns)
  Data Path Delay:        8.445ns  (logic 1.966ns (23.280%)  route 6.479ns (76.720%))
  Logic Levels:           8  (CARRY4=1 LUT6=5 MUXF7=1 MUXF8=1)
  Clock Path Skew:        -0.049ns (DCD - SCD + CPR)
    Destination Clock Delay (DCD):    0.924ns = ( 5.924 - 5.000 ) 
    Source Clock Delay      (SCD):    0.973ns
    Clock Pessimism Removal (CPR):    0.000ns
  Clock Uncertainty:      0.035ns  ((TSJ^2 + TIJ^2)^1/2 + DJ) / 2 + PE
    Total System Jitter     (TSJ):    0.071ns
    Total Input Jitter      (TIJ):    0.000ns
    Discrete Jitter          (DJ):    0.000ns
    Phase Error              (PE):    0.000ns

    Location             Delay type                Incr(ns)  Path(ns)    Netlist Resource(s)
  -------------------------------------------------------------------    -------------------
                         (clock clk rise edge)        0.000     0.000 r  
                                                      0.000     0.000 r  clk (IN)
                         net (fo=9564, unset)         0.973     0.973    u_pc/clk
    SLICE_X35Y25         FDCE                                         r  u_pc/pc_out_reg[3]_rep__2/C
  -------------------------------------------------------------------    -------------------
    SLICE_X35Y25         FDCE (Prop_fdce_C_Q)         0.456     1.429 r  u_pc/pc_out_reg[3]_rep__2/Q
                         net (fo=115, routed)         1.611     3.040    u_icache/tags_reg[0][23]_i_195_0
    SLICE_X46Y19         LUT6 (Prop_lut6_I2_O)        0.124     3.164 r  u_icache/tags[0][23]_i_415/O
                         net (fo=1, routed)           0.000     3.164    u_icache/tags[0][23]_i_415_n_0
    SLICE_X46Y19         MUXF7 (Prop_muxf7_I0_O)      0.209     3.373 r  u_icache/tags_reg[0][23]_i_192/O
                         net (fo=1, routed)           0.000     3.373    u_icache/tags_reg[0][23]_i_192_n_0
    SLICE_X46Y19         MUXF8 (Prop_muxf8_I1_O)      0.088     3.461 r  u_icache/tags_reg[0][23]_i_80/O
                         net (fo=1, routed)           0.895     4.356    u_icache/tags_reg[0][23]_i_80_n_0
    SLICE_X33Y22         LUT6 (Prop_lut6_I5_O)        0.319     4.675 r  u_icache/tags[0][23]_i_44/O
                         net (fo=1, routed)           0.804     5.479    u_icache/tags[18]
    SLICE_X35Y22         LUT6 (Prop_lut6_I0_O)        0.124     5.603 r  u_icache/tags[0][23]_i_18/O
                         net (fo=1, routed)           0.000     5.603    u_icache/tags[0][23]_i_18_n_0
    SLICE_X35Y22         CARRY4 (Prop_carry4_S[2]_CO[3])
                                                      0.398     6.001 f  u_icache/tags_reg[0][23]_i_7/CO[3]
                         net (fo=1, routed)           0.759     6.760    u_icache/hit0
    SLICE_X34Y19         LUT6 (Prop_lut6_I5_O)        0.124     6.884 f  u_icache/tags[0][23]_i_3/O
                         net (fo=96, routed)          1.356     8.240    u_pc/data_reg[14][0]_0
    SLICE_X15Y11         LUT6 (Prop_lut6_I5_O)        0.124     8.364 r  u_pc/tags[20][23]_i_1/O
                         net (fo=57, routed)          1.054     9.418    u_icache/data_reg[20][0]_0[0]
    SLICE_X4Y4           FDCE                                         r  u_icache/data_reg[20][0]/CE
  -------------------------------------------------------------------    -------------------

                         (clock clk rise edge)        5.000     5.000 r  
                                                      0.000     5.000 r  clk (IN)
                         net (fo=9564, unset)         0.924     5.924    u_icache/clk
    SLICE_X4Y4           FDCE                                         r  u_icache/data_reg[20][0]/C
                         clock pessimism              0.000     5.924    
                         clock uncertainty           -0.035     5.889    
    SLICE_X4Y4           FDCE (Setup_fdce_C_CE)      -0.205     5.684    u_icache/data_reg[20][0]
  -------------------------------------------------------------------
                         required time                          5.684    
                         arrival time                          -9.418    
  -------------------------------------------------------------------
                         slack                                 -3.734    

Slack (VIOLATED) :        -3.729ns  (required time - arrival time)
  Source:                 u_pc/pc_out_reg[3]_rep__2/C
                            (rising edge-triggered cell FDCE clocked by clk  {rise@0.000ns fall@2.500ns period=5.000ns})
  Destination:            u_icache/data_reg[20][14]/CE
                            (rising edge-triggered cell FDCE clocked by clk  {rise@0.000ns fall@2.500ns period=5.000ns})
  Path Group:             clk
  Path Type:              Setup (Max at Slow Process Corner)
  Requirement:            5.000ns  (clk rise@5.000ns - clk rise@0.000ns)
  Data Path Delay:        8.440ns  (logic 1.966ns (23.293%)  route 6.474ns (76.707%))
  Logic Levels:           8  (CARRY4=1 LUT6=5 MUXF7=1 MUXF8=1)
  Clock Path Skew:        -0.049ns (DCD - SCD + CPR)
    Destination Clock Delay (DCD):    0.924ns = ( 5.924 - 5.000 ) 
    Source Clock Delay      (SCD):    0.973ns
    Clock Pessimism Removal (CPR):    0.000ns
  Clock Uncertainty:      0.035ns  ((TSJ^2 + TIJ^2)^1/2 + DJ) / 2 + PE
    Total System Jitter     (TSJ):    0.071ns
    Total Input Jitter      (TIJ):    0.000ns
    Discrete Jitter          (DJ):    0.000ns
    Phase Error              (PE):    0.000ns

    Location             Delay type                Incr(ns)  Path(ns)    Netlist Resource(s)
  -------------------------------------------------------------------    -------------------
                         (clock clk rise edge)        0.000     0.000 r  
                                                      0.000     0.000 r  clk (IN)
                         net (fo=9564, unset)         0.973     0.973    u_pc/clk
    SLICE_X35Y25         FDCE                                         r  u_pc/pc_out_reg[3]_rep__2/C
  -------------------------------------------------------------------    -------------------
    SLICE_X35Y25         FDCE (Prop_fdce_C_Q)         0.456     1.429 r  u_pc/pc_out_reg[3]_rep__2/Q
                         net (fo=115, routed)         1.611     3.040    u_icache/tags_reg[0][23]_i_195_0
    SLICE_X46Y19         LUT6 (Prop_lut6_I2_O)        0.124     3.164 r  u_icache/tags[0][23]_i_415/O
                         net (fo=1, routed)           0.000     3.164    u_icache/tags[0][23]_i_415_n_0
    SLICE_X46Y19         MUXF7 (Prop_muxf7_I0_O)      0.209     3.373 r  u_icache/tags_reg[0][23]_i_192/O
                         net (fo=1, routed)           0.000     3.373    u_icache/tags_reg[0][23]_i_192_n_0
    SLICE_X46Y19         MUXF8 (Prop_muxf8_I1_O)      0.088     3.461 r  u_icache/tags_reg[0][23]_i_80/O
                         net (fo=1, routed)           0.895     4.356    u_icache/tags_reg[0][23]_i_80_n_0
    SLICE_X33Y22         LUT6 (Prop_lut6_I5_O)        0.319     4.675 r  u_icache/tags[0][23]_i_44/O
                         net (fo=1, routed)           0.804     5.479    u_icache/tags[18]
    SLICE_X35Y22         LUT6 (Prop_lut6_I0_O)        0.124     5.603 r  u_icache/tags[0][23]_i_18/O
                         net (fo=1, routed)           0.000     5.603    u_icache/tags[0][23]_i_18_n_0
    SLICE_X35Y22         CARRY4 (Prop_carry4_S[2]_CO[3])
                                                      0.398     6.001 f  u_icache/tags_reg[0][23]_i_7/CO[3]
                         net (fo=1, routed)           0.759     6.760    u_icache/hit0
    SLICE_X34Y19         LUT6 (Prop_lut6_I5_O)        0.124     6.884 f  u_icache/tags[0][23]_i_3/O
                         net (fo=96, routed)          1.356     8.240    u_pc/data_reg[14][0]_0
    SLICE_X15Y11         LUT6 (Prop_lut6_I5_O)        0.124     8.364 r  u_pc/tags[20][23]_i_1/O
                         net (fo=57, routed)          1.049     9.413    u_icache/data_reg[20][0]_0[0]
    SLICE_X1Y12          FDCE                                         r  u_icache/data_reg[20][14]/CE
  -------------------------------------------------------------------    -------------------

                         (clock clk rise edge)        5.000     5.000 r  
                                                      0.000     5.000 r  clk (IN)
                         net (fo=9564, unset)         0.924     5.924    u_icache/clk
    SLICE_X1Y12          FDCE                                         r  u_icache/data_reg[20][14]/C
                         clock pessimism              0.000     5.924    
                         clock uncertainty           -0.035     5.889    
    SLICE_X1Y12          FDCE (Setup_fdce_C_CE)      -0.205     5.684    u_icache/data_reg[20][14]
  -------------------------------------------------------------------
                         required time                          5.684    
                         arrival time                          -9.413    
  -------------------------------------------------------------------
                         slack                                 -3.729    

Slack (VIOLATED) :        -3.724ns  (required time - arrival time)
  Source:                 u_pc/pc_out_reg[3]_rep__2/C
                            (rising edge-triggered cell FDCE clocked by clk  {rise@0.000ns fall@2.500ns period=5.000ns})
  Destination:            u_icache/data_reg[19][0]/CE
                            (rising edge-triggered cell FDCE clocked by clk  {rise@0.000ns fall@2.500ns period=5.000ns})
  Path Group:             clk
  Path Type:              Setup (Max at Slow Process Corner)
  Requirement:            5.000ns  (clk rise@5.000ns - clk rise@0.000ns)
  Data Path Delay:        8.435ns  (logic 1.966ns (23.308%)  route 6.469ns (76.692%))
  Logic Levels:           8  (CARRY4=1 LUT6=5 MUXF7=1 MUXF8=1)
  Clock Path Skew:        -0.049ns (DCD - SCD + CPR)
    Destination Clock Delay (DCD):    0.924ns = ( 5.924 - 5.000 ) 
    Source Clock Delay      (SCD):    0.973ns
    Clock Pessimism Removal (CPR):    0.000ns
  Clock Uncertainty:      0.035ns  ((TSJ^2 + TIJ^2)^1/2 + DJ) / 2 + PE
    Total System Jitter     (TSJ):    0.071ns
    Total Input Jitter      (TIJ):    0.000ns
    Discrete Jitter          (DJ):    0.000ns
    Phase Error              (PE):    0.000ns

    Location             Delay type                Incr(ns)  Path(ns)    Netlist Resource(s)
  -------------------------------------------------------------------    -------------------
                         (clock clk rise edge)        0.000     0.000 r  
                                                      0.000     0.000 r  clk (IN)
                         net (fo=9564, unset)         0.973     0.973    u_pc/clk
    SLICE_X35Y25         FDCE                                         r  u_pc/pc_out_reg[3]_rep__2/C
  -------------------------------------------------------------------    -------------------
    SLICE_X35Y25         FDCE (Prop_fdce_C_Q)         0.456     1.429 r  u_pc/pc_out_reg[3]_rep__2/Q
                         net (fo=115, routed)         1.611     3.040    u_icache/tags_reg[0][23]_i_195_0
    SLICE_X46Y19         LUT6 (Prop_lut6_I2_O)        0.124     3.164 r  u_icache/tags[0][23]_i_415/O
                         net (fo=1, routed)           0.000     3.164    u_icache/tags[0][23]_i_415_n_0
    SLICE_X46Y19         MUXF7 (Prop_muxf7_I0_O)      0.209     3.373 r  u_icache/tags_reg[0][23]_i_192/O
                         net (fo=1, routed)           0.000     3.373    u_icache/tags_reg[0][23]_i_192_n_0
    SLICE_X46Y19         MUXF8 (Prop_muxf8_I1_O)      0.088     3.461 r  u_icache/tags_reg[0][23]_i_80/O
                         net (fo=1, routed)           0.895     4.356    u_icache/tags_reg[0][23]_i_80_n_0
    SLICE_X33Y22         LUT6 (Prop_lut6_I5_O)        0.319     4.675 r  u_icache/tags[0][23]_i_44/O
                         net (fo=1, routed)           0.804     5.479    u_icache/tags[18]
    SLICE_X35Y22         LUT6 (Prop_lut6_I0_O)        0.124     5.603 r  u_icache/tags[0][23]_i_18/O
                         net (fo=1, routed)           0.000     5.603    u_icache/tags[0][23]_i_18_n_0
    SLICE_X35Y22         CARRY4 (Prop_carry4_S[2]_CO[3])
                                                      0.398     6.001 f  u_icache/tags_reg[0][23]_i_7/CO[3]
                         net (fo=1, routed)           0.759     6.760    u_icache/hit0
    SLICE_X34Y19         LUT6 (Prop_lut6_I5_O)        0.124     6.884 f  u_icache/tags[0][23]_i_3/O
                         net (fo=96, routed)          1.020     7.904    u_pc/data_reg[14][0]_0
    SLICE_X30Y13         LUT6 (Prop_lut6_I5_O)        0.124     8.028 r  u_pc/tags[19][23]_i_1/O
                         net (fo=57, routed)          1.380     9.408    u_icache/data_reg[19][0]_0[0]
    SLICE_X7Y6           FDCE                                         r  u_icache/data_reg[19][0]/CE
  -------------------------------------------------------------------    -------------------

                         (clock clk rise edge)        5.000     5.000 r  
                                                      0.000     5.000 r  clk (IN)
                         net (fo=9564, unset)         0.924     5.924    u_icache/clk
    SLICE_X7Y6           FDCE                                         r  u_icache/data_reg[19][0]/C
                         clock pessimism              0.000     5.924    
                         clock uncertainty           -0.035     5.889    
    SLICE_X7Y6           FDCE (Setup_fdce_C_CE)      -0.205     5.684    u_icache/data_reg[19][0]
  -------------------------------------------------------------------
                         required time                          5.684    
                         arrival time                          -9.408    
  -------------------------------------------------------------------
                         slack                                 -3.724    

Slack (VIOLATED) :        -3.720ns  (required time - arrival time)
  Source:                 u_pc/pc_out_reg[3]_rep__2/C
                            (rising edge-triggered cell FDCE clocked by clk  {rise@0.000ns fall@2.500ns period=5.000ns})
  Destination:            u_icache/data_reg[7][26]/CE
                            (rising edge-triggered cell FDCE clocked by clk  {rise@0.000ns fall@2.500ns period=5.000ns})
  Path Group:             clk
  Path Type:              Setup (Max at Slow Process Corner)
  Requirement:            5.000ns  (clk rise@5.000ns - clk rise@0.000ns)
  Data Path Delay:        8.467ns  (logic 1.966ns (23.221%)  route 6.501ns (76.779%))
  Logic Levels:           8  (CARRY4=1 LUT6=5 MUXF7=1 MUXF8=1)
  Clock Path Skew:        -0.049ns (DCD - SCD + CPR)
    Destination Clock Delay (DCD):    0.924ns = ( 5.924 - 5.000 ) 
    Source Clock Delay      (SCD):    0.973ns
    Clock Pessimism Removal (CPR):    0.000ns
  Clock Uncertainty:      0.035ns  ((TSJ^2 + TIJ^2)^1/2 + DJ) / 2 + PE
    Total System Jitter     (TSJ):    0.071ns
    Total Input Jitter      (TIJ):    0.000ns
    Discrete Jitter          (DJ):    0.000ns
    Phase Error              (PE):    0.000ns

    Location             Delay type                Incr(ns)  Path(ns)    Netlist Resource(s)
  -------------------------------------------------------------------    -------------------
                         (clock clk rise edge)        0.000     0.000 r  
                                                      0.000     0.000 r  clk (IN)
                         net (fo=9564, unset)         0.973     0.973    u_pc/clk
    SLICE_X35Y25         FDCE                                         r  u_pc/pc_out_reg[3]_rep__2/C
  -------------------------------------------------------------------    -------------------
    SLICE_X35Y25         FDCE (Prop_fdce_C_Q)         0.456     1.429 r  u_pc/pc_out_reg[3]_rep__2/Q
                         net (fo=115, routed)         1.611     3.040    u_icache/tags_reg[0][23]_i_195_0
    SLICE_X46Y19         LUT6 (Prop_lut6_I2_O)        0.124     3.164 r  u_icache/tags[0][23]_i_415/O
                         net (fo=1, routed)           0.000     3.164    u_icache/tags[0][23]_i_415_n_0
    SLICE_X46Y19         MUXF7 (Prop_muxf7_I0_O)      0.209     3.373 r  u_icache/tags_reg[0][23]_i_192/O
                         net (fo=1, routed)           0.000     3.373    u_icache/tags_reg[0][23]_i_192_n_0
    SLICE_X46Y19         MUXF8 (Prop_muxf8_I1_O)      0.088     3.461 r  u_icache/tags_reg[0][23]_i_80/O
                         net (fo=1, routed)           0.895     4.356    u_icache/tags_reg[0][23]_i_80_n_0
    SLICE_X33Y22         LUT6 (Prop_lut6_I5_O)        0.319     4.675 r  u_icache/tags[0][23]_i_44/O
                         net (fo=1, routed)           0.804     5.479    u_icache/tags[18]
    SLICE_X35Y22         LUT6 (Prop_lut6_I0_O)        0.124     5.603 r  u_icache/tags[0][23]_i_18/O
                         net (fo=1, routed)           0.000     5.603    u_icache/tags[0][23]_i_18_n_0
    SLICE_X35Y22         CARRY4 (Prop_carry4_S[2]_CO[3])
                                                      0.398     6.001 f  u_icache/tags_reg[0][23]_i_7/CO[3]
                         net (fo=1, routed)           0.759     6.760    u_icache/hit0
    SLICE_X34Y19         LUT6 (Prop_lut6_I5_O)        0.124     6.884 f  u_icache/tags[0][23]_i_3/O
                         net (fo=96, routed)          1.246     8.130    u_pc/data_reg[14][0]_0
    SLICE_X48Y12         LUT6 (Prop_lut6_I5_O)        0.124     8.254 r  u_pc/tags[7][23]_i_1/O
                         net (fo=57, routed)          1.185     9.440    u_icache/data_reg[7][0]_0[0]
    SLICE_X60Y8          FDCE                                         r  u_icache/data_reg[7][26]/CE
  -------------------------------------------------------------------    -------------------

                         (clock clk rise edge)        5.000     5.000 r  
                                                      0.000     5.000 r  clk (IN)
                         net (fo=9564, unset)         0.924     5.924    u_icache/clk
    SLICE_X60Y8          FDCE                                         r  u_icache/data_reg[7][26]/C
                         clock pessimism              0.000     5.924    
                         clock uncertainty           -0.035     5.889    
    SLICE_X60Y8          FDCE (Setup_fdce_C_CE)      -0.169     5.720    u_icache/data_reg[7][26]
  -------------------------------------------------------------------
                         required time                          5.720    
                         arrival time                          -9.440    
  -------------------------------------------------------------------
                         slack                                 -3.720    

Slack (VIOLATED) :        -3.716ns  (required time - arrival time)
  Source:                 u_pc/pc_out_reg[3]_rep__2/C
                            (rising edge-triggered cell FDCE clocked by clk  {rise@0.000ns fall@2.500ns period=5.000ns})
  Destination:            u_icache/data_reg[19][28]/CE
                            (rising edge-triggered cell FDCE clocked by clk  {rise@0.000ns fall@2.500ns period=5.000ns})
  Path Group:             clk
  Path Type:              Setup (Max at Slow Process Corner)
  Requirement:            5.000ns  (clk rise@5.000ns - clk rise@0.000ns)
  Data Path Delay:        8.427ns  (logic 1.966ns (23.331%)  route 6.461ns (76.669%))
  Logic Levels:           8  (CARRY4=1 LUT6=5 MUXF7=1 MUXF8=1)
  Clock Path Skew:        -0.049ns (DCD - SCD + CPR)
    Destination Clock Delay (DCD):    0.924ns = ( 5.924 - 5.000 ) 
    Source Clock Delay      (SCD):    0.973ns
    Clock Pessimism Removal (CPR):    0.000ns
  Clock Uncertainty:      0.035ns  ((TSJ^2 + TIJ^2)^1/2 + DJ) / 2 + PE
    Total System Jitter     (TSJ):    0.071ns
    Total Input Jitter      (TIJ):    0.000ns
    Discrete Jitter          (DJ):    0.000ns
    Phase Error              (PE):    0.000ns

    Location             Delay type                Incr(ns)  Path(ns)    Netlist Resource(s)
  -------------------------------------------------------------------    -------------------
                         (clock clk rise edge)        0.000     0.000 r  
                                                      0.000     0.000 r  clk (IN)
                         net (fo=9564, unset)         0.973     0.973    u_pc/clk
    SLICE_X35Y25         FDCE                                         r  u_pc/pc_out_reg[3]_rep__2/C
  -------------------------------------------------------------------    -------------------
    SLICE_X35Y25         FDCE (Prop_fdce_C_Q)         0.456     1.429 r  u_pc/pc_out_reg[3]_rep__2/Q
                         net (fo=115, routed)         1.611     3.040    u_icache/tags_reg[0][23]_i_195_0
    SLICE_X46Y19         LUT6 (Prop_lut6_I2_O)        0.124     3.164 r  u_icache/tags[0][23]_i_415/O
                         net (fo=1, routed)           0.000     3.164    u_icache/tags[0][23]_i_415_n_0
    SLICE_X46Y19         MUXF7 (Prop_muxf7_I0_O)      0.209     3.373 r  u_icache/tags_reg[0][23]_i_192/O
                         net (fo=1, routed)           0.000     3.373    u_icache/tags_reg[0][23]_i_192_n_0
    SLICE_X46Y19         MUXF8 (Prop_muxf8_I1_O)      0.088     3.461 r  u_icache/tags_reg[0][23]_i_80/O
                         net (fo=1, routed)           0.895     4.356    u_icache/tags_reg[0][23]_i_80_n_0
    SLICE_X33Y22         LUT6 (Prop_lut6_I5_O)        0.319     4.675 r  u_icache/tags[0][23]_i_44/O
                         net (fo=1, routed)           0.804     5.479    u_icache/tags[18]
    SLICE_X35Y22         LUT6 (Prop_lut6_I0_O)        0.124     5.603 r  u_icache/tags[0][23]_i_18/O
                         net (fo=1, routed)           0.000     5.603    u_icache/tags[0][23]_i_18_n_0
    SLICE_X35Y22         CARRY4 (Prop_carry4_S[2]_CO[3])
                                                      0.398     6.001 f  u_icache/tags_reg[0][23]_i_7/CO[3]
                         net (fo=1, routed)           0.759     6.760    u_icache/hit0
    SLICE_X34Y19         LUT6 (Prop_lut6_I5_O)        0.124     6.884 f  u_icache/tags[0][23]_i_3/O
                         net (fo=96, routed)          1.020     7.904    u_pc/data_reg[14][0]_0
    SLICE_X30Y13         LUT6 (Prop_lut6_I5_O)        0.124     8.028 r  u_pc/tags[19][23]_i_1/O
                         net (fo=57, routed)          1.372     9.400    u_icache/data_reg[19][0]_0[0]
    SLICE_X3Y10          FDCE                                         r  u_icache/data_reg[19][28]/CE
  -------------------------------------------------------------------    -------------------

                         (clock clk rise edge)        5.000     5.000 r  
                                                      0.000     5.000 r  clk (IN)
                         net (fo=9564, unset)         0.924     5.924    u_icache/clk
    SLICE_X3Y10          FDCE                                         r  u_icache/data_reg[19][28]/C
                         clock pessimism              0.000     5.924    
                         clock uncertainty           -0.035     5.889    
    SLICE_X3Y10          FDCE (Setup_fdce_C_CE)      -0.205     5.684    u_icache/data_reg[19][28]
  -------------------------------------------------------------------
                         required time                          5.684    
                         arrival time                          -9.400    
  -------------------------------------------------------------------
                         slack                                 -3.716    




