Copyright 1986-2022 Xilinx, Inc. All Rights Reserved. Copyright 2022-2024 Advanced Micro Devices, Inc. All Rights Reserved.
---------------------------------------------------------------------------------------------------------------------------------------------
| Tool Version : Vivado v.2024.2 (win64) Build 5239630 Fri Nov 08 22:35:27 MST 2024
| Date         : Thu Sep 17 17:32:30 2026
| Host         : PavilionPlus1 running 64-bit major release  (build 9200)
| Command      : report_timing_summary -report_unconstrained -file V:/stage7_baseline/default/timing_summary.rpt
| Design       : rv32i_pipeline_7stage_top
| Device       : 7a35t-cpg236
| Speed File   : -1  PRODUCTION 1.23 2018-06-13
| Design State : Routed
---------------------------------------------------------------------------------------------------------------------------------------------

Timing Summary Report

------------------------------------------------------------------------------------------------
| Timer Settings
| --------------
------------------------------------------------------------------------------------------------

  Enable Multi Corner Analysis               :  Yes
  Enable Pessimism Removal                   :  Yes
  Pessimism Removal Resolution               :  Nearest Common Node
  Enable Input Delay Default Clock           :  No
  Enable Preset / Clear Arcs                 :  No
  Disable Flight Delays                      :  No
  Ignore I/O Paths                           :  No
  Timing Early Launch at Borrowing Latches   :  No
  Borrow Time for Max Delay Exceptions       :  Yes
  Merge Timing Exceptions                    :  Yes
  Inter-SLR Compensation                     :  Conservative

  Corner  Analyze    Analyze    
  Name    Max Paths  Min Paths  
  ------  ---------  ---------  
  Slow    Yes        Yes        
  Fast    Yes        Yes        


------------------------------------------------------------------------------------------------
| Report Methodology
| ------------------
------------------------------------------------------------------------------------------------

Rule       Severity  Description                                                Violations  
---------  --------  ---------------------------------------------------------  ----------  
DPIR-1     Warning   Asynchronous driver check                                  414         
SYNTH-5    Warning   Mapped onto distributed RAM because of timing constraints  256         
SYNTH-10   Warning   Wide multiplier                                            12          
TIMING-16  Warning   Large setup violation                                      1000        
TIMING-18  Warning   Missing input or output delay                              97          

Note: This report is based on the most recent report_methodology run and may not be up-to-date. Run report_methodology on the current design for the latest report.



check_timing report

Table of Contents
-----------------
1. checking no_clock (0)
2. checking constant_clock (0)
3. checking pulse_width_clock (0)
4. checking unconstrained_internal_endpoints (0)
5. checking no_input_delay (1)
6. checking no_output_delay (96)
7. checking multiple_clock (0)
8. checking generated_clocks (0)
9. checking loops (0)
10. checking partial_input_delay (0)
11. checking partial_output_delay (0)
12. checking latch_loops (0)

1. checking no_clock (0)
------------------------
 There are 0 register/latch pins with no clock.


2. checking constant_clock (0)
------------------------------
 There are 0 register/latch pins with constant_clock.


3. checking pulse_width_clock (0)
---------------------------------
 There are 0 register/latch pins which need pulse_width check


4. checking unconstrained_internal_endpoints (0)
------------------------------------------------
 There are 0 pins that are not constrained for maximum delay.

 There are 0 pins that are not constrained for maximum delay due to constant clock.


5. checking no_input_delay (1)
------------------------------
 There is 1 input port with no input delay specified. (HIGH)

 There are 0 input ports with no input delay but user has a false path constraint.


6. checking no_output_delay (96)
--------------------------------
 There are 96 ports with no output delay specified. (HIGH)

 There are 0 ports with no output delay but user has a false path constraint

 There are 0 ports with no output delay but with a timing clock defined on it or propagating through it


7. checking multiple_clock (0)
------------------------------
 There are 0 register/latch pins with multiple clocks.


8. checking generated_clocks (0)
--------------------------------
 There are 0 generated clocks that are not connected to a clock source.


9. checking loops (0)
---------------------
 There are 0 combinational loops in the design.


10. checking partial_input_delay (0)
------------------------------------
 There are 0 input ports with partial input delay specified.


11. checking partial_output_delay (0)
-------------------------------------
 There are 0 ports with partial output delay specified.


12. checking latch_loops (0)
----------------------------
 There are 0 combinational latch loops in the design through latch input



------------------------------------------------------------------------------------------------
| Design Timing Summary
| ---------------------
------------------------------------------------------------------------------------------------

    WNS(ns)      TNS(ns)  TNS Failing Endpoints  TNS Total Endpoints      WHS(ns)      THS(ns)  THS Failing Endpoints  THS Total Endpoints     WPWS(ns)     TPWS(ns)  TPWS Failing Endpoints  TPWS Total Endpoints  
    -------      -------  ---------------------  -------------------      -------      -------  ---------------------  -------------------     --------     --------  ----------------------  --------------------  
     -3.762   -29190.240                  15016                26996        0.095        0.000                      0                26996        1.250        0.000                       0                  9565  


Timing constraints are not met.


------------------------------------------------------------------------------------------------
| Clock Summary
| -------------
------------------------------------------------------------------------------------------------

Clock  Waveform(ns)         Period(ns)      Frequency(MHz)
-----  ------------         ----------      --------------
clk    {0.000 2.500}        5.000           200.000         


------------------------------------------------------------------------------------------------
| Intra Clock Table
| -----------------
------------------------------------------------------------------------------------------------

Clock             WNS(ns)      TNS(ns)  TNS Failing Endpoints  TNS Total Endpoints      WHS(ns)      THS(ns)  THS Failing Endpoints  THS Total Endpoints     WPWS(ns)     TPWS(ns)  TPWS Failing Endpoints  TPWS Total Endpoints  
-----             -------      -------  ---------------------  -------------------      -------      -------  ---------------------  -------------------     --------     --------  ----------------------  --------------------  
clk                -3.762   -29190.240                  15016                26996        0.095        0.000                      0                26996        1.250        0.000                       0                  9565  


------------------------------------------------------------------------------------------------
| Inter Clock Table
| -----------------
------------------------------------------------------------------------------------------------

From Clock    To Clock          WNS(ns)      TNS(ns)  TNS Failing Endpoints  TNS Total Endpoints      WHS(ns)      THS(ns)  THS Failing Endpoints  THS Total Endpoints  
----------    --------          -------      -------  ---------------------  -------------------      -------      -------  ---------------------  -------------------  


------------------------------------------------------------------------------------------------
| Other Path Groups Table
| -----------------------
------------------------------------------------------------------------------------------------

Path Group    From Clock    To Clock          WNS(ns)      TNS(ns)  TNS Failing Endpoints  TNS Total Endpoints      WHS(ns)      THS(ns)  THS Failing Endpoints  THS Total Endpoints  
----------    ----------    --------          -------      -------  ---------------------  -------------------      -------      -------  ---------------------  -------------------  


------------------------------------------------------------------------------------------------
| User Ignored Path Table
| -----------------------
------------------------------------------------------------------------------------------------

Path Group    From Clock    To Clock    
----------    ----------    --------    


------------------------------------------------------------------------------------------------
| Unconstrained Path Table
| ------------------------
------------------------------------------------------------------------------------------------

Path Group    From Clock    To Clock    
----------    ----------    --------    
(none)        clk                         
(none)                      clk           


------------------------------------------------------------------------------------------------
| Timing Details
| --------------
------------------------------------------------------------------------------------------------


---------------------------------------------------------------------------------------------------
From Clock:  clk
  To Clock:  clk

Setup :        15016  Failing Endpoints,  Worst Slack       -3.762ns,  Total Violation   -29190.240ns
Hold  :            0  Failing Endpoints,  Worst Slack        0.095ns,  Total Violation        0.000ns
PW    :            0  Failing Endpoints,  Worst Slack        1.250ns,  Total Violation        0.000ns
---------------------------------------------------------------------------------------------------


Max Delay Paths
--------------------------------------------------------------------------------------
Slack (VIOLATED) :        -3.762ns  (required time - arrival time)
  Source:                 u_pc/pc_out_reg[3]_rep__2/C
                            (rising edge-triggered cell FDCE clocked by clk  {rise@0.000ns fall@2.500ns period=5.000ns})
  Destination:            u_icache/data_reg[7][13]/CE
                            (rising edge-triggered cell FDCE clocked by clk  {rise@0.000ns fall@2.500ns period=5.000ns})
  Path Group:             clk
  Path Type:              Setup (Max at Slow Process Corner)
  Requirement:            5.000ns  (clk rise@5.000ns - clk rise@0.000ns)
  Data Path Delay:        8.473ns  (logic 1.966ns (23.203%)  route 6.507ns (76.797%))
  Logic Levels:           8  (CARRY4=1 LUT6=5 MUXF7=1 MUXF8=1)
  Clock Path Skew:        -0.049ns (DCD - SCD + CPR)
    Destination Clock Delay (DCD):    0.924ns = ( 5.924 - 5.000 ) 
    Source Clock Delay      (SCD):    0.973ns
    Clock Pessimism Removal (CPR):    0.000ns
  Clock Uncertainty:      0.035ns  ((TSJ^2 + TIJ^2)^1/2 + DJ) / 2 + PE
    Total System Jitter     (TSJ):    0.071ns
    Total Input Jitter      (TIJ):    0.000ns
    Discrete Jitter          (DJ):    0.000ns
    Phase Error              (PE):    0.000ns

    Location             Delay type                Incr(ns)  Path(ns)    Netlist Resource(s)
  -------------------------------------------------------------------    -------------------
                         (clock clk rise edge)        0.000     0.000 r  
                                                      0.000     0.000 r  clk (IN)
                         net (fo=9564, unset)         0.973     0.973    u_pc/clk
    SLICE_X35Y25         FDCE                                         r  u_pc/pc_out_reg[3]_rep__2/C
  -------------------------------------------------------------------    -------------------
    SLICE_X35Y25         FDCE (Prop_fdce_C_Q)         0.456     1.429 r  u_pc/pc_out_reg[3]_rep__2/Q
                         net (fo=115, routed)         1.611     3.040    u_icache/tags_reg[0][23]_i_195_0
    SLICE_X46Y19         LUT6 (Prop_lut6_I2_O)        0.124     3.164 r  u_icache/tags[0][23]_i_415/O
                         net (fo=1, routed)           0.000     3.164    u_icache/tags[0][23]_i_415_n_0
    SLICE_X46Y19         MUXF7 (Prop_muxf7_I0_O)      0.209     3.373 r  u_icache/tags_reg[0][23]_i_192/O
                         net (fo=1, routed)           0.000     3.373    u_icache/tags_reg[0][23]_i_192_n_0
    SLICE_X46Y19         MUXF8 (Prop_muxf8_I1_O)      0.088     3.461 r  u_icache/tags_reg[0][23]_i_80/O
                         net (fo=1, routed)           0.895     4.356    u_icache/tags_reg[0][23]_i_80_n_0
    SLICE_X33Y22         LUT6 (Prop_lut6_I5_O)        0.319     4.675 r  u_icache/tags[0][23]_i_44/O
                         net (fo=1, routed)           0.804     5.479    u_icache/tags[18]
    SLICE_X35Y22         LUT6 (Prop_lut6_I0_O)        0.124     5.603 r  u_icache/tags[0][23]_i_18/O
                         net (fo=1, routed)           0.000     5.603    u_icache/tags[0][23]_i_18_n_0
    SLICE_X35Y22         CARRY4 (Prop_carry4_S[2]_CO[3])
                                                      0.398     6.001 f  u_icache/tags_reg[0][23]_i_7/CO[3]
                         net (fo=1, routed)           0.759     6.760    u_icache/hit0
    SLICE_X34Y19         LUT6 (Prop_lut6_I5_O)        0.124     6.884 f  u_icache/tags[0][23]_i_3/O
                         net (fo=96, routed)          1.246     8.130    u_pc/data_reg[14][0]_0
    SLICE_X48Y12         LUT6 (Prop_lut6_I5_O)        0.124     8.254 r  u_pc/tags[7][23]_i_1/O
                         net (fo=57, routed)          1.192     9.446    u_icache/data_reg[7][0]_0[0]
    SLICE_X58Y4          FDCE                                         r  u_icache/data_reg[7][13]/CE
  -------------------------------------------------------------------    -------------------

                         (clock clk rise edge)        5.000     5.000 r  
                                                      0.000     5.000 r  clk (IN)
                         net (fo=9564, unset)         0.924     5.924    u_icache/clk
    SLICE_X58Y4          FDCE                                         r  u_icache/data_reg[7][13]/C
                         clock pessimism              0.000     5.924    
                         clock uncertainty           -0.035     5.889    
    SLICE_X58Y4          FDCE (Setup_fdce_C_CE)      -0.205     5.684    u_icache/data_reg[7][13]
  -------------------------------------------------------------------
                         required time                          5.684    
                         arrival time                          -9.446    
  -------------------------------------------------------------------
                         slack                                 -3.762    





Min Delay Paths
--------------------------------------------------------------------------------------
Slack (MET) :             0.095ns  (arrival time - required time)
  Source:                 u_ex2_mem/alu_result_out_reg[7]_rep__2/C
                            (rising edge-triggered cell FDCE clocked by clk  {rise@0.000ns fall@2.500ns period=5.000ns})
  Destination:            u_dmem/mem_reg_1280_1535_12_12/RAMS64E_A/ADR5
                            (rising edge-triggered cell RAMS64E clocked by clk  {rise@0.000ns fall@2.500ns period=5.000ns})
  Path Group:             clk
  Path Type:              Hold (Min at Fast Process Corner)
  Requirement:            0.000ns  (clk rise@0.000ns - clk rise@0.000ns)
  Data Path Delay:        0.287ns  (logic 0.141ns (49.125%)  route 0.146ns (50.875%))
  Logic Levels:           0  
  Clock Path Skew:        0.022ns (DCD - SCD - CPR)
    Destination Clock Delay (DCD):    0.432ns
    Source Clock Delay      (SCD):    0.410ns
    Clock Pessimism Removal (CPR):    -0.000ns

    Location             Delay type                Incr(ns)  Path(ns)    Netlist Resource(s)
  -------------------------------------------------------------------    -------------------
                         (clock clk rise edge)        0.000     0.000 r  
                                                      0.000     0.000 r  clk (IN)
                         net (fo=9564, unset)         0.410     0.410    u_ex2_mem/clk
    SLICE_X61Y46         FDCE                                         r  u_ex2_mem/alu_result_out_reg[7]_rep__2/C
  -------------------------------------------------------------------    -------------------
    SLICE_X61Y46         FDCE (Prop_fdce_C_Q)         0.141     0.551 r  u_ex2_mem/alu_result_out_reg[7]_rep__2/Q
                         net (fo=128, routed)         0.146     0.697    u_dmem/mem_reg_1280_1535_12_12/A5
    SLICE_X64Y46         RAMS64E                                      r  u_dmem/mem_reg_1280_1535_12_12/RAMS64E_A/ADR5
  -------------------------------------------------------------------    -------------------

                         (clock clk rise edge)        0.000     0.000 r  
                                                      0.000     0.000 r  clk (IN)
                         net (fo=9564, unset)         0.432     0.432    u_dmem/mem_reg_1280_1535_12_12/WCLK
    SLICE_X64Y46         RAMS64E                                      r  u_dmem/mem_reg_1280_1535_12_12/RAMS64E_A/CLK
                         clock pessimism              0.000     0.432    
    SLICE_X64Y46         RAMS64E (Hold_rams64e_CLK_ADR5)
                                                      0.170     0.602    u_dmem/mem_reg_1280_1535_12_12/RAMS64E_A
  -------------------------------------------------------------------
                         required time                         -0.602    
                         arrival time                           0.697    
  -------------------------------------------------------------------
                         slack                                  0.095    





Pulse Width Checks
--------------------------------------------------------------------------------------
Clock Name:         clk
Waveform(ns):       { 0.000 2.500 }
Period(ns):         5.000
Sources:            { clk }

Check Type        Corner  Lib Pin      Reference Pin  Required(ns)  Actual(ns)  Slack(ns)  Location      Pin
Min Period        n/a     DSP48E1/CLK  n/a            2.154         5.000       2.846      DSP48_X1Y13   u_mdu/mul_ss_out0__0/CLK
Low Pulse Width   Slow    RAMS64E/CLK  n/a            1.250         2.500       1.250      SLICE_X56Y48  u_dmem/mem_reg_0_255_0_0/RAMS64E_A/CLK
High Pulse Width  Slow    RAMS64E/CLK  n/a            1.250         2.500       1.250      SLICE_X56Y48  u_dmem/mem_reg_0_255_0_0/RAMS64E_A/CLK



--------------------------------------------------------------------------------------
Path Group:  (none)
From Clock:  clk
  To Clock:  

Max Delay            96 Endpoints
Min Delay            96 Endpoints
--------------------------------------------------------------------------------------


Max Delay Paths
--------------------------------------------------------------------------------------
Slack:                    inf
  Source:                 u_ex1_ex2/alu_b_out_reg[1]/C
                            (rising edge-triggered cell FDCE clocked by clk  {rise@0.000ns fall@2.500ns period=5.000ns})
  Destination:            debug_alu_result[6]
                            (output port)
  Path Group:             (none)
  Path Type:              Max at Slow Process Corner
  Data Path Delay:        6.480ns  (logic 0.952ns (14.692%)  route 5.528ns (85.308%))
  Logic Levels:           4  (LUT4=1 LUT5=1 LUT6=2)
  Clock Uncertainty:      0.025ns  ((TSJ^2 + TIJ^2)^1/2 + DJ) / 2 + PE
    Total System Jitter     (TSJ):    0.050ns
    Total Input Jitter      (TIJ):    0.000ns
    Discrete Jitter          (DJ):    0.000ns
    Phase Error              (PE):    0.000ns

    Location             Delay type                Incr(ns)  Path(ns)    Netlist Resource(s)
  -------------------------------------------------------------------    -------------------
                         (clock clk rise edge)        0.000     0.000 r  
                                                      0.000     0.000 r  clk (IN)
                         net (fo=9564, unset)         0.973     0.973    u_ex1_ex2/clk
    SLICE_X49Y41         FDCE                                         r  u_ex1_ex2/alu_b_out_reg[1]/C
  -------------------------------------------------------------------    -------------------
    SLICE_X49Y41         FDCE (Prop_fdce_C_Q)         0.456     1.429 r  u_ex1_ex2/alu_b_out_reg[1]/Q
                         net (fo=88, routed)          1.485     2.914    u_ex1_ex2/ex2_alu_b[1]
    SLICE_X55Y34         LUT6 (Prop_lut6_I1_O)        0.124     3.038 r  u_ex1_ex2/debug_alu_result[2]_INST_0_i_5/O
                         net (fo=3, routed)           1.408     4.446    u_ex1_ex2/debug_alu_result[2]_INST_0_i_5_n_0
    SLICE_X54Y26         LUT4 (Prop_lut4_I0_O)        0.124     4.570 r  u_ex1_ex2/debug_alu_result[22]_INST_0_i_7/O
                         net (fo=2, routed)           0.744     5.313    u_ex1_ex2/debug_alu_result[22]_INST_0_i_7_n_0
    SLICE_X48Y28         LUT6 (Prop_lut6_I1_O)        0.124     5.437 r  u_ex1_ex2/debug_alu_result[6]_INST_0_i_2/O
                         net (fo=1, routed)           0.918     6.356    u_ex1_ex2/debug_alu_result[6]_INST_0_i_2_n_0
    SLICE_X48Y37         LUT5 (Prop_lut5_I2_O)        0.124     6.480 r  u_ex1_ex2/debug_alu_result[6]_INST_0/O
                         net (fo=9, unset)            0.973     7.453    debug_alu_result[6]
                                                                      r  debug_alu_result[6] (OUT)
  -------------------------------------------------------------------    -------------------





Min Delay Paths
--------------------------------------------------------------------------------------
Slack:                    inf
  Source:                 u_if2_id/instr_out_reg[11]/C
                            (rising edge-triggered cell FDCE clocked by clk  {rise@0.000ns fall@2.500ns period=5.000ns})
  Destination:            debug_instr[11]
                            (output port)
  Path Group:             (none)
  Path Type:              Min at Fast Process Corner
  Data Path Delay:        0.538ns  (logic 0.128ns (23.786%)  route 0.410ns (76.214%))
  Logic Levels:           0  
  Clock Uncertainty:      0.025ns  ((TSJ^2 + TIJ^2)^1/2 + DJ) / 2 + PE
    Total System Jitter     (TSJ):    0.050ns
    Total Input Jitter      (TIJ):    0.000ns
    Discrete Jitter          (DJ):    0.000ns
    Phase Error              (PE):    0.000ns

    Location             Delay type                Incr(ns)  Path(ns)    Netlist Resource(s)
  -------------------------------------------------------------------    -------------------
                         (clock clk rise edge)        0.000     0.000 r  
                                                      0.000     0.000 r  clk (IN)
                         net (fo=9564, unset)         0.410     0.410    u_if2_id/clk
    SLICE_X35Y33         FDCE                                         r  u_if2_id/instr_out_reg[11]/C
  -------------------------------------------------------------------    -------------------
    SLICE_X35Y33         FDCE (Prop_fdce_C_Q)         0.128     0.538 r  u_if2_id/instr_out_reg[11]/Q
                         net (fo=2, unset)            0.410     0.948    debug_instr[11]
                                                                      r  debug_instr[11] (OUT)
  -------------------------------------------------------------------    -------------------





--------------------------------------------------------------------------------------
Path Group:  (none)
From Clock:  
  To Clock:  clk

Max Delay          8535 Endpoints
Min Delay          8535 Endpoints
--------------------------------------------------------------------------------------


Max Delay Paths
--------------------------------------------------------------------------------------
Slack:                    inf
  Source:                 rst_n
                            (input port)
  Destination:            u_regfile/regs_reg[17][9]/CLR
                            (recovery check against rising-edge clock clk  {rise@0.000ns fall@2.500ns period=5.000ns})
  Path Group:             (none)
  Path Type:              Recovery (Max at Slow Process Corner)
  Data Path Delay:        20.948ns  (logic 0.124ns (0.592%)  route 20.824ns (99.408%))
  Logic Levels:           1  (LUT1=1)
  Clock Path Skew:        0.924ns (DCD - SCD + CPR)
    Destination Clock Delay (DCD):    0.924ns
    Source Clock Delay      (SCD):    0.000ns
    Clock Pessimism Removal (CPR):    0.000ns
  Clock Uncertainty:      0.025ns  ((TSJ^2 + TIJ^2)^1/2 + DJ) / 2 + PE
    Total System Jitter     (TSJ):    0.050ns
    Total Input Jitter      (TIJ):    0.000ns
    Discrete Jitter          (DJ):    0.000ns
    Phase Error              (PE):    0.000ns

    Location             Delay type                Incr(ns)  Path(ns)    Netlist Resource(s)
  -------------------------------------------------------------------    -------------------
                                                      0.000     0.000 r  rst_n (IN)
                         net (fo=1, unset)            0.973     0.973    u_icache/rst_n
    SLICE_X4Y2           LUT1 (Prop_lut1_I0_O)        0.124     1.097 f  u_icache/pc_out[31]_i_3/O
                         net (fo=6679, routed)       19.851    20.948    u_regfile/p_0_in
    SLICE_X50Y73         FDCE                                         f  u_regfile/regs_reg[17][9]/CLR
  -------------------------------------------------------------------    -------------------

                         (clock clk rise edge)        0.000     0.000 r  
                                                      0.000     0.000 r  clk (IN)
                         net (fo=9564, unset)         0.924     0.924    u_regfile/clk
    SLICE_X50Y73         FDCE                                         r  u_regfile/regs_reg[17][9]/C





Min Delay Paths
--------------------------------------------------------------------------------------
Slack:                    inf
  Source:                 rst_n
                            (input port)
  Destination:            u_icache/data_reg[22][19]/CLR
                            (removal check against rising-edge clock clk  {rise@0.000ns fall@2.500ns period=5.000ns})
  Path Group:             (none)
  Path Type:              Removal (Min at Fast Process Corner)
  Data Path Delay:        0.667ns  (logic 0.045ns (6.745%)  route 0.622ns (93.255%))
  Logic Levels:           1  (LUT1=1)
  Clock Path Skew:        0.432ns (DCD - SCD - CPR)
    Destination Clock Delay (DCD):    0.432ns
    Source Clock Delay      (SCD):    0.000ns
    Clock Pessimism Removal (CPR):    -0.000ns

    Location             Delay type                Incr(ns)  Path(ns)    Netlist Resource(s)
  -------------------------------------------------------------------    -------------------
                                                      0.000     0.000 r  rst_n (IN)
                         net (fo=1, unset)            0.410     0.410    u_icache/rst_n
    SLICE_X4Y2           LUT1 (Prop_lut1_I0_O)        0.045     0.455 f  u_icache/pc_out[31]_i_3/O
                         net (fo=6679, routed)        0.212     0.667    u_icache/p_0_in
    SLICE_X7Y2           FDCE                                         f  u_icache/data_reg[22][19]/CLR
  -------------------------------------------------------------------    -------------------

                         (clock clk rise edge)        0.000     0.000 r  
                                                      0.000     0.000 r  clk (IN)
                         net (fo=9564, unset)         0.432     0.432    u_icache/clk
    SLICE_X7Y2           FDCE                                         r  u_icache/data_reg[22][19]/C





