Copyright 1986-2022 Xilinx, Inc. All Rights Reserved. Copyright 2022-2024 Advanced Micro Devices, Inc. All Rights Reserved.
---------------------------------------------------------------------------------------------------------------------------------------------
| Tool Version : Vivado v.2024.2 (win64) Build 5239630 Fri Nov 08 22:35:27 MST 2024
| Date         : Thu Sep 17 12:09:40 2026
| Host         : PavilionPlus1 running 64-bit major release  (build 9200)
| Command      : report_timing -delay_type max -max_paths 10 -file V:/stage6_baseline/explore/critical_setup_paths.rpt
| Design       : rv32i_pipeline_top
| Device       : 7a35t-cpg236
| Speed File   : -1  PRODUCTION 1.23 2018-06-13
| Design State : Routed
---------------------------------------------------------------------------------------------------------------------------------------------

Timing Report

Slack (VIOLATED) :        -3.607ns  (required time - arrival time)
  Source:                 u_pc/pc_out_reg[3]_rep__4/C
                            (rising edge-triggered cell FDCE clocked by clk  {rise@0.000ns fall@2.500ns period=5.000ns})
  Destination:            u_icache/data_reg[58][12]/CE
                            (rising edge-triggered cell FDCE clocked by clk  {rise@0.000ns fall@2.500ns period=5.000ns})
  Path Group:             clk
  Path Type:              Setup (Max at Slow Process Corner)
  Requirement:            5.000ns  (clk rise@5.000ns - clk rise@0.000ns)
  Data Path Delay:        8.318ns  (logic 2.281ns (27.422%)  route 6.037ns (72.578%))
  Logic Levels:           9  (CARRY4=2 LUT6=5 MUXF7=1 MUXF8=1)
  Clock Path Skew:        -0.049ns (DCD - SCD + CPR)
    Destination Clock Delay (DCD):    0.924ns = ( 5.924 - 5.000 ) 
    Source Clock Delay      (SCD):    0.973ns
    Clock Pessimism Removal (CPR):    0.000ns
  Clock Uncertainty:      0.035ns  ((TSJ^2 + TIJ^2)^1/2 + DJ) / 2 + PE
    Total System Jitter     (TSJ):    0.071ns
    Total Input Jitter      (TIJ):    0.000ns
    Discrete Jitter          (DJ):    0.000ns
    Phase Error              (PE):    0.000ns

    Location             Delay type                Incr(ns)  Path(ns)    Netlist Resource(s)
  -------------------------------------------------------------------    -------------------
                         (clock clk rise edge)        0.000     0.000 r  
                                                      0.000     0.000 r  clk (IN)
                         net (fo=9467, unset)         0.973     0.973    u_pc/clk
    SLICE_X27Y119        FDCE                                         r  u_pc/pc_out_reg[3]_rep__4/C
  -------------------------------------------------------------------    -------------------
    SLICE_X27Y119        FDCE (Prop_fdce_C_Q)         0.456     1.429 r  u_pc/pc_out_reg[3]_rep__4/Q
                         net (fo=115, routed)         1.236     2.665    u_icache/instr_out_reg[31]_i_343_0
    SLICE_X15Y129        LUT6 (Prop_lut6_I2_O)        0.124     2.789 r  u_icache/instr_out[31]_i_711/O
                         net (fo=1, routed)           0.000     2.789    u_icache/instr_out[31]_i_711_n_0
    SLICE_X15Y129        MUXF7 (Prop_muxf7_I1_O)      0.245     3.034 r  u_icache/instr_out_reg[31]_i_354/O
                         net (fo=1, routed)           0.000     3.034    u_icache/instr_out_reg[31]_i_354_n_0
    SLICE_X15Y129        MUXF8 (Prop_muxf8_I0_O)      0.104     3.138 r  u_icache/instr_out_reg[31]_i_176/O
                         net (fo=1, routed)           1.075     4.213    u_icache/instr_out_reg[31]_i_176_n_0
    SLICE_X24Y122        LUT6 (Prop_lut6_I3_O)        0.316     4.529 r  u_icache/instr_out[31]_i_90/O
                         net (fo=1, routed)           0.701     5.230    u_icache/tags[4]
    SLICE_X25Y123        LUT6 (Prop_lut6_I5_O)        0.124     5.354 r  u_icache/instr_out[31]_i_52/O
                         net (fo=1, routed)           0.000     5.354    u_icache/instr_out[31]_i_52_n_0
    SLICE_X25Y123        CARRY4 (Prop_carry4_S[1]_CO[3])
                                                      0.550     5.904 r  u_icache/instr_out_reg[31]_i_21/CO[3]
                         net (fo=1, routed)           0.000     5.904    u_icache/instr_out_reg[31]_i_21_n_0
    SLICE_X25Y124        CARRY4 (Prop_carry4_CI_CO[3])
                                                      0.114     6.018 f  u_icache/instr_out_reg[31]_i_8/CO[3]
                         net (fo=1, routed)           0.774     6.792    u_icache/hit0
    SLICE_X25Y127        LUT6 (Prop_lut6_I5_O)        0.124     6.916 f  u_icache/instr_out[31]_i_3/O
                         net (fo=96, routed)          0.930     7.846    u_pc/data_reg[14][0]_0
    SLICE_X27Y133        LUT6 (Prop_lut6_I5_O)        0.124     7.970 r  u_pc/tags[58][23]_i_1/O
                         net (fo=57, routed)          1.321     9.291    u_icache/data_reg[58][0]_0[0]
    SLICE_X48Y136        FDCE                                         r  u_icache/data_reg[58][12]/CE
  -------------------------------------------------------------------    -------------------

                         (clock clk rise edge)        5.000     5.000 r  
                                                      0.000     5.000 r  clk (IN)
                         net (fo=9467, unset)         0.924     5.924    u_icache/clk
    SLICE_X48Y136        FDCE                                         r  u_icache/data_reg[58][12]/C
                         clock pessimism              0.000     5.924    
                         clock uncertainty           -0.035     5.889    
    SLICE_X48Y136        FDCE (Setup_fdce_C_CE)      -0.205     5.684    u_icache/data_reg[58][12]
  -------------------------------------------------------------------
                         required time                          5.684    
                         arrival time                          -9.291    
  -------------------------------------------------------------------
                         slack                                 -3.607    

Slack (VIOLATED) :        -3.607ns  (required time - arrival time)
  Source:                 u_pc/pc_out_reg[3]_rep__4/C
                            (rising edge-triggered cell FDCE clocked by clk  {rise@0.000ns fall@2.500ns period=5.000ns})
  Destination:            u_icache/data_reg[58][15]/CE
                            (rising edge-triggered cell FDCE clocked by clk  {rise@0.000ns fall@2.500ns period=5.000ns})
  Path Group:             clk
  Path Type:              Setup (Max at Slow Process Corner)
  Requirement:            5.000ns  (clk rise@5.000ns - clk rise@0.000ns)
  Data Path Delay:        8.318ns  (logic 2.281ns (27.422%)  route 6.037ns (72.578%))
  Logic Levels:           9  (CARRY4=2 LUT6=5 MUXF7=1 MUXF8=1)
  Clock Path Skew:        -0.049ns (DCD - SCD + CPR)
    Destination Clock Delay (DCD):    0.924ns = ( 5.924 - 5.000 ) 
    Source Clock Delay      (SCD):    0.973ns
    Clock Pessimism Removal (CPR):    0.000ns
  Clock Uncertainty:      0.035ns  ((TSJ^2 + TIJ^2)^1/2 + DJ) / 2 + PE
    Total System Jitter     (TSJ):    0.071ns
    Total Input Jitter      (TIJ):    0.000ns
    Discrete Jitter          (DJ):    0.000ns
    Phase Error              (PE):    0.000ns

    Location             Delay type                Incr(ns)  Path(ns)    Netlist Resource(s)
  -------------------------------------------------------------------    -------------------
                         (clock clk rise edge)        0.000     0.000 r  
                                                      0.000     0.000 r  clk (IN)
                         net (fo=9467, unset)         0.973     0.973    u_pc/clk
    SLICE_X27Y119        FDCE                                         r  u_pc/pc_out_reg[3]_rep__4/C
  -------------------------------------------------------------------    -------------------
    SLICE_X27Y119        FDCE (Prop_fdce_C_Q)         0.456     1.429 r  u_pc/pc_out_reg[3]_rep__4/Q
                         net (fo=115, routed)         1.236     2.665    u_icache/instr_out_reg[31]_i_343_0
    SLICE_X15Y129        LUT6 (Prop_lut6_I2_O)        0.124     2.789 r  u_icache/instr_out[31]_i_711/O
                         net (fo=1, routed)           0.000     2.789    u_icache/instr_out[31]_i_711_n_0
    SLICE_X15Y129        MUXF7 (Prop_muxf7_I1_O)      0.245     3.034 r  u_icache/instr_out_reg[31]_i_354/O
                         net (fo=1, routed)           0.000     3.034    u_icache/instr_out_reg[31]_i_354_n_0
    SLICE_X15Y129        MUXF8 (Prop_muxf8_I0_O)      0.104     3.138 r  u_icache/instr_out_reg[31]_i_176/O
                         net (fo=1, routed)           1.075     4.213    u_icache/instr_out_reg[31]_i_176_n_0
    SLICE_X24Y122        LUT6 (Prop_lut6_I3_O)        0.316     4.529 r  u_icache/instr_out[31]_i_90/O
                         net (fo=1, routed)           0.701     5.230    u_icache/tags[4]
    SLICE_X25Y123        LUT6 (Prop_lut6_I5_O)        0.124     5.354 r  u_icache/instr_out[31]_i_52/O
                         net (fo=1, routed)           0.000     5.354    u_icache/instr_out[31]_i_52_n_0
    SLICE_X25Y123        CARRY4 (Prop_carry4_S[1]_CO[3])
                                                      0.550     5.904 r  u_icache/instr_out_reg[31]_i_21/CO[3]
                         net (fo=1, routed)           0.000     5.904    u_icache/instr_out_reg[31]_i_21_n_0
    SLICE_X25Y124        CARRY4 (Prop_carry4_CI_CO[3])
                                                      0.114     6.018 f  u_icache/instr_out_reg[31]_i_8/CO[3]
                         net (fo=1, routed)           0.774     6.792    u_icache/hit0
    SLICE_X25Y127        LUT6 (Prop_lut6_I5_O)        0.124     6.916 f  u_icache/instr_out[31]_i_3/O
                         net (fo=96, routed)          0.930     7.846    u_pc/data_reg[14][0]_0
    SLICE_X27Y133        LUT6 (Prop_lut6_I5_O)        0.124     7.970 r  u_pc/tags[58][23]_i_1/O
                         net (fo=57, routed)          1.321     9.291    u_icache/data_reg[58][0]_0[0]
    SLICE_X48Y136        FDCE                                         r  u_icache/data_reg[58][15]/CE
  -------------------------------------------------------------------    -------------------

                         (clock clk rise edge)        5.000     5.000 r  
                                                      0.000     5.000 r  clk (IN)
                         net (fo=9467, unset)         0.924     5.924    u_icache/clk
    SLICE_X48Y136        FDCE                                         r  u_icache/data_reg[58][15]/C
                         clock pessimism              0.000     5.924    
                         clock uncertainty           -0.035     5.889    
    SLICE_X48Y136        FDCE (Setup_fdce_C_CE)      -0.205     5.684    u_icache/data_reg[58][15]
  -------------------------------------------------------------------
                         required time                          5.684    
                         arrival time                          -9.291    
  -------------------------------------------------------------------
                         slack                                 -3.607    

Slack (VIOLATED) :        -3.593ns  (required time - arrival time)
  Source:                 u_pc/pc_out_reg[3]_rep__4/C
                            (rising edge-triggered cell FDCE clocked by clk  {rise@0.000ns fall@2.500ns period=5.000ns})
  Destination:            u_icache/data_reg[12][4]/CE
                            (rising edge-triggered cell FDCE clocked by clk  {rise@0.000ns fall@2.500ns period=5.000ns})
  Path Group:             clk
  Path Type:              Setup (Max at Slow Process Corner)
  Requirement:            5.000ns  (clk rise@5.000ns - clk rise@0.000ns)
  Data Path Delay:        8.304ns  (logic 2.281ns (27.470%)  route 6.023ns (72.530%))
  Logic Levels:           9  (CARRY4=2 LUT6=5 MUXF7=1 MUXF8=1)
  Clock Path Skew:        -0.049ns (DCD - SCD + CPR)
    Destination Clock Delay (DCD):    0.924ns = ( 5.924 - 5.000 ) 
    Source Clock Delay      (SCD):    0.973ns
    Clock Pessimism Removal (CPR):    0.000ns
  Clock Uncertainty:      0.035ns  ((TSJ^2 + TIJ^2)^1/2 + DJ) / 2 + PE
    Total System Jitter     (TSJ):    0.071ns
    Total Input Jitter      (TIJ):    0.000ns
    Discrete Jitter          (DJ):    0.000ns
    Phase Error              (PE):    0.000ns

    Location             Delay type                Incr(ns)  Path(ns)    Netlist Resource(s)
  -------------------------------------------------------------------    -------------------
                         (clock clk rise edge)        0.000     0.000 r  
                                                      0.000     0.000 r  clk (IN)
                         net (fo=9467, unset)         0.973     0.973    u_pc/clk
    SLICE_X27Y119        FDCE                                         r  u_pc/pc_out_reg[3]_rep__4/C
  -------------------------------------------------------------------    -------------------
    SLICE_X27Y119        FDCE (Prop_fdce_C_Q)         0.456     1.429 r  u_pc/pc_out_reg[3]_rep__4/Q
                         net (fo=115, routed)         1.236     2.665    u_icache/instr_out_reg[31]_i_343_0
    SLICE_X15Y129        LUT6 (Prop_lut6_I2_O)        0.124     2.789 r  u_icache/instr_out[31]_i_711/O
                         net (fo=1, routed)           0.000     2.789    u_icache/instr_out[31]_i_711_n_0
    SLICE_X15Y129        MUXF7 (Prop_muxf7_I1_O)      0.245     3.034 r  u_icache/instr_out_reg[31]_i_354/O
                         net (fo=1, routed)           0.000     3.034    u_icache/instr_out_reg[31]_i_354_n_0
    SLICE_X15Y129        MUXF8 (Prop_muxf8_I0_O)      0.104     3.138 r  u_icache/instr_out_reg[31]_i_176/O
                         net (fo=1, routed)           1.075     4.213    u_icache/instr_out_reg[31]_i_176_n_0
    SLICE_X24Y122        LUT6 (Prop_lut6_I3_O)        0.316     4.529 r  u_icache/instr_out[31]_i_90/O
                         net (fo=1, routed)           0.701     5.230    u_icache/tags[4]
    SLICE_X25Y123        LUT6 (Prop_lut6_I5_O)        0.124     5.354 r  u_icache/instr_out[31]_i_52/O
                         net (fo=1, routed)           0.000     5.354    u_icache/instr_out[31]_i_52_n_0
    SLICE_X25Y123        CARRY4 (Prop_carry4_S[1]_CO[3])
                                                      0.550     5.904 r  u_icache/instr_out_reg[31]_i_21/CO[3]
                         net (fo=1, routed)           0.000     5.904    u_icache/instr_out_reg[31]_i_21_n_0
    SLICE_X25Y124        CARRY4 (Prop_carry4_CI_CO[3])
                                                      0.114     6.018 f  u_icache/instr_out_reg[31]_i_8/CO[3]
                         net (fo=1, routed)           0.774     6.792    u_icache/hit0
    SLICE_X25Y127        LUT6 (Prop_lut6_I5_O)        0.124     6.916 f  u_icache/instr_out[31]_i_3/O
                         net (fo=96, routed)          0.951     7.867    u_pc/data_reg[14][0]_0
    SLICE_X27Y133        LUT6 (Prop_lut6_I5_O)        0.124     7.991 r  u_pc/tags[12][23]_i_1/O
                         net (fo=57, routed)          1.286     9.277    u_icache/data_reg[12][0]_0[0]
    SLICE_X39Y147        FDCE                                         r  u_icache/data_reg[12][4]/CE
  -------------------------------------------------------------------    -------------------

                         (clock clk rise edge)        5.000     5.000 r  
                                                      0.000     5.000 r  clk (IN)
                         net (fo=9467, unset)         0.924     5.924    u_icache/clk
    SLICE_X39Y147        FDCE                                         r  u_icache/data_reg[12][4]/C
                         clock pessimism              0.000     5.924    
                         clock uncertainty           -0.035     5.889    
    SLICE_X39Y147        FDCE (Setup_fdce_C_CE)      -0.205     5.684    u_icache/data_reg[12][4]
  -------------------------------------------------------------------
                         required time                          5.684    
                         arrival time                          -9.277    
  -------------------------------------------------------------------
                         slack                                 -3.593    

Slack (VIOLATED) :        -3.593ns  (required time - arrival time)
  Source:                 u_pc/pc_out_reg[3]_rep__4/C
                            (rising edge-triggered cell FDCE clocked by clk  {rise@0.000ns fall@2.500ns period=5.000ns})
  Destination:            u_icache/data_reg[12][5]/CE
                            (rising edge-triggered cell FDCE clocked by clk  {rise@0.000ns fall@2.500ns period=5.000ns})
  Path Group:             clk
  Path Type:              Setup (Max at Slow Process Corner)
  Requirement:            5.000ns  (clk rise@5.000ns - clk rise@0.000ns)
  Data Path Delay:        8.304ns  (logic 2.281ns (27.470%)  route 6.023ns (72.530%))
  Logic Levels:           9  (CARRY4=2 LUT6=5 MUXF7=1 MUXF8=1)
  Clock Path Skew:        -0.049ns (DCD - SCD + CPR)
    Destination Clock Delay (DCD):    0.924ns = ( 5.924 - 5.000 ) 
    Source Clock Delay      (SCD):    0.973ns
    Clock Pessimism Removal (CPR):    0.000ns
  Clock Uncertainty:      0.035ns  ((TSJ^2 + TIJ^2)^1/2 + DJ) / 2 + PE
    Total System Jitter     (TSJ):    0.071ns
    Total Input Jitter      (TIJ):    0.000ns
    Discrete Jitter          (DJ):    0.000ns
    Phase Error              (PE):    0.000ns

    Location             Delay type                Incr(ns)  Path(ns)    Netlist Resource(s)
  -------------------------------------------------------------------    -------------------
                         (clock clk rise edge)        0.000     0.000 r  
                                                      0.000     0.000 r  clk (IN)
                         net (fo=9467, unset)         0.973     0.973    u_pc/clk
    SLICE_X27Y119        FDCE                                         r  u_pc/pc_out_reg[3]_rep__4/C
  -------------------------------------------------------------------    -------------------
    SLICE_X27Y119        FDCE (Prop_fdce_C_Q)         0.456     1.429 r  u_pc/pc_out_reg[3]_rep__4/Q
                         net (fo=115, routed)         1.236     2.665    u_icache/instr_out_reg[31]_i_343_0
    SLICE_X15Y129        LUT6 (Prop_lut6_I2_O)        0.124     2.789 r  u_icache/instr_out[31]_i_711/O
                         net (fo=1, routed)           0.000     2.789    u_icache/instr_out[31]_i_711_n_0
    SLICE_X15Y129        MUXF7 (Prop_muxf7_I1_O)      0.245     3.034 r  u_icache/instr_out_reg[31]_i_354/O
                         net (fo=1, routed)           0.000     3.034    u_icache/instr_out_reg[31]_i_354_n_0
    SLICE_X15Y129        MUXF8 (Prop_muxf8_I0_O)      0.104     3.138 r  u_icache/instr_out_reg[31]_i_176/O
                         net (fo=1, routed)           1.075     4.213    u_icache/instr_out_reg[31]_i_176_n_0
    SLICE_X24Y122        LUT6 (Prop_lut6_I3_O)        0.316     4.529 r  u_icache/instr_out[31]_i_90/O
                         net (fo=1, routed)           0.701     5.230    u_icache/tags[4]
    SLICE_X25Y123        LUT6 (Prop_lut6_I5_O)        0.124     5.354 r  u_icache/instr_out[31]_i_52/O
                         net (fo=1, routed)           0.000     5.354    u_icache/instr_out[31]_i_52_n_0
    SLICE_X25Y123        CARRY4 (Prop_carry4_S[1]_CO[3])
                                                      0.550     5.904 r  u_icache/instr_out_reg[31]_i_21/CO[3]
                         net (fo=1, routed)           0.000     5.904    u_icache/instr_out_reg[31]_i_21_n_0
    SLICE_X25Y124        CARRY4 (Prop_carry4_CI_CO[3])
                                                      0.114     6.018 f  u_icache/instr_out_reg[31]_i_8/CO[3]
                         net (fo=1, routed)           0.774     6.792    u_icache/hit0
    SLICE_X25Y127        LUT6 (Prop_lut6_I5_O)        0.124     6.916 f  u_icache/instr_out[31]_i_3/O
                         net (fo=96, routed)          0.951     7.867    u_pc/data_reg[14][0]_0
    SLICE_X27Y133        LUT6 (Prop_lut6_I5_O)        0.124     7.991 r  u_pc/tags[12][23]_i_1/O
                         net (fo=57, routed)          1.286     9.277    u_icache/data_reg[12][0]_0[0]
    SLICE_X39Y147        FDCE                                         r  u_icache/data_reg[12][5]/CE
  -------------------------------------------------------------------    -------------------

                         (clock clk rise edge)        5.000     5.000 r  
                                                      0.000     5.000 r  clk (IN)
                         net (fo=9467, unset)         0.924     5.924    u_icache/clk
    SLICE_X39Y147        FDCE                                         r  u_icache/data_reg[12][5]/C
                         clock pessimism              0.000     5.924    
                         clock uncertainty           -0.035     5.889    
    SLICE_X39Y147        FDCE (Setup_fdce_C_CE)      -0.205     5.684    u_icache/data_reg[12][5]
  -------------------------------------------------------------------
                         required time                          5.684    
                         arrival time                          -9.277    
  -------------------------------------------------------------------
                         slack                                 -3.593    

Slack (VIOLATED) :        -3.593ns  (required time - arrival time)
  Source:                 u_pc/pc_out_reg[3]_rep__4/C
                            (rising edge-triggered cell FDCE clocked by clk  {rise@0.000ns fall@2.500ns period=5.000ns})
  Destination:            u_icache/data_reg[12][7]/CE
                            (rising edge-triggered cell FDCE clocked by clk  {rise@0.000ns fall@2.500ns period=5.000ns})
  Path Group:             clk
  Path Type:              Setup (Max at Slow Process Corner)
  Requirement:            5.000ns  (clk rise@5.000ns - clk rise@0.000ns)
  Data Path Delay:        8.304ns  (logic 2.281ns (27.470%)  route 6.023ns (72.530%))
  Logic Levels:           9  (CARRY4=2 LUT6=5 MUXF7=1 MUXF8=1)
  Clock Path Skew:        -0.049ns (DCD - SCD + CPR)
    Destination Clock Delay (DCD):    0.924ns = ( 5.924 - 5.000 ) 
    Source Clock Delay      (SCD):    0.973ns
    Clock Pessimism Removal (CPR):    0.000ns
  Clock Uncertainty:      0.035ns  ((TSJ^2 + TIJ^2)^1/2 + DJ) / 2 + PE
    Total System Jitter     (TSJ):    0.071ns
    Total Input Jitter      (TIJ):    0.000ns
    Discrete Jitter          (DJ):    0.000ns
    Phase Error              (PE):    0.000ns

    Location             Delay type                Incr(ns)  Path(ns)    Netlist Resource(s)
  -------------------------------------------------------------------    -------------------
                         (clock clk rise edge)        0.000     0.000 r  
                                                      0.000     0.000 r  clk (IN)
                         net (fo=9467, unset)         0.973     0.973    u_pc/clk
    SLICE_X27Y119        FDCE                                         r  u_pc/pc_out_reg[3]_rep__4/C
  -------------------------------------------------------------------    -------------------
    SLICE_X27Y119        FDCE (Prop_fdce_C_Q)         0.456     1.429 r  u_pc/pc_out_reg[3]_rep__4/Q
                         net (fo=115, routed)         1.236     2.665    u_icache/instr_out_reg[31]_i_343_0
    SLICE_X15Y129        LUT6 (Prop_lut6_I2_O)        0.124     2.789 r  u_icache/instr_out[31]_i_711/O
                         net (fo=1, routed)           0.000     2.789    u_icache/instr_out[31]_i_711_n_0
    SLICE_X15Y129        MUXF7 (Prop_muxf7_I1_O)      0.245     3.034 r  u_icache/instr_out_reg[31]_i_354/O
                         net (fo=1, routed)           0.000     3.034    u_icache/instr_out_reg[31]_i_354_n_0
    SLICE_X15Y129        MUXF8 (Prop_muxf8_I0_O)      0.104     3.138 r  u_icache/instr_out_reg[31]_i_176/O
                         net (fo=1, routed)           1.075     4.213    u_icache/instr_out_reg[31]_i_176_n_0
    SLICE_X24Y122        LUT6 (Prop_lut6_I3_O)        0.316     4.529 r  u_icache/instr_out[31]_i_90/O
                         net (fo=1, routed)           0.701     5.230    u_icache/tags[4]
    SLICE_X25Y123        LUT6 (Prop_lut6_I5_O)        0.124     5.354 r  u_icache/instr_out[31]_i_52/O
                         net (fo=1, routed)           0.000     5.354    u_icache/instr_out[31]_i_52_n_0
    SLICE_X25Y123        CARRY4 (Prop_carry4_S[1]_CO[3])
                                                      0.550     5.904 r  u_icache/instr_out_reg[31]_i_21/CO[3]
                         net (fo=1, routed)           0.000     5.904    u_icache/instr_out_reg[31]_i_21_n_0
    SLICE_X25Y124        CARRY4 (Prop_carry4_CI_CO[3])
                                                      0.114     6.018 f  u_icache/instr_out_reg[31]_i_8/CO[3]
                         net (fo=1, routed)           0.774     6.792    u_icache/hit0
    SLICE_X25Y127        LUT6 (Prop_lut6_I5_O)        0.124     6.916 f  u_icache/instr_out[31]_i_3/O
                         net (fo=96, routed)          0.951     7.867    u_pc/data_reg[14][0]_0
    SLICE_X27Y133        LUT6 (Prop_lut6_I5_O)        0.124     7.991 r  u_pc/tags[12][23]_i_1/O
                         net (fo=57, routed)          1.286     9.277    u_icache/data_reg[12][0]_0[0]
    SLICE_X39Y147        FDCE                                         r  u_icache/data_reg[12][7]/CE
  -------------------------------------------------------------------    -------------------

                         (clock clk rise edge)        5.000     5.000 r  
                                                      0.000     5.000 r  clk (IN)
                         net (fo=9467, unset)         0.924     5.924    u_icache/clk
    SLICE_X39Y147        FDCE                                         r  u_icache/data_reg[12][7]/C
                         clock pessimism              0.000     5.924    
                         clock uncertainty           -0.035     5.889    
    SLICE_X39Y147        FDCE (Setup_fdce_C_CE)      -0.205     5.684    u_icache/data_reg[12][7]
  -------------------------------------------------------------------
                         required time                          5.684    
                         arrival time                          -9.277    
  -------------------------------------------------------------------
                         slack                                 -3.593    

Slack (VIOLATED) :        -3.578ns  (required time - arrival time)
  Source:                 u_pc/pc_out_reg[3]_rep__4/C
                            (rising edge-triggered cell FDCE clocked by clk  {rise@0.000ns fall@2.500ns period=5.000ns})
  Destination:            u_icache/data_reg[37][19]/CE
                            (rising edge-triggered cell FDCE clocked by clk  {rise@0.000ns fall@2.500ns period=5.000ns})
  Path Group:             clk
  Path Type:              Setup (Max at Slow Process Corner)
  Requirement:            5.000ns  (clk rise@5.000ns - clk rise@0.000ns)
  Data Path Delay:        8.289ns  (logic 2.281ns (27.518%)  route 6.008ns (72.482%))
  Logic Levels:           9  (CARRY4=2 LUT6=5 MUXF7=1 MUXF8=1)
  Clock Path Skew:        -0.049ns (DCD - SCD + CPR)
    Destination Clock Delay (DCD):    0.924ns = ( 5.924 - 5.000 ) 
    Source Clock Delay      (SCD):    0.973ns
    Clock Pessimism Removal (CPR):    0.000ns
  Clock Uncertainty:      0.035ns  ((TSJ^2 + TIJ^2)^1/2 + DJ) / 2 + PE
    Total System Jitter     (TSJ):    0.071ns
    Total Input Jitter      (TIJ):    0.000ns
    Discrete Jitter          (DJ):    0.000ns
    Phase Error              (PE):    0.000ns

    Location             Delay type                Incr(ns)  Path(ns)    Netlist Resource(s)
  -------------------------------------------------------------------    -------------------
                         (clock clk rise edge)        0.000     0.000 r  
                                                      0.000     0.000 r  clk (IN)
                         net (fo=9467, unset)         0.973     0.973    u_pc/clk
    SLICE_X27Y119        FDCE                                         r  u_pc/pc_out_reg[3]_rep__4/C
  -------------------------------------------------------------------    -------------------
    SLICE_X27Y119        FDCE (Prop_fdce_C_Q)         0.456     1.429 r  u_pc/pc_out_reg[3]_rep__4/Q
                         net (fo=115, routed)         1.236     2.665    u_icache/instr_out_reg[31]_i_343_0
    SLICE_X15Y129        LUT6 (Prop_lut6_I2_O)        0.124     2.789 r  u_icache/instr_out[31]_i_711/O
                         net (fo=1, routed)           0.000     2.789    u_icache/instr_out[31]_i_711_n_0
    SLICE_X15Y129        MUXF7 (Prop_muxf7_I1_O)      0.245     3.034 r  u_icache/instr_out_reg[31]_i_354/O
                         net (fo=1, routed)           0.000     3.034    u_icache/instr_out_reg[31]_i_354_n_0
    SLICE_X15Y129        MUXF8 (Prop_muxf8_I0_O)      0.104     3.138 r  u_icache/instr_out_reg[31]_i_176/O
                         net (fo=1, routed)           1.075     4.213    u_icache/instr_out_reg[31]_i_176_n_0
    SLICE_X24Y122        LUT6 (Prop_lut6_I3_O)        0.316     4.529 r  u_icache/instr_out[31]_i_90/O
                         net (fo=1, routed)           0.701     5.230    u_icache/tags[4]
    SLICE_X25Y123        LUT6 (Prop_lut6_I5_O)        0.124     5.354 r  u_icache/instr_out[31]_i_52/O
                         net (fo=1, routed)           0.000     5.354    u_icache/instr_out[31]_i_52_n_0
    SLICE_X25Y123        CARRY4 (Prop_carry4_S[1]_CO[3])
                                                      0.550     5.904 r  u_icache/instr_out_reg[31]_i_21/CO[3]
                         net (fo=1, routed)           0.000     5.904    u_icache/instr_out_reg[31]_i_21_n_0
    SLICE_X25Y124        CARRY4 (Prop_carry4_CI_CO[3])
                                                      0.114     6.018 f  u_icache/instr_out_reg[31]_i_8/CO[3]
                         net (fo=1, routed)           0.774     6.792    u_icache/hit0
    SLICE_X25Y127        LUT6 (Prop_lut6_I5_O)        0.124     6.916 f  u_icache/instr_out[31]_i_3/O
                         net (fo=96, routed)          0.768     7.684    u_pc/data_reg[14][0]_0
    SLICE_X25Y130        LUT6 (Prop_lut6_I5_O)        0.124     7.808 r  u_pc/tags[37][23]_i_1/O
                         net (fo=57, routed)          1.454     9.262    u_icache/data_reg[37][0]_0[0]
    SLICE_X3Y122         FDCE                                         r  u_icache/data_reg[37][19]/CE
  -------------------------------------------------------------------    -------------------

                         (clock clk rise edge)        5.000     5.000 r  
                                                      0.000     5.000 r  clk (IN)
                         net (fo=9467, unset)         0.924     5.924    u_icache/clk
    SLICE_X3Y122         FDCE                                         r  u_icache/data_reg[37][19]/C
                         clock pessimism              0.000     5.924    
                         clock uncertainty           -0.035     5.889    
    SLICE_X3Y122         FDCE (Setup_fdce_C_CE)      -0.205     5.684    u_icache/data_reg[37][19]
  -------------------------------------------------------------------
                         required time                          5.684    
                         arrival time                          -9.262    
  -------------------------------------------------------------------
                         slack                                 -3.578    

Slack (VIOLATED) :        -3.572ns  (required time - arrival time)
  Source:                 u_pc/pc_out_reg[3]_rep__4/C
                            (rising edge-triggered cell FDCE clocked by clk  {rise@0.000ns fall@2.500ns period=5.000ns})
  Destination:            u_icache/data_reg[31][6]/CE
                            (rising edge-triggered cell FDCE clocked by clk  {rise@0.000ns fall@2.500ns period=5.000ns})
  Path Group:             clk
  Path Type:              Setup (Max at Slow Process Corner)
  Requirement:            5.000ns  (clk rise@5.000ns - clk rise@0.000ns)
  Data Path Delay:        8.283ns  (logic 2.281ns (27.539%)  route 6.002ns (72.461%))
  Logic Levels:           9  (CARRY4=2 LUT6=5 MUXF7=1 MUXF8=1)
  Clock Path Skew:        -0.049ns (DCD - SCD + CPR)
    Destination Clock Delay (DCD):    0.924ns = ( 5.924 - 5.000 ) 
    Source Clock Delay      (SCD):    0.973ns
    Clock Pessimism Removal (CPR):    0.000ns
  Clock Uncertainty:      0.035ns  ((TSJ^2 + TIJ^2)^1/2 + DJ) / 2 + PE
    Total System Jitter     (TSJ):    0.071ns
    Total Input Jitter      (TIJ):    0.000ns
    Discrete Jitter          (DJ):    0.000ns
    Phase Error              (PE):    0.000ns

    Location             Delay type                Incr(ns)  Path(ns)    Netlist Resource(s)
  -------------------------------------------------------------------    -------------------
                         (clock clk rise edge)        0.000     0.000 r  
                                                      0.000     0.000 r  clk (IN)
                         net (fo=9467, unset)         0.973     0.973    u_pc/clk
    SLICE_X27Y119        FDCE                                         r  u_pc/pc_out_reg[3]_rep__4/C
  -------------------------------------------------------------------    -------------------
    SLICE_X27Y119        FDCE (Prop_fdce_C_Q)         0.456     1.429 r  u_pc/pc_out_reg[3]_rep__4/Q
                         net (fo=115, routed)         1.236     2.665    u_icache/instr_out_reg[31]_i_343_0
    SLICE_X15Y129        LUT6 (Prop_lut6_I2_O)        0.124     2.789 r  u_icache/instr_out[31]_i_711/O
                         net (fo=1, routed)           0.000     2.789    u_icache/instr_out[31]_i_711_n_0
    SLICE_X15Y129        MUXF7 (Prop_muxf7_I1_O)      0.245     3.034 r  u_icache/instr_out_reg[31]_i_354/O
                         net (fo=1, routed)           0.000     3.034    u_icache/instr_out_reg[31]_i_354_n_0
    SLICE_X15Y129        MUXF8 (Prop_muxf8_I0_O)      0.104     3.138 r  u_icache/instr_out_reg[31]_i_176/O
                         net (fo=1, routed)           1.075     4.213    u_icache/instr_out_reg[31]_i_176_n_0
    SLICE_X24Y122        LUT6 (Prop_lut6_I3_O)        0.316     4.529 r  u_icache/instr_out[31]_i_90/O
                         net (fo=1, routed)           0.701     5.230    u_icache/tags[4]
    SLICE_X25Y123        LUT6 (Prop_lut6_I5_O)        0.124     5.354 r  u_icache/instr_out[31]_i_52/O
                         net (fo=1, routed)           0.000     5.354    u_icache/instr_out[31]_i_52_n_0
    SLICE_X25Y123        CARRY4 (Prop_carry4_S[1]_CO[3])
                                                      0.550     5.904 r  u_icache/instr_out_reg[31]_i_21/CO[3]
                         net (fo=1, routed)           0.000     5.904    u_icache/instr_out_reg[31]_i_21_n_0
    SLICE_X25Y124        CARRY4 (Prop_carry4_CI_CO[3])
                                                      0.114     6.018 f  u_icache/instr_out_reg[31]_i_8/CO[3]
                         net (fo=1, routed)           0.774     6.792    u_icache/hit0
    SLICE_X25Y127        LUT6 (Prop_lut6_I5_O)        0.124     6.916 f  u_icache/instr_out[31]_i_3/O
                         net (fo=96, routed)          0.978     7.894    u_pc/data_reg[14][0]_0
    SLICE_X22Y132        LUT6 (Prop_lut6_I5_O)        0.124     8.018 r  u_pc/tags[31][23]_i_1/O
                         net (fo=57, routed)          1.238     9.256    u_icache/data_reg[31][0]_0[0]
    SLICE_X5Y138         FDCE                                         r  u_icache/data_reg[31][6]/CE
  -------------------------------------------------------------------    -------------------

                         (clock clk rise edge)        5.000     5.000 r  
                                                      0.000     5.000 r  clk (IN)
                         net (fo=9467, unset)         0.924     5.924    u_icache/clk
    SLICE_X5Y138         FDCE                                         r  u_icache/data_reg[31][6]/C
                         clock pessimism              0.000     5.924    
                         clock uncertainty           -0.035     5.889    
    SLICE_X5Y138         FDCE (Setup_fdce_C_CE)      -0.205     5.684    u_icache/data_reg[31][6]
  -------------------------------------------------------------------
                         required time                          5.684    
                         arrival time                          -9.256    
  -------------------------------------------------------------------
                         slack                                 -3.572    

Slack (VIOLATED) :        -3.572ns  (required time - arrival time)
  Source:                 u_pc/pc_out_reg[3]_rep__4/C
                            (rising edge-triggered cell FDCE clocked by clk  {rise@0.000ns fall@2.500ns period=5.000ns})
  Destination:            u_icache/data_reg[31][17]/CE
                            (rising edge-triggered cell FDCE clocked by clk  {rise@0.000ns fall@2.500ns period=5.000ns})
  Path Group:             clk
  Path Type:              Setup (Max at Slow Process Corner)
  Requirement:            5.000ns  (clk rise@5.000ns - clk rise@0.000ns)
  Data Path Delay:        8.283ns  (logic 2.281ns (27.539%)  route 6.002ns (72.461%))
  Logic Levels:           9  (CARRY4=2 LUT6=5 MUXF7=1 MUXF8=1)
  Clock Path Skew:        -0.049ns (DCD - SCD + CPR)
    Destination Clock Delay (DCD):    0.924ns = ( 5.924 - 5.000 ) 
    Source Clock Delay      (SCD):    0.973ns
    Clock Pessimism Removal (CPR):    0.000ns
  Clock Uncertainty:      0.035ns  ((TSJ^2 + TIJ^2)^1/2 + DJ) / 2 + PE
    Total System Jitter     (TSJ):    0.071ns
    Total Input Jitter      (TIJ):    0.000ns
    Discrete Jitter          (DJ):    0.000ns
    Phase Error              (PE):    0.000ns

    Location             Delay type                Incr(ns)  Path(ns)    Netlist Resource(s)
  -------------------------------------------------------------------    -------------------
                         (clock clk rise edge)        0.000     0.000 r  
                                                      0.000     0.000 r  clk (IN)
                         net (fo=9467, unset)         0.973     0.973    u_pc/clk
    SLICE_X27Y119        FDCE                                         r  u_pc/pc_out_reg[3]_rep__4/C
  -------------------------------------------------------------------    -------------------
    SLICE_X27Y119        FDCE (Prop_fdce_C_Q)         0.456     1.429 r  u_pc/pc_out_reg[3]_rep__4/Q
                         net (fo=115, routed)         1.236     2.665    u_icache/instr_out_reg[31]_i_343_0
    SLICE_X15Y129        LUT6 (Prop_lut6_I2_O)        0.124     2.789 r  u_icache/instr_out[31]_i_711/O
                         net (fo=1, routed)           0.000     2.789    u_icache/instr_out[31]_i_711_n_0
    SLICE_X15Y129        MUXF7 (Prop_muxf7_I1_O)      0.245     3.034 r  u_icache/instr_out_reg[31]_i_354/O
                         net (fo=1, routed)           0.000     3.034    u_icache/instr_out_reg[31]_i_354_n_0
    SLICE_X15Y129        MUXF8 (Prop_muxf8_I0_O)      0.104     3.138 r  u_icache/instr_out_reg[31]_i_176/O
                         net (fo=1, routed)           1.075     4.213    u_icache/instr_out_reg[31]_i_176_n_0
    SLICE_X24Y122        LUT6 (Prop_lut6_I3_O)        0.316     4.529 r  u_icache/instr_out[31]_i_90/O
                         net (fo=1, routed)           0.701     5.230    u_icache/tags[4]
    SLICE_X25Y123        LUT6 (Prop_lut6_I5_O)        0.124     5.354 r  u_icache/instr_out[31]_i_52/O
                         net (fo=1, routed)           0.000     5.354    u_icache/instr_out[31]_i_52_n_0
    SLICE_X25Y123        CARRY4 (Prop_carry4_S[1]_CO[3])
                                                      0.550     5.904 r  u_icache/instr_out_reg[31]_i_21/CO[3]
                         net (fo=1, routed)           0.000     5.904    u_icache/instr_out_reg[31]_i_21_n_0
    SLICE_X25Y124        CARRY4 (Prop_carry4_CI_CO[3])
                                                      0.114     6.018 f  u_icache/instr_out_reg[31]_i_8/CO[3]
                         net (fo=1, routed)           0.774     6.792    u_icache/hit0
    SLICE_X25Y127        LUT6 (Prop_lut6_I5_O)        0.124     6.916 f  u_icache/instr_out[31]_i_3/O
                         net (fo=96, routed)          0.978     7.894    u_pc/data_reg[14][0]_0
    SLICE_X22Y132        LUT6 (Prop_lut6_I5_O)        0.124     8.018 r  u_pc/tags[31][23]_i_1/O
                         net (fo=57, routed)          1.238     9.256    u_icache/data_reg[31][0]_0[0]
    SLICE_X5Y135         FDCE                                         r  u_icache/data_reg[31][17]/CE
  -------------------------------------------------------------------    -------------------

                         (clock clk rise edge)        5.000     5.000 r  
                                                      0.000     5.000 r  clk (IN)
                         net (fo=9467, unset)         0.924     5.924    u_icache/clk
    SLICE_X5Y135         FDCE                                         r  u_icache/data_reg[31][17]/C
                         clock pessimism              0.000     5.924    
                         clock uncertainty           -0.035     5.889    
    SLICE_X5Y135         FDCE (Setup_fdce_C_CE)      -0.205     5.684    u_icache/data_reg[31][17]
  -------------------------------------------------------------------
                         required time                          5.684    
                         arrival time                          -9.256    
  -------------------------------------------------------------------
                         slack                                 -3.572    

Slack (VIOLATED) :        -3.567ns  (required time - arrival time)
  Source:                 u_pc/pc_out_reg[3]_rep__4/C
                            (rising edge-triggered cell FDCE clocked by clk  {rise@0.000ns fall@2.500ns period=5.000ns})
  Destination:            u_icache/data_reg[5][5]/CE
                            (rising edge-triggered cell FDCE clocked by clk  {rise@0.000ns fall@2.500ns period=5.000ns})
  Path Group:             clk
  Path Type:              Setup (Max at Slow Process Corner)
  Requirement:            5.000ns  (clk rise@5.000ns - clk rise@0.000ns)
  Data Path Delay:        8.278ns  (logic 2.281ns (27.554%)  route 5.997ns (72.446%))
  Logic Levels:           9  (CARRY4=2 LUT6=5 MUXF7=1 MUXF8=1)
  Clock Path Skew:        -0.049ns (DCD - SCD + CPR)
    Destination Clock Delay (DCD):    0.924ns = ( 5.924 - 5.000 ) 
    Source Clock Delay      (SCD):    0.973ns
    Clock Pessimism Removal (CPR):    0.000ns
  Clock Uncertainty:      0.035ns  ((TSJ^2 + TIJ^2)^1/2 + DJ) / 2 + PE
    Total System Jitter     (TSJ):    0.071ns
    Total Input Jitter      (TIJ):    0.000ns
    Discrete Jitter          (DJ):    0.000ns
    Phase Error              (PE):    0.000ns

    Location             Delay type                Incr(ns)  Path(ns)    Netlist Resource(s)
  -------------------------------------------------------------------    -------------------
                         (clock clk rise edge)        0.000     0.000 r  
                                                      0.000     0.000 r  clk (IN)
                         net (fo=9467, unset)         0.973     0.973    u_pc/clk
    SLICE_X27Y119        FDCE                                         r  u_pc/pc_out_reg[3]_rep__4/C
  -------------------------------------------------------------------    -------------------
    SLICE_X27Y119        FDCE (Prop_fdce_C_Q)         0.456     1.429 r  u_pc/pc_out_reg[3]_rep__4/Q
                         net (fo=115, routed)         1.236     2.665    u_icache/instr_out_reg[31]_i_343_0
    SLICE_X15Y129        LUT6 (Prop_lut6_I2_O)        0.124     2.789 r  u_icache/instr_out[31]_i_711/O
                         net (fo=1, routed)           0.000     2.789    u_icache/instr_out[31]_i_711_n_0
    SLICE_X15Y129        MUXF7 (Prop_muxf7_I1_O)      0.245     3.034 r  u_icache/instr_out_reg[31]_i_354/O
                         net (fo=1, routed)           0.000     3.034    u_icache/instr_out_reg[31]_i_354_n_0
    SLICE_X15Y129        MUXF8 (Prop_muxf8_I0_O)      0.104     3.138 r  u_icache/instr_out_reg[31]_i_176/O
                         net (fo=1, routed)           1.075     4.213    u_icache/instr_out_reg[31]_i_176_n_0
    SLICE_X24Y122        LUT6 (Prop_lut6_I3_O)        0.316     4.529 r  u_icache/instr_out[31]_i_90/O
                         net (fo=1, routed)           0.701     5.230    u_icache/tags[4]
    SLICE_X25Y123        LUT6 (Prop_lut6_I5_O)        0.124     5.354 r  u_icache/instr_out[31]_i_52/O
                         net (fo=1, routed)           0.000     5.354    u_icache/instr_out[31]_i_52_n_0
    SLICE_X25Y123        CARRY4 (Prop_carry4_S[1]_CO[3])
                                                      0.550     5.904 r  u_icache/instr_out_reg[31]_i_21/CO[3]
                         net (fo=1, routed)           0.000     5.904    u_icache/instr_out_reg[31]_i_21_n_0
    SLICE_X25Y124        CARRY4 (Prop_carry4_CI_CO[3])
                                                      0.114     6.018 f  u_icache/instr_out_reg[31]_i_8/CO[3]
                         net (fo=1, routed)           0.774     6.792    u_icache/hit0
    SLICE_X25Y127        LUT6 (Prop_lut6_I5_O)        0.124     6.916 f  u_icache/instr_out[31]_i_3/O
                         net (fo=96, routed)          0.897     7.813    u_pc/data_reg[14][0]_0
    SLICE_X25Y133        LUT6 (Prop_lut6_I5_O)        0.124     7.937 r  u_pc/tags[5][23]_i_1/O
                         net (fo=57, routed)          1.314     9.251    u_icache/data_reg[5][0]_0[0]
    SLICE_X37Y147        FDCE                                         r  u_icache/data_reg[5][5]/CE
  -------------------------------------------------------------------    -------------------

                         (clock clk rise edge)        5.000     5.000 r  
                                                      0.000     5.000 r  clk (IN)
                         net (fo=9467, unset)         0.924     5.924    u_icache/clk
    SLICE_X37Y147        FDCE                                         r  u_icache/data_reg[5][5]/C
                         clock pessimism              0.000     5.924    
                         clock uncertainty           -0.035     5.889    
    SLICE_X37Y147        FDCE (Setup_fdce_C_CE)      -0.205     5.684    u_icache/data_reg[5][5]
  -------------------------------------------------------------------
                         required time                          5.684    
                         arrival time                          -9.251    
  -------------------------------------------------------------------
                         slack                                 -3.567    

Slack (VIOLATED) :        -3.567ns  (required time - arrival time)
  Source:                 u_pc/pc_out_reg[3]_rep__4/C
                            (rising edge-triggered cell FDCE clocked by clk  {rise@0.000ns fall@2.500ns period=5.000ns})
  Destination:            u_icache/data_reg[5][7]/CE
                            (rising edge-triggered cell FDCE clocked by clk  {rise@0.000ns fall@2.500ns period=5.000ns})
  Path Group:             clk
  Path Type:              Setup (Max at Slow Process Corner)
  Requirement:            5.000ns  (clk rise@5.000ns - clk rise@0.000ns)
  Data Path Delay:        8.278ns  (logic 2.281ns (27.554%)  route 5.997ns (72.446%))
  Logic Levels:           9  (CARRY4=2 LUT6=5 MUXF7=1 MUXF8=1)
  Clock Path Skew:        -0.049ns (DCD - SCD + CPR)
    Destination Clock Delay (DCD):    0.924ns = ( 5.924 - 5.000 ) 
    Source Clock Delay      (SCD):    0.973ns
    Clock Pessimism Removal (CPR):    0.000ns
  Clock Uncertainty:      0.035ns  ((TSJ^2 + TIJ^2)^1/2 + DJ) / 2 + PE
    Total System Jitter     (TSJ):    0.071ns
    Total Input Jitter      (TIJ):    0.000ns
    Discrete Jitter          (DJ):    0.000ns
    Phase Error              (PE):    0.000ns

    Location             Delay type                Incr(ns)  Path(ns)    Netlist Resource(s)
  -------------------------------------------------------------------    -------------------
                         (clock clk rise edge)        0.000     0.000 r  
                                                      0.000     0.000 r  clk (IN)
                         net (fo=9467, unset)         0.973     0.973    u_pc/clk
    SLICE_X27Y119        FDCE                                         r  u_pc/pc_out_reg[3]_rep__4/C
  -------------------------------------------------------------------    -------------------
    SLICE_X27Y119        FDCE (Prop_fdce_C_Q)         0.456     1.429 r  u_pc/pc_out_reg[3]_rep__4/Q
                         net (fo=115, routed)         1.236     2.665    u_icache/instr_out_reg[31]_i_343_0
    SLICE_X15Y129        LUT6 (Prop_lut6_I2_O)        0.124     2.789 r  u_icache/instr_out[31]_i_711/O
                         net (fo=1, routed)           0.000     2.789    u_icache/instr_out[31]_i_711_n_0
    SLICE_X15Y129        MUXF7 (Prop_muxf7_I1_O)      0.245     3.034 r  u_icache/instr_out_reg[31]_i_354/O
                         net (fo=1, routed)           0.000     3.034    u_icache/instr_out_reg[31]_i_354_n_0
    SLICE_X15Y129        MUXF8 (Prop_muxf8_I0_O)      0.104     3.138 r  u_icache/instr_out_reg[31]_i_176/O
                         net (fo=1, routed)           1.075     4.213    u_icache/instr_out_reg[31]_i_176_n_0
    SLICE_X24Y122        LUT6 (Prop_lut6_I3_O)        0.316     4.529 r  u_icache/instr_out[31]_i_90/O
                         net (fo=1, routed)           0.701     5.230    u_icache/tags[4]
    SLICE_X25Y123        LUT6 (Prop_lut6_I5_O)        0.124     5.354 r  u_icache/instr_out[31]_i_52/O
                         net (fo=1, routed)           0.000     5.354    u_icache/instr_out[31]_i_52_n_0
    SLICE_X25Y123        CARRY4 (Prop_carry4_S[1]_CO[3])
                                                      0.550     5.904 r  u_icache/instr_out_reg[31]_i_21/CO[3]
                         net (fo=1, routed)           0.000     5.904    u_icache/instr_out_reg[31]_i_21_n_0
    SLICE_X25Y124        CARRY4 (Prop_carry4_CI_CO[3])
                                                      0.114     6.018 f  u_icache/instr_out_reg[31]_i_8/CO[3]
                         net (fo=1, routed)           0.774     6.792    u_icache/hit0
    SLICE_X25Y127        LUT6 (Prop_lut6_I5_O)        0.124     6.916 f  u_icache/instr_out[31]_i_3/O
                         net (fo=96, routed)          0.897     7.813    u_pc/data_reg[14][0]_0
    SLICE_X25Y133        LUT6 (Prop_lut6_I5_O)        0.124     7.937 r  u_pc/tags[5][23]_i_1/O
                         net (fo=57, routed)          1.314     9.251    u_icache/data_reg[5][0]_0[0]
    SLICE_X37Y147        FDCE                                         r  u_icache/data_reg[5][7]/CE
  -------------------------------------------------------------------    -------------------

                         (clock clk rise edge)        5.000     5.000 r  
                                                      0.000     5.000 r  clk (IN)
                         net (fo=9467, unset)         0.924     5.924    u_icache/clk
    SLICE_X37Y147        FDCE                                         r  u_icache/data_reg[5][7]/C
                         clock pessimism              0.000     5.924    
                         clock uncertainty           -0.035     5.889    
    SLICE_X37Y147        FDCE (Setup_fdce_C_CE)      -0.205     5.684    u_icache/data_reg[5][7]
  -------------------------------------------------------------------
                         required time                          5.684    
                         arrival time                          -9.251    
  -------------------------------------------------------------------
                         slack                                 -3.567    




