Copyright 1986-2022 Xilinx, Inc. All Rights Reserved. Copyright 2022-2024 Advanced Micro Devices, Inc. All Rights Reserved.
---------------------------------------------------------------------------------------------------------------------------------------------
| Tool Version : Vivado v.2024.2 (win64) Build 5239630 Fri Nov 08 22:35:27 MST 2024
| Date         : Thu Sep 17 19:46:29 2026
| Host         : PavilionPlus1 running 64-bit major release  (build 9200)
| Command      : report_timing -delay_type max -max_paths 10 -file V:/stage8_baseline/default/critical_setup_paths.rpt
| Design       : rv32i_pipeline_8stage_top
| Device       : 7a35t-cpg236
| Speed File   : -1  PRODUCTION 1.23 2018-06-13
| Design State : Routed
---------------------------------------------------------------------------------------------------------------------------------------------

Timing Report

Slack (VIOLATED) :        -3.620ns  (required time - arrival time)
  Source:                 u_pc/pc_out_reg[3]_rep__2/C
                            (rising edge-triggered cell FDCE clocked by clk  {rise@0.000ns fall@2.500ns period=5.000ns})
  Destination:            u_icache/data_reg[33][7]/CE
                            (rising edge-triggered cell FDCE clocked by clk  {rise@0.000ns fall@2.500ns period=5.000ns})
  Path Group:             clk
  Path Type:              Setup (Max at Slow Process Corner)
  Requirement:            5.000ns  (clk rise@5.000ns - clk rise@0.000ns)
  Data Path Delay:        8.331ns  (logic 2.129ns (25.556%)  route 6.202ns (74.444%))
  Logic Levels:           8  (CARRY4=1 LUT6=5 MUXF7=1 MUXF8=1)
  Clock Path Skew:        -0.049ns (DCD - SCD + CPR)
    Destination Clock Delay (DCD):    0.924ns = ( 5.924 - 5.000 ) 
    Source Clock Delay      (SCD):    0.973ns
    Clock Pessimism Removal (CPR):    0.000ns
  Clock Uncertainty:      0.035ns  ((TSJ^2 + TIJ^2)^1/2 + DJ) / 2 + PE
    Total System Jitter     (TSJ):    0.071ns
    Total Input Jitter      (TIJ):    0.000ns
    Discrete Jitter          (DJ):    0.000ns
    Phase Error              (PE):    0.000ns

    Location             Delay type                Incr(ns)  Path(ns)    Netlist Resource(s)
  -------------------------------------------------------------------    -------------------
                         (clock clk rise edge)        0.000     0.000 r  
                                                      0.000     0.000 r  clk (IN)
                         net (fo=9760, unset)         0.973     0.973    u_pc/clk
    SLICE_X27Y112        FDCE                                         r  u_pc/pc_out_reg[3]_rep__2/C
  -------------------------------------------------------------------    -------------------
    SLICE_X27Y112        FDCE (Prop_fdce_C_Q)         0.456     1.429 r  u_pc/pc_out_reg[3]_rep__2/Q
                         net (fo=115, routed)         1.528     2.957    u_icache/tags_reg[0][23]_i_195_0
    SLICE_X22Y125        LUT6 (Prop_lut6_I2_O)        0.124     3.081 r  u_icache/tags[0][23]_i_468/O
                         net (fo=1, routed)           0.000     3.081    u_icache/tags[0][23]_i_468_n_0
    SLICE_X22Y125        MUXF7 (Prop_muxf7_I1_O)      0.217     3.298 r  u_icache/tags_reg[0][23]_i_218/O
                         net (fo=1, routed)           0.000     3.298    u_icache/tags_reg[0][23]_i_218_n_0
    SLICE_X22Y125        MUXF8 (Prop_muxf8_I1_O)      0.094     3.392 r  u_icache/tags_reg[0][23]_i_93/O
                         net (fo=1, routed)           1.023     4.415    u_icache/tags_reg[0][23]_i_93_n_0
    SLICE_X28Y123        LUT6 (Prop_lut6_I0_O)        0.316     4.731 r  u_icache/tags[0][23]_i_48/O
                         net (fo=1, routed)           0.745     5.476    u_icache/tags[17]
    SLICE_X29Y126        LUT6 (Prop_lut6_I3_O)        0.124     5.600 r  u_icache/tags[0][23]_i_19/O
                         net (fo=1, routed)           0.000     5.600    u_icache/tags[0][23]_i_19_n_0
    SLICE_X29Y126        CARRY4 (Prop_carry4_S[1]_CO[3])
                                                      0.550     6.150 f  u_icache/tags_reg[0][23]_i_7/CO[3]
                         net (fo=1, routed)           0.600     6.750    u_icache/hit0
    SLICE_X29Y128        LUT6 (Prop_lut6_I5_O)        0.124     6.874 f  u_icache/tags[0][23]_i_3/O
                         net (fo=96, routed)          1.376     8.250    u_pc/data_reg[14][0]_0
    SLICE_X51Y126        LUT6 (Prop_lut6_I5_O)        0.124     8.374 r  u_pc/tags[33][23]_i_1/O
                         net (fo=57, routed)          0.930     9.304    u_icache/data_reg[33][0]_0[0]
    SLICE_X51Y120        FDCE                                         r  u_icache/data_reg[33][7]/CE
  -------------------------------------------------------------------    -------------------

                         (clock clk rise edge)        5.000     5.000 r  
                                                      0.000     5.000 r  clk (IN)
                         net (fo=9760, unset)         0.924     5.924    u_icache/clk
    SLICE_X51Y120        FDCE                                         r  u_icache/data_reg[33][7]/C
                         clock pessimism              0.000     5.924    
                         clock uncertainty           -0.035     5.889    
    SLICE_X51Y120        FDCE (Setup_fdce_C_CE)      -0.205     5.684    u_icache/data_reg[33][7]
  -------------------------------------------------------------------
                         required time                          5.684    
                         arrival time                          -9.304    
  -------------------------------------------------------------------
                         slack                                 -3.620    

Slack (VIOLATED) :        -3.525ns  (required time - arrival time)
  Source:                 u_pc/pc_out_reg[3]_rep__2/C
                            (rising edge-triggered cell FDCE clocked by clk  {rise@0.000ns fall@2.500ns period=5.000ns})
  Destination:            u_icache/tags_reg[31][21]/CE
                            (rising edge-triggered cell FDCE clocked by clk  {rise@0.000ns fall@2.500ns period=5.000ns})
  Path Group:             clk
  Path Type:              Setup (Max at Slow Process Corner)
  Requirement:            5.000ns  (clk rise@5.000ns - clk rise@0.000ns)
  Data Path Delay:        8.236ns  (logic 2.129ns (25.849%)  route 6.107ns (74.151%))
  Logic Levels:           8  (CARRY4=1 LUT6=5 MUXF7=1 MUXF8=1)
  Clock Path Skew:        -0.049ns (DCD - SCD + CPR)
    Destination Clock Delay (DCD):    0.924ns = ( 5.924 - 5.000 ) 
    Source Clock Delay      (SCD):    0.973ns
    Clock Pessimism Removal (CPR):    0.000ns
  Clock Uncertainty:      0.035ns  ((TSJ^2 + TIJ^2)^1/2 + DJ) / 2 + PE
    Total System Jitter     (TSJ):    0.071ns
    Total Input Jitter      (TIJ):    0.000ns
    Discrete Jitter          (DJ):    0.000ns
    Phase Error              (PE):    0.000ns

    Location             Delay type                Incr(ns)  Path(ns)    Netlist Resource(s)
  -------------------------------------------------------------------    -------------------
                         (clock clk rise edge)        0.000     0.000 r  
                                                      0.000     0.000 r  clk (IN)
                         net (fo=9760, unset)         0.973     0.973    u_pc/clk
    SLICE_X27Y112        FDCE                                         r  u_pc/pc_out_reg[3]_rep__2/C
  -------------------------------------------------------------------    -------------------
    SLICE_X27Y112        FDCE (Prop_fdce_C_Q)         0.456     1.429 r  u_pc/pc_out_reg[3]_rep__2/Q
                         net (fo=115, routed)         1.528     2.957    u_icache/tags_reg[0][23]_i_195_0
    SLICE_X22Y125        LUT6 (Prop_lut6_I2_O)        0.124     3.081 r  u_icache/tags[0][23]_i_468/O
                         net (fo=1, routed)           0.000     3.081    u_icache/tags[0][23]_i_468_n_0
    SLICE_X22Y125        MUXF7 (Prop_muxf7_I1_O)      0.217     3.298 r  u_icache/tags_reg[0][23]_i_218/O
                         net (fo=1, routed)           0.000     3.298    u_icache/tags_reg[0][23]_i_218_n_0
    SLICE_X22Y125        MUXF8 (Prop_muxf8_I1_O)      0.094     3.392 r  u_icache/tags_reg[0][23]_i_93/O
                         net (fo=1, routed)           1.023     4.415    u_icache/tags_reg[0][23]_i_93_n_0
    SLICE_X28Y123        LUT6 (Prop_lut6_I0_O)        0.316     4.731 r  u_icache/tags[0][23]_i_48/O
                         net (fo=1, routed)           0.745     5.476    u_icache/tags[17]
    SLICE_X29Y126        LUT6 (Prop_lut6_I3_O)        0.124     5.600 r  u_icache/tags[0][23]_i_19/O
                         net (fo=1, routed)           0.000     5.600    u_icache/tags[0][23]_i_19_n_0
    SLICE_X29Y126        CARRY4 (Prop_carry4_S[1]_CO[3])
                                                      0.550     6.150 f  u_icache/tags_reg[0][23]_i_7/CO[3]
                         net (fo=1, routed)           0.600     6.750    u_icache/hit0
    SLICE_X29Y128        LUT6 (Prop_lut6_I5_O)        0.124     6.874 f  u_icache/tags[0][23]_i_3/O
                         net (fo=96, routed)          1.310     8.184    u_pc/data_reg[14][0]_0
    SLICE_X26Y135        LUT6 (Prop_lut6_I5_O)        0.124     8.308 r  u_pc/tags[31][23]_i_1/O
                         net (fo=57, routed)          0.902     9.209    u_icache/data_reg[31][0]_0[0]
    SLICE_X25Y130        FDCE                                         r  u_icache/tags_reg[31][21]/CE
  -------------------------------------------------------------------    -------------------

                         (clock clk rise edge)        5.000     5.000 r  
                                                      0.000     5.000 r  clk (IN)
                         net (fo=9760, unset)         0.924     5.924    u_icache/clk
    SLICE_X25Y130        FDCE                                         r  u_icache/tags_reg[31][21]/C
                         clock pessimism              0.000     5.924    
                         clock uncertainty           -0.035     5.889    
    SLICE_X25Y130        FDCE (Setup_fdce_C_CE)      -0.205     5.684    u_icache/tags_reg[31][21]
  -------------------------------------------------------------------
                         required time                          5.684    
                         arrival time                          -9.209    
  -------------------------------------------------------------------
                         slack                                 -3.525    

Slack (VIOLATED) :        -3.525ns  (required time - arrival time)
  Source:                 u_pc/pc_out_reg[3]_rep__2/C
                            (rising edge-triggered cell FDCE clocked by clk  {rise@0.000ns fall@2.500ns period=5.000ns})
  Destination:            u_icache/tags_reg[31][7]/CE
                            (rising edge-triggered cell FDCE clocked by clk  {rise@0.000ns fall@2.500ns period=5.000ns})
  Path Group:             clk
  Path Type:              Setup (Max at Slow Process Corner)
  Requirement:            5.000ns  (clk rise@5.000ns - clk rise@0.000ns)
  Data Path Delay:        8.236ns  (logic 2.129ns (25.849%)  route 6.107ns (74.151%))
  Logic Levels:           8  (CARRY4=1 LUT6=5 MUXF7=1 MUXF8=1)
  Clock Path Skew:        -0.049ns (DCD - SCD + CPR)
    Destination Clock Delay (DCD):    0.924ns = ( 5.924 - 5.000 ) 
    Source Clock Delay      (SCD):    0.973ns
    Clock Pessimism Removal (CPR):    0.000ns
  Clock Uncertainty:      0.035ns  ((TSJ^2 + TIJ^2)^1/2 + DJ) / 2 + PE
    Total System Jitter     (TSJ):    0.071ns
    Total Input Jitter      (TIJ):    0.000ns
    Discrete Jitter          (DJ):    0.000ns
    Phase Error              (PE):    0.000ns

    Location             Delay type                Incr(ns)  Path(ns)    Netlist Resource(s)
  -------------------------------------------------------------------    -------------------
                         (clock clk rise edge)        0.000     0.000 r  
                                                      0.000     0.000 r  clk (IN)
                         net (fo=9760, unset)         0.973     0.973    u_pc/clk
    SLICE_X27Y112        FDCE                                         r  u_pc/pc_out_reg[3]_rep__2/C
  -------------------------------------------------------------------    -------------------
    SLICE_X27Y112        FDCE (Prop_fdce_C_Q)         0.456     1.429 r  u_pc/pc_out_reg[3]_rep__2/Q
                         net (fo=115, routed)         1.528     2.957    u_icache/tags_reg[0][23]_i_195_0
    SLICE_X22Y125        LUT6 (Prop_lut6_I2_O)        0.124     3.081 r  u_icache/tags[0][23]_i_468/O
                         net (fo=1, routed)           0.000     3.081    u_icache/tags[0][23]_i_468_n_0
    SLICE_X22Y125        MUXF7 (Prop_muxf7_I1_O)      0.217     3.298 r  u_icache/tags_reg[0][23]_i_218/O
                         net (fo=1, routed)           0.000     3.298    u_icache/tags_reg[0][23]_i_218_n_0
    SLICE_X22Y125        MUXF8 (Prop_muxf8_I1_O)      0.094     3.392 r  u_icache/tags_reg[0][23]_i_93/O
                         net (fo=1, routed)           1.023     4.415    u_icache/tags_reg[0][23]_i_93_n_0
    SLICE_X28Y123        LUT6 (Prop_lut6_I0_O)        0.316     4.731 r  u_icache/tags[0][23]_i_48/O
                         net (fo=1, routed)           0.745     5.476    u_icache/tags[17]
    SLICE_X29Y126        LUT6 (Prop_lut6_I3_O)        0.124     5.600 r  u_icache/tags[0][23]_i_19/O
                         net (fo=1, routed)           0.000     5.600    u_icache/tags[0][23]_i_19_n_0
    SLICE_X29Y126        CARRY4 (Prop_carry4_S[1]_CO[3])
                                                      0.550     6.150 f  u_icache/tags_reg[0][23]_i_7/CO[3]
                         net (fo=1, routed)           0.600     6.750    u_icache/hit0
    SLICE_X29Y128        LUT6 (Prop_lut6_I5_O)        0.124     6.874 f  u_icache/tags[0][23]_i_3/O
                         net (fo=96, routed)          1.310     8.184    u_pc/data_reg[14][0]_0
    SLICE_X26Y135        LUT6 (Prop_lut6_I5_O)        0.124     8.308 r  u_pc/tags[31][23]_i_1/O
                         net (fo=57, routed)          0.902     9.209    u_icache/data_reg[31][0]_0[0]
    SLICE_X25Y130        FDCE                                         r  u_icache/tags_reg[31][7]/CE
  -------------------------------------------------------------------    -------------------

                         (clock clk rise edge)        5.000     5.000 r  
                                                      0.000     5.000 r  clk (IN)
                         net (fo=9760, unset)         0.924     5.924    u_icache/clk
    SLICE_X25Y130        FDCE                                         r  u_icache/tags_reg[31][7]/C
                         clock pessimism              0.000     5.924    
                         clock uncertainty           -0.035     5.889    
    SLICE_X25Y130        FDCE (Setup_fdce_C_CE)      -0.205     5.684    u_icache/tags_reg[31][7]
  -------------------------------------------------------------------
                         required time                          5.684    
                         arrival time                          -9.209    
  -------------------------------------------------------------------
                         slack                                 -3.525    

Slack (VIOLATED) :        -3.525ns  (required time - arrival time)
  Source:                 u_pc/pc_out_reg[3]_rep__2/C
                            (rising edge-triggered cell FDCE clocked by clk  {rise@0.000ns fall@2.500ns period=5.000ns})
  Destination:            u_icache/tags_reg[31][8]/CE
                            (rising edge-triggered cell FDCE clocked by clk  {rise@0.000ns fall@2.500ns period=5.000ns})
  Path Group:             clk
  Path Type:              Setup (Max at Slow Process Corner)
  Requirement:            5.000ns  (clk rise@5.000ns - clk rise@0.000ns)
  Data Path Delay:        8.236ns  (logic 2.129ns (25.849%)  route 6.107ns (74.151%))
  Logic Levels:           8  (CARRY4=1 LUT6=5 MUXF7=1 MUXF8=1)
  Clock Path Skew:        -0.049ns (DCD - SCD + CPR)
    Destination Clock Delay (DCD):    0.924ns = ( 5.924 - 5.000 ) 
    Source Clock Delay      (SCD):    0.973ns
    Clock Pessimism Removal (CPR):    0.000ns
  Clock Uncertainty:      0.035ns  ((TSJ^2 + TIJ^2)^1/2 + DJ) / 2 + PE
    Total System Jitter     (TSJ):    0.071ns
    Total Input Jitter      (TIJ):    0.000ns
    Discrete Jitter          (DJ):    0.000ns
    Phase Error              (PE):    0.000ns

    Location             Delay type                Incr(ns)  Path(ns)    Netlist Resource(s)
  -------------------------------------------------------------------    -------------------
                         (clock clk rise edge)        0.000     0.000 r  
                                                      0.000     0.000 r  clk (IN)
                         net (fo=9760, unset)         0.973     0.973    u_pc/clk
    SLICE_X27Y112        FDCE                                         r  u_pc/pc_out_reg[3]_rep__2/C
  -------------------------------------------------------------------    -------------------
    SLICE_X27Y112        FDCE (Prop_fdce_C_Q)         0.456     1.429 r  u_pc/pc_out_reg[3]_rep__2/Q
                         net (fo=115, routed)         1.528     2.957    u_icache/tags_reg[0][23]_i_195_0
    SLICE_X22Y125        LUT6 (Prop_lut6_I2_O)        0.124     3.081 r  u_icache/tags[0][23]_i_468/O
                         net (fo=1, routed)           0.000     3.081    u_icache/tags[0][23]_i_468_n_0
    SLICE_X22Y125        MUXF7 (Prop_muxf7_I1_O)      0.217     3.298 r  u_icache/tags_reg[0][23]_i_218/O
                         net (fo=1, routed)           0.000     3.298    u_icache/tags_reg[0][23]_i_218_n_0
    SLICE_X22Y125        MUXF8 (Prop_muxf8_I1_O)      0.094     3.392 r  u_icache/tags_reg[0][23]_i_93/O
                         net (fo=1, routed)           1.023     4.415    u_icache/tags_reg[0][23]_i_93_n_0
    SLICE_X28Y123        LUT6 (Prop_lut6_I0_O)        0.316     4.731 r  u_icache/tags[0][23]_i_48/O
                         net (fo=1, routed)           0.745     5.476    u_icache/tags[17]
    SLICE_X29Y126        LUT6 (Prop_lut6_I3_O)        0.124     5.600 r  u_icache/tags[0][23]_i_19/O
                         net (fo=1, routed)           0.000     5.600    u_icache/tags[0][23]_i_19_n_0
    SLICE_X29Y126        CARRY4 (Prop_carry4_S[1]_CO[3])
                                                      0.550     6.150 f  u_icache/tags_reg[0][23]_i_7/CO[3]
                         net (fo=1, routed)           0.600     6.750    u_icache/hit0
    SLICE_X29Y128        LUT6 (Prop_lut6_I5_O)        0.124     6.874 f  u_icache/tags[0][23]_i_3/O
                         net (fo=96, routed)          1.310     8.184    u_pc/data_reg[14][0]_0
    SLICE_X26Y135        LUT6 (Prop_lut6_I5_O)        0.124     8.308 r  u_pc/tags[31][23]_i_1/O
                         net (fo=57, routed)          0.902     9.209    u_icache/data_reg[31][0]_0[0]
    SLICE_X25Y130        FDCE                                         r  u_icache/tags_reg[31][8]/CE
  -------------------------------------------------------------------    -------------------

                         (clock clk rise edge)        5.000     5.000 r  
                                                      0.000     5.000 r  clk (IN)
                         net (fo=9760, unset)         0.924     5.924    u_icache/clk
    SLICE_X25Y130        FDCE                                         r  u_icache/tags_reg[31][8]/C
                         clock pessimism              0.000     5.924    
                         clock uncertainty           -0.035     5.889    
    SLICE_X25Y130        FDCE (Setup_fdce_C_CE)      -0.205     5.684    u_icache/tags_reg[31][8]
  -------------------------------------------------------------------
                         required time                          5.684    
                         arrival time                          -9.209    
  -------------------------------------------------------------------
                         slack                                 -3.525    

Slack (VIOLATED) :        -3.515ns  (required time - arrival time)
  Source:                 u_pc/pc_out_reg[3]_rep__2/C
                            (rising edge-triggered cell FDCE clocked by clk  {rise@0.000ns fall@2.500ns period=5.000ns})
  Destination:            u_icache/data_reg[33][10]/CE
                            (rising edge-triggered cell FDCE clocked by clk  {rise@0.000ns fall@2.500ns period=5.000ns})
  Path Group:             clk
  Path Type:              Setup (Max at Slow Process Corner)
  Requirement:            5.000ns  (clk rise@5.000ns - clk rise@0.000ns)
  Data Path Delay:        8.226ns  (logic 2.129ns (25.881%)  route 6.097ns (74.119%))
  Logic Levels:           8  (CARRY4=1 LUT6=5 MUXF7=1 MUXF8=1)
  Clock Path Skew:        -0.049ns (DCD - SCD + CPR)
    Destination Clock Delay (DCD):    0.924ns = ( 5.924 - 5.000 ) 
    Source Clock Delay      (SCD):    0.973ns
    Clock Pessimism Removal (CPR):    0.000ns
  Clock Uncertainty:      0.035ns  ((TSJ^2 + TIJ^2)^1/2 + DJ) / 2 + PE
    Total System Jitter     (TSJ):    0.071ns
    Total Input Jitter      (TIJ):    0.000ns
    Discrete Jitter          (DJ):    0.000ns
    Phase Error              (PE):    0.000ns

    Location             Delay type                Incr(ns)  Path(ns)    Netlist Resource(s)
  -------------------------------------------------------------------    -------------------
                         (clock clk rise edge)        0.000     0.000 r  
                                                      0.000     0.000 r  clk (IN)
                         net (fo=9760, unset)         0.973     0.973    u_pc/clk
    SLICE_X27Y112        FDCE                                         r  u_pc/pc_out_reg[3]_rep__2/C
  -------------------------------------------------------------------    -------------------
    SLICE_X27Y112        FDCE (Prop_fdce_C_Q)         0.456     1.429 r  u_pc/pc_out_reg[3]_rep__2/Q
                         net (fo=115, routed)         1.528     2.957    u_icache/tags_reg[0][23]_i_195_0
    SLICE_X22Y125        LUT6 (Prop_lut6_I2_O)        0.124     3.081 r  u_icache/tags[0][23]_i_468/O
                         net (fo=1, routed)           0.000     3.081    u_icache/tags[0][23]_i_468_n_0
    SLICE_X22Y125        MUXF7 (Prop_muxf7_I1_O)      0.217     3.298 r  u_icache/tags_reg[0][23]_i_218/O
                         net (fo=1, routed)           0.000     3.298    u_icache/tags_reg[0][23]_i_218_n_0
    SLICE_X22Y125        MUXF8 (Prop_muxf8_I1_O)      0.094     3.392 r  u_icache/tags_reg[0][23]_i_93/O
                         net (fo=1, routed)           1.023     4.415    u_icache/tags_reg[0][23]_i_93_n_0
    SLICE_X28Y123        LUT6 (Prop_lut6_I0_O)        0.316     4.731 r  u_icache/tags[0][23]_i_48/O
                         net (fo=1, routed)           0.745     5.476    u_icache/tags[17]
    SLICE_X29Y126        LUT6 (Prop_lut6_I3_O)        0.124     5.600 r  u_icache/tags[0][23]_i_19/O
                         net (fo=1, routed)           0.000     5.600    u_icache/tags[0][23]_i_19_n_0
    SLICE_X29Y126        CARRY4 (Prop_carry4_S[1]_CO[3])
                                                      0.550     6.150 f  u_icache/tags_reg[0][23]_i_7/CO[3]
                         net (fo=1, routed)           0.600     6.750    u_icache/hit0
    SLICE_X29Y128        LUT6 (Prop_lut6_I5_O)        0.124     6.874 f  u_icache/tags[0][23]_i_3/O
                         net (fo=96, routed)          1.376     8.250    u_pc/data_reg[14][0]_0
    SLICE_X51Y126        LUT6 (Prop_lut6_I5_O)        0.124     8.374 r  u_pc/tags[33][23]_i_1/O
                         net (fo=57, routed)          0.825     9.199    u_icache/data_reg[33][0]_0[0]
    SLICE_X51Y121        FDCE                                         r  u_icache/data_reg[33][10]/CE
  -------------------------------------------------------------------    -------------------

                         (clock clk rise edge)        5.000     5.000 r  
                                                      0.000     5.000 r  clk (IN)
                         net (fo=9760, unset)         0.924     5.924    u_icache/clk
    SLICE_X51Y121        FDCE                                         r  u_icache/data_reg[33][10]/C
                         clock pessimism              0.000     5.924    
                         clock uncertainty           -0.035     5.889    
    SLICE_X51Y121        FDCE (Setup_fdce_C_CE)      -0.205     5.684    u_icache/data_reg[33][10]
  -------------------------------------------------------------------
                         required time                          5.684    
                         arrival time                          -9.199    
  -------------------------------------------------------------------
                         slack                                 -3.515    

Slack (VIOLATED) :        -3.515ns  (required time - arrival time)
  Source:                 u_pc/pc_out_reg[3]_rep__2/C
                            (rising edge-triggered cell FDCE clocked by clk  {rise@0.000ns fall@2.500ns period=5.000ns})
  Destination:            u_icache/data_reg[33][12]/CE
                            (rising edge-triggered cell FDCE clocked by clk  {rise@0.000ns fall@2.500ns period=5.000ns})
  Path Group:             clk
  Path Type:              Setup (Max at Slow Process Corner)
  Requirement:            5.000ns  (clk rise@5.000ns - clk rise@0.000ns)
  Data Path Delay:        8.226ns  (logic 2.129ns (25.881%)  route 6.097ns (74.119%))
  Logic Levels:           8  (CARRY4=1 LUT6=5 MUXF7=1 MUXF8=1)
  Clock Path Skew:        -0.049ns (DCD - SCD + CPR)
    Destination Clock Delay (DCD):    0.924ns = ( 5.924 - 5.000 ) 
    Source Clock Delay      (SCD):    0.973ns
    Clock Pessimism Removal (CPR):    0.000ns
  Clock Uncertainty:      0.035ns  ((TSJ^2 + TIJ^2)^1/2 + DJ) / 2 + PE
    Total System Jitter     (TSJ):    0.071ns
    Total Input Jitter      (TIJ):    0.000ns
    Discrete Jitter          (DJ):    0.000ns
    Phase Error              (PE):    0.000ns

    Location             Delay type                Incr(ns)  Path(ns)    Netlist Resource(s)
  -------------------------------------------------------------------    -------------------
                         (clock clk rise edge)        0.000     0.000 r  
                                                      0.000     0.000 r  clk (IN)
                         net (fo=9760, unset)         0.973     0.973    u_pc/clk
    SLICE_X27Y112        FDCE                                         r  u_pc/pc_out_reg[3]_rep__2/C
  -------------------------------------------------------------------    -------------------
    SLICE_X27Y112        FDCE (Prop_fdce_C_Q)         0.456     1.429 r  u_pc/pc_out_reg[3]_rep__2/Q
                         net (fo=115, routed)         1.528     2.957    u_icache/tags_reg[0][23]_i_195_0
    SLICE_X22Y125        LUT6 (Prop_lut6_I2_O)        0.124     3.081 r  u_icache/tags[0][23]_i_468/O
                         net (fo=1, routed)           0.000     3.081    u_icache/tags[0][23]_i_468_n_0
    SLICE_X22Y125        MUXF7 (Prop_muxf7_I1_O)      0.217     3.298 r  u_icache/tags_reg[0][23]_i_218/O
                         net (fo=1, routed)           0.000     3.298    u_icache/tags_reg[0][23]_i_218_n_0
    SLICE_X22Y125        MUXF8 (Prop_muxf8_I1_O)      0.094     3.392 r  u_icache/tags_reg[0][23]_i_93/O
                         net (fo=1, routed)           1.023     4.415    u_icache/tags_reg[0][23]_i_93_n_0
    SLICE_X28Y123        LUT6 (Prop_lut6_I0_O)        0.316     4.731 r  u_icache/tags[0][23]_i_48/O
                         net (fo=1, routed)           0.745     5.476    u_icache/tags[17]
    SLICE_X29Y126        LUT6 (Prop_lut6_I3_O)        0.124     5.600 r  u_icache/tags[0][23]_i_19/O
                         net (fo=1, routed)           0.000     5.600    u_icache/tags[0][23]_i_19_n_0
    SLICE_X29Y126        CARRY4 (Prop_carry4_S[1]_CO[3])
                                                      0.550     6.150 f  u_icache/tags_reg[0][23]_i_7/CO[3]
                         net (fo=1, routed)           0.600     6.750    u_icache/hit0
    SLICE_X29Y128        LUT6 (Prop_lut6_I5_O)        0.124     6.874 f  u_icache/tags[0][23]_i_3/O
                         net (fo=96, routed)          1.376     8.250    u_pc/data_reg[14][0]_0
    SLICE_X51Y126        LUT6 (Prop_lut6_I5_O)        0.124     8.374 r  u_pc/tags[33][23]_i_1/O
                         net (fo=57, routed)          0.825     9.199    u_icache/data_reg[33][0]_0[0]
    SLICE_X51Y121        FDCE                                         r  u_icache/data_reg[33][12]/CE
  -------------------------------------------------------------------    -------------------

                         (clock clk rise edge)        5.000     5.000 r  
                                                      0.000     5.000 r  clk (IN)
                         net (fo=9760, unset)         0.924     5.924    u_icache/clk
    SLICE_X51Y121        FDCE                                         r  u_icache/data_reg[33][12]/C
                         clock pessimism              0.000     5.924    
                         clock uncertainty           -0.035     5.889    
    SLICE_X51Y121        FDCE (Setup_fdce_C_CE)      -0.205     5.684    u_icache/data_reg[33][12]
  -------------------------------------------------------------------
                         required time                          5.684    
                         arrival time                          -9.199    
  -------------------------------------------------------------------
                         slack                                 -3.515    

Slack (VIOLATED) :        -3.515ns  (required time - arrival time)
  Source:                 u_pc/pc_out_reg[3]_rep__2/C
                            (rising edge-triggered cell FDCE clocked by clk  {rise@0.000ns fall@2.500ns period=5.000ns})
  Destination:            u_icache/data_reg[33][15]/CE
                            (rising edge-triggered cell FDCE clocked by clk  {rise@0.000ns fall@2.500ns period=5.000ns})
  Path Group:             clk
  Path Type:              Setup (Max at Slow Process Corner)
  Requirement:            5.000ns  (clk rise@5.000ns - clk rise@0.000ns)
  Data Path Delay:        8.226ns  (logic 2.129ns (25.881%)  route 6.097ns (74.119%))
  Logic Levels:           8  (CARRY4=1 LUT6=5 MUXF7=1 MUXF8=1)
  Clock Path Skew:        -0.049ns (DCD - SCD + CPR)
    Destination Clock Delay (DCD):    0.924ns = ( 5.924 - 5.000 ) 
    Source Clock Delay      (SCD):    0.973ns
    Clock Pessimism Removal (CPR):    0.000ns
  Clock Uncertainty:      0.035ns  ((TSJ^2 + TIJ^2)^1/2 + DJ) / 2 + PE
    Total System Jitter     (TSJ):    0.071ns
    Total Input Jitter      (TIJ):    0.000ns
    Discrete Jitter          (DJ):    0.000ns
    Phase Error              (PE):    0.000ns

    Location             Delay type                Incr(ns)  Path(ns)    Netlist Resource(s)
  -------------------------------------------------------------------    -------------------
                         (clock clk rise edge)        0.000     0.000 r  
                                                      0.000     0.000 r  clk (IN)
                         net (fo=9760, unset)         0.973     0.973    u_pc/clk
    SLICE_X27Y112        FDCE                                         r  u_pc/pc_out_reg[3]_rep__2/C
  -------------------------------------------------------------------    -------------------
    SLICE_X27Y112        FDCE (Prop_fdce_C_Q)         0.456     1.429 r  u_pc/pc_out_reg[3]_rep__2/Q
                         net (fo=115, routed)         1.528     2.957    u_icache/tags_reg[0][23]_i_195_0
    SLICE_X22Y125        LUT6 (Prop_lut6_I2_O)        0.124     3.081 r  u_icache/tags[0][23]_i_468/O
                         net (fo=1, routed)           0.000     3.081    u_icache/tags[0][23]_i_468_n_0
    SLICE_X22Y125        MUXF7 (Prop_muxf7_I1_O)      0.217     3.298 r  u_icache/tags_reg[0][23]_i_218/O
                         net (fo=1, routed)           0.000     3.298    u_icache/tags_reg[0][23]_i_218_n_0
    SLICE_X22Y125        MUXF8 (Prop_muxf8_I1_O)      0.094     3.392 r  u_icache/tags_reg[0][23]_i_93/O
                         net (fo=1, routed)           1.023     4.415    u_icache/tags_reg[0][23]_i_93_n_0
    SLICE_X28Y123        LUT6 (Prop_lut6_I0_O)        0.316     4.731 r  u_icache/tags[0][23]_i_48/O
                         net (fo=1, routed)           0.745     5.476    u_icache/tags[17]
    SLICE_X29Y126        LUT6 (Prop_lut6_I3_O)        0.124     5.600 r  u_icache/tags[0][23]_i_19/O
                         net (fo=1, routed)           0.000     5.600    u_icache/tags[0][23]_i_19_n_0
    SLICE_X29Y126        CARRY4 (Prop_carry4_S[1]_CO[3])
                                                      0.550     6.150 f  u_icache/tags_reg[0][23]_i_7/CO[3]
                         net (fo=1, routed)           0.600     6.750    u_icache/hit0
    SLICE_X29Y128        LUT6 (Prop_lut6_I5_O)        0.124     6.874 f  u_icache/tags[0][23]_i_3/O
                         net (fo=96, routed)          1.376     8.250    u_pc/data_reg[14][0]_0
    SLICE_X51Y126        LUT6 (Prop_lut6_I5_O)        0.124     8.374 r  u_pc/tags[33][23]_i_1/O
                         net (fo=57, routed)          0.825     9.199    u_icache/data_reg[33][0]_0[0]
    SLICE_X51Y121        FDCE                                         r  u_icache/data_reg[33][15]/CE
  -------------------------------------------------------------------    -------------------

                         (clock clk rise edge)        5.000     5.000 r  
                                                      0.000     5.000 r  clk (IN)
                         net (fo=9760, unset)         0.924     5.924    u_icache/clk
    SLICE_X51Y121        FDCE                                         r  u_icache/data_reg[33][15]/C
                         clock pessimism              0.000     5.924    
                         clock uncertainty           -0.035     5.889    
    SLICE_X51Y121        FDCE (Setup_fdce_C_CE)      -0.205     5.684    u_icache/data_reg[33][15]
  -------------------------------------------------------------------
                         required time                          5.684    
                         arrival time                          -9.199    
  -------------------------------------------------------------------
                         slack                                 -3.515    

Slack (VIOLATED) :        -3.515ns  (required time - arrival time)
  Source:                 u_pc/pc_out_reg[3]_rep__2/C
                            (rising edge-triggered cell FDCE clocked by clk  {rise@0.000ns fall@2.500ns period=5.000ns})
  Destination:            u_icache/data_reg[33][29]/CE
                            (rising edge-triggered cell FDCE clocked by clk  {rise@0.000ns fall@2.500ns period=5.000ns})
  Path Group:             clk
  Path Type:              Setup (Max at Slow Process Corner)
  Requirement:            5.000ns  (clk rise@5.000ns - clk rise@0.000ns)
  Data Path Delay:        8.226ns  (logic 2.129ns (25.881%)  route 6.097ns (74.119%))
  Logic Levels:           8  (CARRY4=1 LUT6=5 MUXF7=1 MUXF8=1)
  Clock Path Skew:        -0.049ns (DCD - SCD + CPR)
    Destination Clock Delay (DCD):    0.924ns = ( 5.924 - 5.000 ) 
    Source Clock Delay      (SCD):    0.973ns
    Clock Pessimism Removal (CPR):    0.000ns
  Clock Uncertainty:      0.035ns  ((TSJ^2 + TIJ^2)^1/2 + DJ) / 2 + PE
    Total System Jitter     (TSJ):    0.071ns
    Total Input Jitter      (TIJ):    0.000ns
    Discrete Jitter          (DJ):    0.000ns
    Phase Error              (PE):    0.000ns

    Location             Delay type                Incr(ns)  Path(ns)    Netlist Resource(s)
  -------------------------------------------------------------------    -------------------
                         (clock clk rise edge)        0.000     0.000 r  
                                                      0.000     0.000 r  clk (IN)
                         net (fo=9760, unset)         0.973     0.973    u_pc/clk
    SLICE_X27Y112        FDCE                                         r  u_pc/pc_out_reg[3]_rep__2/C
  -------------------------------------------------------------------    -------------------
    SLICE_X27Y112        FDCE (Prop_fdce_C_Q)         0.456     1.429 r  u_pc/pc_out_reg[3]_rep__2/Q
                         net (fo=115, routed)         1.528     2.957    u_icache/tags_reg[0][23]_i_195_0
    SLICE_X22Y125        LUT6 (Prop_lut6_I2_O)        0.124     3.081 r  u_icache/tags[0][23]_i_468/O
                         net (fo=1, routed)           0.000     3.081    u_icache/tags[0][23]_i_468_n_0
    SLICE_X22Y125        MUXF7 (Prop_muxf7_I1_O)      0.217     3.298 r  u_icache/tags_reg[0][23]_i_218/O
                         net (fo=1, routed)           0.000     3.298    u_icache/tags_reg[0][23]_i_218_n_0
    SLICE_X22Y125        MUXF8 (Prop_muxf8_I1_O)      0.094     3.392 r  u_icache/tags_reg[0][23]_i_93/O
                         net (fo=1, routed)           1.023     4.415    u_icache/tags_reg[0][23]_i_93_n_0
    SLICE_X28Y123        LUT6 (Prop_lut6_I0_O)        0.316     4.731 r  u_icache/tags[0][23]_i_48/O
                         net (fo=1, routed)           0.745     5.476    u_icache/tags[17]
    SLICE_X29Y126        LUT6 (Prop_lut6_I3_O)        0.124     5.600 r  u_icache/tags[0][23]_i_19/O
                         net (fo=1, routed)           0.000     5.600    u_icache/tags[0][23]_i_19_n_0
    SLICE_X29Y126        CARRY4 (Prop_carry4_S[1]_CO[3])
                                                      0.550     6.150 f  u_icache/tags_reg[0][23]_i_7/CO[3]
                         net (fo=1, routed)           0.600     6.750    u_icache/hit0
    SLICE_X29Y128        LUT6 (Prop_lut6_I5_O)        0.124     6.874 f  u_icache/tags[0][23]_i_3/O
                         net (fo=96, routed)          1.376     8.250    u_pc/data_reg[14][0]_0
    SLICE_X51Y126        LUT6 (Prop_lut6_I5_O)        0.124     8.374 r  u_pc/tags[33][23]_i_1/O
                         net (fo=57, routed)          0.825     9.199    u_icache/data_reg[33][0]_0[0]
    SLICE_X51Y121        FDCE                                         r  u_icache/data_reg[33][29]/CE
  -------------------------------------------------------------------    -------------------

                         (clock clk rise edge)        5.000     5.000 r  
                                                      0.000     5.000 r  clk (IN)
                         net (fo=9760, unset)         0.924     5.924    u_icache/clk
    SLICE_X51Y121        FDCE                                         r  u_icache/data_reg[33][29]/C
                         clock pessimism              0.000     5.924    
                         clock uncertainty           -0.035     5.889    
    SLICE_X51Y121        FDCE (Setup_fdce_C_CE)      -0.205     5.684    u_icache/data_reg[33][29]
  -------------------------------------------------------------------
                         required time                          5.684    
                         arrival time                          -9.199    
  -------------------------------------------------------------------
                         slack                                 -3.515    

Slack (VIOLATED) :        -3.515ns  (required time - arrival time)
  Source:                 u_pc/pc_out_reg[3]_rep__2/C
                            (rising edge-triggered cell FDCE clocked by clk  {rise@0.000ns fall@2.500ns period=5.000ns})
  Destination:            u_icache/data_reg[33][4]/CE
                            (rising edge-triggered cell FDCE clocked by clk  {rise@0.000ns fall@2.500ns period=5.000ns})
  Path Group:             clk
  Path Type:              Setup (Max at Slow Process Corner)
  Requirement:            5.000ns  (clk rise@5.000ns - clk rise@0.000ns)
  Data Path Delay:        8.226ns  (logic 2.129ns (25.881%)  route 6.097ns (74.119%))
  Logic Levels:           8  (CARRY4=1 LUT6=5 MUXF7=1 MUXF8=1)
  Clock Path Skew:        -0.049ns (DCD - SCD + CPR)
    Destination Clock Delay (DCD):    0.924ns = ( 5.924 - 5.000 ) 
    Source Clock Delay      (SCD):    0.973ns
    Clock Pessimism Removal (CPR):    0.000ns
  Clock Uncertainty:      0.035ns  ((TSJ^2 + TIJ^2)^1/2 + DJ) / 2 + PE
    Total System Jitter     (TSJ):    0.071ns
    Total Input Jitter      (TIJ):    0.000ns
    Discrete Jitter          (DJ):    0.000ns
    Phase Error              (PE):    0.000ns

    Location             Delay type                Incr(ns)  Path(ns)    Netlist Resource(s)
  -------------------------------------------------------------------    -------------------
                         (clock clk rise edge)        0.000     0.000 r  
                                                      0.000     0.000 r  clk (IN)
                         net (fo=9760, unset)         0.973     0.973    u_pc/clk
    SLICE_X27Y112        FDCE                                         r  u_pc/pc_out_reg[3]_rep__2/C
  -------------------------------------------------------------------    -------------------
    SLICE_X27Y112        FDCE (Prop_fdce_C_Q)         0.456     1.429 r  u_pc/pc_out_reg[3]_rep__2/Q
                         net (fo=115, routed)         1.528     2.957    u_icache/tags_reg[0][23]_i_195_0
    SLICE_X22Y125        LUT6 (Prop_lut6_I2_O)        0.124     3.081 r  u_icache/tags[0][23]_i_468/O
                         net (fo=1, routed)           0.000     3.081    u_icache/tags[0][23]_i_468_n_0
    SLICE_X22Y125        MUXF7 (Prop_muxf7_I1_O)      0.217     3.298 r  u_icache/tags_reg[0][23]_i_218/O
                         net (fo=1, routed)           0.000     3.298    u_icache/tags_reg[0][23]_i_218_n_0
    SLICE_X22Y125        MUXF8 (Prop_muxf8_I1_O)      0.094     3.392 r  u_icache/tags_reg[0][23]_i_93/O
                         net (fo=1, routed)           1.023     4.415    u_icache/tags_reg[0][23]_i_93_n_0
    SLICE_X28Y123        LUT6 (Prop_lut6_I0_O)        0.316     4.731 r  u_icache/tags[0][23]_i_48/O
                         net (fo=1, routed)           0.745     5.476    u_icache/tags[17]
    SLICE_X29Y126        LUT6 (Prop_lut6_I3_O)        0.124     5.600 r  u_icache/tags[0][23]_i_19/O
                         net (fo=1, routed)           0.000     5.600    u_icache/tags[0][23]_i_19_n_0
    SLICE_X29Y126        CARRY4 (Prop_carry4_S[1]_CO[3])
                                                      0.550     6.150 f  u_icache/tags_reg[0][23]_i_7/CO[3]
                         net (fo=1, routed)           0.600     6.750    u_icache/hit0
    SLICE_X29Y128        LUT6 (Prop_lut6_I5_O)        0.124     6.874 f  u_icache/tags[0][23]_i_3/O
                         net (fo=96, routed)          1.376     8.250    u_pc/data_reg[14][0]_0
    SLICE_X51Y126        LUT6 (Prop_lut6_I5_O)        0.124     8.374 r  u_pc/tags[33][23]_i_1/O
                         net (fo=57, routed)          0.825     9.199    u_icache/data_reg[33][0]_0[0]
    SLICE_X51Y121        FDCE                                         r  u_icache/data_reg[33][4]/CE
  -------------------------------------------------------------------    -------------------

                         (clock clk rise edge)        5.000     5.000 r  
                                                      0.000     5.000 r  clk (IN)
                         net (fo=9760, unset)         0.924     5.924    u_icache/clk
    SLICE_X51Y121        FDCE                                         r  u_icache/data_reg[33][4]/C
                         clock pessimism              0.000     5.924    
                         clock uncertainty           -0.035     5.889    
    SLICE_X51Y121        FDCE (Setup_fdce_C_CE)      -0.205     5.684    u_icache/data_reg[33][4]
  -------------------------------------------------------------------
                         required time                          5.684    
                         arrival time                          -9.199    
  -------------------------------------------------------------------
                         slack                                 -3.515    

Slack (VIOLATED) :        -3.484ns  (required time - arrival time)
  Source:                 u_bp/btb_tag_reg[13][4]/C
                            (rising edge-triggered cell FDRE clocked by clk  {rise@0.000ns fall@2.500ns period=5.000ns})
  Destination:            u_if1_if2/pc_out_reg[4]_rep__0/D
                            (rising edge-triggered cell FDCE clocked by clk  {rise@0.000ns fall@2.500ns period=5.000ns})
  Path Group:             clk
  Path Type:              Setup (Max at Slow Process Corner)
  Requirement:            5.000ns  (clk rise@5.000ns - clk rise@0.000ns)
  Data Path Delay:        8.384ns  (logic 3.198ns (38.144%)  route 5.186ns (61.856%))
  Logic Levels:           12  (CARRY4=3 LUT3=1 LUT4=1 LUT6=5 MUXF7=1 MUXF8=1)
  Clock Path Skew:        -0.049ns (DCD - SCD + CPR)
    Destination Clock Delay (DCD):    0.924ns = ( 5.924 - 5.000 ) 
    Source Clock Delay      (SCD):    0.973ns
    Clock Pessimism Removal (CPR):    0.000ns
  Clock Uncertainty:      0.035ns  ((TSJ^2 + TIJ^2)^1/2 + DJ) / 2 + PE
    Total System Jitter     (TSJ):    0.071ns
    Total Input Jitter      (TIJ):    0.000ns
    Discrete Jitter          (DJ):    0.000ns
    Phase Error              (PE):    0.000ns

    Location             Delay type                Incr(ns)  Path(ns)    Netlist Resource(s)
  -------------------------------------------------------------------    -------------------
                         (clock clk rise edge)        0.000     0.000 r  
                                                      0.000     0.000 r  clk (IN)
                         net (fo=9760, unset)         0.973     0.973    u_bp/clk
    SLICE_X8Y108         FDRE                                         r  u_bp/btb_tag_reg[13][4]/C
  -------------------------------------------------------------------    -------------------
    SLICE_X8Y108         FDRE (Prop_fdre_C_Q)         0.478     1.451 r  u_bp/btb_tag_reg[13][4]/Q
                         net (fo=1, routed)           1.115     2.566    u_bp/btb_tag_reg[13]_114[4]
    SLICE_X8Y106         LUT6 (Prop_lut6_I3_O)        0.295     2.861 r  u_bp/pc_out[31]_i_424/O
                         net (fo=1, routed)           0.000     2.861    u_bp/pc_out[31]_i_424_n_0
    SLICE_X8Y106         MUXF7 (Prop_muxf7_I1_O)      0.214     3.075 r  u_bp/pc_out_reg[31]_i_344/O
                         net (fo=1, routed)           0.000     3.075    u_bp/pc_out_reg[31]_i_344_n_0
    SLICE_X8Y106         MUXF8 (Prop_muxf8_I1_O)      0.088     3.163 r  u_bp/pc_out_reg[31]_i_196/O
                         net (fo=1, routed)           1.035     4.198    u_if1_if2/pc_out[31]_i_85_0
    SLICE_X15Y105        LUT6 (Prop_lut6_I1_O)        0.319     4.517 r  u_if1_if2/pc_out[31]_i_120/O
                         net (fo=1, routed)           0.573     5.090    u_if1_if2/pc_out[31]_i_120_n_0
    SLICE_X16Y107        LUT6 (Prop_lut6_I5_O)        0.124     5.214 r  u_if1_if2/pc_out[31]_i_85/O
                         net (fo=1, routed)           0.000     5.214    u_if1_if2/pc_out[31]_i_85_n_0
    SLICE_X16Y107        CARRY4 (Prop_carry4_S[1]_CO[3])
                                                      0.550     5.764 r  u_if1_if2/pc_out_reg[31]_i_71/CO[3]
                         net (fo=1, routed)           0.000     5.764    u_if1_if2/pc_out_reg[31]_i_71_n_0
    SLICE_X16Y108        CARRY4 (Prop_carry4_CI_CO[3])
                                                      0.114     5.878 r  u_if1_if2/pc_out_reg[31]_i_53/CO[3]
                         net (fo=1, routed)           0.000     5.878    u_if1_if2/pc_out_reg[31]_i_53_n_0
    SLICE_X16Y109        CARRY4 (Prop_carry4_CI_CO[0])
                                                      0.271     6.149 f  u_if1_if2/pc_out_reg[31]_i_27/CO[0]
                         net (fo=1, routed)           0.448     6.597    u_if1_if2/u_bp/btb_hit0
    SLICE_X16Y113        LUT6 (Prop_lut6_I0_O)        0.373     6.970 f  u_if1_if2/pc_out[31]_i_14/O
                         net (fo=1, routed)           0.303     7.273    u_bp/if2_predict_valid
    SLICE_X20Y113        LUT6 (Prop_lut6_I4_O)        0.124     7.397 r  u_bp/pc_out[31]_i_5/O
                         net (fo=35, routed)          0.248     7.645    u_ex2_mem1/pc_out_reg[0]
    SLICE_X20Y113        LUT4 (Prop_lut4_I3_O)        0.124     7.769 f  u_ex2_mem1/pc_out[31]_i_6__0/O
                         net (fo=105, routed)         0.989     8.758    u_pc/pc_out_reg[0]_0
    SLICE_X13Y110        LUT3 (Prop_lut3_I1_O)        0.124     8.882 r  u_pc/pc_out[4]_rep_i_1__0/O
                         net (fo=1, routed)           0.475     9.357    u_if1_if2/pc_out_reg[4]_rep__0_1
    SLICE_X12Y109        FDCE                                         r  u_if1_if2/pc_out_reg[4]_rep__0/D
  -------------------------------------------------------------------    -------------------

                         (clock clk rise edge)        5.000     5.000 r  
                                                      0.000     5.000 r  clk (IN)
                         net (fo=9760, unset)         0.924     5.924    u_if1_if2/clk
    SLICE_X12Y109        FDCE                                         r  u_if1_if2/pc_out_reg[4]_rep__0/C
                         clock pessimism              0.000     5.924    
                         clock uncertainty           -0.035     5.889    
    SLICE_X12Y109        FDCE (Setup_fdce_C_D)       -0.016     5.873    u_if1_if2/pc_out_reg[4]_rep__0
  -------------------------------------------------------------------
                         required time                          5.873    
                         arrival time                          -9.357    
  -------------------------------------------------------------------
                         slack                                 -3.484    




