Copyright 1986-2022 Xilinx, Inc. All Rights Reserved. Copyright 2022-2024 Advanced Micro Devices, Inc. All Rights Reserved.
---------------------------------------------------------------------------------------------------------------------------------------------
| Tool Version : Vivado v.2024.2 (win64) Build 5239630 Fri Nov 08 22:35:27 MST 2024
| Date         : Thu Sep 17 18:57:53 2026
| Host         : PavilionPlus1 running 64-bit major release  (build 9200)
| Command      : report_timing -delay_type max -max_paths 10 -file V:/stage7_sgf/explore/critical_setup_paths.rpt
| Design       : rv32i_pipeline_7stage_sgf_top
| Device       : 7a35t-cpg236
| Speed File   : -1  PRODUCTION 1.23 2018-06-13
| Design State : Routed
---------------------------------------------------------------------------------------------------------------------------------------------

Timing Report

Slack (VIOLATED) :        -3.869ns  (required time - arrival time)
  Source:                 u_ex1_ex2/csr_addr_out_reg[0]/C
                            (rising edge-triggered cell FDCE clocked by clk  {rise@0.000ns fall@2.500ns period=5.000ns})
  Destination:            u_csr/mcycle_reg[61]/D
                            (rising edge-triggered cell FDCE clocked by clk  {rise@0.000ns fall@2.500ns period=5.000ns})
  Path Group:             clk
  Path Type:              Setup (Max at Slow Process Corner)
  Requirement:            5.000ns  (clk rise@5.000ns - clk rise@0.000ns)
  Data Path Delay:        8.847ns  (logic 3.538ns (39.991%)  route 5.309ns (60.009%))
  Logic Levels:           22  (CARRY4=15 LUT2=1 LUT5=3 LUT6=3)
  Clock Path Skew:        -0.049ns (DCD - SCD + CPR)
    Destination Clock Delay (DCD):    0.924ns = ( 5.924 - 5.000 ) 
    Source Clock Delay      (SCD):    0.973ns
    Clock Pessimism Removal (CPR):    0.000ns
  Clock Uncertainty:      0.035ns  ((TSJ^2 + TIJ^2)^1/2 + DJ) / 2 + PE
    Total System Jitter     (TSJ):    0.071ns
    Total Input Jitter      (TIJ):    0.000ns
    Discrete Jitter          (DJ):    0.000ns
    Phase Error              (PE):    0.000ns

    Location             Delay type                Incr(ns)  Path(ns)    Netlist Resource(s)
  -------------------------------------------------------------------    -------------------
                         (clock clk rise edge)        0.000     0.000 r  
                                                      0.000     0.000 r  clk (IN)
                         net (fo=9586, unset)         0.973     0.973    u_ex1_ex2/clk
    SLICE_X31Y43         FDCE                                         r  u_ex1_ex2/csr_addr_out_reg[0]/C
  -------------------------------------------------------------------    -------------------
    SLICE_X31Y43         FDCE (Prop_fdce_C_Q)         0.456     1.429 r  u_ex1_ex2/csr_addr_out_reg[0]/Q
                         net (fo=21, routed)          0.874     2.303    u_ex1_ex2/ex2_csr_addr[0]
    SLICE_X31Y44         LUT6 (Prop_lut6_I0_O)        0.124     2.427 r  u_ex1_ex2/csr_rdata_out[31]_i_18/O
                         net (fo=15, routed)          0.857     3.285    u_ex1_ex2/csr_rdata_out[31]_i_18_n_0
    SLICE_X13Y44         LUT2 (Prop_lut2_I1_O)        0.124     3.409 r  u_ex1_ex2/csr_rdata_out[31]_i_12/O
                         net (fo=178, routed)         1.197     4.606    u_csr/csr_rdata_out_reg[31]
    SLICE_X45Y44         LUT6 (Prop_lut6_I2_O)        0.124     4.730 r  u_csr/csr_rdata_out[6]_i_5/O
                         net (fo=1, routed)           0.572     5.302    u_ex1_ex2/csr_rdata_out_reg[6]_0
    SLICE_X45Y43         LUT5 (Prop_lut5_I1_O)        0.124     5.426 f  u_ex1_ex2/csr_rdata_out[6]_i_2/O
                         net (fo=3, routed)           0.667     6.092    u_ex1_ex2/csr_rdata_out[6]_i_2_n_0
    SLICE_X40Y37         LUT5 (Prop_lut5_I4_O)        0.124     6.216 f  u_ex1_ex2/mstatus[6]_i_2/O
                         net (fo=1, routed)           0.293     6.510    u_ex1_ex2/mstatus[6]_i_2_n_0
    SLICE_X41Y35         LUT5 (Prop_lut5_I0_O)        0.124     6.634 r  u_ex1_ex2/mstatus[6]_i_1/O
                         net (fo=15, routed)          0.848     7.482    u_ex1_ex2/csr_new[6]
    SLICE_X28Y35         LUT6 (Prop_lut6_I4_O)        0.124     7.606 r  u_ex1_ex2/mcycle[4]_i_3/O
                         net (fo=1, routed)           0.000     7.606    u_ex1_ex2/mcycle[4]_i_3_n_0
    SLICE_X28Y35         CARRY4 (Prop_carry4_S[2]_CO[3])
                                                      0.398     8.004 r  u_ex1_ex2/mcycle_reg[4]_i_1/CO[3]
                         net (fo=1, routed)           0.000     8.004    u_ex1_ex2/mcycle_reg[4]_i_1_n_0
    SLICE_X28Y36         CARRY4 (Prop_carry4_CI_CO[3])
                                                      0.114     8.118 r  u_ex1_ex2/mcycle_reg[8]_i_1/CO[3]
                         net (fo=1, routed)           0.000     8.118    u_ex1_ex2/mcycle_reg[8]_i_1_n_0
    SLICE_X28Y37         CARRY4 (Prop_carry4_CI_CO[3])
                                                      0.114     8.232 r  u_ex1_ex2/mcycle_reg[12]_i_1/CO[3]
                         net (fo=1, routed)           0.000     8.232    u_ex1_ex2/mcycle_reg[12]_i_1_n_0
    SLICE_X28Y38         CARRY4 (Prop_carry4_CI_CO[3])
                                                      0.114     8.346 r  u_ex1_ex2/mcycle_reg[16]_i_1/CO[3]
                         net (fo=1, routed)           0.000     8.346    u_ex1_ex2/mcycle_reg[16]_i_1_n_0
    SLICE_X28Y39         CARRY4 (Prop_carry4_CI_CO[3])
                                                      0.114     8.460 r  u_ex1_ex2/mcycle_reg[20]_i_1/CO[3]
                         net (fo=1, routed)           0.000     8.460    u_ex1_ex2/mcycle_reg[20]_i_1_n_0
    SLICE_X28Y40         CARRY4 (Prop_carry4_CI_CO[3])
                                                      0.114     8.574 r  u_ex1_ex2/mcycle_reg[24]_i_1/CO[3]
                         net (fo=1, routed)           0.000     8.574    u_ex1_ex2/mcycle_reg[24]_i_1_n_0
    SLICE_X28Y41         CARRY4 (Prop_carry4_CI_CO[3])
                                                      0.114     8.688 r  u_ex1_ex2/mcycle_reg[28]_i_1/CO[3]
                         net (fo=1, routed)           0.000     8.688    u_ex1_ex2/mcycle_reg[28]_i_1_n_0
    SLICE_X28Y42         CARRY4 (Prop_carry4_CI_CO[3])
                                                      0.114     8.802 r  u_ex1_ex2/mcycle_reg[32]_i_1/CO[3]
                         net (fo=1, routed)           0.000     8.802    u_ex1_ex2/mcycle_reg[32]_i_1_n_0
    SLICE_X28Y43         CARRY4 (Prop_carry4_CI_CO[3])
                                                      0.114     8.916 r  u_ex1_ex2/mcycle_reg[36]_i_1/CO[3]
                         net (fo=1, routed)           0.000     8.916    u_ex1_ex2/mcycle_reg[36]_i_1_n_0
    SLICE_X28Y44         CARRY4 (Prop_carry4_CI_CO[3])
                                                      0.114     9.030 r  u_ex1_ex2/mcycle_reg[40]_i_1/CO[3]
                         net (fo=1, routed)           0.000     9.030    u_ex1_ex2/mcycle_reg[40]_i_1_n_0
    SLICE_X28Y45         CARRY4 (Prop_carry4_CI_CO[3])
                                                      0.114     9.144 r  u_ex1_ex2/mcycle_reg[44]_i_1/CO[3]
                         net (fo=1, routed)           0.000     9.144    u_ex1_ex2/mcycle_reg[44]_i_1_n_0
    SLICE_X28Y46         CARRY4 (Prop_carry4_CI_CO[3])
                                                      0.114     9.258 r  u_ex1_ex2/mcycle_reg[48]_i_1/CO[3]
                         net (fo=1, routed)           0.000     9.258    u_ex1_ex2/mcycle_reg[48]_i_1_n_0
    SLICE_X28Y47         CARRY4 (Prop_carry4_CI_CO[3])
                                                      0.114     9.372 r  u_ex1_ex2/mcycle_reg[52]_i_1/CO[3]
                         net (fo=1, routed)           0.000     9.372    u_ex1_ex2/mcycle_reg[52]_i_1_n_0
    SLICE_X28Y48         CARRY4 (Prop_carry4_CI_CO[3])
                                                      0.114     9.486 r  u_ex1_ex2/mcycle_reg[56]_i_1/CO[3]
                         net (fo=1, routed)           0.000     9.486    u_ex1_ex2/mcycle_reg[56]_i_1_n_0
    SLICE_X28Y49         CARRY4 (Prop_carry4_CI_O[1])
                                                      0.334     9.820 r  u_ex1_ex2/mcycle_reg[60]_i_1/O[1]
                         net (fo=1, routed)           0.000     9.820    u_csr/mcycle_reg[63]_0[1]
    SLICE_X28Y49         FDCE                                         r  u_csr/mcycle_reg[61]/D
  -------------------------------------------------------------------    -------------------

                         (clock clk rise edge)        5.000     5.000 r  
                                                      0.000     5.000 r  clk (IN)
                         net (fo=9586, unset)         0.924     5.924    u_csr/clk
    SLICE_X28Y49         FDCE                                         r  u_csr/mcycle_reg[61]/C
                         clock pessimism              0.000     5.924    
                         clock uncertainty           -0.035     5.889    
    SLICE_X28Y49         FDCE (Setup_fdce_C_D)        0.062     5.951    u_csr/mcycle_reg[61]
  -------------------------------------------------------------------
                         required time                          5.951    
                         arrival time                          -9.820    
  -------------------------------------------------------------------
                         slack                                 -3.869    

Slack (VIOLATED) :        -3.848ns  (required time - arrival time)
  Source:                 u_ex1_ex2/csr_addr_out_reg[0]/C
                            (rising edge-triggered cell FDCE clocked by clk  {rise@0.000ns fall@2.500ns period=5.000ns})
  Destination:            u_csr/mcycle_reg[63]/D
                            (rising edge-triggered cell FDCE clocked by clk  {rise@0.000ns fall@2.500ns period=5.000ns})
  Path Group:             clk
  Path Type:              Setup (Max at Slow Process Corner)
  Requirement:            5.000ns  (clk rise@5.000ns - clk rise@0.000ns)
  Data Path Delay:        8.826ns  (logic 3.517ns (39.848%)  route 5.309ns (60.152%))
  Logic Levels:           22  (CARRY4=15 LUT2=1 LUT5=3 LUT6=3)
  Clock Path Skew:        -0.049ns (DCD - SCD + CPR)
    Destination Clock Delay (DCD):    0.924ns = ( 5.924 - 5.000 ) 
    Source Clock Delay      (SCD):    0.973ns
    Clock Pessimism Removal (CPR):    0.000ns
  Clock Uncertainty:      0.035ns  ((TSJ^2 + TIJ^2)^1/2 + DJ) / 2 + PE
    Total System Jitter     (TSJ):    0.071ns
    Total Input Jitter      (TIJ):    0.000ns
    Discrete Jitter          (DJ):    0.000ns
    Phase Error              (PE):    0.000ns

    Location             Delay type                Incr(ns)  Path(ns)    Netlist Resource(s)
  -------------------------------------------------------------------    -------------------
                         (clock clk rise edge)        0.000     0.000 r  
                                                      0.000     0.000 r  clk (IN)
                         net (fo=9586, unset)         0.973     0.973    u_ex1_ex2/clk
    SLICE_X31Y43         FDCE                                         r  u_ex1_ex2/csr_addr_out_reg[0]/C
  -------------------------------------------------------------------    -------------------
    SLICE_X31Y43         FDCE (Prop_fdce_C_Q)         0.456     1.429 r  u_ex1_ex2/csr_addr_out_reg[0]/Q
                         net (fo=21, routed)          0.874     2.303    u_ex1_ex2/ex2_csr_addr[0]
    SLICE_X31Y44         LUT6 (Prop_lut6_I0_O)        0.124     2.427 r  u_ex1_ex2/csr_rdata_out[31]_i_18/O
                         net (fo=15, routed)          0.857     3.285    u_ex1_ex2/csr_rdata_out[31]_i_18_n_0
    SLICE_X13Y44         LUT2 (Prop_lut2_I1_O)        0.124     3.409 r  u_ex1_ex2/csr_rdata_out[31]_i_12/O
                         net (fo=178, routed)         1.197     4.606    u_csr/csr_rdata_out_reg[31]
    SLICE_X45Y44         LUT6 (Prop_lut6_I2_O)        0.124     4.730 r  u_csr/csr_rdata_out[6]_i_5/O
                         net (fo=1, routed)           0.572     5.302    u_ex1_ex2/csr_rdata_out_reg[6]_0
    SLICE_X45Y43         LUT5 (Prop_lut5_I1_O)        0.124     5.426 f  u_ex1_ex2/csr_rdata_out[6]_i_2/O
                         net (fo=3, routed)           0.667     6.092    u_ex1_ex2/csr_rdata_out[6]_i_2_n_0
    SLICE_X40Y37         LUT5 (Prop_lut5_I4_O)        0.124     6.216 f  u_ex1_ex2/mstatus[6]_i_2/O
                         net (fo=1, routed)           0.293     6.510    u_ex1_ex2/mstatus[6]_i_2_n_0
    SLICE_X41Y35         LUT5 (Prop_lut5_I0_O)        0.124     6.634 r  u_ex1_ex2/mstatus[6]_i_1/O
                         net (fo=15, routed)          0.848     7.482    u_ex1_ex2/csr_new[6]
    SLICE_X28Y35         LUT6 (Prop_lut6_I4_O)        0.124     7.606 r  u_ex1_ex2/mcycle[4]_i_3/O
                         net (fo=1, routed)           0.000     7.606    u_ex1_ex2/mcycle[4]_i_3_n_0
    SLICE_X28Y35         CARRY4 (Prop_carry4_S[2]_CO[3])
                                                      0.398     8.004 r  u_ex1_ex2/mcycle_reg[4]_i_1/CO[3]
                         net (fo=1, routed)           0.000     8.004    u_ex1_ex2/mcycle_reg[4]_i_1_n_0
    SLICE_X28Y36         CARRY4 (Prop_carry4_CI_CO[3])
                                                      0.114     8.118 r  u_ex1_ex2/mcycle_reg[8]_i_1/CO[3]
                         net (fo=1, routed)           0.000     8.118    u_ex1_ex2/mcycle_reg[8]_i_1_n_0
    SLICE_X28Y37         CARRY4 (Prop_carry4_CI_CO[3])
                                                      0.114     8.232 r  u_ex1_ex2/mcycle_reg[12]_i_1/CO[3]
                         net (fo=1, routed)           0.000     8.232    u_ex1_ex2/mcycle_reg[12]_i_1_n_0
    SLICE_X28Y38         CARRY4 (Prop_carry4_CI_CO[3])
                                                      0.114     8.346 r  u_ex1_ex2/mcycle_reg[16]_i_1/CO[3]
                         net (fo=1, routed)           0.000     8.346    u_ex1_ex2/mcycle_reg[16]_i_1_n_0
    SLICE_X28Y39         CARRY4 (Prop_carry4_CI_CO[3])
                                                      0.114     8.460 r  u_ex1_ex2/mcycle_reg[20]_i_1/CO[3]
                         net (fo=1, routed)           0.000     8.460    u_ex1_ex2/mcycle_reg[20]_i_1_n_0
    SLICE_X28Y40         CARRY4 (Prop_carry4_CI_CO[3])
                                                      0.114     8.574 r  u_ex1_ex2/mcycle_reg[24]_i_1/CO[3]
                         net (fo=1, routed)           0.000     8.574    u_ex1_ex2/mcycle_reg[24]_i_1_n_0
    SLICE_X28Y41         CARRY4 (Prop_carry4_CI_CO[3])
                                                      0.114     8.688 r  u_ex1_ex2/mcycle_reg[28]_i_1/CO[3]
                         net (fo=1, routed)           0.000     8.688    u_ex1_ex2/mcycle_reg[28]_i_1_n_0
    SLICE_X28Y42         CARRY4 (Prop_carry4_CI_CO[3])
                                                      0.114     8.802 r  u_ex1_ex2/mcycle_reg[32]_i_1/CO[3]
                         net (fo=1, routed)           0.000     8.802    u_ex1_ex2/mcycle_reg[32]_i_1_n_0
    SLICE_X28Y43         CARRY4 (Prop_carry4_CI_CO[3])
                                                      0.114     8.916 r  u_ex1_ex2/mcycle_reg[36]_i_1/CO[3]
                         net (fo=1, routed)           0.000     8.916    u_ex1_ex2/mcycle_reg[36]_i_1_n_0
    SLICE_X28Y44         CARRY4 (Prop_carry4_CI_CO[3])
                                                      0.114     9.030 r  u_ex1_ex2/mcycle_reg[40]_i_1/CO[3]
                         net (fo=1, routed)           0.000     9.030    u_ex1_ex2/mcycle_reg[40]_i_1_n_0
    SLICE_X28Y45         CARRY4 (Prop_carry4_CI_CO[3])
                                                      0.114     9.144 r  u_ex1_ex2/mcycle_reg[44]_i_1/CO[3]
                         net (fo=1, routed)           0.000     9.144    u_ex1_ex2/mcycle_reg[44]_i_1_n_0
    SLICE_X28Y46         CARRY4 (Prop_carry4_CI_CO[3])
                                                      0.114     9.258 r  u_ex1_ex2/mcycle_reg[48]_i_1/CO[3]
                         net (fo=1, routed)           0.000     9.258    u_ex1_ex2/mcycle_reg[48]_i_1_n_0
    SLICE_X28Y47         CARRY4 (Prop_carry4_CI_CO[3])
                                                      0.114     9.372 r  u_ex1_ex2/mcycle_reg[52]_i_1/CO[3]
                         net (fo=1, routed)           0.000     9.372    u_ex1_ex2/mcycle_reg[52]_i_1_n_0
    SLICE_X28Y48         CARRY4 (Prop_carry4_CI_CO[3])
                                                      0.114     9.486 r  u_ex1_ex2/mcycle_reg[56]_i_1/CO[3]
                         net (fo=1, routed)           0.000     9.486    u_ex1_ex2/mcycle_reg[56]_i_1_n_0
    SLICE_X28Y49         CARRY4 (Prop_carry4_CI_O[3])
                                                      0.313     9.799 r  u_ex1_ex2/mcycle_reg[60]_i_1/O[3]
                         net (fo=1, routed)           0.000     9.799    u_csr/mcycle_reg[63]_0[3]
    SLICE_X28Y49         FDCE                                         r  u_csr/mcycle_reg[63]/D
  -------------------------------------------------------------------    -------------------

                         (clock clk rise edge)        5.000     5.000 r  
                                                      0.000     5.000 r  clk (IN)
                         net (fo=9586, unset)         0.924     5.924    u_csr/clk
    SLICE_X28Y49         FDCE                                         r  u_csr/mcycle_reg[63]/C
                         clock pessimism              0.000     5.924    
                         clock uncertainty           -0.035     5.889    
    SLICE_X28Y49         FDCE (Setup_fdce_C_D)        0.062     5.951    u_csr/mcycle_reg[63]
  -------------------------------------------------------------------
                         required time                          5.951    
                         arrival time                          -9.799    
  -------------------------------------------------------------------
                         slack                                 -3.848    

Slack (VIOLATED) :        -3.774ns  (required time - arrival time)
  Source:                 u_ex1_ex2/csr_addr_out_reg[0]/C
                            (rising edge-triggered cell FDCE clocked by clk  {rise@0.000ns fall@2.500ns period=5.000ns})
  Destination:            u_csr/mcycle_reg[62]/D
                            (rising edge-triggered cell FDCE clocked by clk  {rise@0.000ns fall@2.500ns period=5.000ns})
  Path Group:             clk
  Path Type:              Setup (Max at Slow Process Corner)
  Requirement:            5.000ns  (clk rise@5.000ns - clk rise@0.000ns)
  Data Path Delay:        8.752ns  (logic 3.443ns (39.340%)  route 5.309ns (60.660%))
  Logic Levels:           22  (CARRY4=15 LUT2=1 LUT5=3 LUT6=3)
  Clock Path Skew:        -0.049ns (DCD - SCD + CPR)
    Destination Clock Delay (DCD):    0.924ns = ( 5.924 - 5.000 ) 
    Source Clock Delay      (SCD):    0.973ns
    Clock Pessimism Removal (CPR):    0.000ns
  Clock Uncertainty:      0.035ns  ((TSJ^2 + TIJ^2)^1/2 + DJ) / 2 + PE
    Total System Jitter     (TSJ):    0.071ns
    Total Input Jitter      (TIJ):    0.000ns
    Discrete Jitter          (DJ):    0.000ns
    Phase Error              (PE):    0.000ns

    Location             Delay type                Incr(ns)  Path(ns)    Netlist Resource(s)
  -------------------------------------------------------------------    -------------------
                         (clock clk rise edge)        0.000     0.000 r  
                                                      0.000     0.000 r  clk (IN)
                         net (fo=9586, unset)         0.973     0.973    u_ex1_ex2/clk
    SLICE_X31Y43         FDCE                                         r  u_ex1_ex2/csr_addr_out_reg[0]/C
  -------------------------------------------------------------------    -------------------
    SLICE_X31Y43         FDCE (Prop_fdce_C_Q)         0.456     1.429 r  u_ex1_ex2/csr_addr_out_reg[0]/Q
                         net (fo=21, routed)          0.874     2.303    u_ex1_ex2/ex2_csr_addr[0]
    SLICE_X31Y44         LUT6 (Prop_lut6_I0_O)        0.124     2.427 r  u_ex1_ex2/csr_rdata_out[31]_i_18/O
                         net (fo=15, routed)          0.857     3.285    u_ex1_ex2/csr_rdata_out[31]_i_18_n_0
    SLICE_X13Y44         LUT2 (Prop_lut2_I1_O)        0.124     3.409 r  u_ex1_ex2/csr_rdata_out[31]_i_12/O
                         net (fo=178, routed)         1.197     4.606    u_csr/csr_rdata_out_reg[31]
    SLICE_X45Y44         LUT6 (Prop_lut6_I2_O)        0.124     4.730 r  u_csr/csr_rdata_out[6]_i_5/O
                         net (fo=1, routed)           0.572     5.302    u_ex1_ex2/csr_rdata_out_reg[6]_0
    SLICE_X45Y43         LUT5 (Prop_lut5_I1_O)        0.124     5.426 f  u_ex1_ex2/csr_rdata_out[6]_i_2/O
                         net (fo=3, routed)           0.667     6.092    u_ex1_ex2/csr_rdata_out[6]_i_2_n_0
    SLICE_X40Y37         LUT5 (Prop_lut5_I4_O)        0.124     6.216 f  u_ex1_ex2/mstatus[6]_i_2/O
                         net (fo=1, routed)           0.293     6.510    u_ex1_ex2/mstatus[6]_i_2_n_0
    SLICE_X41Y35         LUT5 (Prop_lut5_I0_O)        0.124     6.634 r  u_ex1_ex2/mstatus[6]_i_1/O
                         net (fo=15, routed)          0.848     7.482    u_ex1_ex2/csr_new[6]
    SLICE_X28Y35         LUT6 (Prop_lut6_I4_O)        0.124     7.606 r  u_ex1_ex2/mcycle[4]_i_3/O
                         net (fo=1, routed)           0.000     7.606    u_ex1_ex2/mcycle[4]_i_3_n_0
    SLICE_X28Y35         CARRY4 (Prop_carry4_S[2]_CO[3])
                                                      0.398     8.004 r  u_ex1_ex2/mcycle_reg[4]_i_1/CO[3]
                         net (fo=1, routed)           0.000     8.004    u_ex1_ex2/mcycle_reg[4]_i_1_n_0
    SLICE_X28Y36         CARRY4 (Prop_carry4_CI_CO[3])
                                                      0.114     8.118 r  u_ex1_ex2/mcycle_reg[8]_i_1/CO[3]
                         net (fo=1, routed)           0.000     8.118    u_ex1_ex2/mcycle_reg[8]_i_1_n_0
    SLICE_X28Y37         CARRY4 (Prop_carry4_CI_CO[3])
                                                      0.114     8.232 r  u_ex1_ex2/mcycle_reg[12]_i_1/CO[3]
                         net (fo=1, routed)           0.000     8.232    u_ex1_ex2/mcycle_reg[12]_i_1_n_0
    SLICE_X28Y38         CARRY4 (Prop_carry4_CI_CO[3])
                                                      0.114     8.346 r  u_ex1_ex2/mcycle_reg[16]_i_1/CO[3]
                         net (fo=1, routed)           0.000     8.346    u_ex1_ex2/mcycle_reg[16]_i_1_n_0
    SLICE_X28Y39         CARRY4 (Prop_carry4_CI_CO[3])
                                                      0.114     8.460 r  u_ex1_ex2/mcycle_reg[20]_i_1/CO[3]
                         net (fo=1, routed)           0.000     8.460    u_ex1_ex2/mcycle_reg[20]_i_1_n_0
    SLICE_X28Y40         CARRY4 (Prop_carry4_CI_CO[3])
                                                      0.114     8.574 r  u_ex1_ex2/mcycle_reg[24]_i_1/CO[3]
                         net (fo=1, routed)           0.000     8.574    u_ex1_ex2/mcycle_reg[24]_i_1_n_0
    SLICE_X28Y41         CARRY4 (Prop_carry4_CI_CO[3])
                                                      0.114     8.688 r  u_ex1_ex2/mcycle_reg[28]_i_1/CO[3]
                         net (fo=1, routed)           0.000     8.688    u_ex1_ex2/mcycle_reg[28]_i_1_n_0
    SLICE_X28Y42         CARRY4 (Prop_carry4_CI_CO[3])
                                                      0.114     8.802 r  u_ex1_ex2/mcycle_reg[32]_i_1/CO[3]
                         net (fo=1, routed)           0.000     8.802    u_ex1_ex2/mcycle_reg[32]_i_1_n_0
    SLICE_X28Y43         CARRY4 (Prop_carry4_CI_CO[3])
                                                      0.114     8.916 r  u_ex1_ex2/mcycle_reg[36]_i_1/CO[3]
                         net (fo=1, routed)           0.000     8.916    u_ex1_ex2/mcycle_reg[36]_i_1_n_0
    SLICE_X28Y44         CARRY4 (Prop_carry4_CI_CO[3])
                                                      0.114     9.030 r  u_ex1_ex2/mcycle_reg[40]_i_1/CO[3]
                         net (fo=1, routed)           0.000     9.030    u_ex1_ex2/mcycle_reg[40]_i_1_n_0
    SLICE_X28Y45         CARRY4 (Prop_carry4_CI_CO[3])
                                                      0.114     9.144 r  u_ex1_ex2/mcycle_reg[44]_i_1/CO[3]
                         net (fo=1, routed)           0.000     9.144    u_ex1_ex2/mcycle_reg[44]_i_1_n_0
    SLICE_X28Y46         CARRY4 (Prop_carry4_CI_CO[3])
                                                      0.114     9.258 r  u_ex1_ex2/mcycle_reg[48]_i_1/CO[3]
                         net (fo=1, routed)           0.000     9.258    u_ex1_ex2/mcycle_reg[48]_i_1_n_0
    SLICE_X28Y47         CARRY4 (Prop_carry4_CI_CO[3])
                                                      0.114     9.372 r  u_ex1_ex2/mcycle_reg[52]_i_1/CO[3]
                         net (fo=1, routed)           0.000     9.372    u_ex1_ex2/mcycle_reg[52]_i_1_n_0
    SLICE_X28Y48         CARRY4 (Prop_carry4_CI_CO[3])
                                                      0.114     9.486 r  u_ex1_ex2/mcycle_reg[56]_i_1/CO[3]
                         net (fo=1, routed)           0.000     9.486    u_ex1_ex2/mcycle_reg[56]_i_1_n_0
    SLICE_X28Y49         CARRY4 (Prop_carry4_CI_O[2])
                                                      0.239     9.725 r  u_ex1_ex2/mcycle_reg[60]_i_1/O[2]
                         net (fo=1, routed)           0.000     9.725    u_csr/mcycle_reg[63]_0[2]
    SLICE_X28Y49         FDCE                                         r  u_csr/mcycle_reg[62]/D
  -------------------------------------------------------------------    -------------------

                         (clock clk rise edge)        5.000     5.000 r  
                                                      0.000     5.000 r  clk (IN)
                         net (fo=9586, unset)         0.924     5.924    u_csr/clk
    SLICE_X28Y49         FDCE                                         r  u_csr/mcycle_reg[62]/C
                         clock pessimism              0.000     5.924    
                         clock uncertainty           -0.035     5.889    
    SLICE_X28Y49         FDCE (Setup_fdce_C_D)        0.062     5.951    u_csr/mcycle_reg[62]
  -------------------------------------------------------------------
                         required time                          5.951    
                         arrival time                          -9.725    
  -------------------------------------------------------------------
                         slack                                 -3.774    

Slack (VIOLATED) :        -3.758ns  (required time - arrival time)
  Source:                 u_ex1_ex2/csr_addr_out_reg[0]/C
                            (rising edge-triggered cell FDCE clocked by clk  {rise@0.000ns fall@2.500ns period=5.000ns})
  Destination:            u_csr/mcycle_reg[60]/D
                            (rising edge-triggered cell FDCE clocked by clk  {rise@0.000ns fall@2.500ns period=5.000ns})
  Path Group:             clk
  Path Type:              Setup (Max at Slow Process Corner)
  Requirement:            5.000ns  (clk rise@5.000ns - clk rise@0.000ns)
  Data Path Delay:        8.736ns  (logic 3.427ns (39.229%)  route 5.309ns (60.771%))
  Logic Levels:           22  (CARRY4=15 LUT2=1 LUT5=3 LUT6=3)
  Clock Path Skew:        -0.049ns (DCD - SCD + CPR)
    Destination Clock Delay (DCD):    0.924ns = ( 5.924 - 5.000 ) 
    Source Clock Delay      (SCD):    0.973ns
    Clock Pessimism Removal (CPR):    0.000ns
  Clock Uncertainty:      0.035ns  ((TSJ^2 + TIJ^2)^1/2 + DJ) / 2 + PE
    Total System Jitter     (TSJ):    0.071ns
    Total Input Jitter      (TIJ):    0.000ns
    Discrete Jitter          (DJ):    0.000ns
    Phase Error              (PE):    0.000ns

    Location             Delay type                Incr(ns)  Path(ns)    Netlist Resource(s)
  -------------------------------------------------------------------    -------------------
                         (clock clk rise edge)        0.000     0.000 r  
                                                      0.000     0.000 r  clk (IN)
                         net (fo=9586, unset)         0.973     0.973    u_ex1_ex2/clk
    SLICE_X31Y43         FDCE                                         r  u_ex1_ex2/csr_addr_out_reg[0]/C
  -------------------------------------------------------------------    -------------------
    SLICE_X31Y43         FDCE (Prop_fdce_C_Q)         0.456     1.429 r  u_ex1_ex2/csr_addr_out_reg[0]/Q
                         net (fo=21, routed)          0.874     2.303    u_ex1_ex2/ex2_csr_addr[0]
    SLICE_X31Y44         LUT6 (Prop_lut6_I0_O)        0.124     2.427 r  u_ex1_ex2/csr_rdata_out[31]_i_18/O
                         net (fo=15, routed)          0.857     3.285    u_ex1_ex2/csr_rdata_out[31]_i_18_n_0
    SLICE_X13Y44         LUT2 (Prop_lut2_I1_O)        0.124     3.409 r  u_ex1_ex2/csr_rdata_out[31]_i_12/O
                         net (fo=178, routed)         1.197     4.606    u_csr/csr_rdata_out_reg[31]
    SLICE_X45Y44         LUT6 (Prop_lut6_I2_O)        0.124     4.730 r  u_csr/csr_rdata_out[6]_i_5/O
                         net (fo=1, routed)           0.572     5.302    u_ex1_ex2/csr_rdata_out_reg[6]_0
    SLICE_X45Y43         LUT5 (Prop_lut5_I1_O)        0.124     5.426 f  u_ex1_ex2/csr_rdata_out[6]_i_2/O
                         net (fo=3, routed)           0.667     6.092    u_ex1_ex2/csr_rdata_out[6]_i_2_n_0
    SLICE_X40Y37         LUT5 (Prop_lut5_I4_O)        0.124     6.216 f  u_ex1_ex2/mstatus[6]_i_2/O
                         net (fo=1, routed)           0.293     6.510    u_ex1_ex2/mstatus[6]_i_2_n_0
    SLICE_X41Y35         LUT5 (Prop_lut5_I0_O)        0.124     6.634 r  u_ex1_ex2/mstatus[6]_i_1/O
                         net (fo=15, routed)          0.848     7.482    u_ex1_ex2/csr_new[6]
    SLICE_X28Y35         LUT6 (Prop_lut6_I4_O)        0.124     7.606 r  u_ex1_ex2/mcycle[4]_i_3/O
                         net (fo=1, routed)           0.000     7.606    u_ex1_ex2/mcycle[4]_i_3_n_0
    SLICE_X28Y35         CARRY4 (Prop_carry4_S[2]_CO[3])
                                                      0.398     8.004 r  u_ex1_ex2/mcycle_reg[4]_i_1/CO[3]
                         net (fo=1, routed)           0.000     8.004    u_ex1_ex2/mcycle_reg[4]_i_1_n_0
    SLICE_X28Y36         CARRY4 (Prop_carry4_CI_CO[3])
                                                      0.114     8.118 r  u_ex1_ex2/mcycle_reg[8]_i_1/CO[3]
                         net (fo=1, routed)           0.000     8.118    u_ex1_ex2/mcycle_reg[8]_i_1_n_0
    SLICE_X28Y37         CARRY4 (Prop_carry4_CI_CO[3])
                                                      0.114     8.232 r  u_ex1_ex2/mcycle_reg[12]_i_1/CO[3]
                         net (fo=1, routed)           0.000     8.232    u_ex1_ex2/mcycle_reg[12]_i_1_n_0
    SLICE_X28Y38         CARRY4 (Prop_carry4_CI_CO[3])
                                                      0.114     8.346 r  u_ex1_ex2/mcycle_reg[16]_i_1/CO[3]
                         net (fo=1, routed)           0.000     8.346    u_ex1_ex2/mcycle_reg[16]_i_1_n_0
    SLICE_X28Y39         CARRY4 (Prop_carry4_CI_CO[3])
                                                      0.114     8.460 r  u_ex1_ex2/mcycle_reg[20]_i_1/CO[3]
                         net (fo=1, routed)           0.000     8.460    u_ex1_ex2/mcycle_reg[20]_i_1_n_0
    SLICE_X28Y40         CARRY4 (Prop_carry4_CI_CO[3])
                                                      0.114     8.574 r  u_ex1_ex2/mcycle_reg[24]_i_1/CO[3]
                         net (fo=1, routed)           0.000     8.574    u_ex1_ex2/mcycle_reg[24]_i_1_n_0
    SLICE_X28Y41         CARRY4 (Prop_carry4_CI_CO[3])
                                                      0.114     8.688 r  u_ex1_ex2/mcycle_reg[28]_i_1/CO[3]
                         net (fo=1, routed)           0.000     8.688    u_ex1_ex2/mcycle_reg[28]_i_1_n_0
    SLICE_X28Y42         CARRY4 (Prop_carry4_CI_CO[3])
                                                      0.114     8.802 r  u_ex1_ex2/mcycle_reg[32]_i_1/CO[3]
                         net (fo=1, routed)           0.000     8.802    u_ex1_ex2/mcycle_reg[32]_i_1_n_0
    SLICE_X28Y43         CARRY4 (Prop_carry4_CI_CO[3])
                                                      0.114     8.916 r  u_ex1_ex2/mcycle_reg[36]_i_1/CO[3]
                         net (fo=1, routed)           0.000     8.916    u_ex1_ex2/mcycle_reg[36]_i_1_n_0
    SLICE_X28Y44         CARRY4 (Prop_carry4_CI_CO[3])
                                                      0.114     9.030 r  u_ex1_ex2/mcycle_reg[40]_i_1/CO[3]
                         net (fo=1, routed)           0.000     9.030    u_ex1_ex2/mcycle_reg[40]_i_1_n_0
    SLICE_X28Y45         CARRY4 (Prop_carry4_CI_CO[3])
                                                      0.114     9.144 r  u_ex1_ex2/mcycle_reg[44]_i_1/CO[3]
                         net (fo=1, routed)           0.000     9.144    u_ex1_ex2/mcycle_reg[44]_i_1_n_0
    SLICE_X28Y46         CARRY4 (Prop_carry4_CI_CO[3])
                                                      0.114     9.258 r  u_ex1_ex2/mcycle_reg[48]_i_1/CO[3]
                         net (fo=1, routed)           0.000     9.258    u_ex1_ex2/mcycle_reg[48]_i_1_n_0
    SLICE_X28Y47         CARRY4 (Prop_carry4_CI_CO[3])
                                                      0.114     9.372 r  u_ex1_ex2/mcycle_reg[52]_i_1/CO[3]
                         net (fo=1, routed)           0.000     9.372    u_ex1_ex2/mcycle_reg[52]_i_1_n_0
    SLICE_X28Y48         CARRY4 (Prop_carry4_CI_CO[3])
                                                      0.114     9.486 r  u_ex1_ex2/mcycle_reg[56]_i_1/CO[3]
                         net (fo=1, routed)           0.000     9.486    u_ex1_ex2/mcycle_reg[56]_i_1_n_0
    SLICE_X28Y49         CARRY4 (Prop_carry4_CI_O[0])
                                                      0.223     9.709 r  u_ex1_ex2/mcycle_reg[60]_i_1/O[0]
                         net (fo=1, routed)           0.000     9.709    u_csr/mcycle_reg[63]_0[0]
    SLICE_X28Y49         FDCE                                         r  u_csr/mcycle_reg[60]/D
  -------------------------------------------------------------------    -------------------

                         (clock clk rise edge)        5.000     5.000 r  
                                                      0.000     5.000 r  clk (IN)
                         net (fo=9586, unset)         0.924     5.924    u_csr/clk
    SLICE_X28Y49         FDCE                                         r  u_csr/mcycle_reg[60]/C
                         clock pessimism              0.000     5.924    
                         clock uncertainty           -0.035     5.889    
    SLICE_X28Y49         FDCE (Setup_fdce_C_D)        0.062     5.951    u_csr/mcycle_reg[60]
  -------------------------------------------------------------------
                         required time                          5.951    
                         arrival time                          -9.709    
  -------------------------------------------------------------------
                         slack                                 -3.758    

Slack (VIOLATED) :        -3.755ns  (required time - arrival time)
  Source:                 u_ex1_ex2/csr_addr_out_reg[0]/C
                            (rising edge-triggered cell FDCE clocked by clk  {rise@0.000ns fall@2.500ns period=5.000ns})
  Destination:            u_csr/mcycle_reg[57]/D
                            (rising edge-triggered cell FDCE clocked by clk  {rise@0.000ns fall@2.500ns period=5.000ns})
  Path Group:             clk
  Path Type:              Setup (Max at Slow Process Corner)
  Requirement:            5.000ns  (clk rise@5.000ns - clk rise@0.000ns)
  Data Path Delay:        8.733ns  (logic 3.424ns (39.208%)  route 5.309ns (60.792%))
  Logic Levels:           21  (CARRY4=14 LUT2=1 LUT5=3 LUT6=3)
  Clock Path Skew:        -0.049ns (DCD - SCD + CPR)
    Destination Clock Delay (DCD):    0.924ns = ( 5.924 - 5.000 ) 
    Source Clock Delay      (SCD):    0.973ns
    Clock Pessimism Removal (CPR):    0.000ns
  Clock Uncertainty:      0.035ns  ((TSJ^2 + TIJ^2)^1/2 + DJ) / 2 + PE
    Total System Jitter     (TSJ):    0.071ns
    Total Input Jitter      (TIJ):    0.000ns
    Discrete Jitter          (DJ):    0.000ns
    Phase Error              (PE):    0.000ns

    Location             Delay type                Incr(ns)  Path(ns)    Netlist Resource(s)
  -------------------------------------------------------------------    -------------------
                         (clock clk rise edge)        0.000     0.000 r  
                                                      0.000     0.000 r  clk (IN)
                         net (fo=9586, unset)         0.973     0.973    u_ex1_ex2/clk
    SLICE_X31Y43         FDCE                                         r  u_ex1_ex2/csr_addr_out_reg[0]/C
  -------------------------------------------------------------------    -------------------
    SLICE_X31Y43         FDCE (Prop_fdce_C_Q)         0.456     1.429 r  u_ex1_ex2/csr_addr_out_reg[0]/Q
                         net (fo=21, routed)          0.874     2.303    u_ex1_ex2/ex2_csr_addr[0]
    SLICE_X31Y44         LUT6 (Prop_lut6_I0_O)        0.124     2.427 r  u_ex1_ex2/csr_rdata_out[31]_i_18/O
                         net (fo=15, routed)          0.857     3.285    u_ex1_ex2/csr_rdata_out[31]_i_18_n_0
    SLICE_X13Y44         LUT2 (Prop_lut2_I1_O)        0.124     3.409 r  u_ex1_ex2/csr_rdata_out[31]_i_12/O
                         net (fo=178, routed)         1.197     4.606    u_csr/csr_rdata_out_reg[31]
    SLICE_X45Y44         LUT6 (Prop_lut6_I2_O)        0.124     4.730 r  u_csr/csr_rdata_out[6]_i_5/O
                         net (fo=1, routed)           0.572     5.302    u_ex1_ex2/csr_rdata_out_reg[6]_0
    SLICE_X45Y43         LUT5 (Prop_lut5_I1_O)        0.124     5.426 f  u_ex1_ex2/csr_rdata_out[6]_i_2/O
                         net (fo=3, routed)           0.667     6.092    u_ex1_ex2/csr_rdata_out[6]_i_2_n_0
    SLICE_X40Y37         LUT5 (Prop_lut5_I4_O)        0.124     6.216 f  u_ex1_ex2/mstatus[6]_i_2/O
                         net (fo=1, routed)           0.293     6.510    u_ex1_ex2/mstatus[6]_i_2_n_0
    SLICE_X41Y35         LUT5 (Prop_lut5_I0_O)        0.124     6.634 r  u_ex1_ex2/mstatus[6]_i_1/O
                         net (fo=15, routed)          0.848     7.482    u_ex1_ex2/csr_new[6]
    SLICE_X28Y35         LUT6 (Prop_lut6_I4_O)        0.124     7.606 r  u_ex1_ex2/mcycle[4]_i_3/O
                         net (fo=1, routed)           0.000     7.606    u_ex1_ex2/mcycle[4]_i_3_n_0
    SLICE_X28Y35         CARRY4 (Prop_carry4_S[2]_CO[3])
                                                      0.398     8.004 r  u_ex1_ex2/mcycle_reg[4]_i_1/CO[3]
                         net (fo=1, routed)           0.000     8.004    u_ex1_ex2/mcycle_reg[4]_i_1_n_0
    SLICE_X28Y36         CARRY4 (Prop_carry4_CI_CO[3])
                                                      0.114     8.118 r  u_ex1_ex2/mcycle_reg[8]_i_1/CO[3]
                         net (fo=1, routed)           0.000     8.118    u_ex1_ex2/mcycle_reg[8]_i_1_n_0
    SLICE_X28Y37         CARRY4 (Prop_carry4_CI_CO[3])
                                                      0.114     8.232 r  u_ex1_ex2/mcycle_reg[12]_i_1/CO[3]
                         net (fo=1, routed)           0.000     8.232    u_ex1_ex2/mcycle_reg[12]_i_1_n_0
    SLICE_X28Y38         CARRY4 (Prop_carry4_CI_CO[3])
                                                      0.114     8.346 r  u_ex1_ex2/mcycle_reg[16]_i_1/CO[3]
                         net (fo=1, routed)           0.000     8.346    u_ex1_ex2/mcycle_reg[16]_i_1_n_0
    SLICE_X28Y39         CARRY4 (Prop_carry4_CI_CO[3])
                                                      0.114     8.460 r  u_ex1_ex2/mcycle_reg[20]_i_1/CO[3]
                         net (fo=1, routed)           0.000     8.460    u_ex1_ex2/mcycle_reg[20]_i_1_n_0
    SLICE_X28Y40         CARRY4 (Prop_carry4_CI_CO[3])
                                                      0.114     8.574 r  u_ex1_ex2/mcycle_reg[24]_i_1/CO[3]
                         net (fo=1, routed)           0.000     8.574    u_ex1_ex2/mcycle_reg[24]_i_1_n_0
    SLICE_X28Y41         CARRY4 (Prop_carry4_CI_CO[3])
                                                      0.114     8.688 r  u_ex1_ex2/mcycle_reg[28]_i_1/CO[3]
                         net (fo=1, routed)           0.000     8.688    u_ex1_ex2/mcycle_reg[28]_i_1_n_0
    SLICE_X28Y42         CARRY4 (Prop_carry4_CI_CO[3])
                                                      0.114     8.802 r  u_ex1_ex2/mcycle_reg[32]_i_1/CO[3]
                         net (fo=1, routed)           0.000     8.802    u_ex1_ex2/mcycle_reg[32]_i_1_n_0
    SLICE_X28Y43         CARRY4 (Prop_carry4_CI_CO[3])
                                                      0.114     8.916 r  u_ex1_ex2/mcycle_reg[36]_i_1/CO[3]
                         net (fo=1, routed)           0.000     8.916    u_ex1_ex2/mcycle_reg[36]_i_1_n_0
    SLICE_X28Y44         CARRY4 (Prop_carry4_CI_CO[3])
                                                      0.114     9.030 r  u_ex1_ex2/mcycle_reg[40]_i_1/CO[3]
                         net (fo=1, routed)           0.000     9.030    u_ex1_ex2/mcycle_reg[40]_i_1_n_0
    SLICE_X28Y45         CARRY4 (Prop_carry4_CI_CO[3])
                                                      0.114     9.144 r  u_ex1_ex2/mcycle_reg[44]_i_1/CO[3]
                         net (fo=1, routed)           0.000     9.144    u_ex1_ex2/mcycle_reg[44]_i_1_n_0
    SLICE_X28Y46         CARRY4 (Prop_carry4_CI_CO[3])
                                                      0.114     9.258 r  u_ex1_ex2/mcycle_reg[48]_i_1/CO[3]
                         net (fo=1, routed)           0.000     9.258    u_ex1_ex2/mcycle_reg[48]_i_1_n_0
    SLICE_X28Y47         CARRY4 (Prop_carry4_CI_CO[3])
                                                      0.114     9.372 r  u_ex1_ex2/mcycle_reg[52]_i_1/CO[3]
                         net (fo=1, routed)           0.000     9.372    u_ex1_ex2/mcycle_reg[52]_i_1_n_0
    SLICE_X28Y48         CARRY4 (Prop_carry4_CI_O[1])
                                                      0.334     9.706 r  u_ex1_ex2/mcycle_reg[56]_i_1/O[1]
                         net (fo=1, routed)           0.000     9.706    u_csr/mcycle_reg[59]_0[1]
    SLICE_X28Y48         FDCE                                         r  u_csr/mcycle_reg[57]/D
  -------------------------------------------------------------------    -------------------

                         (clock clk rise edge)        5.000     5.000 r  
                                                      0.000     5.000 r  clk (IN)
                         net (fo=9586, unset)         0.924     5.924    u_csr/clk
    SLICE_X28Y48         FDCE                                         r  u_csr/mcycle_reg[57]/C
                         clock pessimism              0.000     5.924    
                         clock uncertainty           -0.035     5.889    
    SLICE_X28Y48         FDCE (Setup_fdce_C_D)        0.062     5.951    u_csr/mcycle_reg[57]
  -------------------------------------------------------------------
                         required time                          5.951    
                         arrival time                          -9.706    
  -------------------------------------------------------------------
                         slack                                 -3.755    

Slack (VIOLATED) :        -3.734ns  (required time - arrival time)
  Source:                 u_ex1_ex2/csr_addr_out_reg[0]/C
                            (rising edge-triggered cell FDCE clocked by clk  {rise@0.000ns fall@2.500ns period=5.000ns})
  Destination:            u_csr/mcycle_reg[59]/D
                            (rising edge-triggered cell FDCE clocked by clk  {rise@0.000ns fall@2.500ns period=5.000ns})
  Path Group:             clk
  Path Type:              Setup (Max at Slow Process Corner)
  Requirement:            5.000ns  (clk rise@5.000ns - clk rise@0.000ns)
  Data Path Delay:        8.712ns  (logic 3.403ns (39.061%)  route 5.309ns (60.939%))
  Logic Levels:           21  (CARRY4=14 LUT2=1 LUT5=3 LUT6=3)
  Clock Path Skew:        -0.049ns (DCD - SCD + CPR)
    Destination Clock Delay (DCD):    0.924ns = ( 5.924 - 5.000 ) 
    Source Clock Delay      (SCD):    0.973ns
    Clock Pessimism Removal (CPR):    0.000ns
  Clock Uncertainty:      0.035ns  ((TSJ^2 + TIJ^2)^1/2 + DJ) / 2 + PE
    Total System Jitter     (TSJ):    0.071ns
    Total Input Jitter      (TIJ):    0.000ns
    Discrete Jitter          (DJ):    0.000ns
    Phase Error              (PE):    0.000ns

    Location             Delay type                Incr(ns)  Path(ns)    Netlist Resource(s)
  -------------------------------------------------------------------    -------------------
                         (clock clk rise edge)        0.000     0.000 r  
                                                      0.000     0.000 r  clk (IN)
                         net (fo=9586, unset)         0.973     0.973    u_ex1_ex2/clk
    SLICE_X31Y43         FDCE                                         r  u_ex1_ex2/csr_addr_out_reg[0]/C
  -------------------------------------------------------------------    -------------------
    SLICE_X31Y43         FDCE (Prop_fdce_C_Q)         0.456     1.429 r  u_ex1_ex2/csr_addr_out_reg[0]/Q
                         net (fo=21, routed)          0.874     2.303    u_ex1_ex2/ex2_csr_addr[0]
    SLICE_X31Y44         LUT6 (Prop_lut6_I0_O)        0.124     2.427 r  u_ex1_ex2/csr_rdata_out[31]_i_18/O
                         net (fo=15, routed)          0.857     3.285    u_ex1_ex2/csr_rdata_out[31]_i_18_n_0
    SLICE_X13Y44         LUT2 (Prop_lut2_I1_O)        0.124     3.409 r  u_ex1_ex2/csr_rdata_out[31]_i_12/O
                         net (fo=178, routed)         1.197     4.606    u_csr/csr_rdata_out_reg[31]
    SLICE_X45Y44         LUT6 (Prop_lut6_I2_O)        0.124     4.730 r  u_csr/csr_rdata_out[6]_i_5/O
                         net (fo=1, routed)           0.572     5.302    u_ex1_ex2/csr_rdata_out_reg[6]_0
    SLICE_X45Y43         LUT5 (Prop_lut5_I1_O)        0.124     5.426 f  u_ex1_ex2/csr_rdata_out[6]_i_2/O
                         net (fo=3, routed)           0.667     6.092    u_ex1_ex2/csr_rdata_out[6]_i_2_n_0
    SLICE_X40Y37         LUT5 (Prop_lut5_I4_O)        0.124     6.216 f  u_ex1_ex2/mstatus[6]_i_2/O
                         net (fo=1, routed)           0.293     6.510    u_ex1_ex2/mstatus[6]_i_2_n_0
    SLICE_X41Y35         LUT5 (Prop_lut5_I0_O)        0.124     6.634 r  u_ex1_ex2/mstatus[6]_i_1/O
                         net (fo=15, routed)          0.848     7.482    u_ex1_ex2/csr_new[6]
    SLICE_X28Y35         LUT6 (Prop_lut6_I4_O)        0.124     7.606 r  u_ex1_ex2/mcycle[4]_i_3/O
                         net (fo=1, routed)           0.000     7.606    u_ex1_ex2/mcycle[4]_i_3_n_0
    SLICE_X28Y35         CARRY4 (Prop_carry4_S[2]_CO[3])
                                                      0.398     8.004 r  u_ex1_ex2/mcycle_reg[4]_i_1/CO[3]
                         net (fo=1, routed)           0.000     8.004    u_ex1_ex2/mcycle_reg[4]_i_1_n_0
    SLICE_X28Y36         CARRY4 (Prop_carry4_CI_CO[3])
                                                      0.114     8.118 r  u_ex1_ex2/mcycle_reg[8]_i_1/CO[3]
                         net (fo=1, routed)           0.000     8.118    u_ex1_ex2/mcycle_reg[8]_i_1_n_0
    SLICE_X28Y37         CARRY4 (Prop_carry4_CI_CO[3])
                                                      0.114     8.232 r  u_ex1_ex2/mcycle_reg[12]_i_1/CO[3]
                         net (fo=1, routed)           0.000     8.232    u_ex1_ex2/mcycle_reg[12]_i_1_n_0
    SLICE_X28Y38         CARRY4 (Prop_carry4_CI_CO[3])
                                                      0.114     8.346 r  u_ex1_ex2/mcycle_reg[16]_i_1/CO[3]
                         net (fo=1, routed)           0.000     8.346    u_ex1_ex2/mcycle_reg[16]_i_1_n_0
    SLICE_X28Y39         CARRY4 (Prop_carry4_CI_CO[3])
                                                      0.114     8.460 r  u_ex1_ex2/mcycle_reg[20]_i_1/CO[3]
                         net (fo=1, routed)           0.000     8.460    u_ex1_ex2/mcycle_reg[20]_i_1_n_0
    SLICE_X28Y40         CARRY4 (Prop_carry4_CI_CO[3])
                                                      0.114     8.574 r  u_ex1_ex2/mcycle_reg[24]_i_1/CO[3]
                         net (fo=1, routed)           0.000     8.574    u_ex1_ex2/mcycle_reg[24]_i_1_n_0
    SLICE_X28Y41         CARRY4 (Prop_carry4_CI_CO[3])
                                                      0.114     8.688 r  u_ex1_ex2/mcycle_reg[28]_i_1/CO[3]
                         net (fo=1, routed)           0.000     8.688    u_ex1_ex2/mcycle_reg[28]_i_1_n_0
    SLICE_X28Y42         CARRY4 (Prop_carry4_CI_CO[3])
                                                      0.114     8.802 r  u_ex1_ex2/mcycle_reg[32]_i_1/CO[3]
                         net (fo=1, routed)           0.000     8.802    u_ex1_ex2/mcycle_reg[32]_i_1_n_0
    SLICE_X28Y43         CARRY4 (Prop_carry4_CI_CO[3])
                                                      0.114     8.916 r  u_ex1_ex2/mcycle_reg[36]_i_1/CO[3]
                         net (fo=1, routed)           0.000     8.916    u_ex1_ex2/mcycle_reg[36]_i_1_n_0
    SLICE_X28Y44         CARRY4 (Prop_carry4_CI_CO[3])
                                                      0.114     9.030 r  u_ex1_ex2/mcycle_reg[40]_i_1/CO[3]
                         net (fo=1, routed)           0.000     9.030    u_ex1_ex2/mcycle_reg[40]_i_1_n_0
    SLICE_X28Y45         CARRY4 (Prop_carry4_CI_CO[3])
                                                      0.114     9.144 r  u_ex1_ex2/mcycle_reg[44]_i_1/CO[3]
                         net (fo=1, routed)           0.000     9.144    u_ex1_ex2/mcycle_reg[44]_i_1_n_0
    SLICE_X28Y46         CARRY4 (Prop_carry4_CI_CO[3])
                                                      0.114     9.258 r  u_ex1_ex2/mcycle_reg[48]_i_1/CO[3]
                         net (fo=1, routed)           0.000     9.258    u_ex1_ex2/mcycle_reg[48]_i_1_n_0
    SLICE_X28Y47         CARRY4 (Prop_carry4_CI_CO[3])
                                                      0.114     9.372 r  u_ex1_ex2/mcycle_reg[52]_i_1/CO[3]
                         net (fo=1, routed)           0.000     9.372    u_ex1_ex2/mcycle_reg[52]_i_1_n_0
    SLICE_X28Y48         CARRY4 (Prop_carry4_CI_O[3])
                                                      0.313     9.685 r  u_ex1_ex2/mcycle_reg[56]_i_1/O[3]
                         net (fo=1, routed)           0.000     9.685    u_csr/mcycle_reg[59]_0[3]
    SLICE_X28Y48         FDCE                                         r  u_csr/mcycle_reg[59]/D
  -------------------------------------------------------------------    -------------------

                         (clock clk rise edge)        5.000     5.000 r  
                                                      0.000     5.000 r  clk (IN)
                         net (fo=9586, unset)         0.924     5.924    u_csr/clk
    SLICE_X28Y48         FDCE                                         r  u_csr/mcycle_reg[59]/C
                         clock pessimism              0.000     5.924    
                         clock uncertainty           -0.035     5.889    
    SLICE_X28Y48         FDCE (Setup_fdce_C_D)        0.062     5.951    u_csr/mcycle_reg[59]
  -------------------------------------------------------------------
                         required time                          5.951    
                         arrival time                          -9.685    
  -------------------------------------------------------------------
                         slack                                 -3.734    

Slack (VIOLATED) :        -3.712ns  (required time - arrival time)
  Source:                 u_ex2_mem/alu_result_out_reg[2]_rep__4/C
                            (rising edge-triggered cell FDCE clocked by clk  {rise@0.000ns fall@2.500ns period=5.000ns})
  Destination:            u_ex1_ex2/csr_wdata_out_reg[30]/D
                            (rising edge-triggered cell FDCE clocked by clk  {rise@0.000ns fall@2.500ns period=5.000ns})
  Path Group:             clk
  Path Type:              Setup (Max at Slow Process Corner)
  Requirement:            5.000ns  (clk rise@5.000ns - clk rise@0.000ns)
  Data Path Delay:        8.703ns  (logic 2.382ns (27.375%)  route 6.321ns (72.625%))
  Logic Levels:           10  (LUT2=1 LUT3=1 LUT4=1 LUT6=3 MUXF7=2 MUXF8=1 RAMS64E=1)
  Clock Path Skew:        -0.049ns (DCD - SCD + CPR)
    Destination Clock Delay (DCD):    0.924ns = ( 5.924 - 5.000 ) 
    Source Clock Delay      (SCD):    0.973ns
    Clock Pessimism Removal (CPR):    0.000ns
  Clock Uncertainty:      0.035ns  ((TSJ^2 + TIJ^2)^1/2 + DJ) / 2 + PE
    Total System Jitter     (TSJ):    0.071ns
    Total Input Jitter      (TIJ):    0.000ns
    Discrete Jitter          (DJ):    0.000ns
    Phase Error              (PE):    0.000ns

    Location             Delay type                Incr(ns)  Path(ns)    Netlist Resource(s)
  -------------------------------------------------------------------    -------------------
                         (clock clk rise edge)        0.000     0.000 r  
                                                      0.000     0.000 r  clk (IN)
                         net (fo=9586, unset)         0.973     0.973    u_ex2_mem/clk
    SLICE_X34Y21         FDCE                                         r  u_ex2_mem/alu_result_out_reg[2]_rep__4/C
  -------------------------------------------------------------------    -------------------
    SLICE_X34Y21         FDCE (Prop_fdce_C_Q)         0.518     1.491 r  u_ex2_mem/alu_result_out_reg[2]_rep__4/Q
                         net (fo=128, routed)         1.434     2.925    u_dmem/mem_reg_1536_1791_30_30/A0
    SLICE_X30Y27         RAMS64E (Prop_rams64e_ADR0_O)
                                                      0.205     3.131 r  u_dmem/mem_reg_1536_1791_30_30/RAMS64E_A/O
                         net (fo=1, routed)           0.000     3.131    u_dmem/mem_reg_1536_1791_30_30/OA
    SLICE_X30Y27         MUXF7 (Prop_muxf7_I1_O)      0.214     3.345 r  u_dmem/mem_reg_1536_1791_30_30/F7.A/O
                         net (fo=1, routed)           0.000     3.345    u_dmem/mem_reg_1536_1791_30_30/O1
    SLICE_X30Y27         MUXF8 (Prop_muxf8_I1_O)      0.088     3.433 r  u_dmem/mem_reg_1536_1791_30_30/F8/O
                         net (fo=1, routed)           1.132     4.564    u_dmem/mem_reg_1536_1791_30_30_n_0
    SLICE_X36Y33         LUT6 (Prop_lut6_I1_O)        0.319     4.883 r  u_dmem/mem_read_data_out[30]_i_4/O
                         net (fo=1, routed)           0.000     4.883    u_dmem/mem_read_data_out[30]_i_4_n_0
    SLICE_X36Y33         MUXF7 (Prop_muxf7_I1_O)      0.217     5.100 r  u_dmem/mem_read_data_out_reg[30]_i_2/O
                         net (fo=4, routed)           0.532     5.632    u_ex2_mem/mem_read_data_out_reg[30]
    SLICE_X37Y40         LUT2 (Prop_lut2_I1_O)        0.299     5.931 r  u_ex2_mem/alu_a_out[30]_i_10/O
                         net (fo=1, routed)           0.794     6.725    u_ex2_mem/alu_a_out[30]_i_10_n_0
    SLICE_X41Y50         LUT6 (Prop_lut6_I2_O)        0.124     6.849 r  u_ex2_mem/alu_a_out[30]_i_6/O
                         net (fo=2, routed)           0.696     7.545    u_ex1_ex2/alu_b_out[30]_i_2_0
    SLICE_X31Y56         LUT4 (Prop_lut4_I1_O)        0.124     7.669 r  u_ex1_ex2/alu_a_out[30]_i_3/O
                         net (fo=1, routed)           0.920     8.590    u_ex1_ex2/alu_a_out[30]_i_3_n_0
    SLICE_X15Y52         LUT6 (Prop_lut6_I1_O)        0.124     8.714 r  u_ex1_ex2/alu_a_out[30]_i_2/O
                         net (fo=3, routed)           0.812     9.526    u_ex1_ex2/ex1_fwd_rs1[30]
    SLICE_X15Y53         LUT3 (Prop_lut3_I1_O)        0.150     9.676 r  u_ex1_ex2/csr_wdata_out[30]_i_1/O
                         net (fo=1, routed)           0.000     9.676    u_ex1_ex2/csr_wdata_out[30]_i_1_n_0
    SLICE_X15Y53         FDCE                                         r  u_ex1_ex2/csr_wdata_out_reg[30]/D
  -------------------------------------------------------------------    -------------------

                         (clock clk rise edge)        5.000     5.000 r  
                                                      0.000     5.000 r  clk (IN)
                         net (fo=9586, unset)         0.924     5.924    u_ex1_ex2/clk
    SLICE_X15Y53         FDCE                                         r  u_ex1_ex2/csr_wdata_out_reg[30]/C
                         clock pessimism              0.000     5.924    
                         clock uncertainty           -0.035     5.889    
    SLICE_X15Y53         FDCE (Setup_fdce_C_D)        0.075     5.964    u_ex1_ex2/csr_wdata_out_reg[30]
  -------------------------------------------------------------------
                         required time                          5.964    
                         arrival time                          -9.676    
  -------------------------------------------------------------------
                         slack                                 -3.712    

Slack (VIOLATED) :        -3.703ns  (required time - arrival time)
  Source:                 u_pc/pc_out_reg[3]_rep__0/C
                            (rising edge-triggered cell FDCE clocked by clk  {rise@0.000ns fall@2.500ns period=5.000ns})
  Destination:            u_icache/data_reg[42][20]/CE
                            (rising edge-triggered cell FDCE clocked by clk  {rise@0.000ns fall@2.500ns period=5.000ns})
  Path Group:             clk
  Path Type:              Setup (Max at Slow Process Corner)
  Requirement:            5.000ns  (clk rise@5.000ns - clk rise@0.000ns)
  Data Path Delay:        8.450ns  (logic 2.418ns (28.616%)  route 6.032ns (71.384%))
  Logic Levels:           9  (CARRY4=2 LUT6=5 MUXF7=1 MUXF8=1)
  Clock Path Skew:        -0.049ns (DCD - SCD + CPR)
    Destination Clock Delay (DCD):    0.924ns = ( 5.924 - 5.000 ) 
    Source Clock Delay      (SCD):    0.973ns
    Clock Pessimism Removal (CPR):    0.000ns
  Clock Uncertainty:      0.035ns  ((TSJ^2 + TIJ^2)^1/2 + DJ) / 2 + PE
    Total System Jitter     (TSJ):    0.071ns
    Total Input Jitter      (TIJ):    0.000ns
    Discrete Jitter          (DJ):    0.000ns
    Phase Error              (PE):    0.000ns

    Location             Delay type                Incr(ns)  Path(ns)    Netlist Resource(s)
  -------------------------------------------------------------------    -------------------
                         (clock clk rise edge)        0.000     0.000 r  
                                                      0.000     0.000 r  clk (IN)
                         net (fo=9586, unset)         0.973     0.973    u_pc/clk
    SLICE_X12Y78         FDCE                                         r  u_pc/pc_out_reg[3]_rep__0/C
  -------------------------------------------------------------------    -------------------
    SLICE_X12Y78         FDCE (Prop_fdce_C_Q)         0.478     1.451 r  u_pc/pc_out_reg[3]_rep__0/Q
                         net (fo=115, routed)         1.194     2.645    u_icache/tags_reg[0][23]_i_288_0
    SLICE_X14Y81         LUT6 (Prop_lut6_I2_O)        0.301     2.946 r  u_icache/tags[0][23]_i_708/O
                         net (fo=1, routed)           0.000     2.946    u_icache/tags[0][23]_i_708_n_0
    SLICE_X14Y81         MUXF7 (Prop_muxf7_I1_O)      0.214     3.160 r  u_icache/tags_reg[0][23]_i_338/O
                         net (fo=1, routed)           0.000     3.160    u_icache/tags_reg[0][23]_i_338_n_0
    SLICE_X14Y81         MUXF8 (Prop_muxf8_I1_O)      0.088     3.248 r  u_icache/tags_reg[0][23]_i_153/O
                         net (fo=1, routed)           1.152     4.400    u_icache/tags_reg[0][23]_i_153_n_0
    SLICE_X28Y83         LUT6 (Prop_lut6_I0_O)        0.319     4.719 r  u_icache/tags[0][23]_i_63/O
                         net (fo=1, routed)           0.573     5.293    u_icache/tags[2]
    SLICE_X29Y84         LUT6 (Prop_lut6_I3_O)        0.124     5.417 r  u_icache/tags[0][23]_i_40/O
                         net (fo=1, routed)           0.000     5.417    u_icache/tags[0][23]_i_40_n_0
    SLICE_X29Y84         CARRY4 (Prop_carry4_S[0]_CO[3])
                                                      0.532     5.949 r  u_icache/tags_reg[0][23]_i_16/CO[3]
                         net (fo=1, routed)           0.000     5.949    u_icache/tags_reg[0][23]_i_16_n_0
    SLICE_X29Y85         CARRY4 (Prop_carry4_CI_CO[3])
                                                      0.114     6.063 f  u_icache/tags_reg[0][23]_i_7/CO[3]
                         net (fo=1, routed)           0.622     6.684    u_icache/hit0
    SLICE_X31Y86         LUT6 (Prop_lut6_I5_O)        0.124     6.808 f  u_icache/tags[0][23]_i_3/O
                         net (fo=96, routed)          0.890     7.699    u_pc/data_reg[14][0]_0
    SLICE_X35Y89         LUT6 (Prop_lut6_I5_O)        0.124     7.823 r  u_pc/tags[42][23]_i_1/O
                         net (fo=57, routed)          1.600     9.423    u_icache/data_reg[42][0]_0[0]
    SLICE_X52Y105        FDCE                                         r  u_icache/data_reg[42][20]/CE
  -------------------------------------------------------------------    -------------------

                         (clock clk rise edge)        5.000     5.000 r  
                                                      0.000     5.000 r  clk (IN)
                         net (fo=9586, unset)         0.924     5.924    u_icache/clk
    SLICE_X52Y105        FDCE                                         r  u_icache/data_reg[42][20]/C
                         clock pessimism              0.000     5.924    
                         clock uncertainty           -0.035     5.889    
    SLICE_X52Y105        FDCE (Setup_fdce_C_CE)      -0.169     5.720    u_icache/data_reg[42][20]
  -------------------------------------------------------------------
                         required time                          5.720    
                         arrival time                          -9.423    
  -------------------------------------------------------------------
                         slack                                 -3.703    

Slack (VIOLATED) :        -3.676ns  (required time - arrival time)
  Source:                 u_pc/pc_out_reg[3]_rep__0/C
                            (rising edge-triggered cell FDCE clocked by clk  {rise@0.000ns fall@2.500ns period=5.000ns})
  Destination:            u_icache/data_reg[42][24]/CE
                            (rising edge-triggered cell FDCE clocked by clk  {rise@0.000ns fall@2.500ns period=5.000ns})
  Path Group:             clk
  Path Type:              Setup (Max at Slow Process Corner)
  Requirement:            5.000ns  (clk rise@5.000ns - clk rise@0.000ns)
  Data Path Delay:        8.423ns  (logic 2.418ns (28.706%)  route 6.005ns (71.294%))
  Logic Levels:           9  (CARRY4=2 LUT6=5 MUXF7=1 MUXF8=1)
  Clock Path Skew:        -0.049ns (DCD - SCD + CPR)
    Destination Clock Delay (DCD):    0.924ns = ( 5.924 - 5.000 ) 
    Source Clock Delay      (SCD):    0.973ns
    Clock Pessimism Removal (CPR):    0.000ns
  Clock Uncertainty:      0.035ns  ((TSJ^2 + TIJ^2)^1/2 + DJ) / 2 + PE
    Total System Jitter     (TSJ):    0.071ns
    Total Input Jitter      (TIJ):    0.000ns
    Discrete Jitter          (DJ):    0.000ns
    Phase Error              (PE):    0.000ns

    Location             Delay type                Incr(ns)  Path(ns)    Netlist Resource(s)
  -------------------------------------------------------------------    -------------------
                         (clock clk rise edge)        0.000     0.000 r  
                                                      0.000     0.000 r  clk (IN)
                         net (fo=9586, unset)         0.973     0.973    u_pc/clk
    SLICE_X12Y78         FDCE                                         r  u_pc/pc_out_reg[3]_rep__0/C
  -------------------------------------------------------------------    -------------------
    SLICE_X12Y78         FDCE (Prop_fdce_C_Q)         0.478     1.451 r  u_pc/pc_out_reg[3]_rep__0/Q
                         net (fo=115, routed)         1.194     2.645    u_icache/tags_reg[0][23]_i_288_0
    SLICE_X14Y81         LUT6 (Prop_lut6_I2_O)        0.301     2.946 r  u_icache/tags[0][23]_i_708/O
                         net (fo=1, routed)           0.000     2.946    u_icache/tags[0][23]_i_708_n_0
    SLICE_X14Y81         MUXF7 (Prop_muxf7_I1_O)      0.214     3.160 r  u_icache/tags_reg[0][23]_i_338/O
                         net (fo=1, routed)           0.000     3.160    u_icache/tags_reg[0][23]_i_338_n_0
    SLICE_X14Y81         MUXF8 (Prop_muxf8_I1_O)      0.088     3.248 r  u_icache/tags_reg[0][23]_i_153/O
                         net (fo=1, routed)           1.152     4.400    u_icache/tags_reg[0][23]_i_153_n_0
    SLICE_X28Y83         LUT6 (Prop_lut6_I0_O)        0.319     4.719 r  u_icache/tags[0][23]_i_63/O
                         net (fo=1, routed)           0.573     5.293    u_icache/tags[2]
    SLICE_X29Y84         LUT6 (Prop_lut6_I3_O)        0.124     5.417 r  u_icache/tags[0][23]_i_40/O
                         net (fo=1, routed)           0.000     5.417    u_icache/tags[0][23]_i_40_n_0
    SLICE_X29Y84         CARRY4 (Prop_carry4_S[0]_CO[3])
                                                      0.532     5.949 r  u_icache/tags_reg[0][23]_i_16/CO[3]
                         net (fo=1, routed)           0.000     5.949    u_icache/tags_reg[0][23]_i_16_n_0
    SLICE_X29Y85         CARRY4 (Prop_carry4_CI_CO[3])
                                                      0.114     6.063 f  u_icache/tags_reg[0][23]_i_7/CO[3]
                         net (fo=1, routed)           0.622     6.684    u_icache/hit0
    SLICE_X31Y86         LUT6 (Prop_lut6_I5_O)        0.124     6.808 f  u_icache/tags[0][23]_i_3/O
                         net (fo=96, routed)          0.890     7.699    u_pc/data_reg[14][0]_0
    SLICE_X35Y89         LUT6 (Prop_lut6_I5_O)        0.124     7.823 r  u_pc/tags[42][23]_i_1/O
                         net (fo=57, routed)          1.574     9.396    u_icache/data_reg[42][0]_0[0]
    SLICE_X50Y107        FDCE                                         r  u_icache/data_reg[42][24]/CE
  -------------------------------------------------------------------    -------------------

                         (clock clk rise edge)        5.000     5.000 r  
                                                      0.000     5.000 r  clk (IN)
                         net (fo=9586, unset)         0.924     5.924    u_icache/clk
    SLICE_X50Y107        FDCE                                         r  u_icache/data_reg[42][24]/C
                         clock pessimism              0.000     5.924    
                         clock uncertainty           -0.035     5.889    
    SLICE_X50Y107        FDCE (Setup_fdce_C_CE)      -0.169     5.720    u_icache/data_reg[42][24]
  -------------------------------------------------------------------
                         required time                          5.720    
                         arrival time                          -9.396    
  -------------------------------------------------------------------
                         slack                                 -3.676    

Slack (VIOLATED) :        -3.669ns  (required time - arrival time)
  Source:                 u_ex2_mem/alu_result_out_reg[2]_rep__4/C
                            (rising edge-triggered cell FDCE clocked by clk  {rise@0.000ns fall@2.500ns period=5.000ns})
  Destination:            u_ex1_ex2/alu_a_out_reg[30]/D
                            (rising edge-triggered cell FDCE clocked by clk  {rise@0.000ns fall@2.500ns period=5.000ns})
  Path Group:             clk
  Path Type:              Setup (Max at Slow Process Corner)
  Requirement:            5.000ns  (clk rise@5.000ns - clk rise@0.000ns)
  Data Path Delay:        8.614ns  (logic 2.356ns (27.356%)  route 6.257ns (72.644%))
  Logic Levels:           10  (LUT2=1 LUT4=2 LUT6=3 MUXF7=2 MUXF8=1 RAMS64E=1)
  Clock Path Skew:        -0.049ns (DCD - SCD + CPR)
    Destination Clock Delay (DCD):    0.924ns = ( 5.924 - 5.000 ) 
    Source Clock Delay      (SCD):    0.973ns
    Clock Pessimism Removal (CPR):    0.000ns
  Clock Uncertainty:      0.035ns  ((TSJ^2 + TIJ^2)^1/2 + DJ) / 2 + PE
    Total System Jitter     (TSJ):    0.071ns
    Total Input Jitter      (TIJ):    0.000ns
    Discrete Jitter          (DJ):    0.000ns
    Phase Error              (PE):    0.000ns

    Location             Delay type                Incr(ns)  Path(ns)    Netlist Resource(s)
  -------------------------------------------------------------------    -------------------
                         (clock clk rise edge)        0.000     0.000 r  
                                                      0.000     0.000 r  clk (IN)
                         net (fo=9586, unset)         0.973     0.973    u_ex2_mem/clk
    SLICE_X34Y21         FDCE                                         r  u_ex2_mem/alu_result_out_reg[2]_rep__4/C
  -------------------------------------------------------------------    -------------------
    SLICE_X34Y21         FDCE (Prop_fdce_C_Q)         0.518     1.491 r  u_ex2_mem/alu_result_out_reg[2]_rep__4/Q
                         net (fo=128, routed)         1.434     2.925    u_dmem/mem_reg_1536_1791_30_30/A0
    SLICE_X30Y27         RAMS64E (Prop_rams64e_ADR0_O)
                                                      0.205     3.131 r  u_dmem/mem_reg_1536_1791_30_30/RAMS64E_A/O
                         net (fo=1, routed)           0.000     3.131    u_dmem/mem_reg_1536_1791_30_30/OA
    SLICE_X30Y27         MUXF7 (Prop_muxf7_I1_O)      0.214     3.345 r  u_dmem/mem_reg_1536_1791_30_30/F7.A/O
                         net (fo=1, routed)           0.000     3.345    u_dmem/mem_reg_1536_1791_30_30/O1
    SLICE_X30Y27         MUXF8 (Prop_muxf8_I1_O)      0.088     3.433 r  u_dmem/mem_reg_1536_1791_30_30/F8/O
                         net (fo=1, routed)           1.132     4.564    u_dmem/mem_reg_1536_1791_30_30_n_0
    SLICE_X36Y33         LUT6 (Prop_lut6_I1_O)        0.319     4.883 r  u_dmem/mem_read_data_out[30]_i_4/O
                         net (fo=1, routed)           0.000     4.883    u_dmem/mem_read_data_out[30]_i_4_n_0
    SLICE_X36Y33         MUXF7 (Prop_muxf7_I1_O)      0.217     5.100 r  u_dmem/mem_read_data_out_reg[30]_i_2/O
                         net (fo=4, routed)           0.532     5.632    u_ex2_mem/mem_read_data_out_reg[30]
    SLICE_X37Y40         LUT2 (Prop_lut2_I1_O)        0.299     5.931 r  u_ex2_mem/alu_a_out[30]_i_10/O
                         net (fo=1, routed)           0.794     6.725    u_ex2_mem/alu_a_out[30]_i_10_n_0
    SLICE_X41Y50         LUT6 (Prop_lut6_I2_O)        0.124     6.849 r  u_ex2_mem/alu_a_out[30]_i_6/O
                         net (fo=2, routed)           0.696     7.545    u_ex1_ex2/alu_b_out[30]_i_2_0
    SLICE_X31Y56         LUT4 (Prop_lut4_I1_O)        0.124     7.669 r  u_ex1_ex2/alu_a_out[30]_i_3/O
                         net (fo=1, routed)           0.920     8.590    u_ex1_ex2/alu_a_out[30]_i_3_n_0
    SLICE_X15Y52         LUT6 (Prop_lut6_I1_O)        0.124     8.714 r  u_ex1_ex2/alu_a_out[30]_i_2/O
                         net (fo=3, routed)           0.749     9.463    u_ex1_ex2/ex1_fwd_rs1[30]
    SLICE_X9Y54          LUT4 (Prop_lut4_I0_O)        0.124     9.587 r  u_ex1_ex2/alu_a_out[30]_i_1/O
                         net (fo=1, routed)           0.000     9.587    u_ex1_ex2/p_1_in_0[30]
    SLICE_X9Y54          FDCE                                         r  u_ex1_ex2/alu_a_out_reg[30]/D
  -------------------------------------------------------------------    -------------------

                         (clock clk rise edge)        5.000     5.000 r  
                                                      0.000     5.000 r  clk (IN)
                         net (fo=9586, unset)         0.924     5.924    u_ex1_ex2/clk
    SLICE_X9Y54          FDCE                                         r  u_ex1_ex2/alu_a_out_reg[30]/C
                         clock pessimism              0.000     5.924    
                         clock uncertainty           -0.035     5.889    
    SLICE_X9Y54          FDCE (Setup_fdce_C_D)        0.029     5.918    u_ex1_ex2/alu_a_out_reg[30]
  -------------------------------------------------------------------
                         required time                          5.918    
                         arrival time                          -9.587    
  -------------------------------------------------------------------
                         slack                                 -3.669    




