Copyright 1986-2022 Xilinx, Inc. All Rights Reserved. Copyright 2022-2024 Advanced Micro Devices, Inc. All Rights Reserved.
---------------------------------------------------------------------------------------------------------------------------------------------
| Tool Version : Vivado v.2024.2 (win64) Build 5239630 Fri Nov 08 22:35:27 MST 2024
| Date         : Thu Sep 17 18:57:52 2026
| Host         : PavilionPlus1 running 64-bit major release  (build 9200)
| Command      : report_timing_summary -report_unconstrained -file V:/stage7_sgf/explore/timing_summary.rpt
| Design       : rv32i_pipeline_7stage_sgf_top
| Device       : 7a35t-cpg236
| Speed File   : -1  PRODUCTION 1.23 2018-06-13
| Design State : Routed
---------------------------------------------------------------------------------------------------------------------------------------------

Timing Summary Report

------------------------------------------------------------------------------------------------
| Timer Settings
| --------------
------------------------------------------------------------------------------------------------

  Enable Multi Corner Analysis               :  Yes
  Enable Pessimism Removal                   :  Yes
  Pessimism Removal Resolution               :  Nearest Common Node
  Enable Input Delay Default Clock           :  No
  Enable Preset / Clear Arcs                 :  No
  Disable Flight Delays                      :  No
  Ignore I/O Paths                           :  No
  Timing Early Launch at Borrowing Latches   :  No
  Borrow Time for Max Delay Exceptions       :  Yes
  Merge Timing Exceptions                    :  Yes
  Inter-SLR Compensation                     :  Conservative

  Corner  Analyze    Analyze    
  Name    Max Paths  Min Paths  
  ------  ---------  ---------  
  Slow    Yes        Yes        
  Fast    Yes        Yes        


------------------------------------------------------------------------------------------------
| Report Methodology
| ------------------
------------------------------------------------------------------------------------------------

Rule       Severity  Description                                                Violations  
---------  --------  ---------------------------------------------------------  ----------  
DPIR-1     Warning   Asynchronous driver check                                  414         
SYNTH-5    Warning   Mapped onto distributed RAM because of timing constraints  256         
SYNTH-10   Warning   Wide multiplier                                            12          
TIMING-16  Warning   Large setup violation                                      1000        
TIMING-18  Warning   Missing input or output delay                              97          

Note: This report is based on the most recent report_methodology run and may not be up-to-date. Run report_methodology on the current design for the latest report.



check_timing report

Table of Contents
-----------------
1. checking no_clock (0)
2. checking constant_clock (0)
3. checking pulse_width_clock (0)
4. checking unconstrained_internal_endpoints (0)
5. checking no_input_delay (1)
6. checking no_output_delay (96)
7. checking multiple_clock (0)
8. checking generated_clocks (0)
9. checking loops (0)
10. checking partial_input_delay (0)
11. checking partial_output_delay (0)
12. checking latch_loops (0)

1. checking no_clock (0)
------------------------
 There are 0 register/latch pins with no clock.


2. checking constant_clock (0)
------------------------------
 There are 0 register/latch pins with constant_clock.


3. checking pulse_width_clock (0)
---------------------------------
 There are 0 register/latch pins which need pulse_width check


4. checking unconstrained_internal_endpoints (0)
------------------------------------------------
 There are 0 pins that are not constrained for maximum delay.

 There are 0 pins that are not constrained for maximum delay due to constant clock.


5. checking no_input_delay (1)
------------------------------
 There is 1 input port with no input delay specified. (HIGH)

 There are 0 input ports with no input delay but user has a false path constraint.


6. checking no_output_delay (96)
--------------------------------
 There are 96 ports with no output delay specified. (HIGH)

 There are 0 ports with no output delay but user has a false path constraint

 There are 0 ports with no output delay but with a timing clock defined on it or propagating through it


7. checking multiple_clock (0)
------------------------------
 There are 0 register/latch pins with multiple clocks.


8. checking generated_clocks (0)
--------------------------------
 There are 0 generated clocks that are not connected to a clock source.


9. checking loops (0)
---------------------
 There are 0 combinational loops in the design.


10. checking partial_input_delay (0)
------------------------------------
 There are 0 input ports with partial input delay specified.


11. checking partial_output_delay (0)
-------------------------------------
 There are 0 ports with partial output delay specified.


12. checking latch_loops (0)
----------------------------
 There are 0 combinational latch loops in the design through latch input



------------------------------------------------------------------------------------------------
| Design Timing Summary
| ---------------------
------------------------------------------------------------------------------------------------

    WNS(ns)      TNS(ns)  TNS Failing Endpoints  TNS Total Endpoints      WHS(ns)      THS(ns)  THS Failing Endpoints  THS Total Endpoints     WPWS(ns)     TPWS(ns)  TPWS Failing Endpoints  TPWS Total Endpoints  
    -------      -------  ---------------------  -------------------      -------      -------  ---------------------  -------------------     --------     --------  ----------------------  --------------------  
     -3.869   -30318.357                  15371                27036        0.093        0.000                      0                27036        1.250        0.000                       0                  9587  


Timing constraints are not met.


------------------------------------------------------------------------------------------------
| Clock Summary
| -------------
------------------------------------------------------------------------------------------------

Clock  Waveform(ns)         Period(ns)      Frequency(MHz)
-----  ------------         ----------      --------------
clk    {0.000 2.500}        5.000           200.000         


------------------------------------------------------------------------------------------------
| Intra Clock Table
| -----------------
------------------------------------------------------------------------------------------------

Clock             WNS(ns)      TNS(ns)  TNS Failing Endpoints  TNS Total Endpoints      WHS(ns)      THS(ns)  THS Failing Endpoints  THS Total Endpoints     WPWS(ns)     TPWS(ns)  TPWS Failing Endpoints  TPWS Total Endpoints  
-----             -------      -------  ---------------------  -------------------      -------      -------  ---------------------  -------------------     --------     --------  ----------------------  --------------------  
clk                -3.869   -30318.357                  15371                27036        0.093        0.000                      0                27036        1.250        0.000                       0                  9587  


------------------------------------------------------------------------------------------------
| Inter Clock Table
| -----------------
------------------------------------------------------------------------------------------------

From Clock    To Clock          WNS(ns)      TNS(ns)  TNS Failing Endpoints  TNS Total Endpoints      WHS(ns)      THS(ns)  THS Failing Endpoints  THS Total Endpoints  
----------    --------          -------      -------  ---------------------  -------------------      -------      -------  ---------------------  -------------------  


------------------------------------------------------------------------------------------------
| Other Path Groups Table
| -----------------------
------------------------------------------------------------------------------------------------

Path Group    From Clock    To Clock          WNS(ns)      TNS(ns)  TNS Failing Endpoints  TNS Total Endpoints      WHS(ns)      THS(ns)  THS Failing Endpoints  THS Total Endpoints  
----------    ----------    --------          -------      -------  ---------------------  -------------------      -------      -------  ---------------------  -------------------  


------------------------------------------------------------------------------------------------
| User Ignored Path Table
| -----------------------
------------------------------------------------------------------------------------------------

Path Group    From Clock    To Clock    
----------    ----------    --------    


------------------------------------------------------------------------------------------------
| Unconstrained Path Table
| ------------------------
------------------------------------------------------------------------------------------------

Path Group    From Clock    To Clock    
----------    ----------    --------    
(none)        clk                         
(none)                      clk           


------------------------------------------------------------------------------------------------
| Timing Details
| --------------
------------------------------------------------------------------------------------------------


---------------------------------------------------------------------------------------------------
From Clock:  clk
  To Clock:  clk

Setup :        15371  Failing Endpoints,  Worst Slack       -3.869ns,  Total Violation   -30318.357ns
Hold  :            0  Failing Endpoints,  Worst Slack        0.093ns,  Total Violation        0.000ns
PW    :            0  Failing Endpoints,  Worst Slack        1.250ns,  Total Violation        0.000ns
---------------------------------------------------------------------------------------------------


Max Delay Paths
--------------------------------------------------------------------------------------
Slack (VIOLATED) :        -3.869ns  (required time - arrival time)
  Source:                 u_ex1_ex2/csr_addr_out_reg[0]/C
                            (rising edge-triggered cell FDCE clocked by clk  {rise@0.000ns fall@2.500ns period=5.000ns})
  Destination:            u_csr/mcycle_reg[61]/D
                            (rising edge-triggered cell FDCE clocked by clk  {rise@0.000ns fall@2.500ns period=5.000ns})
  Path Group:             clk
  Path Type:              Setup (Max at Slow Process Corner)
  Requirement:            5.000ns  (clk rise@5.000ns - clk rise@0.000ns)
  Data Path Delay:        8.847ns  (logic 3.538ns (39.991%)  route 5.309ns (60.009%))
  Logic Levels:           22  (CARRY4=15 LUT2=1 LUT5=3 LUT6=3)
  Clock Path Skew:        -0.049ns (DCD - SCD + CPR)
    Destination Clock Delay (DCD):    0.924ns = ( 5.924 - 5.000 ) 
    Source Clock Delay      (SCD):    0.973ns
    Clock Pessimism Removal (CPR):    0.000ns
  Clock Uncertainty:      0.035ns  ((TSJ^2 + TIJ^2)^1/2 + DJ) / 2 + PE
    Total System Jitter     (TSJ):    0.071ns
    Total Input Jitter      (TIJ):    0.000ns
    Discrete Jitter          (DJ):    0.000ns
    Phase Error              (PE):    0.000ns

    Location             Delay type                Incr(ns)  Path(ns)    Netlist Resource(s)
  -------------------------------------------------------------------    -------------------
                         (clock clk rise edge)        0.000     0.000 r  
                                                      0.000     0.000 r  clk (IN)
                         net (fo=9586, unset)         0.973     0.973    u_ex1_ex2/clk
    SLICE_X31Y43         FDCE                                         r  u_ex1_ex2/csr_addr_out_reg[0]/C
  -------------------------------------------------------------------    -------------------
    SLICE_X31Y43         FDCE (Prop_fdce_C_Q)         0.456     1.429 r  u_ex1_ex2/csr_addr_out_reg[0]/Q
                         net (fo=21, routed)          0.874     2.303    u_ex1_ex2/ex2_csr_addr[0]
    SLICE_X31Y44         LUT6 (Prop_lut6_I0_O)        0.124     2.427 r  u_ex1_ex2/csr_rdata_out[31]_i_18/O
                         net (fo=15, routed)          0.857     3.285    u_ex1_ex2/csr_rdata_out[31]_i_18_n_0
    SLICE_X13Y44         LUT2 (Prop_lut2_I1_O)        0.124     3.409 r  u_ex1_ex2/csr_rdata_out[31]_i_12/O
                         net (fo=178, routed)         1.197     4.606    u_csr/csr_rdata_out_reg[31]
    SLICE_X45Y44         LUT6 (Prop_lut6_I2_O)        0.124     4.730 r  u_csr/csr_rdata_out[6]_i_5/O
                         net (fo=1, routed)           0.572     5.302    u_ex1_ex2/csr_rdata_out_reg[6]_0
    SLICE_X45Y43         LUT5 (Prop_lut5_I1_O)        0.124     5.426 f  u_ex1_ex2/csr_rdata_out[6]_i_2/O
                         net (fo=3, routed)           0.667     6.092    u_ex1_ex2/csr_rdata_out[6]_i_2_n_0
    SLICE_X40Y37         LUT5 (Prop_lut5_I4_O)        0.124     6.216 f  u_ex1_ex2/mstatus[6]_i_2/O
                         net (fo=1, routed)           0.293     6.510    u_ex1_ex2/mstatus[6]_i_2_n_0
    SLICE_X41Y35         LUT5 (Prop_lut5_I0_O)        0.124     6.634 r  u_ex1_ex2/mstatus[6]_i_1/O
                         net (fo=15, routed)          0.848     7.482    u_ex1_ex2/csr_new[6]
    SLICE_X28Y35         LUT6 (Prop_lut6_I4_O)        0.124     7.606 r  u_ex1_ex2/mcycle[4]_i_3/O
                         net (fo=1, routed)           0.000     7.606    u_ex1_ex2/mcycle[4]_i_3_n_0
    SLICE_X28Y35         CARRY4 (Prop_carry4_S[2]_CO[3])
                                                      0.398     8.004 r  u_ex1_ex2/mcycle_reg[4]_i_1/CO[3]
                         net (fo=1, routed)           0.000     8.004    u_ex1_ex2/mcycle_reg[4]_i_1_n_0
    SLICE_X28Y36         CARRY4 (Prop_carry4_CI_CO[3])
                                                      0.114     8.118 r  u_ex1_ex2/mcycle_reg[8]_i_1/CO[3]
                         net (fo=1, routed)           0.000     8.118    u_ex1_ex2/mcycle_reg[8]_i_1_n_0
    SLICE_X28Y37         CARRY4 (Prop_carry4_CI_CO[3])
                                                      0.114     8.232 r  u_ex1_ex2/mcycle_reg[12]_i_1/CO[3]
                         net (fo=1, routed)           0.000     8.232    u_ex1_ex2/mcycle_reg[12]_i_1_n_0
    SLICE_X28Y38         CARRY4 (Prop_carry4_CI_CO[3])
                                                      0.114     8.346 r  u_ex1_ex2/mcycle_reg[16]_i_1/CO[3]
                         net (fo=1, routed)           0.000     8.346    u_ex1_ex2/mcycle_reg[16]_i_1_n_0
    SLICE_X28Y39         CARRY4 (Prop_carry4_CI_CO[3])
                                                      0.114     8.460 r  u_ex1_ex2/mcycle_reg[20]_i_1/CO[3]
                         net (fo=1, routed)           0.000     8.460    u_ex1_ex2/mcycle_reg[20]_i_1_n_0
    SLICE_X28Y40         CARRY4 (Prop_carry4_CI_CO[3])
                                                      0.114     8.574 r  u_ex1_ex2/mcycle_reg[24]_i_1/CO[3]
                         net (fo=1, routed)           0.000     8.574    u_ex1_ex2/mcycle_reg[24]_i_1_n_0
    SLICE_X28Y41         CARRY4 (Prop_carry4_CI_CO[3])
                                                      0.114     8.688 r  u_ex1_ex2/mcycle_reg[28]_i_1/CO[3]
                         net (fo=1, routed)           0.000     8.688    u_ex1_ex2/mcycle_reg[28]_i_1_n_0
    SLICE_X28Y42         CARRY4 (Prop_carry4_CI_CO[3])
                                                      0.114     8.802 r  u_ex1_ex2/mcycle_reg[32]_i_1/CO[3]
                         net (fo=1, routed)           0.000     8.802    u_ex1_ex2/mcycle_reg[32]_i_1_n_0
    SLICE_X28Y43         CARRY4 (Prop_carry4_CI_CO[3])
                                                      0.114     8.916 r  u_ex1_ex2/mcycle_reg[36]_i_1/CO[3]
                         net (fo=1, routed)           0.000     8.916    u_ex1_ex2/mcycle_reg[36]_i_1_n_0
    SLICE_X28Y44         CARRY4 (Prop_carry4_CI_CO[3])
                                                      0.114     9.030 r  u_ex1_ex2/mcycle_reg[40]_i_1/CO[3]
                         net (fo=1, routed)           0.000     9.030    u_ex1_ex2/mcycle_reg[40]_i_1_n_0
    SLICE_X28Y45         CARRY4 (Prop_carry4_CI_CO[3])
                                                      0.114     9.144 r  u_ex1_ex2/mcycle_reg[44]_i_1/CO[3]
                         net (fo=1, routed)           0.000     9.144    u_ex1_ex2/mcycle_reg[44]_i_1_n_0
    SLICE_X28Y46         CARRY4 (Prop_carry4_CI_CO[3])
                                                      0.114     9.258 r  u_ex1_ex2/mcycle_reg[48]_i_1/CO[3]
                         net (fo=1, routed)           0.000     9.258    u_ex1_ex2/mcycle_reg[48]_i_1_n_0
    SLICE_X28Y47         CARRY4 (Prop_carry4_CI_CO[3])
                                                      0.114     9.372 r  u_ex1_ex2/mcycle_reg[52]_i_1/CO[3]
                         net (fo=1, routed)           0.000     9.372    u_ex1_ex2/mcycle_reg[52]_i_1_n_0
    SLICE_X28Y48         CARRY4 (Prop_carry4_CI_CO[3])
                                                      0.114     9.486 r  u_ex1_ex2/mcycle_reg[56]_i_1/CO[3]
                         net (fo=1, routed)           0.000     9.486    u_ex1_ex2/mcycle_reg[56]_i_1_n_0
    SLICE_X28Y49         CARRY4 (Prop_carry4_CI_O[1])
                                                      0.334     9.820 r  u_ex1_ex2/mcycle_reg[60]_i_1/O[1]
                         net (fo=1, routed)           0.000     9.820    u_csr/mcycle_reg[63]_0[1]
    SLICE_X28Y49         FDCE                                         r  u_csr/mcycle_reg[61]/D
  -------------------------------------------------------------------    -------------------

                         (clock clk rise edge)        5.000     5.000 r  
                                                      0.000     5.000 r  clk (IN)
                         net (fo=9586, unset)         0.924     5.924    u_csr/clk
    SLICE_X28Y49         FDCE                                         r  u_csr/mcycle_reg[61]/C
                         clock pessimism              0.000     5.924    
                         clock uncertainty           -0.035     5.889    
    SLICE_X28Y49         FDCE (Setup_fdce_C_D)        0.062     5.951    u_csr/mcycle_reg[61]
  -------------------------------------------------------------------
                         required time                          5.951    
                         arrival time                          -9.820    
  -------------------------------------------------------------------
                         slack                                 -3.869    





Min Delay Paths
--------------------------------------------------------------------------------------
Slack (MET) :             0.093ns  (arrival time - required time)
  Source:                 u_ex2_mem/alu_result_out_reg[7]_rep__3/C
                            (rising edge-triggered cell FDCE clocked by clk  {rise@0.000ns fall@2.500ns period=5.000ns})
  Destination:            u_dmem/mem_reg_512_767_29_29/RAMS64E_A/ADR5
                            (rising edge-triggered cell RAMS64E clocked by clk  {rise@0.000ns fall@2.500ns period=5.000ns})
  Path Group:             clk
  Path Type:              Hold (Min at Fast Process Corner)
  Requirement:            0.000ns  (clk rise@0.000ns - clk rise@0.000ns)
  Data Path Delay:        0.285ns  (logic 0.141ns (49.482%)  route 0.144ns (50.518%))
  Logic Levels:           0  
  Clock Path Skew:        0.022ns (DCD - SCD - CPR)
    Destination Clock Delay (DCD):    0.432ns
    Source Clock Delay      (SCD):    0.410ns
    Clock Pessimism Removal (CPR):    -0.000ns

    Location             Delay type                Incr(ns)  Path(ns)    Netlist Resource(s)
  -------------------------------------------------------------------    -------------------
                         (clock clk rise edge)        0.000     0.000 r  
                                                      0.000     0.000 r  clk (IN)
                         net (fo=9586, unset)         0.410     0.410    u_ex2_mem/clk
    SLICE_X43Y31         FDCE                                         r  u_ex2_mem/alu_result_out_reg[7]_rep__3/C
  -------------------------------------------------------------------    -------------------
    SLICE_X43Y31         FDCE (Prop_fdce_C_Q)         0.141     0.551 r  u_ex2_mem/alu_result_out_reg[7]_rep__3/Q
                         net (fo=128, routed)         0.144     0.695    u_dmem/mem_reg_512_767_29_29/A5
    SLICE_X42Y29         RAMS64E                                      r  u_dmem/mem_reg_512_767_29_29/RAMS64E_A/ADR5
  -------------------------------------------------------------------    -------------------

                         (clock clk rise edge)        0.000     0.000 r  
                                                      0.000     0.000 r  clk (IN)
                         net (fo=9586, unset)         0.432     0.432    u_dmem/mem_reg_512_767_29_29/WCLK
    SLICE_X42Y29         RAMS64E                                      r  u_dmem/mem_reg_512_767_29_29/RAMS64E_A/CLK
                         clock pessimism              0.000     0.432    
    SLICE_X42Y29         RAMS64E (Hold_rams64e_CLK_ADR5)
                                                      0.170     0.602    u_dmem/mem_reg_512_767_29_29/RAMS64E_A
  -------------------------------------------------------------------
                         required time                         -0.602    
                         arrival time                           0.695    
  -------------------------------------------------------------------
                         slack                                  0.093    





Pulse Width Checks
--------------------------------------------------------------------------------------
Clock Name:         clk
Waveform(ns):       { 0.000 2.500 }
Period(ns):         5.000
Sources:            { clk }

Check Type        Corner  Lib Pin      Reference Pin  Required(ns)  Actual(ns)  Slack(ns)  Location      Pin
Min Period        n/a     DSP48E1/CLK  n/a            2.154         5.000       2.846      DSP48_X0Y13   u_mdu/mul_ss_out0__0/CLK
Low Pulse Width   Slow    RAMS64E/CLK  n/a            1.250         2.500       1.250      SLICE_X50Y44  u_dmem/mem_reg_0_255_0_0/RAMS64E_A/CLK
High Pulse Width  Slow    RAMS64E/CLK  n/a            1.250         2.500       1.250      SLICE_X50Y44  u_dmem/mem_reg_0_255_0_0/RAMS64E_A/CLK



--------------------------------------------------------------------------------------
Path Group:  (none)
From Clock:  clk
  To Clock:  

Max Delay            96 Endpoints
Min Delay            96 Endpoints
--------------------------------------------------------------------------------------


Max Delay Paths
--------------------------------------------------------------------------------------
Slack:                    inf
  Source:                 u_ex1_ex2/alu_b_out_reg[0]/C
                            (rising edge-triggered cell FDCE clocked by clk  {rise@0.000ns fall@2.500ns period=5.000ns})
  Destination:            debug_alu_result[11]
                            (output port)
  Path Group:             (none)
  Path Type:              Max at Slow Process Corner
  Data Path Delay:        6.249ns  (logic 1.014ns (16.228%)  route 5.235ns (83.772%))
  Logic Levels:           4  (LUT5=1 LUT6=3)
  Clock Uncertainty:      0.025ns  ((TSJ^2 + TIJ^2)^1/2 + DJ) / 2 + PE
    Total System Jitter     (TSJ):    0.050ns
    Total Input Jitter      (TIJ):    0.000ns
    Discrete Jitter          (DJ):    0.000ns
    Phase Error              (PE):    0.000ns

    Location             Delay type                Incr(ns)  Path(ns)    Netlist Resource(s)
  -------------------------------------------------------------------    -------------------
                         (clock clk rise edge)        0.000     0.000 r  
                                                      0.000     0.000 r  clk (IN)
                         net (fo=9586, unset)         0.973     0.973    u_ex1_ex2/clk
    SLICE_X14Y51         FDCE                                         r  u_ex1_ex2/alu_b_out_reg[0]/C
  -------------------------------------------------------------------    -------------------
    SLICE_X14Y51         FDCE (Prop_fdce_C_Q)         0.518     1.491 r  u_ex1_ex2/alu_b_out_reg[0]/Q
                         net (fo=88, routed)          1.439     2.930    u_ex1_ex2/ex2_alu_b[0]
    SLICE_X2Y53          LUT6 (Prop_lut6_I2_O)        0.124     3.054 r  u_ex1_ex2/debug_alu_result[23]_INST_0_i_12/O
                         net (fo=6, routed)           1.176     4.230    u_ex1_ex2/debug_alu_result[23]_INST_0_i_12_n_0
    SLICE_X2Y48          LUT6 (Prop_lut6_I0_O)        0.124     4.354 r  u_ex1_ex2/debug_alu_result[11]_INST_0_i_4/O
                         net (fo=1, routed)           0.581     4.934    u_ex1_ex2/debug_alu_result[11]_INST_0_i_4_n_0
    SLICE_X1Y47          LUT6 (Prop_lut6_I0_O)        0.124     5.058 r  u_ex1_ex2/debug_alu_result[11]_INST_0_i_1/O
                         net (fo=1, routed)           1.066     6.125    u_ex1_ex2/debug_alu_result[11]_INST_0_i_1_n_0
    SLICE_X10Y48         LUT5 (Prop_lut5_I0_O)        0.124     6.249 r  u_ex1_ex2/debug_alu_result[11]_INST_0/O
                         net (fo=2, unset)            0.973     7.222    debug_alu_result[11]
                                                                      r  debug_alu_result[11] (OUT)
  -------------------------------------------------------------------    -------------------





Min Delay Paths
--------------------------------------------------------------------------------------
Slack:                    inf
  Source:                 u_pc/pc_out_reg[6]/C
                            (rising edge-triggered cell FDCE clocked by clk  {rise@0.000ns fall@2.500ns period=5.000ns})
  Destination:            debug_pc[6]
                            (output port)
  Path Group:             (none)
  Path Type:              Min at Fast Process Corner
  Data Path Delay:        0.538ns  (logic 0.128ns (23.786%)  route 0.410ns (76.214%))
  Logic Levels:           0  
  Clock Uncertainty:      0.025ns  ((TSJ^2 + TIJ^2)^1/2 + DJ) / 2 + PE
    Total System Jitter     (TSJ):    0.050ns
    Total Input Jitter      (TIJ):    0.000ns
    Discrete Jitter          (DJ):    0.000ns
    Phase Error              (PE):    0.000ns

    Location             Delay type                Incr(ns)  Path(ns)    Netlist Resource(s)
  -------------------------------------------------------------------    -------------------
                         (clock clk rise edge)        0.000     0.000 r  
                                                      0.000     0.000 r  clk (IN)
                         net (fo=9586, unset)         0.410     0.410    u_pc/clk
    SLICE_X15Y84         FDCE                                         r  u_pc/pc_out_reg[6]/C
  -------------------------------------------------------------------    -------------------
    SLICE_X15Y84         FDCE (Prop_fdce_C_Q)         0.128     0.538 r  u_pc/pc_out_reg[6]/Q
                         net (fo=187, unset)          0.410     0.948    debug_pc[6]
                                                                      r  debug_pc[6] (OUT)
  -------------------------------------------------------------------    -------------------





--------------------------------------------------------------------------------------
Path Group:  (none)
From Clock:  
  To Clock:  clk

Max Delay          8557 Endpoints
Min Delay          8557 Endpoints
--------------------------------------------------------------------------------------


Max Delay Paths
--------------------------------------------------------------------------------------
Slack:                    inf
  Source:                 rst_n
                            (input port)
  Destination:            u_icache/data_reg[39][16]/CLR
                            (recovery check against rising-edge clock clk  {rise@0.000ns fall@2.500ns period=5.000ns})
  Path Group:             (none)
  Path Type:              Recovery (Max at Slow Process Corner)
  Data Path Delay:        33.536ns  (logic 0.124ns (0.370%)  route 33.412ns (99.630%))
  Logic Levels:           1  (LUT1=1)
  Clock Path Skew:        0.924ns (DCD - SCD + CPR)
    Destination Clock Delay (DCD):    0.924ns
    Source Clock Delay      (SCD):    0.000ns
    Clock Pessimism Removal (CPR):    0.000ns
  Clock Uncertainty:      0.025ns  ((TSJ^2 + TIJ^2)^1/2 + DJ) / 2 + PE
    Total System Jitter     (TSJ):    0.050ns
    Total Input Jitter      (TIJ):    0.000ns
    Discrete Jitter          (DJ):    0.000ns
    Phase Error              (PE):    0.000ns

    Location             Delay type                Incr(ns)  Path(ns)    Netlist Resource(s)
  -------------------------------------------------------------------    -------------------
                                                      0.000     0.000 r  rst_n (IN)
                         net (fo=30, unset)           0.973     0.973    u_icache/rst_n
    SLICE_X2Y22          LUT1 (Prop_lut1_I0_O)        0.124     1.097 f  u_icache/pc_out[31]_i_3/O
                         net (fo=6701, routed)       32.439    33.536    u_icache/p_0_in
    SLICE_X48Y101        FDCE                                         f  u_icache/data_reg[39][16]/CLR
  -------------------------------------------------------------------    -------------------

                         (clock clk rise edge)        0.000     0.000 r  
                                                      0.000     0.000 r  clk (IN)
                         net (fo=9586, unset)         0.924     0.924    u_icache/clk
    SLICE_X48Y101        FDCE                                         r  u_icache/data_reg[39][16]/C





Min Delay Paths
--------------------------------------------------------------------------------------
Slack:                    inf
  Source:                 rst_n
                            (input port)
  Destination:            u_bp/btb_target_reg[27][10]/CE
                            (rising edge-triggered cell FDRE clocked by clk  {rise@0.000ns fall@2.500ns period=5.000ns})
  Path Group:             (none)
  Path Type:              Hold (Min at Fast Process Corner)
  Data Path Delay:        0.612ns  (logic 0.045ns (7.350%)  route 0.567ns (92.650%))
  Logic Levels:           1  (LUT6=1)
  Clock Path Skew:        0.432ns (DCD - SCD - CPR)
    Destination Clock Delay (DCD):    0.432ns
    Source Clock Delay      (SCD):    0.000ns
    Clock Pessimism Removal (CPR):    -0.000ns

    Location             Delay type                Incr(ns)  Path(ns)    Netlist Resource(s)
  -------------------------------------------------------------------    -------------------
                                                      0.000     0.000 r  rst_n (IN)
                         net (fo=30, unset)           0.410     0.410    u_ex1_ex2/rst_n
    SLICE_X45Y67         LUT6 (Prop_lut6_I0_O)        0.045     0.455 r  u_ex1_ex2/btb_type[27][0]_i_1/O
                         net (fo=58, routed)          0.157     0.612    u_bp/btb_tag_reg[27][0]_0[0]
    SLICE_X45Y68         FDRE                                         r  u_bp/btb_target_reg[27][10]/CE
  -------------------------------------------------------------------    -------------------

                         (clock clk rise edge)        0.000     0.000 r  
                                                      0.000     0.000 r  clk (IN)
                         net (fo=9586, unset)         0.432     0.432    u_bp/clk
    SLICE_X45Y68         FDRE                                         r  u_bp/btb_target_reg[27][10]/C





