Copyright 1986-2022 Xilinx, Inc. All Rights Reserved. Copyright 2022-2024 Advanced Micro Devices, Inc. All Rights Reserved.
---------------------------------------------------------------------------------------------------------------------------------------------
| Tool Version : Vivado v.2024.2 (win64) Build 5239630 Fri Nov 08 22:35:27 MST 2024
| Date         : Thu Sep 17 18:23:03 2026
| Host         : PavilionPlus1 running 64-bit major release  (build 9200)
| Command      : report_timing -delay_type max -max_paths 10 -file V:/stage7_baseline/wlblock/critical_setup_paths.rpt
| Design       : rv32i_pipeline_7stage_top
| Device       : 7a35t-cpg236
| Speed File   : -1  PRODUCTION 1.23 2018-06-13
| Design State : Routed
---------------------------------------------------------------------------------------------------------------------------------------------

Timing Report

Slack (VIOLATED) :        -3.611ns  (required time - arrival time)
  Source:                 u_ex1_ex2/csr_addr_out_reg[4]/C
                            (rising edge-triggered cell FDCE clocked by clk  {rise@0.000ns fall@2.500ns period=5.000ns})
  Destination:            u_csr/mcycle_reg[61]/D
                            (rising edge-triggered cell FDCE clocked by clk  {rise@0.000ns fall@2.500ns period=5.000ns})
  Path Group:             clk
  Path Type:              Setup (Max at Slow Process Corner)
  Requirement:            5.000ns  (clk rise@5.000ns - clk rise@0.000ns)
  Data Path Delay:        8.636ns  (logic 3.681ns (42.626%)  route 4.955ns (57.374%))
  Logic Levels:           22  (CARRY4=15 LUT4=1 LUT5=3 LUT6=3)
  Clock Path Skew:        -0.049ns (DCD - SCD + CPR)
    Destination Clock Delay (DCD):    0.924ns = ( 5.924 - 5.000 ) 
    Source Clock Delay      (SCD):    0.973ns
    Clock Pessimism Removal (CPR):    0.000ns
  Clock Uncertainty:      0.035ns  ((TSJ^2 + TIJ^2)^1/2 + DJ) / 2 + PE
    Total System Jitter     (TSJ):    0.071ns
    Total Input Jitter      (TIJ):    0.000ns
    Discrete Jitter          (DJ):    0.000ns
    Phase Error              (PE):    0.000ns

    Location             Delay type                Incr(ns)  Path(ns)    Netlist Resource(s)
  -------------------------------------------------------------------    -------------------
                         (clock clk rise edge)        0.000     0.000 r  
                                                      0.000     0.000 r  clk (IN)
                         net (fo=9613, unset)         0.973     0.973    u_ex1_ex2/clk
    SLICE_X39Y62         FDCE                                         r  u_ex1_ex2/csr_addr_out_reg[4]/C
  -------------------------------------------------------------------    -------------------
    SLICE_X39Y62         FDCE (Prop_fdce_C_Q)         0.456     1.429 r  u_ex1_ex2/csr_addr_out_reg[4]/Q
                         net (fo=11, routed)          0.977     2.406    u_ex1_ex2/ex2_csr_addr[4]
    SLICE_X36Y62         LUT6 (Prop_lut6_I1_O)        0.124     2.530 r  u_ex1_ex2/hpmcnt3[63]_i_6/O
                         net (fo=36, routed)          0.572     3.103    u_ex1_ex2/hpmcnt3[63]_i_6_n_0
    SLICE_X35Y63         LUT4 (Prop_lut4_I3_O)        0.124     3.227 r  u_ex1_ex2/csr_rdata_out[20]_i_7/O
                         net (fo=133, routed)         1.222     4.449    u_ex1_ex2/csr_addr_out_reg[11]_3
    SLICE_X37Y57         LUT6 (Prop_lut6_I5_O)        0.124     4.573 r  u_ex1_ex2/csr_rdata_out[4]_i_6/O
                         net (fo=1, routed)           0.557     5.130    u_ex1_ex2/csr_rdata_out[4]_i_6_n_0
    SLICE_X37Y58         LUT5 (Prop_lut5_I3_O)        0.124     5.254 f  u_ex1_ex2/csr_rdata_out[4]_i_2/O
                         net (fo=3, routed)           0.606     5.859    u_ex1_ex2/csr_rdata_out[4]_i_2_n_0
    SLICE_X36Y59         LUT5 (Prop_lut5_I4_O)        0.124     5.983 f  u_ex1_ex2/mstatus[4]_i_2/O
                         net (fo=1, routed)           0.430     6.413    u_ex1_ex2/mstatus[4]_i_2_n_0
    SLICE_X36Y58         LUT5 (Prop_lut5_I0_O)        0.124     6.537 r  u_ex1_ex2/mstatus[4]_i_1/O
                         net (fo=15, routed)          0.581     7.119    u_ex1_ex2/csr_new[4]
    SLICE_X34Y64         LUT6 (Prop_lut6_I4_O)        0.124     7.243 r  u_ex1_ex2/mcycle[4]_i_5/O
                         net (fo=1, routed)           0.000     7.243    u_ex1_ex2/mcycle[4]_i_5_n_0
    SLICE_X34Y64         CARRY4 (Prop_carry4_S[0]_CO[3])
                                                      0.513     7.756 r  u_ex1_ex2/mcycle_reg[4]_i_1/CO[3]
                         net (fo=1, routed)           0.000     7.756    u_ex1_ex2/mcycle_reg[4]_i_1_n_0
    SLICE_X34Y65         CARRY4 (Prop_carry4_CI_CO[3])
                                                      0.117     7.873 r  u_ex1_ex2/mcycle_reg[8]_i_1/CO[3]
                         net (fo=1, routed)           0.000     7.873    u_ex1_ex2/mcycle_reg[8]_i_1_n_0
    SLICE_X34Y66         CARRY4 (Prop_carry4_CI_CO[3])
                                                      0.117     7.990 r  u_ex1_ex2/mcycle_reg[12]_i_1/CO[3]
                         net (fo=1, routed)           0.000     7.990    u_ex1_ex2/mcycle_reg[12]_i_1_n_0
    SLICE_X34Y67         CARRY4 (Prop_carry4_CI_CO[3])
                                                      0.117     8.107 r  u_ex1_ex2/mcycle_reg[16]_i_1/CO[3]
                         net (fo=1, routed)           0.000     8.107    u_ex1_ex2/mcycle_reg[16]_i_1_n_0
    SLICE_X34Y68         CARRY4 (Prop_carry4_CI_CO[3])
                                                      0.117     8.224 r  u_ex1_ex2/mcycle_reg[20]_i_1/CO[3]
                         net (fo=1, routed)           0.000     8.224    u_ex1_ex2/mcycle_reg[20]_i_1_n_0
    SLICE_X34Y69         CARRY4 (Prop_carry4_CI_CO[3])
                                                      0.117     8.341 r  u_ex1_ex2/mcycle_reg[24]_i_1/CO[3]
                         net (fo=1, routed)           0.000     8.341    u_ex1_ex2/mcycle_reg[24]_i_1_n_0
    SLICE_X34Y70         CARRY4 (Prop_carry4_CI_CO[3])
                                                      0.117     8.458 r  u_ex1_ex2/mcycle_reg[28]_i_1/CO[3]
                         net (fo=1, routed)           0.000     8.458    u_ex1_ex2/mcycle_reg[28]_i_1_n_0
    SLICE_X34Y71         CARRY4 (Prop_carry4_CI_CO[3])
                                                      0.117     8.575 r  u_ex1_ex2/mcycle_reg[32]_i_1/CO[3]
                         net (fo=1, routed)           0.000     8.575    u_ex1_ex2/mcycle_reg[32]_i_1_n_0
    SLICE_X34Y72         CARRY4 (Prop_carry4_CI_CO[3])
                                                      0.117     8.692 r  u_ex1_ex2/mcycle_reg[36]_i_1/CO[3]
                         net (fo=1, routed)           0.000     8.692    u_ex1_ex2/mcycle_reg[36]_i_1_n_0
    SLICE_X34Y73         CARRY4 (Prop_carry4_CI_CO[3])
                                                      0.117     8.809 r  u_ex1_ex2/mcycle_reg[40]_i_1/CO[3]
                         net (fo=1, routed)           0.000     8.809    u_ex1_ex2/mcycle_reg[40]_i_1_n_0
    SLICE_X34Y74         CARRY4 (Prop_carry4_CI_CO[3])
                                                      0.117     8.926 r  u_ex1_ex2/mcycle_reg[44]_i_1/CO[3]
                         net (fo=1, routed)           0.009     8.935    u_ex1_ex2/mcycle_reg[44]_i_1_n_0
    SLICE_X34Y75         CARRY4 (Prop_carry4_CI_CO[3])
                                                      0.117     9.052 r  u_ex1_ex2/mcycle_reg[48]_i_1/CO[3]
                         net (fo=1, routed)           0.000     9.052    u_ex1_ex2/mcycle_reg[48]_i_1_n_0
    SLICE_X34Y76         CARRY4 (Prop_carry4_CI_CO[3])
                                                      0.117     9.169 r  u_ex1_ex2/mcycle_reg[52]_i_1/CO[3]
                         net (fo=1, routed)           0.000     9.169    u_ex1_ex2/mcycle_reg[52]_i_1_n_0
    SLICE_X34Y77         CARRY4 (Prop_carry4_CI_CO[3])
                                                      0.117     9.286 r  u_ex1_ex2/mcycle_reg[56]_i_1/CO[3]
                         net (fo=1, routed)           0.000     9.286    u_ex1_ex2/mcycle_reg[56]_i_1_n_0
    SLICE_X34Y78         CARRY4 (Prop_carry4_CI_O[1])
                                                      0.323     9.609 r  u_ex1_ex2/mcycle_reg[60]_i_1/O[1]
                         net (fo=1, routed)           0.000     9.609    u_csr/mcycle_reg[63]_0[1]
    SLICE_X34Y78         FDCE                                         r  u_csr/mcycle_reg[61]/D
  -------------------------------------------------------------------    -------------------

                         (clock clk rise edge)        5.000     5.000 r  
                                                      0.000     5.000 r  clk (IN)
                         net (fo=9613, unset)         0.924     5.924    u_csr/clk
    SLICE_X34Y78         FDCE                                         r  u_csr/mcycle_reg[61]/C
                         clock pessimism              0.000     5.924    
                         clock uncertainty           -0.035     5.889    
    SLICE_X34Y78         FDCE (Setup_fdce_C_D)        0.109     5.998    u_csr/mcycle_reg[61]
  -------------------------------------------------------------------
                         required time                          5.998    
                         arrival time                          -9.609    
  -------------------------------------------------------------------
                         slack                                 -3.611    

Slack (VIOLATED) :        -3.603ns  (required time - arrival time)
  Source:                 u_ex1_ex2/csr_addr_out_reg[4]/C
                            (rising edge-triggered cell FDCE clocked by clk  {rise@0.000ns fall@2.500ns period=5.000ns})
  Destination:            u_csr/mcycle_reg[63]/D
                            (rising edge-triggered cell FDCE clocked by clk  {rise@0.000ns fall@2.500ns period=5.000ns})
  Path Group:             clk
  Path Type:              Setup (Max at Slow Process Corner)
  Requirement:            5.000ns  (clk rise@5.000ns - clk rise@0.000ns)
  Data Path Delay:        8.628ns  (logic 3.673ns (42.573%)  route 4.955ns (57.427%))
  Logic Levels:           22  (CARRY4=15 LUT4=1 LUT5=3 LUT6=3)
  Clock Path Skew:        -0.049ns (DCD - SCD + CPR)
    Destination Clock Delay (DCD):    0.924ns = ( 5.924 - 5.000 ) 
    Source Clock Delay      (SCD):    0.973ns
    Clock Pessimism Removal (CPR):    0.000ns
  Clock Uncertainty:      0.035ns  ((TSJ^2 + TIJ^2)^1/2 + DJ) / 2 + PE
    Total System Jitter     (TSJ):    0.071ns
    Total Input Jitter      (TIJ):    0.000ns
    Discrete Jitter          (DJ):    0.000ns
    Phase Error              (PE):    0.000ns

    Location             Delay type                Incr(ns)  Path(ns)    Netlist Resource(s)
  -------------------------------------------------------------------    -------------------
                         (clock clk rise edge)        0.000     0.000 r  
                                                      0.000     0.000 r  clk (IN)
                         net (fo=9613, unset)         0.973     0.973    u_ex1_ex2/clk
    SLICE_X39Y62         FDCE                                         r  u_ex1_ex2/csr_addr_out_reg[4]/C
  -------------------------------------------------------------------    -------------------
    SLICE_X39Y62         FDCE (Prop_fdce_C_Q)         0.456     1.429 r  u_ex1_ex2/csr_addr_out_reg[4]/Q
                         net (fo=11, routed)          0.977     2.406    u_ex1_ex2/ex2_csr_addr[4]
    SLICE_X36Y62         LUT6 (Prop_lut6_I1_O)        0.124     2.530 r  u_ex1_ex2/hpmcnt3[63]_i_6/O
                         net (fo=36, routed)          0.572     3.103    u_ex1_ex2/hpmcnt3[63]_i_6_n_0
    SLICE_X35Y63         LUT4 (Prop_lut4_I3_O)        0.124     3.227 r  u_ex1_ex2/csr_rdata_out[20]_i_7/O
                         net (fo=133, routed)         1.222     4.449    u_ex1_ex2/csr_addr_out_reg[11]_3
    SLICE_X37Y57         LUT6 (Prop_lut6_I5_O)        0.124     4.573 r  u_ex1_ex2/csr_rdata_out[4]_i_6/O
                         net (fo=1, routed)           0.557     5.130    u_ex1_ex2/csr_rdata_out[4]_i_6_n_0
    SLICE_X37Y58         LUT5 (Prop_lut5_I3_O)        0.124     5.254 f  u_ex1_ex2/csr_rdata_out[4]_i_2/O
                         net (fo=3, routed)           0.606     5.859    u_ex1_ex2/csr_rdata_out[4]_i_2_n_0
    SLICE_X36Y59         LUT5 (Prop_lut5_I4_O)        0.124     5.983 f  u_ex1_ex2/mstatus[4]_i_2/O
                         net (fo=1, routed)           0.430     6.413    u_ex1_ex2/mstatus[4]_i_2_n_0
    SLICE_X36Y58         LUT5 (Prop_lut5_I0_O)        0.124     6.537 r  u_ex1_ex2/mstatus[4]_i_1/O
                         net (fo=15, routed)          0.581     7.119    u_ex1_ex2/csr_new[4]
    SLICE_X34Y64         LUT6 (Prop_lut6_I4_O)        0.124     7.243 r  u_ex1_ex2/mcycle[4]_i_5/O
                         net (fo=1, routed)           0.000     7.243    u_ex1_ex2/mcycle[4]_i_5_n_0
    SLICE_X34Y64         CARRY4 (Prop_carry4_S[0]_CO[3])
                                                      0.513     7.756 r  u_ex1_ex2/mcycle_reg[4]_i_1/CO[3]
                         net (fo=1, routed)           0.000     7.756    u_ex1_ex2/mcycle_reg[4]_i_1_n_0
    SLICE_X34Y65         CARRY4 (Prop_carry4_CI_CO[3])
                                                      0.117     7.873 r  u_ex1_ex2/mcycle_reg[8]_i_1/CO[3]
                         net (fo=1, routed)           0.000     7.873    u_ex1_ex2/mcycle_reg[8]_i_1_n_0
    SLICE_X34Y66         CARRY4 (Prop_carry4_CI_CO[3])
                                                      0.117     7.990 r  u_ex1_ex2/mcycle_reg[12]_i_1/CO[3]
                         net (fo=1, routed)           0.000     7.990    u_ex1_ex2/mcycle_reg[12]_i_1_n_0
    SLICE_X34Y67         CARRY4 (Prop_carry4_CI_CO[3])
                                                      0.117     8.107 r  u_ex1_ex2/mcycle_reg[16]_i_1/CO[3]
                         net (fo=1, routed)           0.000     8.107    u_ex1_ex2/mcycle_reg[16]_i_1_n_0
    SLICE_X34Y68         CARRY4 (Prop_carry4_CI_CO[3])
                                                      0.117     8.224 r  u_ex1_ex2/mcycle_reg[20]_i_1/CO[3]
                         net (fo=1, routed)           0.000     8.224    u_ex1_ex2/mcycle_reg[20]_i_1_n_0
    SLICE_X34Y69         CARRY4 (Prop_carry4_CI_CO[3])
                                                      0.117     8.341 r  u_ex1_ex2/mcycle_reg[24]_i_1/CO[3]
                         net (fo=1, routed)           0.000     8.341    u_ex1_ex2/mcycle_reg[24]_i_1_n_0
    SLICE_X34Y70         CARRY4 (Prop_carry4_CI_CO[3])
                                                      0.117     8.458 r  u_ex1_ex2/mcycle_reg[28]_i_1/CO[3]
                         net (fo=1, routed)           0.000     8.458    u_ex1_ex2/mcycle_reg[28]_i_1_n_0
    SLICE_X34Y71         CARRY4 (Prop_carry4_CI_CO[3])
                                                      0.117     8.575 r  u_ex1_ex2/mcycle_reg[32]_i_1/CO[3]
                         net (fo=1, routed)           0.000     8.575    u_ex1_ex2/mcycle_reg[32]_i_1_n_0
    SLICE_X34Y72         CARRY4 (Prop_carry4_CI_CO[3])
                                                      0.117     8.692 r  u_ex1_ex2/mcycle_reg[36]_i_1/CO[3]
                         net (fo=1, routed)           0.000     8.692    u_ex1_ex2/mcycle_reg[36]_i_1_n_0
    SLICE_X34Y73         CARRY4 (Prop_carry4_CI_CO[3])
                                                      0.117     8.809 r  u_ex1_ex2/mcycle_reg[40]_i_1/CO[3]
                         net (fo=1, routed)           0.000     8.809    u_ex1_ex2/mcycle_reg[40]_i_1_n_0
    SLICE_X34Y74         CARRY4 (Prop_carry4_CI_CO[3])
                                                      0.117     8.926 r  u_ex1_ex2/mcycle_reg[44]_i_1/CO[3]
                         net (fo=1, routed)           0.009     8.935    u_ex1_ex2/mcycle_reg[44]_i_1_n_0
    SLICE_X34Y75         CARRY4 (Prop_carry4_CI_CO[3])
                                                      0.117     9.052 r  u_ex1_ex2/mcycle_reg[48]_i_1/CO[3]
                         net (fo=1, routed)           0.000     9.052    u_ex1_ex2/mcycle_reg[48]_i_1_n_0
    SLICE_X34Y76         CARRY4 (Prop_carry4_CI_CO[3])
                                                      0.117     9.169 r  u_ex1_ex2/mcycle_reg[52]_i_1/CO[3]
                         net (fo=1, routed)           0.000     9.169    u_ex1_ex2/mcycle_reg[52]_i_1_n_0
    SLICE_X34Y77         CARRY4 (Prop_carry4_CI_CO[3])
                                                      0.117     9.286 r  u_ex1_ex2/mcycle_reg[56]_i_1/CO[3]
                         net (fo=1, routed)           0.000     9.286    u_ex1_ex2/mcycle_reg[56]_i_1_n_0
    SLICE_X34Y78         CARRY4 (Prop_carry4_CI_O[3])
                                                      0.315     9.601 r  u_ex1_ex2/mcycle_reg[60]_i_1/O[3]
                         net (fo=1, routed)           0.000     9.601    u_csr/mcycle_reg[63]_0[3]
    SLICE_X34Y78         FDCE                                         r  u_csr/mcycle_reg[63]/D
  -------------------------------------------------------------------    -------------------

                         (clock clk rise edge)        5.000     5.000 r  
                                                      0.000     5.000 r  clk (IN)
                         net (fo=9613, unset)         0.924     5.924    u_csr/clk
    SLICE_X34Y78         FDCE                                         r  u_csr/mcycle_reg[63]/C
                         clock pessimism              0.000     5.924    
                         clock uncertainty           -0.035     5.889    
    SLICE_X34Y78         FDCE (Setup_fdce_C_D)        0.109     5.998    u_csr/mcycle_reg[63]
  -------------------------------------------------------------------
                         required time                          5.998    
                         arrival time                          -9.601    
  -------------------------------------------------------------------
                         slack                                 -3.603    

Slack (VIOLATED) :        -3.527ns  (required time - arrival time)
  Source:                 u_ex1_ex2/csr_addr_out_reg[4]/C
                            (rising edge-triggered cell FDCE clocked by clk  {rise@0.000ns fall@2.500ns period=5.000ns})
  Destination:            u_csr/mcycle_reg[62]/D
                            (rising edge-triggered cell FDCE clocked by clk  {rise@0.000ns fall@2.500ns period=5.000ns})
  Path Group:             clk
  Path Type:              Setup (Max at Slow Process Corner)
  Requirement:            5.000ns  (clk rise@5.000ns - clk rise@0.000ns)
  Data Path Delay:        8.552ns  (logic 3.597ns (42.063%)  route 4.955ns (57.937%))
  Logic Levels:           22  (CARRY4=15 LUT4=1 LUT5=3 LUT6=3)
  Clock Path Skew:        -0.049ns (DCD - SCD + CPR)
    Destination Clock Delay (DCD):    0.924ns = ( 5.924 - 5.000 ) 
    Source Clock Delay      (SCD):    0.973ns
    Clock Pessimism Removal (CPR):    0.000ns
  Clock Uncertainty:      0.035ns  ((TSJ^2 + TIJ^2)^1/2 + DJ) / 2 + PE
    Total System Jitter     (TSJ):    0.071ns
    Total Input Jitter      (TIJ):    0.000ns
    Discrete Jitter          (DJ):    0.000ns
    Phase Error              (PE):    0.000ns

    Location             Delay type                Incr(ns)  Path(ns)    Netlist Resource(s)
  -------------------------------------------------------------------    -------------------
                         (clock clk rise edge)        0.000     0.000 r  
                                                      0.000     0.000 r  clk (IN)
                         net (fo=9613, unset)         0.973     0.973    u_ex1_ex2/clk
    SLICE_X39Y62         FDCE                                         r  u_ex1_ex2/csr_addr_out_reg[4]/C
  -------------------------------------------------------------------    -------------------
    SLICE_X39Y62         FDCE (Prop_fdce_C_Q)         0.456     1.429 r  u_ex1_ex2/csr_addr_out_reg[4]/Q
                         net (fo=11, routed)          0.977     2.406    u_ex1_ex2/ex2_csr_addr[4]
    SLICE_X36Y62         LUT6 (Prop_lut6_I1_O)        0.124     2.530 r  u_ex1_ex2/hpmcnt3[63]_i_6/O
                         net (fo=36, routed)          0.572     3.103    u_ex1_ex2/hpmcnt3[63]_i_6_n_0
    SLICE_X35Y63         LUT4 (Prop_lut4_I3_O)        0.124     3.227 r  u_ex1_ex2/csr_rdata_out[20]_i_7/O
                         net (fo=133, routed)         1.222     4.449    u_ex1_ex2/csr_addr_out_reg[11]_3
    SLICE_X37Y57         LUT6 (Prop_lut6_I5_O)        0.124     4.573 r  u_ex1_ex2/csr_rdata_out[4]_i_6/O
                         net (fo=1, routed)           0.557     5.130    u_ex1_ex2/csr_rdata_out[4]_i_6_n_0
    SLICE_X37Y58         LUT5 (Prop_lut5_I3_O)        0.124     5.254 f  u_ex1_ex2/csr_rdata_out[4]_i_2/O
                         net (fo=3, routed)           0.606     5.859    u_ex1_ex2/csr_rdata_out[4]_i_2_n_0
    SLICE_X36Y59         LUT5 (Prop_lut5_I4_O)        0.124     5.983 f  u_ex1_ex2/mstatus[4]_i_2/O
                         net (fo=1, routed)           0.430     6.413    u_ex1_ex2/mstatus[4]_i_2_n_0
    SLICE_X36Y58         LUT5 (Prop_lut5_I0_O)        0.124     6.537 r  u_ex1_ex2/mstatus[4]_i_1/O
                         net (fo=15, routed)          0.581     7.119    u_ex1_ex2/csr_new[4]
    SLICE_X34Y64         LUT6 (Prop_lut6_I4_O)        0.124     7.243 r  u_ex1_ex2/mcycle[4]_i_5/O
                         net (fo=1, routed)           0.000     7.243    u_ex1_ex2/mcycle[4]_i_5_n_0
    SLICE_X34Y64         CARRY4 (Prop_carry4_S[0]_CO[3])
                                                      0.513     7.756 r  u_ex1_ex2/mcycle_reg[4]_i_1/CO[3]
                         net (fo=1, routed)           0.000     7.756    u_ex1_ex2/mcycle_reg[4]_i_1_n_0
    SLICE_X34Y65         CARRY4 (Prop_carry4_CI_CO[3])
                                                      0.117     7.873 r  u_ex1_ex2/mcycle_reg[8]_i_1/CO[3]
                         net (fo=1, routed)           0.000     7.873    u_ex1_ex2/mcycle_reg[8]_i_1_n_0
    SLICE_X34Y66         CARRY4 (Prop_carry4_CI_CO[3])
                                                      0.117     7.990 r  u_ex1_ex2/mcycle_reg[12]_i_1/CO[3]
                         net (fo=1, routed)           0.000     7.990    u_ex1_ex2/mcycle_reg[12]_i_1_n_0
    SLICE_X34Y67         CARRY4 (Prop_carry4_CI_CO[3])
                                                      0.117     8.107 r  u_ex1_ex2/mcycle_reg[16]_i_1/CO[3]
                         net (fo=1, routed)           0.000     8.107    u_ex1_ex2/mcycle_reg[16]_i_1_n_0
    SLICE_X34Y68         CARRY4 (Prop_carry4_CI_CO[3])
                                                      0.117     8.224 r  u_ex1_ex2/mcycle_reg[20]_i_1/CO[3]
                         net (fo=1, routed)           0.000     8.224    u_ex1_ex2/mcycle_reg[20]_i_1_n_0
    SLICE_X34Y69         CARRY4 (Prop_carry4_CI_CO[3])
                                                      0.117     8.341 r  u_ex1_ex2/mcycle_reg[24]_i_1/CO[3]
                         net (fo=1, routed)           0.000     8.341    u_ex1_ex2/mcycle_reg[24]_i_1_n_0
    SLICE_X34Y70         CARRY4 (Prop_carry4_CI_CO[3])
                                                      0.117     8.458 r  u_ex1_ex2/mcycle_reg[28]_i_1/CO[3]
                         net (fo=1, routed)           0.000     8.458    u_ex1_ex2/mcycle_reg[28]_i_1_n_0
    SLICE_X34Y71         CARRY4 (Prop_carry4_CI_CO[3])
                                                      0.117     8.575 r  u_ex1_ex2/mcycle_reg[32]_i_1/CO[3]
                         net (fo=1, routed)           0.000     8.575    u_ex1_ex2/mcycle_reg[32]_i_1_n_0
    SLICE_X34Y72         CARRY4 (Prop_carry4_CI_CO[3])
                                                      0.117     8.692 r  u_ex1_ex2/mcycle_reg[36]_i_1/CO[3]
                         net (fo=1, routed)           0.000     8.692    u_ex1_ex2/mcycle_reg[36]_i_1_n_0
    SLICE_X34Y73         CARRY4 (Prop_carry4_CI_CO[3])
                                                      0.117     8.809 r  u_ex1_ex2/mcycle_reg[40]_i_1/CO[3]
                         net (fo=1, routed)           0.000     8.809    u_ex1_ex2/mcycle_reg[40]_i_1_n_0
    SLICE_X34Y74         CARRY4 (Prop_carry4_CI_CO[3])
                                                      0.117     8.926 r  u_ex1_ex2/mcycle_reg[44]_i_1/CO[3]
                         net (fo=1, routed)           0.009     8.935    u_ex1_ex2/mcycle_reg[44]_i_1_n_0
    SLICE_X34Y75         CARRY4 (Prop_carry4_CI_CO[3])
                                                      0.117     9.052 r  u_ex1_ex2/mcycle_reg[48]_i_1/CO[3]
                         net (fo=1, routed)           0.000     9.052    u_ex1_ex2/mcycle_reg[48]_i_1_n_0
    SLICE_X34Y76         CARRY4 (Prop_carry4_CI_CO[3])
                                                      0.117     9.169 r  u_ex1_ex2/mcycle_reg[52]_i_1/CO[3]
                         net (fo=1, routed)           0.000     9.169    u_ex1_ex2/mcycle_reg[52]_i_1_n_0
    SLICE_X34Y77         CARRY4 (Prop_carry4_CI_CO[3])
                                                      0.117     9.286 r  u_ex1_ex2/mcycle_reg[56]_i_1/CO[3]
                         net (fo=1, routed)           0.000     9.286    u_ex1_ex2/mcycle_reg[56]_i_1_n_0
    SLICE_X34Y78         CARRY4 (Prop_carry4_CI_O[2])
                                                      0.239     9.525 r  u_ex1_ex2/mcycle_reg[60]_i_1/O[2]
                         net (fo=1, routed)           0.000     9.525    u_csr/mcycle_reg[63]_0[2]
    SLICE_X34Y78         FDCE                                         r  u_csr/mcycle_reg[62]/D
  -------------------------------------------------------------------    -------------------

                         (clock clk rise edge)        5.000     5.000 r  
                                                      0.000     5.000 r  clk (IN)
                         net (fo=9613, unset)         0.924     5.924    u_csr/clk
    SLICE_X34Y78         FDCE                                         r  u_csr/mcycle_reg[62]/C
                         clock pessimism              0.000     5.924    
                         clock uncertainty           -0.035     5.889    
    SLICE_X34Y78         FDCE (Setup_fdce_C_D)        0.109     5.998    u_csr/mcycle_reg[62]
  -------------------------------------------------------------------
                         required time                          5.998    
                         arrival time                          -9.525    
  -------------------------------------------------------------------
                         slack                                 -3.527    

Slack (VIOLATED) :        -3.507ns  (required time - arrival time)
  Source:                 u_ex1_ex2/csr_addr_out_reg[4]/C
                            (rising edge-triggered cell FDCE clocked by clk  {rise@0.000ns fall@2.500ns period=5.000ns})
  Destination:            u_csr/mcycle_reg[60]/D
                            (rising edge-triggered cell FDCE clocked by clk  {rise@0.000ns fall@2.500ns period=5.000ns})
  Path Group:             clk
  Path Type:              Setup (Max at Slow Process Corner)
  Requirement:            5.000ns  (clk rise@5.000ns - clk rise@0.000ns)
  Data Path Delay:        8.532ns  (logic 3.577ns (41.927%)  route 4.955ns (58.073%))
  Logic Levels:           22  (CARRY4=15 LUT4=1 LUT5=3 LUT6=3)
  Clock Path Skew:        -0.049ns (DCD - SCD + CPR)
    Destination Clock Delay (DCD):    0.924ns = ( 5.924 - 5.000 ) 
    Source Clock Delay      (SCD):    0.973ns
    Clock Pessimism Removal (CPR):    0.000ns
  Clock Uncertainty:      0.035ns  ((TSJ^2 + TIJ^2)^1/2 + DJ) / 2 + PE
    Total System Jitter     (TSJ):    0.071ns
    Total Input Jitter      (TIJ):    0.000ns
    Discrete Jitter          (DJ):    0.000ns
    Phase Error              (PE):    0.000ns

    Location             Delay type                Incr(ns)  Path(ns)    Netlist Resource(s)
  -------------------------------------------------------------------    -------------------
                         (clock clk rise edge)        0.000     0.000 r  
                                                      0.000     0.000 r  clk (IN)
                         net (fo=9613, unset)         0.973     0.973    u_ex1_ex2/clk
    SLICE_X39Y62         FDCE                                         r  u_ex1_ex2/csr_addr_out_reg[4]/C
  -------------------------------------------------------------------    -------------------
    SLICE_X39Y62         FDCE (Prop_fdce_C_Q)         0.456     1.429 r  u_ex1_ex2/csr_addr_out_reg[4]/Q
                         net (fo=11, routed)          0.977     2.406    u_ex1_ex2/ex2_csr_addr[4]
    SLICE_X36Y62         LUT6 (Prop_lut6_I1_O)        0.124     2.530 r  u_ex1_ex2/hpmcnt3[63]_i_6/O
                         net (fo=36, routed)          0.572     3.103    u_ex1_ex2/hpmcnt3[63]_i_6_n_0
    SLICE_X35Y63         LUT4 (Prop_lut4_I3_O)        0.124     3.227 r  u_ex1_ex2/csr_rdata_out[20]_i_7/O
                         net (fo=133, routed)         1.222     4.449    u_ex1_ex2/csr_addr_out_reg[11]_3
    SLICE_X37Y57         LUT6 (Prop_lut6_I5_O)        0.124     4.573 r  u_ex1_ex2/csr_rdata_out[4]_i_6/O
                         net (fo=1, routed)           0.557     5.130    u_ex1_ex2/csr_rdata_out[4]_i_6_n_0
    SLICE_X37Y58         LUT5 (Prop_lut5_I3_O)        0.124     5.254 f  u_ex1_ex2/csr_rdata_out[4]_i_2/O
                         net (fo=3, routed)           0.606     5.859    u_ex1_ex2/csr_rdata_out[4]_i_2_n_0
    SLICE_X36Y59         LUT5 (Prop_lut5_I4_O)        0.124     5.983 f  u_ex1_ex2/mstatus[4]_i_2/O
                         net (fo=1, routed)           0.430     6.413    u_ex1_ex2/mstatus[4]_i_2_n_0
    SLICE_X36Y58         LUT5 (Prop_lut5_I0_O)        0.124     6.537 r  u_ex1_ex2/mstatus[4]_i_1/O
                         net (fo=15, routed)          0.581     7.119    u_ex1_ex2/csr_new[4]
    SLICE_X34Y64         LUT6 (Prop_lut6_I4_O)        0.124     7.243 r  u_ex1_ex2/mcycle[4]_i_5/O
                         net (fo=1, routed)           0.000     7.243    u_ex1_ex2/mcycle[4]_i_5_n_0
    SLICE_X34Y64         CARRY4 (Prop_carry4_S[0]_CO[3])
                                                      0.513     7.756 r  u_ex1_ex2/mcycle_reg[4]_i_1/CO[3]
                         net (fo=1, routed)           0.000     7.756    u_ex1_ex2/mcycle_reg[4]_i_1_n_0
    SLICE_X34Y65         CARRY4 (Prop_carry4_CI_CO[3])
                                                      0.117     7.873 r  u_ex1_ex2/mcycle_reg[8]_i_1/CO[3]
                         net (fo=1, routed)           0.000     7.873    u_ex1_ex2/mcycle_reg[8]_i_1_n_0
    SLICE_X34Y66         CARRY4 (Prop_carry4_CI_CO[3])
                                                      0.117     7.990 r  u_ex1_ex2/mcycle_reg[12]_i_1/CO[3]
                         net (fo=1, routed)           0.000     7.990    u_ex1_ex2/mcycle_reg[12]_i_1_n_0
    SLICE_X34Y67         CARRY4 (Prop_carry4_CI_CO[3])
                                                      0.117     8.107 r  u_ex1_ex2/mcycle_reg[16]_i_1/CO[3]
                         net (fo=1, routed)           0.000     8.107    u_ex1_ex2/mcycle_reg[16]_i_1_n_0
    SLICE_X34Y68         CARRY4 (Prop_carry4_CI_CO[3])
                                                      0.117     8.224 r  u_ex1_ex2/mcycle_reg[20]_i_1/CO[3]
                         net (fo=1, routed)           0.000     8.224    u_ex1_ex2/mcycle_reg[20]_i_1_n_0
    SLICE_X34Y69         CARRY4 (Prop_carry4_CI_CO[3])
                                                      0.117     8.341 r  u_ex1_ex2/mcycle_reg[24]_i_1/CO[3]
                         net (fo=1, routed)           0.000     8.341    u_ex1_ex2/mcycle_reg[24]_i_1_n_0
    SLICE_X34Y70         CARRY4 (Prop_carry4_CI_CO[3])
                                                      0.117     8.458 r  u_ex1_ex2/mcycle_reg[28]_i_1/CO[3]
                         net (fo=1, routed)           0.000     8.458    u_ex1_ex2/mcycle_reg[28]_i_1_n_0
    SLICE_X34Y71         CARRY4 (Prop_carry4_CI_CO[3])
                                                      0.117     8.575 r  u_ex1_ex2/mcycle_reg[32]_i_1/CO[3]
                         net (fo=1, routed)           0.000     8.575    u_ex1_ex2/mcycle_reg[32]_i_1_n_0
    SLICE_X34Y72         CARRY4 (Prop_carry4_CI_CO[3])
                                                      0.117     8.692 r  u_ex1_ex2/mcycle_reg[36]_i_1/CO[3]
                         net (fo=1, routed)           0.000     8.692    u_ex1_ex2/mcycle_reg[36]_i_1_n_0
    SLICE_X34Y73         CARRY4 (Prop_carry4_CI_CO[3])
                                                      0.117     8.809 r  u_ex1_ex2/mcycle_reg[40]_i_1/CO[3]
                         net (fo=1, routed)           0.000     8.809    u_ex1_ex2/mcycle_reg[40]_i_1_n_0
    SLICE_X34Y74         CARRY4 (Prop_carry4_CI_CO[3])
                                                      0.117     8.926 r  u_ex1_ex2/mcycle_reg[44]_i_1/CO[3]
                         net (fo=1, routed)           0.009     8.935    u_ex1_ex2/mcycle_reg[44]_i_1_n_0
    SLICE_X34Y75         CARRY4 (Prop_carry4_CI_CO[3])
                                                      0.117     9.052 r  u_ex1_ex2/mcycle_reg[48]_i_1/CO[3]
                         net (fo=1, routed)           0.000     9.052    u_ex1_ex2/mcycle_reg[48]_i_1_n_0
    SLICE_X34Y76         CARRY4 (Prop_carry4_CI_CO[3])
                                                      0.117     9.169 r  u_ex1_ex2/mcycle_reg[52]_i_1/CO[3]
                         net (fo=1, routed)           0.000     9.169    u_ex1_ex2/mcycle_reg[52]_i_1_n_0
    SLICE_X34Y77         CARRY4 (Prop_carry4_CI_CO[3])
                                                      0.117     9.286 r  u_ex1_ex2/mcycle_reg[56]_i_1/CO[3]
                         net (fo=1, routed)           0.000     9.286    u_ex1_ex2/mcycle_reg[56]_i_1_n_0
    SLICE_X34Y78         CARRY4 (Prop_carry4_CI_O[0])
                                                      0.219     9.505 r  u_ex1_ex2/mcycle_reg[60]_i_1/O[0]
                         net (fo=1, routed)           0.000     9.505    u_csr/mcycle_reg[63]_0[0]
    SLICE_X34Y78         FDCE                                         r  u_csr/mcycle_reg[60]/D
  -------------------------------------------------------------------    -------------------

                         (clock clk rise edge)        5.000     5.000 r  
                                                      0.000     5.000 r  clk (IN)
                         net (fo=9613, unset)         0.924     5.924    u_csr/clk
    SLICE_X34Y78         FDCE                                         r  u_csr/mcycle_reg[60]/C
                         clock pessimism              0.000     5.924    
                         clock uncertainty           -0.035     5.889    
    SLICE_X34Y78         FDCE (Setup_fdce_C_D)        0.109     5.998    u_csr/mcycle_reg[60]
  -------------------------------------------------------------------
                         required time                          5.998    
                         arrival time                          -9.505    
  -------------------------------------------------------------------
                         slack                                 -3.507    

Slack (VIOLATED) :        -3.494ns  (required time - arrival time)
  Source:                 u_ex1_ex2/csr_addr_out_reg[4]/C
                            (rising edge-triggered cell FDCE clocked by clk  {rise@0.000ns fall@2.500ns period=5.000ns})
  Destination:            u_csr/mcycle_reg[57]/D
                            (rising edge-triggered cell FDCE clocked by clk  {rise@0.000ns fall@2.500ns period=5.000ns})
  Path Group:             clk
  Path Type:              Setup (Max at Slow Process Corner)
  Requirement:            5.000ns  (clk rise@5.000ns - clk rise@0.000ns)
  Data Path Delay:        8.519ns  (logic 3.564ns (41.838%)  route 4.955ns (58.162%))
  Logic Levels:           21  (CARRY4=14 LUT4=1 LUT5=3 LUT6=3)
  Clock Path Skew:        -0.049ns (DCD - SCD + CPR)
    Destination Clock Delay (DCD):    0.924ns = ( 5.924 - 5.000 ) 
    Source Clock Delay      (SCD):    0.973ns
    Clock Pessimism Removal (CPR):    0.000ns
  Clock Uncertainty:      0.035ns  ((TSJ^2 + TIJ^2)^1/2 + DJ) / 2 + PE
    Total System Jitter     (TSJ):    0.071ns
    Total Input Jitter      (TIJ):    0.000ns
    Discrete Jitter          (DJ):    0.000ns
    Phase Error              (PE):    0.000ns

    Location             Delay type                Incr(ns)  Path(ns)    Netlist Resource(s)
  -------------------------------------------------------------------    -------------------
                         (clock clk rise edge)        0.000     0.000 r  
                                                      0.000     0.000 r  clk (IN)
                         net (fo=9613, unset)         0.973     0.973    u_ex1_ex2/clk
    SLICE_X39Y62         FDCE                                         r  u_ex1_ex2/csr_addr_out_reg[4]/C
  -------------------------------------------------------------------    -------------------
    SLICE_X39Y62         FDCE (Prop_fdce_C_Q)         0.456     1.429 r  u_ex1_ex2/csr_addr_out_reg[4]/Q
                         net (fo=11, routed)          0.977     2.406    u_ex1_ex2/ex2_csr_addr[4]
    SLICE_X36Y62         LUT6 (Prop_lut6_I1_O)        0.124     2.530 r  u_ex1_ex2/hpmcnt3[63]_i_6/O
                         net (fo=36, routed)          0.572     3.103    u_ex1_ex2/hpmcnt3[63]_i_6_n_0
    SLICE_X35Y63         LUT4 (Prop_lut4_I3_O)        0.124     3.227 r  u_ex1_ex2/csr_rdata_out[20]_i_7/O
                         net (fo=133, routed)         1.222     4.449    u_ex1_ex2/csr_addr_out_reg[11]_3
    SLICE_X37Y57         LUT6 (Prop_lut6_I5_O)        0.124     4.573 r  u_ex1_ex2/csr_rdata_out[4]_i_6/O
                         net (fo=1, routed)           0.557     5.130    u_ex1_ex2/csr_rdata_out[4]_i_6_n_0
    SLICE_X37Y58         LUT5 (Prop_lut5_I3_O)        0.124     5.254 f  u_ex1_ex2/csr_rdata_out[4]_i_2/O
                         net (fo=3, routed)           0.606     5.859    u_ex1_ex2/csr_rdata_out[4]_i_2_n_0
    SLICE_X36Y59         LUT5 (Prop_lut5_I4_O)        0.124     5.983 f  u_ex1_ex2/mstatus[4]_i_2/O
                         net (fo=1, routed)           0.430     6.413    u_ex1_ex2/mstatus[4]_i_2_n_0
    SLICE_X36Y58         LUT5 (Prop_lut5_I0_O)        0.124     6.537 r  u_ex1_ex2/mstatus[4]_i_1/O
                         net (fo=15, routed)          0.581     7.119    u_ex1_ex2/csr_new[4]
    SLICE_X34Y64         LUT6 (Prop_lut6_I4_O)        0.124     7.243 r  u_ex1_ex2/mcycle[4]_i_5/O
                         net (fo=1, routed)           0.000     7.243    u_ex1_ex2/mcycle[4]_i_5_n_0
    SLICE_X34Y64         CARRY4 (Prop_carry4_S[0]_CO[3])
                                                      0.513     7.756 r  u_ex1_ex2/mcycle_reg[4]_i_1/CO[3]
                         net (fo=1, routed)           0.000     7.756    u_ex1_ex2/mcycle_reg[4]_i_1_n_0
    SLICE_X34Y65         CARRY4 (Prop_carry4_CI_CO[3])
                                                      0.117     7.873 r  u_ex1_ex2/mcycle_reg[8]_i_1/CO[3]
                         net (fo=1, routed)           0.000     7.873    u_ex1_ex2/mcycle_reg[8]_i_1_n_0
    SLICE_X34Y66         CARRY4 (Prop_carry4_CI_CO[3])
                                                      0.117     7.990 r  u_ex1_ex2/mcycle_reg[12]_i_1/CO[3]
                         net (fo=1, routed)           0.000     7.990    u_ex1_ex2/mcycle_reg[12]_i_1_n_0
    SLICE_X34Y67         CARRY4 (Prop_carry4_CI_CO[3])
                                                      0.117     8.107 r  u_ex1_ex2/mcycle_reg[16]_i_1/CO[3]
                         net (fo=1, routed)           0.000     8.107    u_ex1_ex2/mcycle_reg[16]_i_1_n_0
    SLICE_X34Y68         CARRY4 (Prop_carry4_CI_CO[3])
                                                      0.117     8.224 r  u_ex1_ex2/mcycle_reg[20]_i_1/CO[3]
                         net (fo=1, routed)           0.000     8.224    u_ex1_ex2/mcycle_reg[20]_i_1_n_0
    SLICE_X34Y69         CARRY4 (Prop_carry4_CI_CO[3])
                                                      0.117     8.341 r  u_ex1_ex2/mcycle_reg[24]_i_1/CO[3]
                         net (fo=1, routed)           0.000     8.341    u_ex1_ex2/mcycle_reg[24]_i_1_n_0
    SLICE_X34Y70         CARRY4 (Prop_carry4_CI_CO[3])
                                                      0.117     8.458 r  u_ex1_ex2/mcycle_reg[28]_i_1/CO[3]
                         net (fo=1, routed)           0.000     8.458    u_ex1_ex2/mcycle_reg[28]_i_1_n_0
    SLICE_X34Y71         CARRY4 (Prop_carry4_CI_CO[3])
                                                      0.117     8.575 r  u_ex1_ex2/mcycle_reg[32]_i_1/CO[3]
                         net (fo=1, routed)           0.000     8.575    u_ex1_ex2/mcycle_reg[32]_i_1_n_0
    SLICE_X34Y72         CARRY4 (Prop_carry4_CI_CO[3])
                                                      0.117     8.692 r  u_ex1_ex2/mcycle_reg[36]_i_1/CO[3]
                         net (fo=1, routed)           0.000     8.692    u_ex1_ex2/mcycle_reg[36]_i_1_n_0
    SLICE_X34Y73         CARRY4 (Prop_carry4_CI_CO[3])
                                                      0.117     8.809 r  u_ex1_ex2/mcycle_reg[40]_i_1/CO[3]
                         net (fo=1, routed)           0.000     8.809    u_ex1_ex2/mcycle_reg[40]_i_1_n_0
    SLICE_X34Y74         CARRY4 (Prop_carry4_CI_CO[3])
                                                      0.117     8.926 r  u_ex1_ex2/mcycle_reg[44]_i_1/CO[3]
                         net (fo=1, routed)           0.009     8.935    u_ex1_ex2/mcycle_reg[44]_i_1_n_0
    SLICE_X34Y75         CARRY4 (Prop_carry4_CI_CO[3])
                                                      0.117     9.052 r  u_ex1_ex2/mcycle_reg[48]_i_1/CO[3]
                         net (fo=1, routed)           0.000     9.052    u_ex1_ex2/mcycle_reg[48]_i_1_n_0
    SLICE_X34Y76         CARRY4 (Prop_carry4_CI_CO[3])
                                                      0.117     9.169 r  u_ex1_ex2/mcycle_reg[52]_i_1/CO[3]
                         net (fo=1, routed)           0.000     9.169    u_ex1_ex2/mcycle_reg[52]_i_1_n_0
    SLICE_X34Y77         CARRY4 (Prop_carry4_CI_O[1])
                                                      0.323     9.492 r  u_ex1_ex2/mcycle_reg[56]_i_1/O[1]
                         net (fo=1, routed)           0.000     9.492    u_csr/mcycle_reg[59]_0[1]
    SLICE_X34Y77         FDCE                                         r  u_csr/mcycle_reg[57]/D
  -------------------------------------------------------------------    -------------------

                         (clock clk rise edge)        5.000     5.000 r  
                                                      0.000     5.000 r  clk (IN)
                         net (fo=9613, unset)         0.924     5.924    u_csr/clk
    SLICE_X34Y77         FDCE                                         r  u_csr/mcycle_reg[57]/C
                         clock pessimism              0.000     5.924    
                         clock uncertainty           -0.035     5.889    
    SLICE_X34Y77         FDCE (Setup_fdce_C_D)        0.109     5.998    u_csr/mcycle_reg[57]
  -------------------------------------------------------------------
                         required time                          5.998    
                         arrival time                          -9.492    
  -------------------------------------------------------------------
                         slack                                 -3.494    

Slack (VIOLATED) :        -3.486ns  (required time - arrival time)
  Source:                 u_pc/pc_out_reg[2]_rep__0/C
                            (rising edge-triggered cell FDCE clocked by clk  {rise@0.000ns fall@2.500ns period=5.000ns})
  Destination:            u_icache/data_reg[53][2]/CE
                            (rising edge-triggered cell FDCE clocked by clk  {rise@0.000ns fall@2.500ns period=5.000ns})
  Path Group:             clk
  Path Type:              Setup (Max at Slow Process Corner)
  Requirement:            5.000ns  (clk rise@5.000ns - clk rise@0.000ns)
  Data Path Delay:        8.233ns  (logic 2.263ns (27.486%)  route 5.970ns (72.514%))
  Logic Levels:           9  (CARRY4=2 LUT6=5 MUXF7=1 MUXF8=1)
  Clock Path Skew:        -0.049ns (DCD - SCD + CPR)
    Destination Clock Delay (DCD):    0.924ns = ( 5.924 - 5.000 ) 
    Source Clock Delay      (SCD):    0.973ns
    Clock Pessimism Removal (CPR):    0.000ns
  Clock Uncertainty:      0.035ns  ((TSJ^2 + TIJ^2)^1/2 + DJ) / 2 + PE
    Total System Jitter     (TSJ):    0.071ns
    Total Input Jitter      (TIJ):    0.000ns
    Discrete Jitter          (DJ):    0.000ns
    Phase Error              (PE):    0.000ns

    Location             Delay type                Incr(ns)  Path(ns)    Netlist Resource(s)
  -------------------------------------------------------------------    -------------------
                         (clock clk rise edge)        0.000     0.000 r  
                                                      0.000     0.000 r  clk (IN)
                         net (fo=9613, unset)         0.973     0.973    u_pc/clk
    SLICE_X37Y22         FDCE                                         r  u_pc/pc_out_reg[2]_rep__0/C
  -------------------------------------------------------------------    -------------------
    SLICE_X37Y22         FDCE (Prop_fdce_C_Q)         0.456     1.429 r  u_pc/pc_out_reg[2]_rep__0/Q
                         net (fo=116, routed)         1.266     2.695    u_icache/tags_reg[0][23]_i_288_1
    SLICE_X47Y21         LUT6 (Prop_lut6_I4_O)        0.124     2.819 r  u_icache/tags[0][23]_i_722/O
                         net (fo=1, routed)           0.000     2.819    u_icache/tags[0][23]_i_722_n_0
    SLICE_X47Y21         MUXF7 (Prop_muxf7_I1_O)      0.245     3.064 r  u_icache/tags_reg[0][23]_i_345/O
                         net (fo=1, routed)           0.000     3.064    u_icache/tags_reg[0][23]_i_345_n_0
    SLICE_X47Y21         MUXF8 (Prop_muxf8_I0_O)      0.104     3.168 r  u_icache/tags_reg[0][23]_i_157/O
                         net (fo=1, routed)           1.006     4.174    u_icache/tags_reg[0][23]_i_157_n_0
    SLICE_X34Y22         LUT6 (Prop_lut6_I0_O)        0.316     4.490 r  u_icache/tags[0][23]_i_64/O
                         net (fo=1, routed)           0.734     5.224    u_icache/tags[1]
    SLICE_X35Y18         LUT6 (Prop_lut6_I5_O)        0.124     5.348 r  u_icache/tags[0][23]_i_40/O
                         net (fo=1, routed)           0.000     5.348    u_icache/tags[0][23]_i_40_n_0
    SLICE_X35Y18         CARRY4 (Prop_carry4_S[0]_CO[3])
                                                      0.532     5.880 r  u_icache/tags_reg[0][23]_i_16/CO[3]
                         net (fo=1, routed)           0.000     5.880    u_icache/tags_reg[0][23]_i_16_n_0
    SLICE_X35Y19         CARRY4 (Prop_carry4_CI_CO[3])
                                                      0.114     5.994 f  u_icache/tags_reg[0][23]_i_7/CO[3]
                         net (fo=1, routed)           0.625     6.619    u_icache/hit0
    SLICE_X32Y18         LUT6 (Prop_lut6_I5_O)        0.124     6.743 f  u_icache/tags[0][23]_i_3/O
                         net (fo=96, routed)          0.902     7.645    u_pc/data_reg[14][0]_0
    SLICE_X45Y17         LUT6 (Prop_lut6_I5_O)        0.124     7.769 r  u_pc/tags[53][23]_i_1/O
                         net (fo=57, routed)          1.437     9.206    u_icache/data_reg[53][0]_0[0]
    SLICE_X60Y11         FDCE                                         r  u_icache/data_reg[53][2]/CE
  -------------------------------------------------------------------    -------------------

                         (clock clk rise edge)        5.000     5.000 r  
                                                      0.000     5.000 r  clk (IN)
                         net (fo=9613, unset)         0.924     5.924    u_icache/clk
    SLICE_X60Y11         FDCE                                         r  u_icache/data_reg[53][2]/C
                         clock pessimism              0.000     5.924    
                         clock uncertainty           -0.035     5.889    
    SLICE_X60Y11         FDCE (Setup_fdce_C_CE)      -0.169     5.720    u_icache/data_reg[53][2]
  -------------------------------------------------------------------
                         required time                          5.720    
                         arrival time                          -9.206    
  -------------------------------------------------------------------
                         slack                                 -3.486    

Slack (VIOLATED) :        -3.486ns  (required time - arrival time)
  Source:                 u_ex1_ex2/csr_addr_out_reg[4]/C
                            (rising edge-triggered cell FDCE clocked by clk  {rise@0.000ns fall@2.500ns period=5.000ns})
  Destination:            u_csr/mcycle_reg[59]/D
                            (rising edge-triggered cell FDCE clocked by clk  {rise@0.000ns fall@2.500ns period=5.000ns})
  Path Group:             clk
  Path Type:              Setup (Max at Slow Process Corner)
  Requirement:            5.000ns  (clk rise@5.000ns - clk rise@0.000ns)
  Data Path Delay:        8.511ns  (logic 3.556ns (41.784%)  route 4.955ns (58.216%))
  Logic Levels:           21  (CARRY4=14 LUT4=1 LUT5=3 LUT6=3)
  Clock Path Skew:        -0.049ns (DCD - SCD + CPR)
    Destination Clock Delay (DCD):    0.924ns = ( 5.924 - 5.000 ) 
    Source Clock Delay      (SCD):    0.973ns
    Clock Pessimism Removal (CPR):    0.000ns
  Clock Uncertainty:      0.035ns  ((TSJ^2 + TIJ^2)^1/2 + DJ) / 2 + PE
    Total System Jitter     (TSJ):    0.071ns
    Total Input Jitter      (TIJ):    0.000ns
    Discrete Jitter          (DJ):    0.000ns
    Phase Error              (PE):    0.000ns

    Location             Delay type                Incr(ns)  Path(ns)    Netlist Resource(s)
  -------------------------------------------------------------------    -------------------
                         (clock clk rise edge)        0.000     0.000 r  
                                                      0.000     0.000 r  clk (IN)
                         net (fo=9613, unset)         0.973     0.973    u_ex1_ex2/clk
    SLICE_X39Y62         FDCE                                         r  u_ex1_ex2/csr_addr_out_reg[4]/C
  -------------------------------------------------------------------    -------------------
    SLICE_X39Y62         FDCE (Prop_fdce_C_Q)         0.456     1.429 r  u_ex1_ex2/csr_addr_out_reg[4]/Q
                         net (fo=11, routed)          0.977     2.406    u_ex1_ex2/ex2_csr_addr[4]
    SLICE_X36Y62         LUT6 (Prop_lut6_I1_O)        0.124     2.530 r  u_ex1_ex2/hpmcnt3[63]_i_6/O
                         net (fo=36, routed)          0.572     3.103    u_ex1_ex2/hpmcnt3[63]_i_6_n_0
    SLICE_X35Y63         LUT4 (Prop_lut4_I3_O)        0.124     3.227 r  u_ex1_ex2/csr_rdata_out[20]_i_7/O
                         net (fo=133, routed)         1.222     4.449    u_ex1_ex2/csr_addr_out_reg[11]_3
    SLICE_X37Y57         LUT6 (Prop_lut6_I5_O)        0.124     4.573 r  u_ex1_ex2/csr_rdata_out[4]_i_6/O
                         net (fo=1, routed)           0.557     5.130    u_ex1_ex2/csr_rdata_out[4]_i_6_n_0
    SLICE_X37Y58         LUT5 (Prop_lut5_I3_O)        0.124     5.254 f  u_ex1_ex2/csr_rdata_out[4]_i_2/O
                         net (fo=3, routed)           0.606     5.859    u_ex1_ex2/csr_rdata_out[4]_i_2_n_0
    SLICE_X36Y59         LUT5 (Prop_lut5_I4_O)        0.124     5.983 f  u_ex1_ex2/mstatus[4]_i_2/O
                         net (fo=1, routed)           0.430     6.413    u_ex1_ex2/mstatus[4]_i_2_n_0
    SLICE_X36Y58         LUT5 (Prop_lut5_I0_O)        0.124     6.537 r  u_ex1_ex2/mstatus[4]_i_1/O
                         net (fo=15, routed)          0.581     7.119    u_ex1_ex2/csr_new[4]
    SLICE_X34Y64         LUT6 (Prop_lut6_I4_O)        0.124     7.243 r  u_ex1_ex2/mcycle[4]_i_5/O
                         net (fo=1, routed)           0.000     7.243    u_ex1_ex2/mcycle[4]_i_5_n_0
    SLICE_X34Y64         CARRY4 (Prop_carry4_S[0]_CO[3])
                                                      0.513     7.756 r  u_ex1_ex2/mcycle_reg[4]_i_1/CO[3]
                         net (fo=1, routed)           0.000     7.756    u_ex1_ex2/mcycle_reg[4]_i_1_n_0
    SLICE_X34Y65         CARRY4 (Prop_carry4_CI_CO[3])
                                                      0.117     7.873 r  u_ex1_ex2/mcycle_reg[8]_i_1/CO[3]
                         net (fo=1, routed)           0.000     7.873    u_ex1_ex2/mcycle_reg[8]_i_1_n_0
    SLICE_X34Y66         CARRY4 (Prop_carry4_CI_CO[3])
                                                      0.117     7.990 r  u_ex1_ex2/mcycle_reg[12]_i_1/CO[3]
                         net (fo=1, routed)           0.000     7.990    u_ex1_ex2/mcycle_reg[12]_i_1_n_0
    SLICE_X34Y67         CARRY4 (Prop_carry4_CI_CO[3])
                                                      0.117     8.107 r  u_ex1_ex2/mcycle_reg[16]_i_1/CO[3]
                         net (fo=1, routed)           0.000     8.107    u_ex1_ex2/mcycle_reg[16]_i_1_n_0
    SLICE_X34Y68         CARRY4 (Prop_carry4_CI_CO[3])
                                                      0.117     8.224 r  u_ex1_ex2/mcycle_reg[20]_i_1/CO[3]
                         net (fo=1, routed)           0.000     8.224    u_ex1_ex2/mcycle_reg[20]_i_1_n_0
    SLICE_X34Y69         CARRY4 (Prop_carry4_CI_CO[3])
                                                      0.117     8.341 r  u_ex1_ex2/mcycle_reg[24]_i_1/CO[3]
                         net (fo=1, routed)           0.000     8.341    u_ex1_ex2/mcycle_reg[24]_i_1_n_0
    SLICE_X34Y70         CARRY4 (Prop_carry4_CI_CO[3])
                                                      0.117     8.458 r  u_ex1_ex2/mcycle_reg[28]_i_1/CO[3]
                         net (fo=1, routed)           0.000     8.458    u_ex1_ex2/mcycle_reg[28]_i_1_n_0
    SLICE_X34Y71         CARRY4 (Prop_carry4_CI_CO[3])
                                                      0.117     8.575 r  u_ex1_ex2/mcycle_reg[32]_i_1/CO[3]
                         net (fo=1, routed)           0.000     8.575    u_ex1_ex2/mcycle_reg[32]_i_1_n_0
    SLICE_X34Y72         CARRY4 (Prop_carry4_CI_CO[3])
                                                      0.117     8.692 r  u_ex1_ex2/mcycle_reg[36]_i_1/CO[3]
                         net (fo=1, routed)           0.000     8.692    u_ex1_ex2/mcycle_reg[36]_i_1_n_0
    SLICE_X34Y73         CARRY4 (Prop_carry4_CI_CO[3])
                                                      0.117     8.809 r  u_ex1_ex2/mcycle_reg[40]_i_1/CO[3]
                         net (fo=1, routed)           0.000     8.809    u_ex1_ex2/mcycle_reg[40]_i_1_n_0
    SLICE_X34Y74         CARRY4 (Prop_carry4_CI_CO[3])
                                                      0.117     8.926 r  u_ex1_ex2/mcycle_reg[44]_i_1/CO[3]
                         net (fo=1, routed)           0.009     8.935    u_ex1_ex2/mcycle_reg[44]_i_1_n_0
    SLICE_X34Y75         CARRY4 (Prop_carry4_CI_CO[3])
                                                      0.117     9.052 r  u_ex1_ex2/mcycle_reg[48]_i_1/CO[3]
                         net (fo=1, routed)           0.000     9.052    u_ex1_ex2/mcycle_reg[48]_i_1_n_0
    SLICE_X34Y76         CARRY4 (Prop_carry4_CI_CO[3])
                                                      0.117     9.169 r  u_ex1_ex2/mcycle_reg[52]_i_1/CO[3]
                         net (fo=1, routed)           0.000     9.169    u_ex1_ex2/mcycle_reg[52]_i_1_n_0
    SLICE_X34Y77         CARRY4 (Prop_carry4_CI_O[3])
                                                      0.315     9.484 r  u_ex1_ex2/mcycle_reg[56]_i_1/O[3]
                         net (fo=1, routed)           0.000     9.484    u_csr/mcycle_reg[59]_0[3]
    SLICE_X34Y77         FDCE                                         r  u_csr/mcycle_reg[59]/D
  -------------------------------------------------------------------    -------------------

                         (clock clk rise edge)        5.000     5.000 r  
                                                      0.000     5.000 r  clk (IN)
                         net (fo=9613, unset)         0.924     5.924    u_csr/clk
    SLICE_X34Y77         FDCE                                         r  u_csr/mcycle_reg[59]/C
                         clock pessimism              0.000     5.924    
                         clock uncertainty           -0.035     5.889    
    SLICE_X34Y77         FDCE (Setup_fdce_C_D)        0.109     5.998    u_csr/mcycle_reg[59]
  -------------------------------------------------------------------
                         required time                          5.998    
                         arrival time                          -9.484    
  -------------------------------------------------------------------
                         slack                                 -3.486    

Slack (VIOLATED) :        -3.470ns  (required time - arrival time)
  Source:                 u_pc/pc_out_reg[2]_rep__0/C
                            (rising edge-triggered cell FDCE clocked by clk  {rise@0.000ns fall@2.500ns period=5.000ns})
  Destination:            u_icache/data_reg[43][18]/CE
                            (rising edge-triggered cell FDCE clocked by clk  {rise@0.000ns fall@2.500ns period=5.000ns})
  Path Group:             clk
  Path Type:              Setup (Max at Slow Process Corner)
  Requirement:            5.000ns  (clk rise@5.000ns - clk rise@0.000ns)
  Data Path Delay:        8.181ns  (logic 2.263ns (27.662%)  route 5.918ns (72.338%))
  Logic Levels:           9  (CARRY4=2 LUT6=5 MUXF7=1 MUXF8=1)
  Clock Path Skew:        -0.049ns (DCD - SCD + CPR)
    Destination Clock Delay (DCD):    0.924ns = ( 5.924 - 5.000 ) 
    Source Clock Delay      (SCD):    0.973ns
    Clock Pessimism Removal (CPR):    0.000ns
  Clock Uncertainty:      0.035ns  ((TSJ^2 + TIJ^2)^1/2 + DJ) / 2 + PE
    Total System Jitter     (TSJ):    0.071ns
    Total Input Jitter      (TIJ):    0.000ns
    Discrete Jitter          (DJ):    0.000ns
    Phase Error              (PE):    0.000ns

    Location             Delay type                Incr(ns)  Path(ns)    Netlist Resource(s)
  -------------------------------------------------------------------    -------------------
                         (clock clk rise edge)        0.000     0.000 r  
                                                      0.000     0.000 r  clk (IN)
                         net (fo=9613, unset)         0.973     0.973    u_pc/clk
    SLICE_X37Y22         FDCE                                         r  u_pc/pc_out_reg[2]_rep__0/C
  -------------------------------------------------------------------    -------------------
    SLICE_X37Y22         FDCE (Prop_fdce_C_Q)         0.456     1.429 r  u_pc/pc_out_reg[2]_rep__0/Q
                         net (fo=116, routed)         1.266     2.695    u_icache/tags_reg[0][23]_i_288_1
    SLICE_X47Y21         LUT6 (Prop_lut6_I4_O)        0.124     2.819 r  u_icache/tags[0][23]_i_722/O
                         net (fo=1, routed)           0.000     2.819    u_icache/tags[0][23]_i_722_n_0
    SLICE_X47Y21         MUXF7 (Prop_muxf7_I1_O)      0.245     3.064 r  u_icache/tags_reg[0][23]_i_345/O
                         net (fo=1, routed)           0.000     3.064    u_icache/tags_reg[0][23]_i_345_n_0
    SLICE_X47Y21         MUXF8 (Prop_muxf8_I0_O)      0.104     3.168 r  u_icache/tags_reg[0][23]_i_157/O
                         net (fo=1, routed)           1.006     4.174    u_icache/tags_reg[0][23]_i_157_n_0
    SLICE_X34Y22         LUT6 (Prop_lut6_I0_O)        0.316     4.490 r  u_icache/tags[0][23]_i_64/O
                         net (fo=1, routed)           0.734     5.224    u_icache/tags[1]
    SLICE_X35Y18         LUT6 (Prop_lut6_I5_O)        0.124     5.348 r  u_icache/tags[0][23]_i_40/O
                         net (fo=1, routed)           0.000     5.348    u_icache/tags[0][23]_i_40_n_0
    SLICE_X35Y18         CARRY4 (Prop_carry4_S[0]_CO[3])
                                                      0.532     5.880 r  u_icache/tags_reg[0][23]_i_16/CO[3]
                         net (fo=1, routed)           0.000     5.880    u_icache/tags_reg[0][23]_i_16_n_0
    SLICE_X35Y19         CARRY4 (Prop_carry4_CI_CO[3])
                                                      0.114     5.994 f  u_icache/tags_reg[0][23]_i_7/CO[3]
                         net (fo=1, routed)           0.625     6.619    u_icache/hit0
    SLICE_X32Y18         LUT6 (Prop_lut6_I5_O)        0.124     6.743 f  u_icache/tags[0][23]_i_3/O
                         net (fo=96, routed)          0.821     7.565    u_pc/data_reg[14][0]_0
    SLICE_X28Y20         LUT6 (Prop_lut6_I5_O)        0.124     7.689 r  u_pc/tags[43][23]_i_1/O
                         net (fo=57, routed)          1.465     9.154    u_icache/data_reg[43][0]_0[0]
    SLICE_X4Y24          FDCE                                         r  u_icache/data_reg[43][18]/CE
  -------------------------------------------------------------------    -------------------

                         (clock clk rise edge)        5.000     5.000 r  
                                                      0.000     5.000 r  clk (IN)
                         net (fo=9613, unset)         0.924     5.924    u_icache/clk
    SLICE_X4Y24          FDCE                                         r  u_icache/data_reg[43][18]/C
                         clock pessimism              0.000     5.924    
                         clock uncertainty           -0.035     5.889    
    SLICE_X4Y24          FDCE (Setup_fdce_C_CE)      -0.205     5.684    u_icache/data_reg[43][18]
  -------------------------------------------------------------------
                         required time                          5.684    
                         arrival time                          -9.154    
  -------------------------------------------------------------------
                         slack                                 -3.470    

Slack (VIOLATED) :        -3.470ns  (required time - arrival time)
  Source:                 u_pc/pc_out_reg[2]_rep__0/C
                            (rising edge-triggered cell FDCE clocked by clk  {rise@0.000ns fall@2.500ns period=5.000ns})
  Destination:            u_icache/data_reg[43][25]/CE
                            (rising edge-triggered cell FDCE clocked by clk  {rise@0.000ns fall@2.500ns period=5.000ns})
  Path Group:             clk
  Path Type:              Setup (Max at Slow Process Corner)
  Requirement:            5.000ns  (clk rise@5.000ns - clk rise@0.000ns)
  Data Path Delay:        8.181ns  (logic 2.263ns (27.662%)  route 5.918ns (72.338%))
  Logic Levels:           9  (CARRY4=2 LUT6=5 MUXF7=1 MUXF8=1)
  Clock Path Skew:        -0.049ns (DCD - SCD + CPR)
    Destination Clock Delay (DCD):    0.924ns = ( 5.924 - 5.000 ) 
    Source Clock Delay      (SCD):    0.973ns
    Clock Pessimism Removal (CPR):    0.000ns
  Clock Uncertainty:      0.035ns  ((TSJ^2 + TIJ^2)^1/2 + DJ) / 2 + PE
    Total System Jitter     (TSJ):    0.071ns
    Total Input Jitter      (TIJ):    0.000ns
    Discrete Jitter          (DJ):    0.000ns
    Phase Error              (PE):    0.000ns

    Location             Delay type                Incr(ns)  Path(ns)    Netlist Resource(s)
  -------------------------------------------------------------------    -------------------
                         (clock clk rise edge)        0.000     0.000 r  
                                                      0.000     0.000 r  clk (IN)
                         net (fo=9613, unset)         0.973     0.973    u_pc/clk
    SLICE_X37Y22         FDCE                                         r  u_pc/pc_out_reg[2]_rep__0/C
  -------------------------------------------------------------------    -------------------
    SLICE_X37Y22         FDCE (Prop_fdce_C_Q)         0.456     1.429 r  u_pc/pc_out_reg[2]_rep__0/Q
                         net (fo=116, routed)         1.266     2.695    u_icache/tags_reg[0][23]_i_288_1
    SLICE_X47Y21         LUT6 (Prop_lut6_I4_O)        0.124     2.819 r  u_icache/tags[0][23]_i_722/O
                         net (fo=1, routed)           0.000     2.819    u_icache/tags[0][23]_i_722_n_0
    SLICE_X47Y21         MUXF7 (Prop_muxf7_I1_O)      0.245     3.064 r  u_icache/tags_reg[0][23]_i_345/O
                         net (fo=1, routed)           0.000     3.064    u_icache/tags_reg[0][23]_i_345_n_0
    SLICE_X47Y21         MUXF8 (Prop_muxf8_I0_O)      0.104     3.168 r  u_icache/tags_reg[0][23]_i_157/O
                         net (fo=1, routed)           1.006     4.174    u_icache/tags_reg[0][23]_i_157_n_0
    SLICE_X34Y22         LUT6 (Prop_lut6_I0_O)        0.316     4.490 r  u_icache/tags[0][23]_i_64/O
                         net (fo=1, routed)           0.734     5.224    u_icache/tags[1]
    SLICE_X35Y18         LUT6 (Prop_lut6_I5_O)        0.124     5.348 r  u_icache/tags[0][23]_i_40/O
                         net (fo=1, routed)           0.000     5.348    u_icache/tags[0][23]_i_40_n_0
    SLICE_X35Y18         CARRY4 (Prop_carry4_S[0]_CO[3])
                                                      0.532     5.880 r  u_icache/tags_reg[0][23]_i_16/CO[3]
                         net (fo=1, routed)           0.000     5.880    u_icache/tags_reg[0][23]_i_16_n_0
    SLICE_X35Y19         CARRY4 (Prop_carry4_CI_CO[3])
                                                      0.114     5.994 f  u_icache/tags_reg[0][23]_i_7/CO[3]
                         net (fo=1, routed)           0.625     6.619    u_icache/hit0
    SLICE_X32Y18         LUT6 (Prop_lut6_I5_O)        0.124     6.743 f  u_icache/tags[0][23]_i_3/O
                         net (fo=96, routed)          0.821     7.565    u_pc/data_reg[14][0]_0
    SLICE_X28Y20         LUT6 (Prop_lut6_I5_O)        0.124     7.689 r  u_pc/tags[43][23]_i_1/O
                         net (fo=57, routed)          1.465     9.154    u_icache/data_reg[43][0]_0[0]
    SLICE_X4Y24          FDCE                                         r  u_icache/data_reg[43][25]/CE
  -------------------------------------------------------------------    -------------------

                         (clock clk rise edge)        5.000     5.000 r  
                                                      0.000     5.000 r  clk (IN)
                         net (fo=9613, unset)         0.924     5.924    u_icache/clk
    SLICE_X4Y24          FDCE                                         r  u_icache/data_reg[43][25]/C
                         clock pessimism              0.000     5.924    
                         clock uncertainty           -0.035     5.889    
    SLICE_X4Y24          FDCE (Setup_fdce_C_CE)      -0.205     5.684    u_icache/data_reg[43][25]
  -------------------------------------------------------------------
                         required time                          5.684    
                         arrival time                          -9.154    
  -------------------------------------------------------------------
                         slack                                 -3.470    

Slack (VIOLATED) :        -3.470ns  (required time - arrival time)
  Source:                 u_pc/pc_out_reg[2]_rep__0/C
                            (rising edge-triggered cell FDCE clocked by clk  {rise@0.000ns fall@2.500ns period=5.000ns})
  Destination:            u_icache/data_reg[43][6]/CE
                            (rising edge-triggered cell FDCE clocked by clk  {rise@0.000ns fall@2.500ns period=5.000ns})
  Path Group:             clk
  Path Type:              Setup (Max at Slow Process Corner)
  Requirement:            5.000ns  (clk rise@5.000ns - clk rise@0.000ns)
  Data Path Delay:        8.181ns  (logic 2.263ns (27.662%)  route 5.918ns (72.338%))
  Logic Levels:           9  (CARRY4=2 LUT6=5 MUXF7=1 MUXF8=1)
  Clock Path Skew:        -0.049ns (DCD - SCD + CPR)
    Destination Clock Delay (DCD):    0.924ns = ( 5.924 - 5.000 ) 
    Source Clock Delay      (SCD):    0.973ns
    Clock Pessimism Removal (CPR):    0.000ns
  Clock Uncertainty:      0.035ns  ((TSJ^2 + TIJ^2)^1/2 + DJ) / 2 + PE
    Total System Jitter     (TSJ):    0.071ns
    Total Input Jitter      (TIJ):    0.000ns
    Discrete Jitter          (DJ):    0.000ns
    Phase Error              (PE):    0.000ns

    Location             Delay type                Incr(ns)  Path(ns)    Netlist Resource(s)
  -------------------------------------------------------------------    -------------------
                         (clock clk rise edge)        0.000     0.000 r  
                                                      0.000     0.000 r  clk (IN)
                         net (fo=9613, unset)         0.973     0.973    u_pc/clk
    SLICE_X37Y22         FDCE                                         r  u_pc/pc_out_reg[2]_rep__0/C
  -------------------------------------------------------------------    -------------------
    SLICE_X37Y22         FDCE (Prop_fdce_C_Q)         0.456     1.429 r  u_pc/pc_out_reg[2]_rep__0/Q
                         net (fo=116, routed)         1.266     2.695    u_icache/tags_reg[0][23]_i_288_1
    SLICE_X47Y21         LUT6 (Prop_lut6_I4_O)        0.124     2.819 r  u_icache/tags[0][23]_i_722/O
                         net (fo=1, routed)           0.000     2.819    u_icache/tags[0][23]_i_722_n_0
    SLICE_X47Y21         MUXF7 (Prop_muxf7_I1_O)      0.245     3.064 r  u_icache/tags_reg[0][23]_i_345/O
                         net (fo=1, routed)           0.000     3.064    u_icache/tags_reg[0][23]_i_345_n_0
    SLICE_X47Y21         MUXF8 (Prop_muxf8_I0_O)      0.104     3.168 r  u_icache/tags_reg[0][23]_i_157/O
                         net (fo=1, routed)           1.006     4.174    u_icache/tags_reg[0][23]_i_157_n_0
    SLICE_X34Y22         LUT6 (Prop_lut6_I0_O)        0.316     4.490 r  u_icache/tags[0][23]_i_64/O
                         net (fo=1, routed)           0.734     5.224    u_icache/tags[1]
    SLICE_X35Y18         LUT6 (Prop_lut6_I5_O)        0.124     5.348 r  u_icache/tags[0][23]_i_40/O
                         net (fo=1, routed)           0.000     5.348    u_icache/tags[0][23]_i_40_n_0
    SLICE_X35Y18         CARRY4 (Prop_carry4_S[0]_CO[3])
                                                      0.532     5.880 r  u_icache/tags_reg[0][23]_i_16/CO[3]
                         net (fo=1, routed)           0.000     5.880    u_icache/tags_reg[0][23]_i_16_n_0
    SLICE_X35Y19         CARRY4 (Prop_carry4_CI_CO[3])
                                                      0.114     5.994 f  u_icache/tags_reg[0][23]_i_7/CO[3]
                         net (fo=1, routed)           0.625     6.619    u_icache/hit0
    SLICE_X32Y18         LUT6 (Prop_lut6_I5_O)        0.124     6.743 f  u_icache/tags[0][23]_i_3/O
                         net (fo=96, routed)          0.821     7.565    u_pc/data_reg[14][0]_0
    SLICE_X28Y20         LUT6 (Prop_lut6_I5_O)        0.124     7.689 r  u_pc/tags[43][23]_i_1/O
                         net (fo=57, routed)          1.465     9.154    u_icache/data_reg[43][0]_0[0]
    SLICE_X4Y24          FDCE                                         r  u_icache/data_reg[43][6]/CE
  -------------------------------------------------------------------    -------------------

                         (clock clk rise edge)        5.000     5.000 r  
                                                      0.000     5.000 r  clk (IN)
                         net (fo=9613, unset)         0.924     5.924    u_icache/clk
    SLICE_X4Y24          FDCE                                         r  u_icache/data_reg[43][6]/C
                         clock pessimism              0.000     5.924    
                         clock uncertainty           -0.035     5.889    
    SLICE_X4Y24          FDCE (Setup_fdce_C_CE)      -0.205     5.684    u_icache/data_reg[43][6]
  -------------------------------------------------------------------
                         required time                          5.684    
                         arrival time                          -9.154    
  -------------------------------------------------------------------
                         slack                                 -3.470    




