Copyright 1986-2022 Xilinx, Inc. All Rights Reserved. Copyright 2022-2024 Advanced Micro Devices, Inc. All Rights Reserved.
---------------------------------------------------------------------------------------------------------------------------------------------
| Tool Version : Vivado v.2024.2 (win64) Build 5239630 Fri Nov 08 22:35:27 MST 2024
| Date         : Thu Sep 17 18:23:03 2026
| Host         : PavilionPlus1 running 64-bit major release  (build 9200)
| Command      : report_timing_summary -report_unconstrained -file V:/stage7_baseline/wlblock/timing_summary.rpt
| Design       : rv32i_pipeline_7stage_top
| Device       : 7a35t-cpg236
| Speed File   : -1  PRODUCTION 1.23 2018-06-13
| Design State : Routed
---------------------------------------------------------------------------------------------------------------------------------------------

Timing Summary Report

------------------------------------------------------------------------------------------------
| Timer Settings
| --------------
------------------------------------------------------------------------------------------------

  Enable Multi Corner Analysis               :  Yes
  Enable Pessimism Removal                   :  Yes
  Pessimism Removal Resolution               :  Nearest Common Node
  Enable Input Delay Default Clock           :  No
  Enable Preset / Clear Arcs                 :  No
  Disable Flight Delays                      :  No
  Ignore I/O Paths                           :  No
  Timing Early Launch at Borrowing Latches   :  No
  Borrow Time for Max Delay Exceptions       :  Yes
  Merge Timing Exceptions                    :  Yes
  Inter-SLR Compensation                     :  Conservative

  Corner  Analyze    Analyze    
  Name    Max Paths  Min Paths  
  ------  ---------  ---------  
  Slow    Yes        Yes        
  Fast    Yes        Yes        


------------------------------------------------------------------------------------------------
| Report Methodology
| ------------------
------------------------------------------------------------------------------------------------

Rule       Severity  Description                                                Violations  
---------  --------  ---------------------------------------------------------  ----------  
DPIR-1     Warning   Asynchronous driver check                                  414         
SYNTH-5    Warning   Mapped onto distributed RAM because of timing constraints  256         
SYNTH-10   Warning   Wide multiplier                                            12          
TIMING-16  Warning   Large setup violation                                      1000        
TIMING-18  Warning   Missing input or output delay                              97          

Note: This report is based on the most recent report_methodology run and may not be up-to-date. Run report_methodology on the current design for the latest report.



check_timing report

Table of Contents
-----------------
1. checking no_clock (0)
2. checking constant_clock (0)
3. checking pulse_width_clock (0)
4. checking unconstrained_internal_endpoints (0)
5. checking no_input_delay (1)
6. checking no_output_delay (96)
7. checking multiple_clock (0)
8. checking generated_clocks (0)
9. checking loops (0)
10. checking partial_input_delay (0)
11. checking partial_output_delay (0)
12. checking latch_loops (0)

1. checking no_clock (0)
------------------------
 There are 0 register/latch pins with no clock.


2. checking constant_clock (0)
------------------------------
 There are 0 register/latch pins with constant_clock.


3. checking pulse_width_clock (0)
---------------------------------
 There are 0 register/latch pins which need pulse_width check


4. checking unconstrained_internal_endpoints (0)
------------------------------------------------
 There are 0 pins that are not constrained for maximum delay.

 There are 0 pins that are not constrained for maximum delay due to constant clock.


5. checking no_input_delay (1)
------------------------------
 There is 1 input port with no input delay specified. (HIGH)

 There are 0 input ports with no input delay but user has a false path constraint.


6. checking no_output_delay (96)
--------------------------------
 There are 96 ports with no output delay specified. (HIGH)

 There are 0 ports with no output delay but user has a false path constraint

 There are 0 ports with no output delay but with a timing clock defined on it or propagating through it


7. checking multiple_clock (0)
------------------------------
 There are 0 register/latch pins with multiple clocks.


8. checking generated_clocks (0)
--------------------------------
 There are 0 generated clocks that are not connected to a clock source.


9. checking loops (0)
---------------------
 There are 0 combinational loops in the design.


10. checking partial_input_delay (0)
------------------------------------
 There are 0 input ports with partial input delay specified.


11. checking partial_output_delay (0)
-------------------------------------
 There are 0 ports with partial output delay specified.


12. checking latch_loops (0)
----------------------------
 There are 0 combinational latch loops in the design through latch input



------------------------------------------------------------------------------------------------
| Design Timing Summary
| ---------------------
------------------------------------------------------------------------------------------------

    WNS(ns)      TNS(ns)  TNS Failing Endpoints  TNS Total Endpoints      WHS(ns)      THS(ns)  THS Failing Endpoints  THS Total Endpoints     WPWS(ns)     TPWS(ns)  TPWS Failing Endpoints  TPWS Total Endpoints  
    -------      -------  ---------------------  -------------------      -------      -------  ---------------------  -------------------     --------     --------  ----------------------  --------------------  
     -3.611   -26571.943                  14490                26962        0.106        0.000                      0                26962        1.250        0.000                       0                  9613  


Timing constraints are not met.


------------------------------------------------------------------------------------------------
| Clock Summary
| -------------
------------------------------------------------------------------------------------------------

Clock  Waveform(ns)         Period(ns)      Frequency(MHz)
-----  ------------         ----------      --------------
clk    {0.000 2.500}        5.000           200.000         


------------------------------------------------------------------------------------------------
| Intra Clock Table
| -----------------
------------------------------------------------------------------------------------------------

Clock             WNS(ns)      TNS(ns)  TNS Failing Endpoints  TNS Total Endpoints      WHS(ns)      THS(ns)  THS Failing Endpoints  THS Total Endpoints     WPWS(ns)     TPWS(ns)  TPWS Failing Endpoints  TPWS Total Endpoints  
-----             -------      -------  ---------------------  -------------------      -------      -------  ---------------------  -------------------     --------     --------  ----------------------  --------------------  
clk                -3.611   -26571.943                  14490                26962        0.106        0.000                      0                26962        1.250        0.000                       0                  9613  


------------------------------------------------------------------------------------------------
| Inter Clock Table
| -----------------
------------------------------------------------------------------------------------------------

From Clock    To Clock          WNS(ns)      TNS(ns)  TNS Failing Endpoints  TNS Total Endpoints      WHS(ns)      THS(ns)  THS Failing Endpoints  THS Total Endpoints  
----------    --------          -------      -------  ---------------------  -------------------      -------      -------  ---------------------  -------------------  


------------------------------------------------------------------------------------------------
| Other Path Groups Table
| -----------------------
------------------------------------------------------------------------------------------------

Path Group    From Clock    To Clock          WNS(ns)      TNS(ns)  TNS Failing Endpoints  TNS Total Endpoints      WHS(ns)      THS(ns)  THS Failing Endpoints  THS Total Endpoints  
----------    ----------    --------          -------      -------  ---------------------  -------------------      -------      -------  ---------------------  -------------------  


------------------------------------------------------------------------------------------------
| User Ignored Path Table
| -----------------------
------------------------------------------------------------------------------------------------

Path Group    From Clock    To Clock    
----------    ----------    --------    


------------------------------------------------------------------------------------------------
| Unconstrained Path Table
| ------------------------
------------------------------------------------------------------------------------------------

Path Group    From Clock    To Clock    
----------    ----------    --------    
(none)        clk                         
(none)                      clk           


------------------------------------------------------------------------------------------------
| Timing Details
| --------------
------------------------------------------------------------------------------------------------


---------------------------------------------------------------------------------------------------
From Clock:  clk
  To Clock:  clk

Setup :        14490  Failing Endpoints,  Worst Slack       -3.611ns,  Total Violation   -26571.943ns
Hold  :            0  Failing Endpoints,  Worst Slack        0.106ns,  Total Violation        0.000ns
PW    :            0  Failing Endpoints,  Worst Slack        1.250ns,  Total Violation        0.000ns
---------------------------------------------------------------------------------------------------


Max Delay Paths
--------------------------------------------------------------------------------------
Slack (VIOLATED) :        -3.611ns  (required time - arrival time)
  Source:                 u_ex1_ex2/csr_addr_out_reg[4]/C
                            (rising edge-triggered cell FDCE clocked by clk  {rise@0.000ns fall@2.500ns period=5.000ns})
  Destination:            u_csr/mcycle_reg[61]/D
                            (rising edge-triggered cell FDCE clocked by clk  {rise@0.000ns fall@2.500ns period=5.000ns})
  Path Group:             clk
  Path Type:              Setup (Max at Slow Process Corner)
  Requirement:            5.000ns  (clk rise@5.000ns - clk rise@0.000ns)
  Data Path Delay:        8.636ns  (logic 3.681ns (42.626%)  route 4.955ns (57.374%))
  Logic Levels:           22  (CARRY4=15 LUT4=1 LUT5=3 LUT6=3)
  Clock Path Skew:        -0.049ns (DCD - SCD + CPR)
    Destination Clock Delay (DCD):    0.924ns = ( 5.924 - 5.000 ) 
    Source Clock Delay      (SCD):    0.973ns
    Clock Pessimism Removal (CPR):    0.000ns
  Clock Uncertainty:      0.035ns  ((TSJ^2 + TIJ^2)^1/2 + DJ) / 2 + PE
    Total System Jitter     (TSJ):    0.071ns
    Total Input Jitter      (TIJ):    0.000ns
    Discrete Jitter          (DJ):    0.000ns
    Phase Error              (PE):    0.000ns

    Location             Delay type                Incr(ns)  Path(ns)    Netlist Resource(s)
  -------------------------------------------------------------------    -------------------
                         (clock clk rise edge)        0.000     0.000 r  
                                                      0.000     0.000 r  clk (IN)
                         net (fo=9613, unset)         0.973     0.973    u_ex1_ex2/clk
    SLICE_X39Y62         FDCE                                         r  u_ex1_ex2/csr_addr_out_reg[4]/C
  -------------------------------------------------------------------    -------------------
    SLICE_X39Y62         FDCE (Prop_fdce_C_Q)         0.456     1.429 r  u_ex1_ex2/csr_addr_out_reg[4]/Q
                         net (fo=11, routed)          0.977     2.406    u_ex1_ex2/ex2_csr_addr[4]
    SLICE_X36Y62         LUT6 (Prop_lut6_I1_O)        0.124     2.530 r  u_ex1_ex2/hpmcnt3[63]_i_6/O
                         net (fo=36, routed)          0.572     3.103    u_ex1_ex2/hpmcnt3[63]_i_6_n_0
    SLICE_X35Y63         LUT4 (Prop_lut4_I3_O)        0.124     3.227 r  u_ex1_ex2/csr_rdata_out[20]_i_7/O
                         net (fo=133, routed)         1.222     4.449    u_ex1_ex2/csr_addr_out_reg[11]_3
    SLICE_X37Y57         LUT6 (Prop_lut6_I5_O)        0.124     4.573 r  u_ex1_ex2/csr_rdata_out[4]_i_6/O
                         net (fo=1, routed)           0.557     5.130    u_ex1_ex2/csr_rdata_out[4]_i_6_n_0
    SLICE_X37Y58         LUT5 (Prop_lut5_I3_O)        0.124     5.254 f  u_ex1_ex2/csr_rdata_out[4]_i_2/O
                         net (fo=3, routed)           0.606     5.859    u_ex1_ex2/csr_rdata_out[4]_i_2_n_0
    SLICE_X36Y59         LUT5 (Prop_lut5_I4_O)        0.124     5.983 f  u_ex1_ex2/mstatus[4]_i_2/O
                         net (fo=1, routed)           0.430     6.413    u_ex1_ex2/mstatus[4]_i_2_n_0
    SLICE_X36Y58         LUT5 (Prop_lut5_I0_O)        0.124     6.537 r  u_ex1_ex2/mstatus[4]_i_1/O
                         net (fo=15, routed)          0.581     7.119    u_ex1_ex2/csr_new[4]
    SLICE_X34Y64         LUT6 (Prop_lut6_I4_O)        0.124     7.243 r  u_ex1_ex2/mcycle[4]_i_5/O
                         net (fo=1, routed)           0.000     7.243    u_ex1_ex2/mcycle[4]_i_5_n_0
    SLICE_X34Y64         CARRY4 (Prop_carry4_S[0]_CO[3])
                                                      0.513     7.756 r  u_ex1_ex2/mcycle_reg[4]_i_1/CO[3]
                         net (fo=1, routed)           0.000     7.756    u_ex1_ex2/mcycle_reg[4]_i_1_n_0
    SLICE_X34Y65         CARRY4 (Prop_carry4_CI_CO[3])
                                                      0.117     7.873 r  u_ex1_ex2/mcycle_reg[8]_i_1/CO[3]
                         net (fo=1, routed)           0.000     7.873    u_ex1_ex2/mcycle_reg[8]_i_1_n_0
    SLICE_X34Y66         CARRY4 (Prop_carry4_CI_CO[3])
                                                      0.117     7.990 r  u_ex1_ex2/mcycle_reg[12]_i_1/CO[3]
                         net (fo=1, routed)           0.000     7.990    u_ex1_ex2/mcycle_reg[12]_i_1_n_0
    SLICE_X34Y67         CARRY4 (Prop_carry4_CI_CO[3])
                                                      0.117     8.107 r  u_ex1_ex2/mcycle_reg[16]_i_1/CO[3]
                         net (fo=1, routed)           0.000     8.107    u_ex1_ex2/mcycle_reg[16]_i_1_n_0
    SLICE_X34Y68         CARRY4 (Prop_carry4_CI_CO[3])
                                                      0.117     8.224 r  u_ex1_ex2/mcycle_reg[20]_i_1/CO[3]
                         net (fo=1, routed)           0.000     8.224    u_ex1_ex2/mcycle_reg[20]_i_1_n_0
    SLICE_X34Y69         CARRY4 (Prop_carry4_CI_CO[3])
                                                      0.117     8.341 r  u_ex1_ex2/mcycle_reg[24]_i_1/CO[3]
                         net (fo=1, routed)           0.000     8.341    u_ex1_ex2/mcycle_reg[24]_i_1_n_0
    SLICE_X34Y70         CARRY4 (Prop_carry4_CI_CO[3])
                                                      0.117     8.458 r  u_ex1_ex2/mcycle_reg[28]_i_1/CO[3]
                         net (fo=1, routed)           0.000     8.458    u_ex1_ex2/mcycle_reg[28]_i_1_n_0
    SLICE_X34Y71         CARRY4 (Prop_carry4_CI_CO[3])
                                                      0.117     8.575 r  u_ex1_ex2/mcycle_reg[32]_i_1/CO[3]
                         net (fo=1, routed)           0.000     8.575    u_ex1_ex2/mcycle_reg[32]_i_1_n_0
    SLICE_X34Y72         CARRY4 (Prop_carry4_CI_CO[3])
                                                      0.117     8.692 r  u_ex1_ex2/mcycle_reg[36]_i_1/CO[3]
                         net (fo=1, routed)           0.000     8.692    u_ex1_ex2/mcycle_reg[36]_i_1_n_0
    SLICE_X34Y73         CARRY4 (Prop_carry4_CI_CO[3])
                                                      0.117     8.809 r  u_ex1_ex2/mcycle_reg[40]_i_1/CO[3]
                         net (fo=1, routed)           0.000     8.809    u_ex1_ex2/mcycle_reg[40]_i_1_n_0
    SLICE_X34Y74         CARRY4 (Prop_carry4_CI_CO[3])
                                                      0.117     8.926 r  u_ex1_ex2/mcycle_reg[44]_i_1/CO[3]
                         net (fo=1, routed)           0.009     8.935    u_ex1_ex2/mcycle_reg[44]_i_1_n_0
    SLICE_X34Y75         CARRY4 (Prop_carry4_CI_CO[3])
                                                      0.117     9.052 r  u_ex1_ex2/mcycle_reg[48]_i_1/CO[3]
                         net (fo=1, routed)           0.000     9.052    u_ex1_ex2/mcycle_reg[48]_i_1_n_0
    SLICE_X34Y76         CARRY4 (Prop_carry4_CI_CO[3])
                                                      0.117     9.169 r  u_ex1_ex2/mcycle_reg[52]_i_1/CO[3]
                         net (fo=1, routed)           0.000     9.169    u_ex1_ex2/mcycle_reg[52]_i_1_n_0
    SLICE_X34Y77         CARRY4 (Prop_carry4_CI_CO[3])
                                                      0.117     9.286 r  u_ex1_ex2/mcycle_reg[56]_i_1/CO[3]
                         net (fo=1, routed)           0.000     9.286    u_ex1_ex2/mcycle_reg[56]_i_1_n_0
    SLICE_X34Y78         CARRY4 (Prop_carry4_CI_O[1])
                                                      0.323     9.609 r  u_ex1_ex2/mcycle_reg[60]_i_1/O[1]
                         net (fo=1, routed)           0.000     9.609    u_csr/mcycle_reg[63]_0[1]
    SLICE_X34Y78         FDCE                                         r  u_csr/mcycle_reg[61]/D
  -------------------------------------------------------------------    -------------------

                         (clock clk rise edge)        5.000     5.000 r  
                                                      0.000     5.000 r  clk (IN)
                         net (fo=9613, unset)         0.924     5.924    u_csr/clk
    SLICE_X34Y78         FDCE                                         r  u_csr/mcycle_reg[61]/C
                         clock pessimism              0.000     5.924    
                         clock uncertainty           -0.035     5.889    
    SLICE_X34Y78         FDCE (Setup_fdce_C_D)        0.109     5.998    u_csr/mcycle_reg[61]
  -------------------------------------------------------------------
                         required time                          5.998    
                         arrival time                          -9.609    
  -------------------------------------------------------------------
                         slack                                 -3.611    





Min Delay Paths
--------------------------------------------------------------------------------------
Slack (MET) :             0.106ns  (arrival time - required time)
  Source:                 u_ex2_mem/mem_to_reg_out_reg/C
                            (rising edge-triggered cell FDCE clocked by clk  {rise@0.000ns fall@2.500ns period=5.000ns})
  Destination:            u_mem_wb/mem_to_reg_out_reg/D
                            (rising edge-triggered cell FDCE clocked by clk  {rise@0.000ns fall@2.500ns period=5.000ns})
  Path Group:             clk
  Path Type:              Hold (Min at Fast Process Corner)
  Requirement:            0.000ns  (clk rise@0.000ns - clk rise@0.000ns)
  Data Path Delay:        0.199ns  (logic 0.141ns (70.953%)  route 0.058ns (29.047%))
  Logic Levels:           0  
  Clock Path Skew:        0.022ns (DCD - SCD - CPR)
    Destination Clock Delay (DCD):    0.432ns
    Source Clock Delay      (SCD):    0.410ns
    Clock Pessimism Removal (CPR):    -0.000ns

    Location             Delay type                Incr(ns)  Path(ns)    Netlist Resource(s)
  -------------------------------------------------------------------    -------------------
                         (clock clk rise edge)        0.000     0.000 r  
                                                      0.000     0.000 r  clk (IN)
                         net (fo=9613, unset)         0.410     0.410    u_ex2_mem/clk
    SLICE_X62Y51         FDCE                                         r  u_ex2_mem/mem_to_reg_out_reg/C
  -------------------------------------------------------------------    -------------------
    SLICE_X62Y51         FDCE (Prop_fdce_C_Q)         0.141     0.551 r  u_ex2_mem/mem_to_reg_out_reg/Q
                         net (fo=1, routed)           0.058     0.609    u_mem_wb/mem_to_reg_out
    SLICE_X62Y51         FDCE                                         r  u_mem_wb/mem_to_reg_out_reg/D
  -------------------------------------------------------------------    -------------------

                         (clock clk rise edge)        0.000     0.000 r  
                                                      0.000     0.000 r  clk (IN)
                         net (fo=9613, unset)         0.432     0.432    u_mem_wb/clk
    SLICE_X62Y51         FDCE                                         r  u_mem_wb/mem_to_reg_out_reg/C
                         clock pessimism              0.000     0.432    
    SLICE_X62Y51         FDCE (Hold_fdce_C_D)         0.071     0.503    u_mem_wb/mem_to_reg_out_reg
  -------------------------------------------------------------------
                         required time                         -0.503    
                         arrival time                           0.609    
  -------------------------------------------------------------------
                         slack                                  0.106    





Pulse Width Checks
--------------------------------------------------------------------------------------
Clock Name:         clk
Waveform(ns):       { 0.000 2.500 }
Period(ns):         5.000
Sources:            { clk }

Check Type        Corner  Lib Pin      Reference Pin  Required(ns)  Actual(ns)  Slack(ns)  Location      Pin
Min Period        n/a     DSP48E1/CLK  n/a            2.154         5.000       2.846      DSP48_X1Y13   u_mdu/mul_ss_out0__0/CLK
Low Pulse Width   Slow    RAMS64E/CLK  n/a            1.250         2.500       1.250      SLICE_X52Y43  u_dmem/mem_reg_0_255_0_0/RAMS64E_A/CLK
High Pulse Width  Slow    RAMS64E/CLK  n/a            1.250         2.500       1.250      SLICE_X52Y43  u_dmem/mem_reg_0_255_0_0/RAMS64E_A/CLK



--------------------------------------------------------------------------------------
Path Group:  (none)
From Clock:  clk
  To Clock:  

Max Delay            96 Endpoints
Min Delay            96 Endpoints
--------------------------------------------------------------------------------------


Max Delay Paths
--------------------------------------------------------------------------------------
Slack:                    inf
  Source:                 u_ex1_ex2/alu_a_out_reg[28]/C
                            (rising edge-triggered cell FDCE clocked by clk  {rise@0.000ns fall@2.500ns period=5.000ns})
  Destination:            debug_alu_result[19]
                            (output port)
  Path Group:             (none)
  Path Type:              Max at Slow Process Corner
  Data Path Delay:        6.873ns  (logic 0.952ns (13.851%)  route 5.921ns (86.149%))
  Logic Levels:           4  (LUT5=1 LUT6=3)
  Clock Uncertainty:      0.025ns  ((TSJ^2 + TIJ^2)^1/2 + DJ) / 2 + PE
    Total System Jitter     (TSJ):    0.050ns
    Total Input Jitter      (TIJ):    0.000ns
    Discrete Jitter          (DJ):    0.000ns
    Phase Error              (PE):    0.000ns

    Location             Delay type                Incr(ns)  Path(ns)    Netlist Resource(s)
  -------------------------------------------------------------------    -------------------
                         (clock clk rise edge)        0.000     0.000 r  
                                                      0.000     0.000 r  clk (IN)
                         net (fo=9613, unset)         0.973     0.973    u_ex1_ex2/clk
    SLICE_X48Y44         FDCE                                         r  u_ex1_ex2/alu_a_out_reg[28]/C
  -------------------------------------------------------------------    -------------------
    SLICE_X48Y44         FDCE (Prop_fdce_C_Q)         0.456     1.429 r  u_ex1_ex2/alu_a_out_reg[28]/Q
                         net (fo=18, routed)          1.369     2.798    u_ex1_ex2/ex2_alu_a[28]
    SLICE_X48Y36         LUT6 (Prop_lut6_I1_O)        0.124     2.922 r  u_ex1_ex2/debug_alu_result[27]_INST_0_i_11/O
                         net (fo=7, routed)           1.287     4.209    u_ex1_ex2/debug_alu_result[27]_INST_0_i_11_n_0
    SLICE_X59Y47         LUT6 (Prop_lut6_I3_O)        0.124     4.333 r  u_ex1_ex2/debug_alu_result[19]_INST_0_i_5/O
                         net (fo=2, routed)           0.896     5.229    u_ex1_ex2/debug_alu_result[19]_INST_0_i_5_n_0
    SLICE_X59Y37         LUT6 (Prop_lut6_I3_O)        0.124     5.353 r  u_ex1_ex2/debug_alu_result[19]_INST_0_i_1/O
                         net (fo=1, routed)           1.396     6.749    u_ex1_ex2/debug_alu_result[19]_INST_0_i_1_n_0
    SLICE_X47Y45         LUT5 (Prop_lut5_I0_O)        0.124     6.873 r  u_ex1_ex2/debug_alu_result[19]_INST_0/O
                         net (fo=2, unset)            0.973     7.846    debug_alu_result[19]
                                                                      r  debug_alu_result[19] (OUT)
  -------------------------------------------------------------------    -------------------





Min Delay Paths
--------------------------------------------------------------------------------------
Slack:                    inf
  Source:                 u_if2_id/instr_out_reg[11]/C
                            (rising edge-triggered cell FDCE clocked by clk  {rise@0.000ns fall@2.500ns period=5.000ns})
  Destination:            debug_instr[11]
                            (output port)
  Path Group:             (none)
  Path Type:              Min at Fast Process Corner
  Data Path Delay:        0.538ns  (logic 0.128ns (23.786%)  route 0.410ns (76.214%))
  Logic Levels:           0  
  Clock Uncertainty:      0.025ns  ((TSJ^2 + TIJ^2)^1/2 + DJ) / 2 + PE
    Total System Jitter     (TSJ):    0.050ns
    Total Input Jitter      (TIJ):    0.000ns
    Discrete Jitter          (DJ):    0.000ns
    Phase Error              (PE):    0.000ns

    Location             Delay type                Incr(ns)  Path(ns)    Netlist Resource(s)
  -------------------------------------------------------------------    -------------------
                         (clock clk rise edge)        0.000     0.000 r  
                                                      0.000     0.000 r  clk (IN)
                         net (fo=9613, unset)         0.410     0.410    u_if2_id/clk
    SLICE_X39Y33         FDCE                                         r  u_if2_id/instr_out_reg[11]/C
  -------------------------------------------------------------------    -------------------
    SLICE_X39Y33         FDCE (Prop_fdce_C_Q)         0.128     0.538 r  u_if2_id/instr_out_reg[11]/Q
                         net (fo=2, unset)            0.410     0.948    debug_instr[11]
                                                                      r  debug_instr[11] (OUT)
  -------------------------------------------------------------------    -------------------





--------------------------------------------------------------------------------------
Path Group:  (none)
From Clock:  
  To Clock:  clk

Max Delay          8537 Endpoints
Min Delay          8537 Endpoints
--------------------------------------------------------------------------------------


Max Delay Paths
--------------------------------------------------------------------------------------
Slack:                    inf
  Source:                 rst_n
                            (input port)
  Destination:            u_bp/pht_reg[21][1]/CLR
                            (recovery check against rising-edge clock clk  {rise@0.000ns fall@2.500ns period=5.000ns})
  Path Group:             (none)
  Path Type:              Recovery (Max at Slow Process Corner)
  Data Path Delay:        20.121ns  (logic 0.124ns (0.616%)  route 19.997ns (99.384%))
  Logic Levels:           1  (LUT1=1)
  Clock Path Skew:        0.924ns (DCD - SCD + CPR)
    Destination Clock Delay (DCD):    0.924ns
    Source Clock Delay      (SCD):    0.000ns
    Clock Pessimism Removal (CPR):    0.000ns
  Clock Uncertainty:      0.025ns  ((TSJ^2 + TIJ^2)^1/2 + DJ) / 2 + PE
    Total System Jitter     (TSJ):    0.050ns
    Total Input Jitter      (TIJ):    0.000ns
    Discrete Jitter          (DJ):    0.000ns
    Phase Error              (PE):    0.000ns

    Location             Delay type                Incr(ns)  Path(ns)    Netlist Resource(s)
  -------------------------------------------------------------------    -------------------
                                                      0.000     0.000 r  rst_n (IN)
                         net (fo=1, unset)            0.973     0.973    u_icache/rst_n
    SLICE_X5Y3           LUT1 (Prop_lut1_I0_O)        0.124     1.097 f  u_icache/pc_out[31]_i_3/O
                         net (fo=6681, routed)       19.024    20.121    u_bp/p_0_in
    SLICE_X60Y21         FDCE                                         f  u_bp/pht_reg[21][1]/CLR
  -------------------------------------------------------------------    -------------------

                         (clock clk rise edge)        0.000     0.000 r  
                                                      0.000     0.000 r  clk (IN)
                         net (fo=9613, unset)         0.924     0.924    u_bp/clk
    SLICE_X60Y21         FDCE                                         r  u_bp/pht_reg[21][1]/C





Min Delay Paths
--------------------------------------------------------------------------------------
Slack:                    inf
  Source:                 rst_n
                            (input port)
  Destination:            u_icache/data_reg[22][19]/CLR
                            (removal check against rising-edge clock clk  {rise@0.000ns fall@2.500ns period=5.000ns})
  Path Group:             (none)
  Path Type:              Removal (Min at Fast Process Corner)
  Data Path Delay:        0.584ns  (logic 0.045ns (7.709%)  route 0.539ns (92.291%))
  Logic Levels:           1  (LUT1=1)
  Clock Path Skew:        0.432ns (DCD - SCD - CPR)
    Destination Clock Delay (DCD):    0.432ns
    Source Clock Delay      (SCD):    0.000ns
    Clock Pessimism Removal (CPR):    -0.000ns

    Location             Delay type                Incr(ns)  Path(ns)    Netlist Resource(s)
  -------------------------------------------------------------------    -------------------
                                                      0.000     0.000 r  rst_n (IN)
                         net (fo=1, unset)            0.410     0.410    u_icache/rst_n
    SLICE_X5Y3           LUT1 (Prop_lut1_I0_O)        0.045     0.455 f  u_icache/pc_out[31]_i_3/O
                         net (fo=6681, routed)        0.129     0.584    u_icache/p_0_in
    SLICE_X5Y3           FDCE                                         f  u_icache/data_reg[22][19]/CLR
  -------------------------------------------------------------------    -------------------

                         (clock clk rise edge)        0.000     0.000 r  
                                                      0.000     0.000 r  clk (IN)
                         net (fo=9613, unset)         0.432     0.432    u_icache/clk
    SLICE_X5Y3           FDCE                                         r  u_icache/data_reg[22][19]/C





