Copyright 1986-2022 Xilinx, Inc. All Rights Reserved. Copyright 2022-2024 Advanced Micro Devices, Inc. All Rights Reserved.
---------------------------------------------------------------------------------------------------------------------------------------------
| Tool Version : Vivado v.2024.2 (win64) Build 5239630 Fri Nov 08 22:35:27 MST 2024
| Date         : Thu Sep 17 21:38:29 2026
| Host         : PavilionPlus1 running 64-bit major release  (build 9200)
| Command      : report_timing -delay_type max -max_paths 10 -file V:/stage8_sgf/wlblock/critical_setup_paths.rpt
| Design       : rv32i_pipeline_8stage_sgf_top
| Device       : 7a35t-cpg236
| Speed File   : -1  PRODUCTION 1.23 2018-06-13
| Design State : Routed
---------------------------------------------------------------------------------------------------------------------------------------------

Timing Report

Slack (VIOLATED) :        -3.866ns  (required time - arrival time)
  Source:                 u_pc/pc_out_reg[3]_rep__2/C
                            (rising edge-triggered cell FDCE clocked by clk  {rise@0.000ns fall@2.500ns period=5.000ns})
  Destination:            u_icache/data_reg[35][16]/CE
                            (rising edge-triggered cell FDCE clocked by clk  {rise@0.000ns fall@2.500ns period=5.000ns})
  Path Group:             clk
  Path Type:              Setup (Max at Slow Process Corner)
  Requirement:            5.000ns  (clk rise@5.000ns - clk rise@0.000ns)
  Data Path Delay:        8.613ns  (logic 2.280ns (26.472%)  route 6.333ns (73.528%))
  Logic Levels:           8  (CARRY4=1 LUT6=5 MUXF7=1 MUXF8=1)
  Clock Path Skew:        -0.049ns (DCD - SCD + CPR)
    Destination Clock Delay (DCD):    0.924ns = ( 5.924 - 5.000 ) 
    Source Clock Delay      (SCD):    0.973ns
    Clock Pessimism Removal (CPR):    0.000ns
  Clock Uncertainty:      0.035ns  ((TSJ^2 + TIJ^2)^1/2 + DJ) / 2 + PE
    Total System Jitter     (TSJ):    0.071ns
    Total Input Jitter      (TIJ):    0.000ns
    Discrete Jitter          (DJ):    0.000ns
    Phase Error              (PE):    0.000ns

    Location             Delay type                Incr(ns)  Path(ns)    Netlist Resource(s)
  -------------------------------------------------------------------    -------------------
                         (clock clk rise edge)        0.000     0.000 r  
                                                      0.000     0.000 r  clk (IN)
                         net (fo=9773, unset)         0.973     0.973    u_pc/clk
    SLICE_X28Y18         FDCE                                         r  u_pc/pc_out_reg[3]_rep__2/C
  -------------------------------------------------------------------    -------------------
    SLICE_X28Y18         FDCE (Prop_fdce_C_Q)         0.419     1.392 r  u_pc/pc_out_reg[3]_rep__2/Q
                         net (fo=115, routed)         1.665     3.057    u_icache/tags_reg[0][23]_i_195_0
    SLICE_X33Y19         LUT6 (Prop_lut6_I2_O)        0.299     3.356 r  u_icache/tags[0][23]_i_513/O
                         net (fo=1, routed)           0.000     3.356    u_icache/tags[0][23]_i_513_n_0
    SLICE_X33Y19         MUXF7 (Prop_muxf7_I0_O)      0.238     3.594 r  u_icache/tags_reg[0][23]_i_241/O
                         net (fo=1, routed)           0.000     3.594    u_icache/tags_reg[0][23]_i_241_n_0
    SLICE_X33Y19         MUXF8 (Prop_muxf8_I0_O)      0.104     3.698 r  u_icache/tags_reg[0][23]_i_105/O
                         net (fo=1, routed)           1.036     4.734    u_icache/tags_reg[0][23]_i_105_n_0
    SLICE_X31Y16         LUT6 (Prop_lut6_I0_O)        0.316     5.050 r  u_icache/tags[0][23]_i_51/O
                         net (fo=1, routed)           0.588     5.638    u_icache/tags[14]
    SLICE_X32Y17         LUT6 (Prop_lut6_I3_O)        0.124     5.762 r  u_icache/tags[0][23]_i_20/O
                         net (fo=1, routed)           0.000     5.762    u_icache/tags[0][23]_i_20_n_0
    SLICE_X32Y17         CARRY4 (Prop_carry4_S[0]_CO[3])
                                                      0.532     6.294 f  u_icache/tags_reg[0][23]_i_7/CO[3]
                         net (fo=1, routed)           0.622     6.916    u_icache/hit0
    SLICE_X35Y16         LUT6 (Prop_lut6_I5_O)        0.124     7.040 f  u_icache/tags[0][23]_i_3/O
                         net (fo=96, routed)          1.327     8.368    u_pc/data_reg[14][0]_0
    SLICE_X8Y14          LUT6 (Prop_lut6_I5_O)        0.124     8.492 r  u_pc/tags[35][23]_i_1/O
                         net (fo=57, routed)          1.094     9.586    u_icache/data_reg[35][0]_0[0]
    SLICE_X6Y5           FDCE                                         r  u_icache/data_reg[35][16]/CE
  -------------------------------------------------------------------    -------------------

                         (clock clk rise edge)        5.000     5.000 r  
                                                      0.000     5.000 r  clk (IN)
                         net (fo=9773, unset)         0.924     5.924    u_icache/clk
    SLICE_X6Y5           FDCE                                         r  u_icache/data_reg[35][16]/C
                         clock pessimism              0.000     5.924    
                         clock uncertainty           -0.035     5.889    
    SLICE_X6Y5           FDCE (Setup_fdce_C_CE)      -0.169     5.720    u_icache/data_reg[35][16]
  -------------------------------------------------------------------
                         required time                          5.720    
                         arrival time                          -9.586    
  -------------------------------------------------------------------
                         slack                                 -3.866    

Slack (VIOLATED) :        -3.866ns  (required time - arrival time)
  Source:                 u_pc/pc_out_reg[3]_rep__2/C
                            (rising edge-triggered cell FDCE clocked by clk  {rise@0.000ns fall@2.500ns period=5.000ns})
  Destination:            u_icache/data_reg[35][26]/CE
                            (rising edge-triggered cell FDCE clocked by clk  {rise@0.000ns fall@2.500ns period=5.000ns})
  Path Group:             clk
  Path Type:              Setup (Max at Slow Process Corner)
  Requirement:            5.000ns  (clk rise@5.000ns - clk rise@0.000ns)
  Data Path Delay:        8.613ns  (logic 2.280ns (26.472%)  route 6.333ns (73.528%))
  Logic Levels:           8  (CARRY4=1 LUT6=5 MUXF7=1 MUXF8=1)
  Clock Path Skew:        -0.049ns (DCD - SCD + CPR)
    Destination Clock Delay (DCD):    0.924ns = ( 5.924 - 5.000 ) 
    Source Clock Delay      (SCD):    0.973ns
    Clock Pessimism Removal (CPR):    0.000ns
  Clock Uncertainty:      0.035ns  ((TSJ^2 + TIJ^2)^1/2 + DJ) / 2 + PE
    Total System Jitter     (TSJ):    0.071ns
    Total Input Jitter      (TIJ):    0.000ns
    Discrete Jitter          (DJ):    0.000ns
    Phase Error              (PE):    0.000ns

    Location             Delay type                Incr(ns)  Path(ns)    Netlist Resource(s)
  -------------------------------------------------------------------    -------------------
                         (clock clk rise edge)        0.000     0.000 r  
                                                      0.000     0.000 r  clk (IN)
                         net (fo=9773, unset)         0.973     0.973    u_pc/clk
    SLICE_X28Y18         FDCE                                         r  u_pc/pc_out_reg[3]_rep__2/C
  -------------------------------------------------------------------    -------------------
    SLICE_X28Y18         FDCE (Prop_fdce_C_Q)         0.419     1.392 r  u_pc/pc_out_reg[3]_rep__2/Q
                         net (fo=115, routed)         1.665     3.057    u_icache/tags_reg[0][23]_i_195_0
    SLICE_X33Y19         LUT6 (Prop_lut6_I2_O)        0.299     3.356 r  u_icache/tags[0][23]_i_513/O
                         net (fo=1, routed)           0.000     3.356    u_icache/tags[0][23]_i_513_n_0
    SLICE_X33Y19         MUXF7 (Prop_muxf7_I0_O)      0.238     3.594 r  u_icache/tags_reg[0][23]_i_241/O
                         net (fo=1, routed)           0.000     3.594    u_icache/tags_reg[0][23]_i_241_n_0
    SLICE_X33Y19         MUXF8 (Prop_muxf8_I0_O)      0.104     3.698 r  u_icache/tags_reg[0][23]_i_105/O
                         net (fo=1, routed)           1.036     4.734    u_icache/tags_reg[0][23]_i_105_n_0
    SLICE_X31Y16         LUT6 (Prop_lut6_I0_O)        0.316     5.050 r  u_icache/tags[0][23]_i_51/O
                         net (fo=1, routed)           0.588     5.638    u_icache/tags[14]
    SLICE_X32Y17         LUT6 (Prop_lut6_I3_O)        0.124     5.762 r  u_icache/tags[0][23]_i_20/O
                         net (fo=1, routed)           0.000     5.762    u_icache/tags[0][23]_i_20_n_0
    SLICE_X32Y17         CARRY4 (Prop_carry4_S[0]_CO[3])
                                                      0.532     6.294 f  u_icache/tags_reg[0][23]_i_7/CO[3]
                         net (fo=1, routed)           0.622     6.916    u_icache/hit0
    SLICE_X35Y16         LUT6 (Prop_lut6_I5_O)        0.124     7.040 f  u_icache/tags[0][23]_i_3/O
                         net (fo=96, routed)          1.327     8.368    u_pc/data_reg[14][0]_0
    SLICE_X8Y14          LUT6 (Prop_lut6_I5_O)        0.124     8.492 r  u_pc/tags[35][23]_i_1/O
                         net (fo=57, routed)          1.094     9.586    u_icache/data_reg[35][0]_0[0]
    SLICE_X6Y5           FDCE                                         r  u_icache/data_reg[35][26]/CE
  -------------------------------------------------------------------    -------------------

                         (clock clk rise edge)        5.000     5.000 r  
                                                      0.000     5.000 r  clk (IN)
                         net (fo=9773, unset)         0.924     5.924    u_icache/clk
    SLICE_X6Y5           FDCE                                         r  u_icache/data_reg[35][26]/C
                         clock pessimism              0.000     5.924    
                         clock uncertainty           -0.035     5.889    
    SLICE_X6Y5           FDCE (Setup_fdce_C_CE)      -0.169     5.720    u_icache/data_reg[35][26]
  -------------------------------------------------------------------
                         required time                          5.720    
                         arrival time                          -9.586    
  -------------------------------------------------------------------
                         slack                                 -3.866    

Slack (VIOLATED) :        -3.866ns  (required time - arrival time)
  Source:                 u_pc/pc_out_reg[3]_rep__2/C
                            (rising edge-triggered cell FDCE clocked by clk  {rise@0.000ns fall@2.500ns period=5.000ns})
  Destination:            u_icache/data_reg[35][9]/CE
                            (rising edge-triggered cell FDCE clocked by clk  {rise@0.000ns fall@2.500ns period=5.000ns})
  Path Group:             clk
  Path Type:              Setup (Max at Slow Process Corner)
  Requirement:            5.000ns  (clk rise@5.000ns - clk rise@0.000ns)
  Data Path Delay:        8.613ns  (logic 2.280ns (26.472%)  route 6.333ns (73.528%))
  Logic Levels:           8  (CARRY4=1 LUT6=5 MUXF7=1 MUXF8=1)
  Clock Path Skew:        -0.049ns (DCD - SCD + CPR)
    Destination Clock Delay (DCD):    0.924ns = ( 5.924 - 5.000 ) 
    Source Clock Delay      (SCD):    0.973ns
    Clock Pessimism Removal (CPR):    0.000ns
  Clock Uncertainty:      0.035ns  ((TSJ^2 + TIJ^2)^1/2 + DJ) / 2 + PE
    Total System Jitter     (TSJ):    0.071ns
    Total Input Jitter      (TIJ):    0.000ns
    Discrete Jitter          (DJ):    0.000ns
    Phase Error              (PE):    0.000ns

    Location             Delay type                Incr(ns)  Path(ns)    Netlist Resource(s)
  -------------------------------------------------------------------    -------------------
                         (clock clk rise edge)        0.000     0.000 r  
                                                      0.000     0.000 r  clk (IN)
                         net (fo=9773, unset)         0.973     0.973    u_pc/clk
    SLICE_X28Y18         FDCE                                         r  u_pc/pc_out_reg[3]_rep__2/C
  -------------------------------------------------------------------    -------------------
    SLICE_X28Y18         FDCE (Prop_fdce_C_Q)         0.419     1.392 r  u_pc/pc_out_reg[3]_rep__2/Q
                         net (fo=115, routed)         1.665     3.057    u_icache/tags_reg[0][23]_i_195_0
    SLICE_X33Y19         LUT6 (Prop_lut6_I2_O)        0.299     3.356 r  u_icache/tags[0][23]_i_513/O
                         net (fo=1, routed)           0.000     3.356    u_icache/tags[0][23]_i_513_n_0
    SLICE_X33Y19         MUXF7 (Prop_muxf7_I0_O)      0.238     3.594 r  u_icache/tags_reg[0][23]_i_241/O
                         net (fo=1, routed)           0.000     3.594    u_icache/tags_reg[0][23]_i_241_n_0
    SLICE_X33Y19         MUXF8 (Prop_muxf8_I0_O)      0.104     3.698 r  u_icache/tags_reg[0][23]_i_105/O
                         net (fo=1, routed)           1.036     4.734    u_icache/tags_reg[0][23]_i_105_n_0
    SLICE_X31Y16         LUT6 (Prop_lut6_I0_O)        0.316     5.050 r  u_icache/tags[0][23]_i_51/O
                         net (fo=1, routed)           0.588     5.638    u_icache/tags[14]
    SLICE_X32Y17         LUT6 (Prop_lut6_I3_O)        0.124     5.762 r  u_icache/tags[0][23]_i_20/O
                         net (fo=1, routed)           0.000     5.762    u_icache/tags[0][23]_i_20_n_0
    SLICE_X32Y17         CARRY4 (Prop_carry4_S[0]_CO[3])
                                                      0.532     6.294 f  u_icache/tags_reg[0][23]_i_7/CO[3]
                         net (fo=1, routed)           0.622     6.916    u_icache/hit0
    SLICE_X35Y16         LUT6 (Prop_lut6_I5_O)        0.124     7.040 f  u_icache/tags[0][23]_i_3/O
                         net (fo=96, routed)          1.327     8.368    u_pc/data_reg[14][0]_0
    SLICE_X8Y14          LUT6 (Prop_lut6_I5_O)        0.124     8.492 r  u_pc/tags[35][23]_i_1/O
                         net (fo=57, routed)          1.094     9.586    u_icache/data_reg[35][0]_0[0]
    SLICE_X6Y5           FDCE                                         r  u_icache/data_reg[35][9]/CE
  -------------------------------------------------------------------    -------------------

                         (clock clk rise edge)        5.000     5.000 r  
                                                      0.000     5.000 r  clk (IN)
                         net (fo=9773, unset)         0.924     5.924    u_icache/clk
    SLICE_X6Y5           FDCE                                         r  u_icache/data_reg[35][9]/C
                         clock pessimism              0.000     5.924    
                         clock uncertainty           -0.035     5.889    
    SLICE_X6Y5           FDCE (Setup_fdce_C_CE)      -0.169     5.720    u_icache/data_reg[35][9]
  -------------------------------------------------------------------
                         required time                          5.720    
                         arrival time                          -9.586    
  -------------------------------------------------------------------
                         slack                                 -3.866    

Slack (VIOLATED) :        -3.852ns  (required time - arrival time)
  Source:                 u_pc/pc_out_reg[3]_rep__2/C
                            (rising edge-triggered cell FDCE clocked by clk  {rise@0.000ns fall@2.500ns period=5.000ns})
  Destination:            u_icache/tags_reg[32][5]/CE
                            (rising edge-triggered cell FDCE clocked by clk  {rise@0.000ns fall@2.500ns period=5.000ns})
  Path Group:             clk
  Path Type:              Setup (Max at Slow Process Corner)
  Requirement:            5.000ns  (clk rise@5.000ns - clk rise@0.000ns)
  Data Path Delay:        8.563ns  (logic 2.280ns (26.626%)  route 6.283ns (73.374%))
  Logic Levels:           8  (CARRY4=1 LUT6=5 MUXF7=1 MUXF8=1)
  Clock Path Skew:        -0.049ns (DCD - SCD + CPR)
    Destination Clock Delay (DCD):    0.924ns = ( 5.924 - 5.000 ) 
    Source Clock Delay      (SCD):    0.973ns
    Clock Pessimism Removal (CPR):    0.000ns
  Clock Uncertainty:      0.035ns  ((TSJ^2 + TIJ^2)^1/2 + DJ) / 2 + PE
    Total System Jitter     (TSJ):    0.071ns
    Total Input Jitter      (TIJ):    0.000ns
    Discrete Jitter          (DJ):    0.000ns
    Phase Error              (PE):    0.000ns

    Location             Delay type                Incr(ns)  Path(ns)    Netlist Resource(s)
  -------------------------------------------------------------------    -------------------
                         (clock clk rise edge)        0.000     0.000 r  
                                                      0.000     0.000 r  clk (IN)
                         net (fo=9773, unset)         0.973     0.973    u_pc/clk
    SLICE_X28Y18         FDCE                                         r  u_pc/pc_out_reg[3]_rep__2/C
  -------------------------------------------------------------------    -------------------
    SLICE_X28Y18         FDCE (Prop_fdce_C_Q)         0.419     1.392 r  u_pc/pc_out_reg[3]_rep__2/Q
                         net (fo=115, routed)         1.665     3.057    u_icache/tags_reg[0][23]_i_195_0
    SLICE_X33Y19         LUT6 (Prop_lut6_I2_O)        0.299     3.356 r  u_icache/tags[0][23]_i_513/O
                         net (fo=1, routed)           0.000     3.356    u_icache/tags[0][23]_i_513_n_0
    SLICE_X33Y19         MUXF7 (Prop_muxf7_I0_O)      0.238     3.594 r  u_icache/tags_reg[0][23]_i_241/O
                         net (fo=1, routed)           0.000     3.594    u_icache/tags_reg[0][23]_i_241_n_0
    SLICE_X33Y19         MUXF8 (Prop_muxf8_I0_O)      0.104     3.698 r  u_icache/tags_reg[0][23]_i_105/O
                         net (fo=1, routed)           1.036     4.734    u_icache/tags_reg[0][23]_i_105_n_0
    SLICE_X31Y16         LUT6 (Prop_lut6_I0_O)        0.316     5.050 r  u_icache/tags[0][23]_i_51/O
                         net (fo=1, routed)           0.588     5.638    u_icache/tags[14]
    SLICE_X32Y17         LUT6 (Prop_lut6_I3_O)        0.124     5.762 r  u_icache/tags[0][23]_i_20/O
                         net (fo=1, routed)           0.000     5.762    u_icache/tags[0][23]_i_20_n_0
    SLICE_X32Y17         CARRY4 (Prop_carry4_S[0]_CO[3])
                                                      0.532     6.294 f  u_icache/tags_reg[0][23]_i_7/CO[3]
                         net (fo=1, routed)           0.622     6.916    u_icache/hit0
    SLICE_X35Y16         LUT6 (Prop_lut6_I5_O)        0.124     7.040 f  u_icache/tags[0][23]_i_3/O
                         net (fo=96, routed)          1.309     8.349    u_pc/data_reg[14][0]_0
    SLICE_X9Y14          LUT6 (Prop_lut6_I5_O)        0.124     8.473 r  u_pc/tags[32][23]_i_1/O
                         net (fo=57, routed)          1.063     9.536    u_icache/data_reg[32][0]_0[0]
    SLICE_X28Y15         FDCE                                         r  u_icache/tags_reg[32][5]/CE
  -------------------------------------------------------------------    -------------------

                         (clock clk rise edge)        5.000     5.000 r  
                                                      0.000     5.000 r  clk (IN)
                         net (fo=9773, unset)         0.924     5.924    u_icache/clk
    SLICE_X28Y15         FDCE                                         r  u_icache/tags_reg[32][5]/C
                         clock pessimism              0.000     5.924    
                         clock uncertainty           -0.035     5.889    
    SLICE_X28Y15         FDCE (Setup_fdce_C_CE)      -0.205     5.684    u_icache/tags_reg[32][5]
  -------------------------------------------------------------------
                         required time                          5.684    
                         arrival time                          -9.536    
  -------------------------------------------------------------------
                         slack                                 -3.852    

Slack (VIOLATED) :        -3.844ns  (required time - arrival time)
  Source:                 u_pc/pc_out_reg[3]_rep__2/C
                            (rising edge-triggered cell FDCE clocked by clk  {rise@0.000ns fall@2.500ns period=5.000ns})
  Destination:            u_icache/data_reg[29][25]/CE
                            (rising edge-triggered cell FDCE clocked by clk  {rise@0.000ns fall@2.500ns period=5.000ns})
  Path Group:             clk
  Path Type:              Setup (Max at Slow Process Corner)
  Requirement:            5.000ns  (clk rise@5.000ns - clk rise@0.000ns)
  Data Path Delay:        8.555ns  (logic 2.280ns (26.650%)  route 6.275ns (73.350%))
  Logic Levels:           8  (CARRY4=1 LUT6=5 MUXF7=1 MUXF8=1)
  Clock Path Skew:        -0.049ns (DCD - SCD + CPR)
    Destination Clock Delay (DCD):    0.924ns = ( 5.924 - 5.000 ) 
    Source Clock Delay      (SCD):    0.973ns
    Clock Pessimism Removal (CPR):    0.000ns
  Clock Uncertainty:      0.035ns  ((TSJ^2 + TIJ^2)^1/2 + DJ) / 2 + PE
    Total System Jitter     (TSJ):    0.071ns
    Total Input Jitter      (TIJ):    0.000ns
    Discrete Jitter          (DJ):    0.000ns
    Phase Error              (PE):    0.000ns

    Location             Delay type                Incr(ns)  Path(ns)    Netlist Resource(s)
  -------------------------------------------------------------------    -------------------
                         (clock clk rise edge)        0.000     0.000 r  
                                                      0.000     0.000 r  clk (IN)
                         net (fo=9773, unset)         0.973     0.973    u_pc/clk
    SLICE_X28Y18         FDCE                                         r  u_pc/pc_out_reg[3]_rep__2/C
  -------------------------------------------------------------------    -------------------
    SLICE_X28Y18         FDCE (Prop_fdce_C_Q)         0.419     1.392 r  u_pc/pc_out_reg[3]_rep__2/Q
                         net (fo=115, routed)         1.665     3.057    u_icache/tags_reg[0][23]_i_195_0
    SLICE_X33Y19         LUT6 (Prop_lut6_I2_O)        0.299     3.356 r  u_icache/tags[0][23]_i_513/O
                         net (fo=1, routed)           0.000     3.356    u_icache/tags[0][23]_i_513_n_0
    SLICE_X33Y19         MUXF7 (Prop_muxf7_I0_O)      0.238     3.594 r  u_icache/tags_reg[0][23]_i_241/O
                         net (fo=1, routed)           0.000     3.594    u_icache/tags_reg[0][23]_i_241_n_0
    SLICE_X33Y19         MUXF8 (Prop_muxf8_I0_O)      0.104     3.698 r  u_icache/tags_reg[0][23]_i_105/O
                         net (fo=1, routed)           1.036     4.734    u_icache/tags_reg[0][23]_i_105_n_0
    SLICE_X31Y16         LUT6 (Prop_lut6_I0_O)        0.316     5.050 r  u_icache/tags[0][23]_i_51/O
                         net (fo=1, routed)           0.588     5.638    u_icache/tags[14]
    SLICE_X32Y17         LUT6 (Prop_lut6_I3_O)        0.124     5.762 r  u_icache/tags[0][23]_i_20/O
                         net (fo=1, routed)           0.000     5.762    u_icache/tags[0][23]_i_20_n_0
    SLICE_X32Y17         CARRY4 (Prop_carry4_S[0]_CO[3])
                                                      0.532     6.294 f  u_icache/tags_reg[0][23]_i_7/CO[3]
                         net (fo=1, routed)           0.622     6.916    u_icache/hit0
    SLICE_X35Y16         LUT6 (Prop_lut6_I5_O)        0.124     7.040 f  u_icache/tags[0][23]_i_3/O
                         net (fo=96, routed)          1.236     8.276    u_pc/data_reg[14][0]_0
    SLICE_X49Y11         LUT6 (Prop_lut6_I5_O)        0.124     8.400 r  u_pc/tags[29][23]_i_1/O
                         net (fo=57, routed)          1.128     9.528    u_icache/data_reg[29][0]_0[0]
    SLICE_X61Y13         FDCE                                         r  u_icache/data_reg[29][25]/CE
  -------------------------------------------------------------------    -------------------

                         (clock clk rise edge)        5.000     5.000 r  
                                                      0.000     5.000 r  clk (IN)
                         net (fo=9773, unset)         0.924     5.924    u_icache/clk
    SLICE_X61Y13         FDCE                                         r  u_icache/data_reg[29][25]/C
                         clock pessimism              0.000     5.924    
                         clock uncertainty           -0.035     5.889    
    SLICE_X61Y13         FDCE (Setup_fdce_C_CE)      -0.205     5.684    u_icache/data_reg[29][25]
  -------------------------------------------------------------------
                         required time                          5.684    
                         arrival time                          -9.528    
  -------------------------------------------------------------------
                         slack                                 -3.844    

Slack (VIOLATED) :        -3.843ns  (required time - arrival time)
  Source:                 u_pc/pc_out_reg[3]_rep__2/C
                            (rising edge-triggered cell FDCE clocked by clk  {rise@0.000ns fall@2.500ns period=5.000ns})
  Destination:            u_icache/tags_reg[25][0]/CE
                            (rising edge-triggered cell FDCE clocked by clk  {rise@0.000ns fall@2.500ns period=5.000ns})
  Path Group:             clk
  Path Type:              Setup (Max at Slow Process Corner)
  Requirement:            5.000ns  (clk rise@5.000ns - clk rise@0.000ns)
  Data Path Delay:        8.554ns  (logic 2.280ns (26.654%)  route 6.274ns (73.346%))
  Logic Levels:           8  (CARRY4=1 LUT6=5 MUXF7=1 MUXF8=1)
  Clock Path Skew:        -0.049ns (DCD - SCD + CPR)
    Destination Clock Delay (DCD):    0.924ns = ( 5.924 - 5.000 ) 
    Source Clock Delay      (SCD):    0.973ns
    Clock Pessimism Removal (CPR):    0.000ns
  Clock Uncertainty:      0.035ns  ((TSJ^2 + TIJ^2)^1/2 + DJ) / 2 + PE
    Total System Jitter     (TSJ):    0.071ns
    Total Input Jitter      (TIJ):    0.000ns
    Discrete Jitter          (DJ):    0.000ns
    Phase Error              (PE):    0.000ns

    Location             Delay type                Incr(ns)  Path(ns)    Netlist Resource(s)
  -------------------------------------------------------------------    -------------------
                         (clock clk rise edge)        0.000     0.000 r  
                                                      0.000     0.000 r  clk (IN)
                         net (fo=9773, unset)         0.973     0.973    u_pc/clk
    SLICE_X28Y18         FDCE                                         r  u_pc/pc_out_reg[3]_rep__2/C
  -------------------------------------------------------------------    -------------------
    SLICE_X28Y18         FDCE (Prop_fdce_C_Q)         0.419     1.392 r  u_pc/pc_out_reg[3]_rep__2/Q
                         net (fo=115, routed)         1.665     3.057    u_icache/tags_reg[0][23]_i_195_0
    SLICE_X33Y19         LUT6 (Prop_lut6_I2_O)        0.299     3.356 r  u_icache/tags[0][23]_i_513/O
                         net (fo=1, routed)           0.000     3.356    u_icache/tags[0][23]_i_513_n_0
    SLICE_X33Y19         MUXF7 (Prop_muxf7_I0_O)      0.238     3.594 r  u_icache/tags_reg[0][23]_i_241/O
                         net (fo=1, routed)           0.000     3.594    u_icache/tags_reg[0][23]_i_241_n_0
    SLICE_X33Y19         MUXF8 (Prop_muxf8_I0_O)      0.104     3.698 r  u_icache/tags_reg[0][23]_i_105/O
                         net (fo=1, routed)           1.036     4.734    u_icache/tags_reg[0][23]_i_105_n_0
    SLICE_X31Y16         LUT6 (Prop_lut6_I0_O)        0.316     5.050 r  u_icache/tags[0][23]_i_51/O
                         net (fo=1, routed)           0.588     5.638    u_icache/tags[14]
    SLICE_X32Y17         LUT6 (Prop_lut6_I3_O)        0.124     5.762 r  u_icache/tags[0][23]_i_20/O
                         net (fo=1, routed)           0.000     5.762    u_icache/tags[0][23]_i_20_n_0
    SLICE_X32Y17         CARRY4 (Prop_carry4_S[0]_CO[3])
                                                      0.532     6.294 f  u_icache/tags_reg[0][23]_i_7/CO[3]
                         net (fo=1, routed)           0.622     6.916    u_icache/hit0
    SLICE_X35Y16         LUT6 (Prop_lut6_I5_O)        0.124     7.040 f  u_icache/tags[0][23]_i_3/O
                         net (fo=96, routed)          1.204     8.245    u_pc/data_reg[14][0]_0
    SLICE_X53Y14         LUT6 (Prop_lut6_I5_O)        0.124     8.369 r  u_pc/tags[25][23]_i_1/O
                         net (fo=57, routed)          1.158     9.527    u_icache/data_reg[25][0]_0[0]
    SLICE_X44Y16         FDCE                                         r  u_icache/tags_reg[25][0]/CE
  -------------------------------------------------------------------    -------------------

                         (clock clk rise edge)        5.000     5.000 r  
                                                      0.000     5.000 r  clk (IN)
                         net (fo=9773, unset)         0.924     5.924    u_icache/clk
    SLICE_X44Y16         FDCE                                         r  u_icache/tags_reg[25][0]/C
                         clock pessimism              0.000     5.924    
                         clock uncertainty           -0.035     5.889    
    SLICE_X44Y16         FDCE (Setup_fdce_C_CE)      -0.205     5.684    u_icache/tags_reg[25][0]
  -------------------------------------------------------------------
                         required time                          5.684    
                         arrival time                          -9.527    
  -------------------------------------------------------------------
                         slack                                 -3.843    

Slack (VIOLATED) :        -3.839ns  (required time - arrival time)
  Source:                 u_pc/pc_out_reg[3]_rep__2/C
                            (rising edge-triggered cell FDCE clocked by clk  {rise@0.000ns fall@2.500ns period=5.000ns})
  Destination:            u_icache/tags_reg[30][11]/CE
                            (rising edge-triggered cell FDCE clocked by clk  {rise@0.000ns fall@2.500ns period=5.000ns})
  Path Group:             clk
  Path Type:              Setup (Max at Slow Process Corner)
  Requirement:            5.000ns  (clk rise@5.000ns - clk rise@0.000ns)
  Data Path Delay:        8.550ns  (logic 2.280ns (26.668%)  route 6.270ns (73.332%))
  Logic Levels:           8  (CARRY4=1 LUT6=5 MUXF7=1 MUXF8=1)
  Clock Path Skew:        -0.049ns (DCD - SCD + CPR)
    Destination Clock Delay (DCD):    0.924ns = ( 5.924 - 5.000 ) 
    Source Clock Delay      (SCD):    0.973ns
    Clock Pessimism Removal (CPR):    0.000ns
  Clock Uncertainty:      0.035ns  ((TSJ^2 + TIJ^2)^1/2 + DJ) / 2 + PE
    Total System Jitter     (TSJ):    0.071ns
    Total Input Jitter      (TIJ):    0.000ns
    Discrete Jitter          (DJ):    0.000ns
    Phase Error              (PE):    0.000ns

    Location             Delay type                Incr(ns)  Path(ns)    Netlist Resource(s)
  -------------------------------------------------------------------    -------------------
                         (clock clk rise edge)        0.000     0.000 r  
                                                      0.000     0.000 r  clk (IN)
                         net (fo=9773, unset)         0.973     0.973    u_pc/clk
    SLICE_X28Y18         FDCE                                         r  u_pc/pc_out_reg[3]_rep__2/C
  -------------------------------------------------------------------    -------------------
    SLICE_X28Y18         FDCE (Prop_fdce_C_Q)         0.419     1.392 r  u_pc/pc_out_reg[3]_rep__2/Q
                         net (fo=115, routed)         1.665     3.057    u_icache/tags_reg[0][23]_i_195_0
    SLICE_X33Y19         LUT6 (Prop_lut6_I2_O)        0.299     3.356 r  u_icache/tags[0][23]_i_513/O
                         net (fo=1, routed)           0.000     3.356    u_icache/tags[0][23]_i_513_n_0
    SLICE_X33Y19         MUXF7 (Prop_muxf7_I0_O)      0.238     3.594 r  u_icache/tags_reg[0][23]_i_241/O
                         net (fo=1, routed)           0.000     3.594    u_icache/tags_reg[0][23]_i_241_n_0
    SLICE_X33Y19         MUXF8 (Prop_muxf8_I0_O)      0.104     3.698 r  u_icache/tags_reg[0][23]_i_105/O
                         net (fo=1, routed)           1.036     4.734    u_icache/tags_reg[0][23]_i_105_n_0
    SLICE_X31Y16         LUT6 (Prop_lut6_I0_O)        0.316     5.050 r  u_icache/tags[0][23]_i_51/O
                         net (fo=1, routed)           0.588     5.638    u_icache/tags[14]
    SLICE_X32Y17         LUT6 (Prop_lut6_I3_O)        0.124     5.762 r  u_icache/tags[0][23]_i_20/O
                         net (fo=1, routed)           0.000     5.762    u_icache/tags[0][23]_i_20_n_0
    SLICE_X32Y17         CARRY4 (Prop_carry4_S[0]_CO[3])
                                                      0.532     6.294 f  u_icache/tags_reg[0][23]_i_7/CO[3]
                         net (fo=1, routed)           0.622     6.916    u_icache/hit0
    SLICE_X35Y16         LUT6 (Prop_lut6_I5_O)        0.124     7.040 f  u_icache/tags[0][23]_i_3/O
                         net (fo=96, routed)          1.273     8.313    u_pc/data_reg[14][0]_0
    SLICE_X50Y13         LUT6 (Prop_lut6_I5_O)        0.124     8.437 r  u_pc/tags[30][23]_i_1/O
                         net (fo=57, routed)          1.085     9.523    u_icache/data_reg[30][0]_0[0]
    SLICE_X45Y15         FDCE                                         r  u_icache/tags_reg[30][11]/CE
  -------------------------------------------------------------------    -------------------

                         (clock clk rise edge)        5.000     5.000 r  
                                                      0.000     5.000 r  clk (IN)
                         net (fo=9773, unset)         0.924     5.924    u_icache/clk
    SLICE_X45Y15         FDCE                                         r  u_icache/tags_reg[30][11]/C
                         clock pessimism              0.000     5.924    
                         clock uncertainty           -0.035     5.889    
    SLICE_X45Y15         FDCE (Setup_fdce_C_CE)      -0.205     5.684    u_icache/tags_reg[30][11]
  -------------------------------------------------------------------
                         required time                          5.684    
                         arrival time                          -9.523    
  -------------------------------------------------------------------
                         slack                                 -3.839    

Slack (VIOLATED) :        -3.839ns  (required time - arrival time)
  Source:                 u_pc/pc_out_reg[3]_rep__2/C
                            (rising edge-triggered cell FDCE clocked by clk  {rise@0.000ns fall@2.500ns period=5.000ns})
  Destination:            u_icache/tags_reg[30][13]/CE
                            (rising edge-triggered cell FDCE clocked by clk  {rise@0.000ns fall@2.500ns period=5.000ns})
  Path Group:             clk
  Path Type:              Setup (Max at Slow Process Corner)
  Requirement:            5.000ns  (clk rise@5.000ns - clk rise@0.000ns)
  Data Path Delay:        8.550ns  (logic 2.280ns (26.668%)  route 6.270ns (73.332%))
  Logic Levels:           8  (CARRY4=1 LUT6=5 MUXF7=1 MUXF8=1)
  Clock Path Skew:        -0.049ns (DCD - SCD + CPR)
    Destination Clock Delay (DCD):    0.924ns = ( 5.924 - 5.000 ) 
    Source Clock Delay      (SCD):    0.973ns
    Clock Pessimism Removal (CPR):    0.000ns
  Clock Uncertainty:      0.035ns  ((TSJ^2 + TIJ^2)^1/2 + DJ) / 2 + PE
    Total System Jitter     (TSJ):    0.071ns
    Total Input Jitter      (TIJ):    0.000ns
    Discrete Jitter          (DJ):    0.000ns
    Phase Error              (PE):    0.000ns

    Location             Delay type                Incr(ns)  Path(ns)    Netlist Resource(s)
  -------------------------------------------------------------------    -------------------
                         (clock clk rise edge)        0.000     0.000 r  
                                                      0.000     0.000 r  clk (IN)
                         net (fo=9773, unset)         0.973     0.973    u_pc/clk
    SLICE_X28Y18         FDCE                                         r  u_pc/pc_out_reg[3]_rep__2/C
  -------------------------------------------------------------------    -------------------
    SLICE_X28Y18         FDCE (Prop_fdce_C_Q)         0.419     1.392 r  u_pc/pc_out_reg[3]_rep__2/Q
                         net (fo=115, routed)         1.665     3.057    u_icache/tags_reg[0][23]_i_195_0
    SLICE_X33Y19         LUT6 (Prop_lut6_I2_O)        0.299     3.356 r  u_icache/tags[0][23]_i_513/O
                         net (fo=1, routed)           0.000     3.356    u_icache/tags[0][23]_i_513_n_0
    SLICE_X33Y19         MUXF7 (Prop_muxf7_I0_O)      0.238     3.594 r  u_icache/tags_reg[0][23]_i_241/O
                         net (fo=1, routed)           0.000     3.594    u_icache/tags_reg[0][23]_i_241_n_0
    SLICE_X33Y19         MUXF8 (Prop_muxf8_I0_O)      0.104     3.698 r  u_icache/tags_reg[0][23]_i_105/O
                         net (fo=1, routed)           1.036     4.734    u_icache/tags_reg[0][23]_i_105_n_0
    SLICE_X31Y16         LUT6 (Prop_lut6_I0_O)        0.316     5.050 r  u_icache/tags[0][23]_i_51/O
                         net (fo=1, routed)           0.588     5.638    u_icache/tags[14]
    SLICE_X32Y17         LUT6 (Prop_lut6_I3_O)        0.124     5.762 r  u_icache/tags[0][23]_i_20/O
                         net (fo=1, routed)           0.000     5.762    u_icache/tags[0][23]_i_20_n_0
    SLICE_X32Y17         CARRY4 (Prop_carry4_S[0]_CO[3])
                                                      0.532     6.294 f  u_icache/tags_reg[0][23]_i_7/CO[3]
                         net (fo=1, routed)           0.622     6.916    u_icache/hit0
    SLICE_X35Y16         LUT6 (Prop_lut6_I5_O)        0.124     7.040 f  u_icache/tags[0][23]_i_3/O
                         net (fo=96, routed)          1.273     8.313    u_pc/data_reg[14][0]_0
    SLICE_X50Y13         LUT6 (Prop_lut6_I5_O)        0.124     8.437 r  u_pc/tags[30][23]_i_1/O
                         net (fo=57, routed)          1.085     9.523    u_icache/data_reg[30][0]_0[0]
    SLICE_X45Y15         FDCE                                         r  u_icache/tags_reg[30][13]/CE
  -------------------------------------------------------------------    -------------------

                         (clock clk rise edge)        5.000     5.000 r  
                                                      0.000     5.000 r  clk (IN)
                         net (fo=9773, unset)         0.924     5.924    u_icache/clk
    SLICE_X45Y15         FDCE                                         r  u_icache/tags_reg[30][13]/C
                         clock pessimism              0.000     5.924    
                         clock uncertainty           -0.035     5.889    
    SLICE_X45Y15         FDCE (Setup_fdce_C_CE)      -0.205     5.684    u_icache/tags_reg[30][13]
  -------------------------------------------------------------------
                         required time                          5.684    
                         arrival time                          -9.523    
  -------------------------------------------------------------------
                         slack                                 -3.839    

Slack (VIOLATED) :        -3.839ns  (required time - arrival time)
  Source:                 u_pc/pc_out_reg[3]_rep__2/C
                            (rising edge-triggered cell FDCE clocked by clk  {rise@0.000ns fall@2.500ns period=5.000ns})
  Destination:            u_icache/tags_reg[30][14]/CE
                            (rising edge-triggered cell FDCE clocked by clk  {rise@0.000ns fall@2.500ns period=5.000ns})
  Path Group:             clk
  Path Type:              Setup (Max at Slow Process Corner)
  Requirement:            5.000ns  (clk rise@5.000ns - clk rise@0.000ns)
  Data Path Delay:        8.550ns  (logic 2.280ns (26.668%)  route 6.270ns (73.332%))
  Logic Levels:           8  (CARRY4=1 LUT6=5 MUXF7=1 MUXF8=1)
  Clock Path Skew:        -0.049ns (DCD - SCD + CPR)
    Destination Clock Delay (DCD):    0.924ns = ( 5.924 - 5.000 ) 
    Source Clock Delay      (SCD):    0.973ns
    Clock Pessimism Removal (CPR):    0.000ns
  Clock Uncertainty:      0.035ns  ((TSJ^2 + TIJ^2)^1/2 + DJ) / 2 + PE
    Total System Jitter     (TSJ):    0.071ns
    Total Input Jitter      (TIJ):    0.000ns
    Discrete Jitter          (DJ):    0.000ns
    Phase Error              (PE):    0.000ns

    Location             Delay type                Incr(ns)  Path(ns)    Netlist Resource(s)
  -------------------------------------------------------------------    -------------------
                         (clock clk rise edge)        0.000     0.000 r  
                                                      0.000     0.000 r  clk (IN)
                         net (fo=9773, unset)         0.973     0.973    u_pc/clk
    SLICE_X28Y18         FDCE                                         r  u_pc/pc_out_reg[3]_rep__2/C
  -------------------------------------------------------------------    -------------------
    SLICE_X28Y18         FDCE (Prop_fdce_C_Q)         0.419     1.392 r  u_pc/pc_out_reg[3]_rep__2/Q
                         net (fo=115, routed)         1.665     3.057    u_icache/tags_reg[0][23]_i_195_0
    SLICE_X33Y19         LUT6 (Prop_lut6_I2_O)        0.299     3.356 r  u_icache/tags[0][23]_i_513/O
                         net (fo=1, routed)           0.000     3.356    u_icache/tags[0][23]_i_513_n_0
    SLICE_X33Y19         MUXF7 (Prop_muxf7_I0_O)      0.238     3.594 r  u_icache/tags_reg[0][23]_i_241/O
                         net (fo=1, routed)           0.000     3.594    u_icache/tags_reg[0][23]_i_241_n_0
    SLICE_X33Y19         MUXF8 (Prop_muxf8_I0_O)      0.104     3.698 r  u_icache/tags_reg[0][23]_i_105/O
                         net (fo=1, routed)           1.036     4.734    u_icache/tags_reg[0][23]_i_105_n_0
    SLICE_X31Y16         LUT6 (Prop_lut6_I0_O)        0.316     5.050 r  u_icache/tags[0][23]_i_51/O
                         net (fo=1, routed)           0.588     5.638    u_icache/tags[14]
    SLICE_X32Y17         LUT6 (Prop_lut6_I3_O)        0.124     5.762 r  u_icache/tags[0][23]_i_20/O
                         net (fo=1, routed)           0.000     5.762    u_icache/tags[0][23]_i_20_n_0
    SLICE_X32Y17         CARRY4 (Prop_carry4_S[0]_CO[3])
                                                      0.532     6.294 f  u_icache/tags_reg[0][23]_i_7/CO[3]
                         net (fo=1, routed)           0.622     6.916    u_icache/hit0
    SLICE_X35Y16         LUT6 (Prop_lut6_I5_O)        0.124     7.040 f  u_icache/tags[0][23]_i_3/O
                         net (fo=96, routed)          1.273     8.313    u_pc/data_reg[14][0]_0
    SLICE_X50Y13         LUT6 (Prop_lut6_I5_O)        0.124     8.437 r  u_pc/tags[30][23]_i_1/O
                         net (fo=57, routed)          1.085     9.523    u_icache/data_reg[30][0]_0[0]
    SLICE_X45Y15         FDCE                                         r  u_icache/tags_reg[30][14]/CE
  -------------------------------------------------------------------    -------------------

                         (clock clk rise edge)        5.000     5.000 r  
                                                      0.000     5.000 r  clk (IN)
                         net (fo=9773, unset)         0.924     5.924    u_icache/clk
    SLICE_X45Y15         FDCE                                         r  u_icache/tags_reg[30][14]/C
                         clock pessimism              0.000     5.924    
                         clock uncertainty           -0.035     5.889    
    SLICE_X45Y15         FDCE (Setup_fdce_C_CE)      -0.205     5.684    u_icache/tags_reg[30][14]
  -------------------------------------------------------------------
                         required time                          5.684    
                         arrival time                          -9.523    
  -------------------------------------------------------------------
                         slack                                 -3.839    

Slack (VIOLATED) :        -3.839ns  (required time - arrival time)
  Source:                 u_pc/pc_out_reg[3]_rep__2/C
                            (rising edge-triggered cell FDCE clocked by clk  {rise@0.000ns fall@2.500ns period=5.000ns})
  Destination:            u_icache/tags_reg[30][15]/CE
                            (rising edge-triggered cell FDCE clocked by clk  {rise@0.000ns fall@2.500ns period=5.000ns})
  Path Group:             clk
  Path Type:              Setup (Max at Slow Process Corner)
  Requirement:            5.000ns  (clk rise@5.000ns - clk rise@0.000ns)
  Data Path Delay:        8.550ns  (logic 2.280ns (26.668%)  route 6.270ns (73.332%))
  Logic Levels:           8  (CARRY4=1 LUT6=5 MUXF7=1 MUXF8=1)
  Clock Path Skew:        -0.049ns (DCD - SCD + CPR)
    Destination Clock Delay (DCD):    0.924ns = ( 5.924 - 5.000 ) 
    Source Clock Delay      (SCD):    0.973ns
    Clock Pessimism Removal (CPR):    0.000ns
  Clock Uncertainty:      0.035ns  ((TSJ^2 + TIJ^2)^1/2 + DJ) / 2 + PE
    Total System Jitter     (TSJ):    0.071ns
    Total Input Jitter      (TIJ):    0.000ns
    Discrete Jitter          (DJ):    0.000ns
    Phase Error              (PE):    0.000ns

    Location             Delay type                Incr(ns)  Path(ns)    Netlist Resource(s)
  -------------------------------------------------------------------    -------------------
                         (clock clk rise edge)        0.000     0.000 r  
                                                      0.000     0.000 r  clk (IN)
                         net (fo=9773, unset)         0.973     0.973    u_pc/clk
    SLICE_X28Y18         FDCE                                         r  u_pc/pc_out_reg[3]_rep__2/C
  -------------------------------------------------------------------    -------------------
    SLICE_X28Y18         FDCE (Prop_fdce_C_Q)         0.419     1.392 r  u_pc/pc_out_reg[3]_rep__2/Q
                         net (fo=115, routed)         1.665     3.057    u_icache/tags_reg[0][23]_i_195_0
    SLICE_X33Y19         LUT6 (Prop_lut6_I2_O)        0.299     3.356 r  u_icache/tags[0][23]_i_513/O
                         net (fo=1, routed)           0.000     3.356    u_icache/tags[0][23]_i_513_n_0
    SLICE_X33Y19         MUXF7 (Prop_muxf7_I0_O)      0.238     3.594 r  u_icache/tags_reg[0][23]_i_241/O
                         net (fo=1, routed)           0.000     3.594    u_icache/tags_reg[0][23]_i_241_n_0
    SLICE_X33Y19         MUXF8 (Prop_muxf8_I0_O)      0.104     3.698 r  u_icache/tags_reg[0][23]_i_105/O
                         net (fo=1, routed)           1.036     4.734    u_icache/tags_reg[0][23]_i_105_n_0
    SLICE_X31Y16         LUT6 (Prop_lut6_I0_O)        0.316     5.050 r  u_icache/tags[0][23]_i_51/O
                         net (fo=1, routed)           0.588     5.638    u_icache/tags[14]
    SLICE_X32Y17         LUT6 (Prop_lut6_I3_O)        0.124     5.762 r  u_icache/tags[0][23]_i_20/O
                         net (fo=1, routed)           0.000     5.762    u_icache/tags[0][23]_i_20_n_0
    SLICE_X32Y17         CARRY4 (Prop_carry4_S[0]_CO[3])
                                                      0.532     6.294 f  u_icache/tags_reg[0][23]_i_7/CO[3]
                         net (fo=1, routed)           0.622     6.916    u_icache/hit0
    SLICE_X35Y16         LUT6 (Prop_lut6_I5_O)        0.124     7.040 f  u_icache/tags[0][23]_i_3/O
                         net (fo=96, routed)          1.273     8.313    u_pc/data_reg[14][0]_0
    SLICE_X50Y13         LUT6 (Prop_lut6_I5_O)        0.124     8.437 r  u_pc/tags[30][23]_i_1/O
                         net (fo=57, routed)          1.085     9.523    u_icache/data_reg[30][0]_0[0]
    SLICE_X45Y15         FDCE                                         r  u_icache/tags_reg[30][15]/CE
  -------------------------------------------------------------------    -------------------

                         (clock clk rise edge)        5.000     5.000 r  
                                                      0.000     5.000 r  clk (IN)
                         net (fo=9773, unset)         0.924     5.924    u_icache/clk
    SLICE_X45Y15         FDCE                                         r  u_icache/tags_reg[30][15]/C
                         clock pessimism              0.000     5.924    
                         clock uncertainty           -0.035     5.889    
    SLICE_X45Y15         FDCE (Setup_fdce_C_CE)      -0.205     5.684    u_icache/tags_reg[30][15]
  -------------------------------------------------------------------
                         required time                          5.684    
                         arrival time                          -9.523    
  -------------------------------------------------------------------
                         slack                                 -3.839    




