Copyright 1986-2022 Xilinx, Inc. All Rights Reserved. Copyright 2022-2024 Advanced Micro Devices, Inc. All Rights Reserved.
---------------------------------------------------------------------------------------------------------------------------------------------
| Tool Version : Vivado v.2024.2 (win64) Build 5239630 Fri Nov 08 22:35:27 MST 2024
| Date         : Thu Sep 17 21:38:29 2026
| Host         : PavilionPlus1 running 64-bit major release  (build 9200)
| Command      : report_timing -delay_type min -max_paths 10 -file V:/stage8_sgf/wlblock/critical_hold_paths.rpt
| Design       : rv32i_pipeline_8stage_sgf_top
| Device       : 7a35t-cpg236
| Speed File   : -1  PRODUCTION 1.23 2018-06-13
| Design State : Routed
---------------------------------------------------------------------------------------------------------------------------------------------

Timing Report

Slack (MET) :             0.066ns  (arrival time - required time)
  Source:                 u_ex2_mem1/alu_result_out_reg[2]_rep__2/C
                            (rising edge-triggered cell FDCE clocked by clk  {rise@0.000ns fall@2.500ns period=5.000ns})
  Destination:            u_dmem/mem_reg_0_255_3_3/RAMS64E_A/ADR0
                            (rising edge-triggered cell RAMS64E clocked by clk  {rise@0.000ns fall@2.500ns period=5.000ns})
  Path Group:             clk
  Path Type:              Hold (Min at Fast Process Corner)
  Requirement:            0.000ns  (clk rise@0.000ns - clk rise@0.000ns)
  Data Path Delay:        0.397ns  (logic 0.141ns (35.507%)  route 0.256ns (64.493%))
  Logic Levels:           0  
  Clock Path Skew:        0.022ns (DCD - SCD - CPR)
    Destination Clock Delay (DCD):    0.432ns
    Source Clock Delay      (SCD):    0.410ns
    Clock Pessimism Removal (CPR):    -0.000ns

    Location             Delay type                Incr(ns)  Path(ns)    Netlist Resource(s)
  -------------------------------------------------------------------    -------------------
                         (clock clk rise edge)        0.000     0.000 r  
                                                      0.000     0.000 r  clk (IN)
                         net (fo=9773, unset)         0.410     0.410    u_ex2_mem1/clk
    SLICE_X55Y33         FDCE                                         r  u_ex2_mem1/alu_result_out_reg[2]_rep__2/C
  -------------------------------------------------------------------    -------------------
    SLICE_X55Y33         FDCE (Prop_fdce_C_Q)         0.141     0.551 r  u_ex2_mem1/alu_result_out_reg[2]_rep__2/Q
                         net (fo=128, routed)         0.256     0.807    u_dmem/mem_reg_0_255_3_3/A0
    SLICE_X54Y33         RAMS64E                                      r  u_dmem/mem_reg_0_255_3_3/RAMS64E_A/ADR0
  -------------------------------------------------------------------    -------------------

                         (clock clk rise edge)        0.000     0.000 r  
                                                      0.000     0.000 r  clk (IN)
                         net (fo=9773, unset)         0.432     0.432    u_dmem/mem_reg_0_255_3_3/WCLK
    SLICE_X54Y33         RAMS64E                                      r  u_dmem/mem_reg_0_255_3_3/RAMS64E_A/CLK
                         clock pessimism              0.000     0.432    
    SLICE_X54Y33         RAMS64E (Hold_rams64e_CLK_ADR0)
                                                      0.310     0.742    u_dmem/mem_reg_0_255_3_3/RAMS64E_A
  -------------------------------------------------------------------
                         required time                         -0.742    
                         arrival time                           0.807    
  -------------------------------------------------------------------
                         slack                                  0.066    

Slack (MET) :             0.066ns  (arrival time - required time)
  Source:                 u_ex2_mem1/alu_result_out_reg[2]_rep__2/C
                            (rising edge-triggered cell FDCE clocked by clk  {rise@0.000ns fall@2.500ns period=5.000ns})
  Destination:            u_dmem/mem_reg_0_255_3_3/RAMS64E_B/ADR0
                            (rising edge-triggered cell RAMS64E clocked by clk  {rise@0.000ns fall@2.500ns period=5.000ns})
  Path Group:             clk
  Path Type:              Hold (Min at Fast Process Corner)
  Requirement:            0.000ns  (clk rise@0.000ns - clk rise@0.000ns)
  Data Path Delay:        0.397ns  (logic 0.141ns (35.507%)  route 0.256ns (64.493%))
  Logic Levels:           0  
  Clock Path Skew:        0.022ns (DCD - SCD - CPR)
    Destination Clock Delay (DCD):    0.432ns
    Source Clock Delay      (SCD):    0.410ns
    Clock Pessimism Removal (CPR):    -0.000ns

    Location             Delay type                Incr(ns)  Path(ns)    Netlist Resource(s)
  -------------------------------------------------------------------    -------------------
                         (clock clk rise edge)        0.000     0.000 r  
                                                      0.000     0.000 r  clk (IN)
                         net (fo=9773, unset)         0.410     0.410    u_ex2_mem1/clk
    SLICE_X55Y33         FDCE                                         r  u_ex2_mem1/alu_result_out_reg[2]_rep__2/C
  -------------------------------------------------------------------    -------------------
    SLICE_X55Y33         FDCE (Prop_fdce_C_Q)         0.141     0.551 r  u_ex2_mem1/alu_result_out_reg[2]_rep__2/Q
                         net (fo=128, routed)         0.256     0.807    u_dmem/mem_reg_0_255_3_3/A0
    SLICE_X54Y33         RAMS64E                                      r  u_dmem/mem_reg_0_255_3_3/RAMS64E_B/ADR0
  -------------------------------------------------------------------    -------------------

                         (clock clk rise edge)        0.000     0.000 r  
                                                      0.000     0.000 r  clk (IN)
                         net (fo=9773, unset)         0.432     0.432    u_dmem/mem_reg_0_255_3_3/WCLK
    SLICE_X54Y33         RAMS64E                                      r  u_dmem/mem_reg_0_255_3_3/RAMS64E_B/CLK
                         clock pessimism              0.000     0.432    
    SLICE_X54Y33         RAMS64E (Hold_rams64e_CLK_ADR0)
                                                      0.310     0.742    u_dmem/mem_reg_0_255_3_3/RAMS64E_B
  -------------------------------------------------------------------
                         required time                         -0.742    
                         arrival time                           0.807    
  -------------------------------------------------------------------
                         slack                                  0.066    

Slack (MET) :             0.066ns  (arrival time - required time)
  Source:                 u_ex2_mem1/alu_result_out_reg[2]_rep__2/C
                            (rising edge-triggered cell FDCE clocked by clk  {rise@0.000ns fall@2.500ns period=5.000ns})
  Destination:            u_dmem/mem_reg_0_255_3_3/RAMS64E_C/ADR0
                            (rising edge-triggered cell RAMS64E clocked by clk  {rise@0.000ns fall@2.500ns period=5.000ns})
  Path Group:             clk
  Path Type:              Hold (Min at Fast Process Corner)
  Requirement:            0.000ns  (clk rise@0.000ns - clk rise@0.000ns)
  Data Path Delay:        0.397ns  (logic 0.141ns (35.507%)  route 0.256ns (64.493%))
  Logic Levels:           0  
  Clock Path Skew:        0.022ns (DCD - SCD - CPR)
    Destination Clock Delay (DCD):    0.432ns
    Source Clock Delay      (SCD):    0.410ns
    Clock Pessimism Removal (CPR):    -0.000ns

    Location             Delay type                Incr(ns)  Path(ns)    Netlist Resource(s)
  -------------------------------------------------------------------    -------------------
                         (clock clk rise edge)        0.000     0.000 r  
                                                      0.000     0.000 r  clk (IN)
                         net (fo=9773, unset)         0.410     0.410    u_ex2_mem1/clk
    SLICE_X55Y33         FDCE                                         r  u_ex2_mem1/alu_result_out_reg[2]_rep__2/C
  -------------------------------------------------------------------    -------------------
    SLICE_X55Y33         FDCE (Prop_fdce_C_Q)         0.141     0.551 r  u_ex2_mem1/alu_result_out_reg[2]_rep__2/Q
                         net (fo=128, routed)         0.256     0.807    u_dmem/mem_reg_0_255_3_3/A0
    SLICE_X54Y33         RAMS64E                                      r  u_dmem/mem_reg_0_255_3_3/RAMS64E_C/ADR0
  -------------------------------------------------------------------    -------------------

                         (clock clk rise edge)        0.000     0.000 r  
                                                      0.000     0.000 r  clk (IN)
                         net (fo=9773, unset)         0.432     0.432    u_dmem/mem_reg_0_255_3_3/WCLK
    SLICE_X54Y33         RAMS64E                                      r  u_dmem/mem_reg_0_255_3_3/RAMS64E_C/CLK
                         clock pessimism              0.000     0.432    
    SLICE_X54Y33         RAMS64E (Hold_rams64e_CLK_ADR0)
                                                      0.310     0.742    u_dmem/mem_reg_0_255_3_3/RAMS64E_C
  -------------------------------------------------------------------
                         required time                         -0.742    
                         arrival time                           0.807    
  -------------------------------------------------------------------
                         slack                                  0.066    

Slack (MET) :             0.066ns  (arrival time - required time)
  Source:                 u_ex2_mem1/alu_result_out_reg[2]_rep__2/C
                            (rising edge-triggered cell FDCE clocked by clk  {rise@0.000ns fall@2.500ns period=5.000ns})
  Destination:            u_dmem/mem_reg_0_255_3_3/RAMS64E_D/ADR0
                            (rising edge-triggered cell RAMS64E clocked by clk  {rise@0.000ns fall@2.500ns period=5.000ns})
  Path Group:             clk
  Path Type:              Hold (Min at Fast Process Corner)
  Requirement:            0.000ns  (clk rise@0.000ns - clk rise@0.000ns)
  Data Path Delay:        0.397ns  (logic 0.141ns (35.507%)  route 0.256ns (64.493%))
  Logic Levels:           0  
  Clock Path Skew:        0.022ns (DCD - SCD - CPR)
    Destination Clock Delay (DCD):    0.432ns
    Source Clock Delay      (SCD):    0.410ns
    Clock Pessimism Removal (CPR):    -0.000ns

    Location             Delay type                Incr(ns)  Path(ns)    Netlist Resource(s)
  -------------------------------------------------------------------    -------------------
                         (clock clk rise edge)        0.000     0.000 r  
                                                      0.000     0.000 r  clk (IN)
                         net (fo=9773, unset)         0.410     0.410    u_ex2_mem1/clk
    SLICE_X55Y33         FDCE                                         r  u_ex2_mem1/alu_result_out_reg[2]_rep__2/C
  -------------------------------------------------------------------    -------------------
    SLICE_X55Y33         FDCE (Prop_fdce_C_Q)         0.141     0.551 r  u_ex2_mem1/alu_result_out_reg[2]_rep__2/Q
                         net (fo=128, routed)         0.256     0.807    u_dmem/mem_reg_0_255_3_3/A0
    SLICE_X54Y33         RAMS64E                                      r  u_dmem/mem_reg_0_255_3_3/RAMS64E_D/ADR0
  -------------------------------------------------------------------    -------------------

                         (clock clk rise edge)        0.000     0.000 r  
                                                      0.000     0.000 r  clk (IN)
                         net (fo=9773, unset)         0.432     0.432    u_dmem/mem_reg_0_255_3_3/WCLK
    SLICE_X54Y33         RAMS64E                                      r  u_dmem/mem_reg_0_255_3_3/RAMS64E_D/CLK
                         clock pessimism              0.000     0.432    
    SLICE_X54Y33         RAMS64E (Hold_rams64e_CLK_ADR0)
                                                      0.310     0.742    u_dmem/mem_reg_0_255_3_3/RAMS64E_D
  -------------------------------------------------------------------
                         required time                         -0.742    
                         arrival time                           0.807    
  -------------------------------------------------------------------
                         slack                                  0.066    

Slack (MET) :             0.100ns  (arrival time - required time)
  Source:                 u_ex2_mem1/pc_plus4_out_reg[8]/C
                            (rising edge-triggered cell FDCE clocked by clk  {rise@0.000ns fall@2.500ns period=5.000ns})
  Destination:            u_mem1_mem2/pc_plus4_out_reg[8]/D
                            (rising edge-triggered cell FDCE clocked by clk  {rise@0.000ns fall@2.500ns period=5.000ns})
  Path Group:             clk
  Path Type:              Hold (Min at Fast Process Corner)
  Requirement:            0.000ns  (clk rise@0.000ns - clk rise@0.000ns)
  Data Path Delay:        0.197ns  (logic 0.141ns (71.611%)  route 0.056ns (28.389%))
  Logic Levels:           0  
  Clock Path Skew:        0.022ns (DCD - SCD - CPR)
    Destination Clock Delay (DCD):    0.432ns
    Source Clock Delay      (SCD):    0.410ns
    Clock Pessimism Removal (CPR):    -0.000ns

    Location             Delay type                Incr(ns)  Path(ns)    Netlist Resource(s)
  -------------------------------------------------------------------    -------------------
                         (clock clk rise edge)        0.000     0.000 r  
                                                      0.000     0.000 r  clk (IN)
                         net (fo=9773, unset)         0.410     0.410    u_ex2_mem1/clk
    SLICE_X63Y48         FDCE                                         r  u_ex2_mem1/pc_plus4_out_reg[8]/C
  -------------------------------------------------------------------    -------------------
    SLICE_X63Y48         FDCE (Prop_fdce_C_Q)         0.141     0.551 r  u_ex2_mem1/pc_plus4_out_reg[8]/Q
                         net (fo=2, routed)           0.056     0.607    u_mem1_mem2/pc_plus4_out_reg[31]_2[8]
    SLICE_X63Y48         FDCE                                         r  u_mem1_mem2/pc_plus4_out_reg[8]/D
  -------------------------------------------------------------------    -------------------

                         (clock clk rise edge)        0.000     0.000 r  
                                                      0.000     0.000 r  clk (IN)
                         net (fo=9773, unset)         0.432     0.432    u_mem1_mem2/clk
    SLICE_X63Y48         FDCE                                         r  u_mem1_mem2/pc_plus4_out_reg[8]/C
                         clock pessimism              0.000     0.432    
    SLICE_X63Y48         FDCE (Hold_fdce_C_D)         0.075     0.507    u_mem1_mem2/pc_plus4_out_reg[8]
  -------------------------------------------------------------------
                         required time                         -0.507    
                         arrival time                           0.607    
  -------------------------------------------------------------------
                         slack                                  0.100    

Slack (MET) :             0.107ns  (arrival time - required time)
  Source:                 u_ex2_mem1/alu_result_out_reg[7]_rep__1/C
                            (rising edge-triggered cell FDCE clocked by clk  {rise@0.000ns fall@2.500ns period=5.000ns})
  Destination:            u_dmem/mem_reg_768_1023_26_26/RAMS64E_A/ADR5
                            (rising edge-triggered cell RAMS64E clocked by clk  {rise@0.000ns fall@2.500ns period=5.000ns})
  Path Group:             clk
  Path Type:              Hold (Min at Fast Process Corner)
  Requirement:            0.000ns  (clk rise@0.000ns - clk rise@0.000ns)
  Data Path Delay:        0.298ns  (logic 0.141ns (47.301%)  route 0.157ns (52.699%))
  Logic Levels:           0  
  Clock Path Skew:        0.022ns (DCD - SCD - CPR)
    Destination Clock Delay (DCD):    0.432ns
    Source Clock Delay      (SCD):    0.410ns
    Clock Pessimism Removal (CPR):    -0.000ns

    Location             Delay type                Incr(ns)  Path(ns)    Netlist Resource(s)
  -------------------------------------------------------------------    -------------------
                         (clock clk rise edge)        0.000     0.000 r  
                                                      0.000     0.000 r  clk (IN)
                         net (fo=9773, unset)         0.410     0.410    u_ex2_mem1/clk
    SLICE_X55Y31         FDCE                                         r  u_ex2_mem1/alu_result_out_reg[7]_rep__1/C
  -------------------------------------------------------------------    -------------------
    SLICE_X55Y31         FDCE (Prop_fdce_C_Q)         0.141     0.551 r  u_ex2_mem1/alu_result_out_reg[7]_rep__1/Q
                         net (fo=128, routed)         0.157     0.708    u_dmem/mem_reg_768_1023_26_26/A5
    SLICE_X54Y30         RAMS64E                                      r  u_dmem/mem_reg_768_1023_26_26/RAMS64E_A/ADR5
  -------------------------------------------------------------------    -------------------

                         (clock clk rise edge)        0.000     0.000 r  
                                                      0.000     0.000 r  clk (IN)
                         net (fo=9773, unset)         0.432     0.432    u_dmem/mem_reg_768_1023_26_26/WCLK
    SLICE_X54Y30         RAMS64E                                      r  u_dmem/mem_reg_768_1023_26_26/RAMS64E_A/CLK
                         clock pessimism              0.000     0.432    
    SLICE_X54Y30         RAMS64E (Hold_rams64e_CLK_ADR5)
                                                      0.170     0.602    u_dmem/mem_reg_768_1023_26_26/RAMS64E_A
  -------------------------------------------------------------------
                         required time                         -0.602    
                         arrival time                           0.708    
  -------------------------------------------------------------------
                         slack                                  0.107    

Slack (MET) :             0.107ns  (arrival time - required time)
  Source:                 u_ex2_mem1/alu_result_out_reg[7]_rep__1/C
                            (rising edge-triggered cell FDCE clocked by clk  {rise@0.000ns fall@2.500ns period=5.000ns})
  Destination:            u_dmem/mem_reg_768_1023_26_26/RAMS64E_B/ADR5
                            (rising edge-triggered cell RAMS64E clocked by clk  {rise@0.000ns fall@2.500ns period=5.000ns})
  Path Group:             clk
  Path Type:              Hold (Min at Fast Process Corner)
  Requirement:            0.000ns  (clk rise@0.000ns - clk rise@0.000ns)
  Data Path Delay:        0.298ns  (logic 0.141ns (47.301%)  route 0.157ns (52.699%))
  Logic Levels:           0  
  Clock Path Skew:        0.022ns (DCD - SCD - CPR)
    Destination Clock Delay (DCD):    0.432ns
    Source Clock Delay      (SCD):    0.410ns
    Clock Pessimism Removal (CPR):    -0.000ns

    Location             Delay type                Incr(ns)  Path(ns)    Netlist Resource(s)
  -------------------------------------------------------------------    -------------------
                         (clock clk rise edge)        0.000     0.000 r  
                                                      0.000     0.000 r  clk (IN)
                         net (fo=9773, unset)         0.410     0.410    u_ex2_mem1/clk
    SLICE_X55Y31         FDCE                                         r  u_ex2_mem1/alu_result_out_reg[7]_rep__1/C
  -------------------------------------------------------------------    -------------------
    SLICE_X55Y31         FDCE (Prop_fdce_C_Q)         0.141     0.551 r  u_ex2_mem1/alu_result_out_reg[7]_rep__1/Q
                         net (fo=128, routed)         0.157     0.708    u_dmem/mem_reg_768_1023_26_26/A5
    SLICE_X54Y30         RAMS64E                                      r  u_dmem/mem_reg_768_1023_26_26/RAMS64E_B/ADR5
  -------------------------------------------------------------------    -------------------

                         (clock clk rise edge)        0.000     0.000 r  
                                                      0.000     0.000 r  clk (IN)
                         net (fo=9773, unset)         0.432     0.432    u_dmem/mem_reg_768_1023_26_26/WCLK
    SLICE_X54Y30         RAMS64E                                      r  u_dmem/mem_reg_768_1023_26_26/RAMS64E_B/CLK
                         clock pessimism              0.000     0.432    
    SLICE_X54Y30         RAMS64E (Hold_rams64e_CLK_ADR5)
                                                      0.170     0.602    u_dmem/mem_reg_768_1023_26_26/RAMS64E_B
  -------------------------------------------------------------------
                         required time                         -0.602    
                         arrival time                           0.708    
  -------------------------------------------------------------------
                         slack                                  0.107    

Slack (MET) :             0.107ns  (arrival time - required time)
  Source:                 u_ex2_mem1/alu_result_out_reg[7]_rep__1/C
                            (rising edge-triggered cell FDCE clocked by clk  {rise@0.000ns fall@2.500ns period=5.000ns})
  Destination:            u_dmem/mem_reg_768_1023_26_26/RAMS64E_C/ADR5
                            (rising edge-triggered cell RAMS64E clocked by clk  {rise@0.000ns fall@2.500ns period=5.000ns})
  Path Group:             clk
  Path Type:              Hold (Min at Fast Process Corner)
  Requirement:            0.000ns  (clk rise@0.000ns - clk rise@0.000ns)
  Data Path Delay:        0.298ns  (logic 0.141ns (47.301%)  route 0.157ns (52.699%))
  Logic Levels:           0  
  Clock Path Skew:        0.022ns (DCD - SCD - CPR)
    Destination Clock Delay (DCD):    0.432ns
    Source Clock Delay      (SCD):    0.410ns
    Clock Pessimism Removal (CPR):    -0.000ns

    Location             Delay type                Incr(ns)  Path(ns)    Netlist Resource(s)
  -------------------------------------------------------------------    -------------------
                         (clock clk rise edge)        0.000     0.000 r  
                                                      0.000     0.000 r  clk (IN)
                         net (fo=9773, unset)         0.410     0.410    u_ex2_mem1/clk
    SLICE_X55Y31         FDCE                                         r  u_ex2_mem1/alu_result_out_reg[7]_rep__1/C
  -------------------------------------------------------------------    -------------------
    SLICE_X55Y31         FDCE (Prop_fdce_C_Q)         0.141     0.551 r  u_ex2_mem1/alu_result_out_reg[7]_rep__1/Q
                         net (fo=128, routed)         0.157     0.708    u_dmem/mem_reg_768_1023_26_26/A5
    SLICE_X54Y30         RAMS64E                                      r  u_dmem/mem_reg_768_1023_26_26/RAMS64E_C/ADR5
  -------------------------------------------------------------------    -------------------

                         (clock clk rise edge)        0.000     0.000 r  
                                                      0.000     0.000 r  clk (IN)
                         net (fo=9773, unset)         0.432     0.432    u_dmem/mem_reg_768_1023_26_26/WCLK
    SLICE_X54Y30         RAMS64E                                      r  u_dmem/mem_reg_768_1023_26_26/RAMS64E_C/CLK
                         clock pessimism              0.000     0.432    
    SLICE_X54Y30         RAMS64E (Hold_rams64e_CLK_ADR5)
                                                      0.170     0.602    u_dmem/mem_reg_768_1023_26_26/RAMS64E_C
  -------------------------------------------------------------------
                         required time                         -0.602    
                         arrival time                           0.708    
  -------------------------------------------------------------------
                         slack                                  0.107    

Slack (MET) :             0.107ns  (arrival time - required time)
  Source:                 u_ex2_mem1/alu_result_out_reg[7]_rep__1/C
                            (rising edge-triggered cell FDCE clocked by clk  {rise@0.000ns fall@2.500ns period=5.000ns})
  Destination:            u_dmem/mem_reg_768_1023_26_26/RAMS64E_D/ADR5
                            (rising edge-triggered cell RAMS64E clocked by clk  {rise@0.000ns fall@2.500ns period=5.000ns})
  Path Group:             clk
  Path Type:              Hold (Min at Fast Process Corner)
  Requirement:            0.000ns  (clk rise@0.000ns - clk rise@0.000ns)
  Data Path Delay:        0.298ns  (logic 0.141ns (47.301%)  route 0.157ns (52.699%))
  Logic Levels:           0  
  Clock Path Skew:        0.022ns (DCD - SCD - CPR)
    Destination Clock Delay (DCD):    0.432ns
    Source Clock Delay      (SCD):    0.410ns
    Clock Pessimism Removal (CPR):    -0.000ns

    Location             Delay type                Incr(ns)  Path(ns)    Netlist Resource(s)
  -------------------------------------------------------------------    -------------------
                         (clock clk rise edge)        0.000     0.000 r  
                                                      0.000     0.000 r  clk (IN)
                         net (fo=9773, unset)         0.410     0.410    u_ex2_mem1/clk
    SLICE_X55Y31         FDCE                                         r  u_ex2_mem1/alu_result_out_reg[7]_rep__1/C
  -------------------------------------------------------------------    -------------------
    SLICE_X55Y31         FDCE (Prop_fdce_C_Q)         0.141     0.551 r  u_ex2_mem1/alu_result_out_reg[7]_rep__1/Q
                         net (fo=128, routed)         0.157     0.708    u_dmem/mem_reg_768_1023_26_26/A5
    SLICE_X54Y30         RAMS64E                                      r  u_dmem/mem_reg_768_1023_26_26/RAMS64E_D/ADR5
  -------------------------------------------------------------------    -------------------

                         (clock clk rise edge)        0.000     0.000 r  
                                                      0.000     0.000 r  clk (IN)
                         net (fo=9773, unset)         0.432     0.432    u_dmem/mem_reg_768_1023_26_26/WCLK
    SLICE_X54Y30         RAMS64E                                      r  u_dmem/mem_reg_768_1023_26_26/RAMS64E_D/CLK
                         clock pessimism              0.000     0.432    
    SLICE_X54Y30         RAMS64E (Hold_rams64e_CLK_ADR5)
                                                      0.170     0.602    u_dmem/mem_reg_768_1023_26_26/RAMS64E_D
  -------------------------------------------------------------------
                         required time                         -0.602    
                         arrival time                           0.708    
  -------------------------------------------------------------------
                         slack                                  0.107    

Slack (MET) :             0.111ns  (arrival time - required time)
  Source:                 u_mem1_mem2/pc_plus4_out_reg[12]/C
                            (rising edge-triggered cell FDCE clocked by clk  {rise@0.000ns fall@2.500ns period=5.000ns})
  Destination:            u_mem2_wb/pc_plus4_out_reg[12]/D
                            (rising edge-triggered cell FDCE clocked by clk  {rise@0.000ns fall@2.500ns period=5.000ns})
  Path Group:             clk
  Path Type:              Hold (Min at Fast Process Corner)
  Requirement:            0.000ns  (clk rise@0.000ns - clk rise@0.000ns)
  Data Path Delay:        0.208ns  (logic 0.141ns (67.788%)  route 0.067ns (32.212%))
  Logic Levels:           0  
  Clock Path Skew:        0.022ns (DCD - SCD - CPR)
    Destination Clock Delay (DCD):    0.432ns
    Source Clock Delay      (SCD):    0.410ns
    Clock Pessimism Removal (CPR):    -0.000ns

    Location             Delay type                Incr(ns)  Path(ns)    Netlist Resource(s)
  -------------------------------------------------------------------    -------------------
                         (clock clk rise edge)        0.000     0.000 r  
                                                      0.000     0.000 r  clk (IN)
                         net (fo=9773, unset)         0.410     0.410    u_mem1_mem2/clk
    SLICE_X63Y54         FDCE                                         r  u_mem1_mem2/pc_plus4_out_reg[12]/C
  -------------------------------------------------------------------    -------------------
    SLICE_X63Y54         FDCE (Prop_fdce_C_Q)         0.141     0.551 r  u_mem1_mem2/pc_plus4_out_reg[12]/Q
                         net (fo=2, routed)           0.067     0.618    u_mem2_wb/pc_plus4_out_reg[31]_0[12]
    SLICE_X63Y54         FDCE                                         r  u_mem2_wb/pc_plus4_out_reg[12]/D
  -------------------------------------------------------------------    -------------------

                         (clock clk rise edge)        0.000     0.000 r  
                                                      0.000     0.000 r  clk (IN)
                         net (fo=9773, unset)         0.432     0.432    u_mem2_wb/clk
    SLICE_X63Y54         FDCE                                         r  u_mem2_wb/pc_plus4_out_reg[12]/C
                         clock pessimism              0.000     0.432    
    SLICE_X63Y54         FDCE (Hold_fdce_C_D)         0.075     0.507    u_mem2_wb/pc_plus4_out_reg[12]
  -------------------------------------------------------------------
                         required time                         -0.507    
                         arrival time                           0.618    
  -------------------------------------------------------------------
                         slack                                  0.111    




