Copyright 1986-2022 Xilinx, Inc. All Rights Reserved. Copyright 2022-2024 Advanced Micro Devices, Inc. All Rights Reserved.
---------------------------------------------------------------------------------------------------------------------------------------------
| Tool Version : Vivado v.2024.2 (win64) Build 5239630 Fri Nov 08 22:35:27 MST 2024
| Date         : Thu Sep 17 21:38:28 2026
| Host         : PavilionPlus1 running 64-bit major release  (build 9200)
| Command      : report_timing_summary -report_unconstrained -file V:/stage8_sgf/wlblock/timing_summary.rpt
| Design       : rv32i_pipeline_8stage_sgf_top
| Device       : 7a35t-cpg236
| Speed File   : -1  PRODUCTION 1.23 2018-06-13
| Design State : Routed
---------------------------------------------------------------------------------------------------------------------------------------------

Timing Summary Report

------------------------------------------------------------------------------------------------
| Timer Settings
| --------------
------------------------------------------------------------------------------------------------

  Enable Multi Corner Analysis               :  Yes
  Enable Pessimism Removal                   :  Yes
  Pessimism Removal Resolution               :  Nearest Common Node
  Enable Input Delay Default Clock           :  No
  Enable Preset / Clear Arcs                 :  No
  Disable Flight Delays                      :  No
  Ignore I/O Paths                           :  No
  Timing Early Launch at Borrowing Latches   :  No
  Borrow Time for Max Delay Exceptions       :  Yes
  Merge Timing Exceptions                    :  Yes
  Inter-SLR Compensation                     :  Conservative

  Corner  Analyze    Analyze    
  Name    Max Paths  Min Paths  
  ------  ---------  ---------  
  Slow    Yes        Yes        
  Fast    Yes        Yes        


------------------------------------------------------------------------------------------------
| Report Methodology
| ------------------
------------------------------------------------------------------------------------------------

Rule       Severity  Description                                                Violations  
---------  --------  ---------------------------------------------------------  ----------  
DPIR-1     Warning   Asynchronous driver check                                  414         
SYNTH-5    Warning   Mapped onto distributed RAM because of timing constraints  256         
SYNTH-10   Warning   Wide multiplier                                            12          
TIMING-16  Warning   Large setup violation                                      1000        
TIMING-18  Warning   Missing input or output delay                              97          

Note: This report is based on the most recent report_methodology run and may not be up-to-date. Run report_methodology on the current design for the latest report.



check_timing report

Table of Contents
-----------------
1. checking no_clock (0)
2. checking constant_clock (0)
3. checking pulse_width_clock (0)
4. checking unconstrained_internal_endpoints (0)
5. checking no_input_delay (1)
6. checking no_output_delay (96)
7. checking multiple_clock (0)
8. checking generated_clocks (0)
9. checking loops (0)
10. checking partial_input_delay (0)
11. checking partial_output_delay (0)
12. checking latch_loops (0)

1. checking no_clock (0)
------------------------
 There are 0 register/latch pins with no clock.


2. checking constant_clock (0)
------------------------------
 There are 0 register/latch pins with constant_clock.


3. checking pulse_width_clock (0)
---------------------------------
 There are 0 register/latch pins which need pulse_width check


4. checking unconstrained_internal_endpoints (0)
------------------------------------------------
 There are 0 pins that are not constrained for maximum delay.

 There are 0 pins that are not constrained for maximum delay due to constant clock.


5. checking no_input_delay (1)
------------------------------
 There is 1 input port with no input delay specified. (HIGH)

 There are 0 input ports with no input delay but user has a false path constraint.


6. checking no_output_delay (96)
--------------------------------
 There are 96 ports with no output delay specified. (HIGH)

 There are 0 ports with no output delay but user has a false path constraint

 There are 0 ports with no output delay but with a timing clock defined on it or propagating through it


7. checking multiple_clock (0)
------------------------------
 There are 0 register/latch pins with multiple clocks.


8. checking generated_clocks (0)
--------------------------------
 There are 0 generated clocks that are not connected to a clock source.


9. checking loops (0)
---------------------
 There are 0 combinational loops in the design.


10. checking partial_input_delay (0)
------------------------------------
 There are 0 input ports with partial input delay specified.


11. checking partial_output_delay (0)
-------------------------------------
 There are 0 ports with partial output delay specified.


12. checking latch_loops (0)
----------------------------
 There are 0 combinational latch loops in the design through latch input



------------------------------------------------------------------------------------------------
| Design Timing Summary
| ---------------------
------------------------------------------------------------------------------------------------

    WNS(ns)      TNS(ns)  TNS Failing Endpoints  TNS Total Endpoints      WHS(ns)      THS(ns)  THS Failing Endpoints  THS Total Endpoints     WPWS(ns)     TPWS(ns)  TPWS Failing Endpoints  TPWS Total Endpoints  
    -------      -------  ---------------------  -------------------      -------      -------  ---------------------  -------------------     --------     --------  ----------------------  --------------------  
     -3.866   -28597.920                  14581                27140        0.066        0.000                      0                27140        1.250        0.000                       0                  9773  


Timing constraints are not met.


------------------------------------------------------------------------------------------------
| Clock Summary
| -------------
------------------------------------------------------------------------------------------------

Clock  Waveform(ns)         Period(ns)      Frequency(MHz)
-----  ------------         ----------      --------------
clk    {0.000 2.500}        5.000           200.000         


------------------------------------------------------------------------------------------------
| Intra Clock Table
| -----------------
------------------------------------------------------------------------------------------------

Clock             WNS(ns)      TNS(ns)  TNS Failing Endpoints  TNS Total Endpoints      WHS(ns)      THS(ns)  THS Failing Endpoints  THS Total Endpoints     WPWS(ns)     TPWS(ns)  TPWS Failing Endpoints  TPWS Total Endpoints  
-----             -------      -------  ---------------------  -------------------      -------      -------  ---------------------  -------------------     --------     --------  ----------------------  --------------------  
clk                -3.866   -28597.920                  14581                27140        0.066        0.000                      0                27140        1.250        0.000                       0                  9773  


------------------------------------------------------------------------------------------------
| Inter Clock Table
| -----------------
------------------------------------------------------------------------------------------------

From Clock    To Clock          WNS(ns)      TNS(ns)  TNS Failing Endpoints  TNS Total Endpoints      WHS(ns)      THS(ns)  THS Failing Endpoints  THS Total Endpoints  
----------    --------          -------      -------  ---------------------  -------------------      -------      -------  ---------------------  -------------------  


------------------------------------------------------------------------------------------------
| Other Path Groups Table
| -----------------------
------------------------------------------------------------------------------------------------

Path Group    From Clock    To Clock          WNS(ns)      TNS(ns)  TNS Failing Endpoints  TNS Total Endpoints      WHS(ns)      THS(ns)  THS Failing Endpoints  THS Total Endpoints  
----------    ----------    --------          -------      -------  ---------------------  -------------------      -------      -------  ---------------------  -------------------  


------------------------------------------------------------------------------------------------
| User Ignored Path Table
| -----------------------
------------------------------------------------------------------------------------------------

Path Group    From Clock    To Clock    
----------    ----------    --------    


------------------------------------------------------------------------------------------------
| Unconstrained Path Table
| ------------------------
------------------------------------------------------------------------------------------------

Path Group    From Clock    To Clock    
----------    ----------    --------    
(none)        clk                         
(none)                      clk           


------------------------------------------------------------------------------------------------
| Timing Details
| --------------
------------------------------------------------------------------------------------------------


---------------------------------------------------------------------------------------------------
From Clock:  clk
  To Clock:  clk

Setup :        14581  Failing Endpoints,  Worst Slack       -3.866ns,  Total Violation   -28597.920ns
Hold  :            0  Failing Endpoints,  Worst Slack        0.066ns,  Total Violation        0.000ns
PW    :            0  Failing Endpoints,  Worst Slack        1.250ns,  Total Violation        0.000ns
---------------------------------------------------------------------------------------------------


Max Delay Paths
--------------------------------------------------------------------------------------
Slack (VIOLATED) :        -3.866ns  (required time - arrival time)
  Source:                 u_pc/pc_out_reg[3]_rep__2/C
                            (rising edge-triggered cell FDCE clocked by clk  {rise@0.000ns fall@2.500ns period=5.000ns})
  Destination:            u_icache/data_reg[35][16]/CE
                            (rising edge-triggered cell FDCE clocked by clk  {rise@0.000ns fall@2.500ns period=5.000ns})
  Path Group:             clk
  Path Type:              Setup (Max at Slow Process Corner)
  Requirement:            5.000ns  (clk rise@5.000ns - clk rise@0.000ns)
  Data Path Delay:        8.613ns  (logic 2.280ns (26.472%)  route 6.333ns (73.528%))
  Logic Levels:           8  (CARRY4=1 LUT6=5 MUXF7=1 MUXF8=1)
  Clock Path Skew:        -0.049ns (DCD - SCD + CPR)
    Destination Clock Delay (DCD):    0.924ns = ( 5.924 - 5.000 ) 
    Source Clock Delay      (SCD):    0.973ns
    Clock Pessimism Removal (CPR):    0.000ns
  Clock Uncertainty:      0.035ns  ((TSJ^2 + TIJ^2)^1/2 + DJ) / 2 + PE
    Total System Jitter     (TSJ):    0.071ns
    Total Input Jitter      (TIJ):    0.000ns
    Discrete Jitter          (DJ):    0.000ns
    Phase Error              (PE):    0.000ns

    Location             Delay type                Incr(ns)  Path(ns)    Netlist Resource(s)
  -------------------------------------------------------------------    -------------------
                         (clock clk rise edge)        0.000     0.000 r  
                                                      0.000     0.000 r  clk (IN)
                         net (fo=9773, unset)         0.973     0.973    u_pc/clk
    SLICE_X28Y18         FDCE                                         r  u_pc/pc_out_reg[3]_rep__2/C
  -------------------------------------------------------------------    -------------------
    SLICE_X28Y18         FDCE (Prop_fdce_C_Q)         0.419     1.392 r  u_pc/pc_out_reg[3]_rep__2/Q
                         net (fo=115, routed)         1.665     3.057    u_icache/tags_reg[0][23]_i_195_0
    SLICE_X33Y19         LUT6 (Prop_lut6_I2_O)        0.299     3.356 r  u_icache/tags[0][23]_i_513/O
                         net (fo=1, routed)           0.000     3.356    u_icache/tags[0][23]_i_513_n_0
    SLICE_X33Y19         MUXF7 (Prop_muxf7_I0_O)      0.238     3.594 r  u_icache/tags_reg[0][23]_i_241/O
                         net (fo=1, routed)           0.000     3.594    u_icache/tags_reg[0][23]_i_241_n_0
    SLICE_X33Y19         MUXF8 (Prop_muxf8_I0_O)      0.104     3.698 r  u_icache/tags_reg[0][23]_i_105/O
                         net (fo=1, routed)           1.036     4.734    u_icache/tags_reg[0][23]_i_105_n_0
    SLICE_X31Y16         LUT6 (Prop_lut6_I0_O)        0.316     5.050 r  u_icache/tags[0][23]_i_51/O
                         net (fo=1, routed)           0.588     5.638    u_icache/tags[14]
    SLICE_X32Y17         LUT6 (Prop_lut6_I3_O)        0.124     5.762 r  u_icache/tags[0][23]_i_20/O
                         net (fo=1, routed)           0.000     5.762    u_icache/tags[0][23]_i_20_n_0
    SLICE_X32Y17         CARRY4 (Prop_carry4_S[0]_CO[3])
                                                      0.532     6.294 f  u_icache/tags_reg[0][23]_i_7/CO[3]
                         net (fo=1, routed)           0.622     6.916    u_icache/hit0
    SLICE_X35Y16         LUT6 (Prop_lut6_I5_O)        0.124     7.040 f  u_icache/tags[0][23]_i_3/O
                         net (fo=96, routed)          1.327     8.368    u_pc/data_reg[14][0]_0
    SLICE_X8Y14          LUT6 (Prop_lut6_I5_O)        0.124     8.492 r  u_pc/tags[35][23]_i_1/O
                         net (fo=57, routed)          1.094     9.586    u_icache/data_reg[35][0]_0[0]
    SLICE_X6Y5           FDCE                                         r  u_icache/data_reg[35][16]/CE
  -------------------------------------------------------------------    -------------------

                         (clock clk rise edge)        5.000     5.000 r  
                                                      0.000     5.000 r  clk (IN)
                         net (fo=9773, unset)         0.924     5.924    u_icache/clk
    SLICE_X6Y5           FDCE                                         r  u_icache/data_reg[35][16]/C
                         clock pessimism              0.000     5.924    
                         clock uncertainty           -0.035     5.889    
    SLICE_X6Y5           FDCE (Setup_fdce_C_CE)      -0.169     5.720    u_icache/data_reg[35][16]
  -------------------------------------------------------------------
                         required time                          5.720    
                         arrival time                          -9.586    
  -------------------------------------------------------------------
                         slack                                 -3.866    





Min Delay Paths
--------------------------------------------------------------------------------------
Slack (MET) :             0.066ns  (arrival time - required time)
  Source:                 u_ex2_mem1/alu_result_out_reg[2]_rep__2/C
                            (rising edge-triggered cell FDCE clocked by clk  {rise@0.000ns fall@2.500ns period=5.000ns})
  Destination:            u_dmem/mem_reg_0_255_3_3/RAMS64E_A/ADR0
                            (rising edge-triggered cell RAMS64E clocked by clk  {rise@0.000ns fall@2.500ns period=5.000ns})
  Path Group:             clk
  Path Type:              Hold (Min at Fast Process Corner)
  Requirement:            0.000ns  (clk rise@0.000ns - clk rise@0.000ns)
  Data Path Delay:        0.397ns  (logic 0.141ns (35.507%)  route 0.256ns (64.493%))
  Logic Levels:           0  
  Clock Path Skew:        0.022ns (DCD - SCD - CPR)
    Destination Clock Delay (DCD):    0.432ns
    Source Clock Delay      (SCD):    0.410ns
    Clock Pessimism Removal (CPR):    -0.000ns

    Location             Delay type                Incr(ns)  Path(ns)    Netlist Resource(s)
  -------------------------------------------------------------------    -------------------
                         (clock clk rise edge)        0.000     0.000 r  
                                                      0.000     0.000 r  clk (IN)
                         net (fo=9773, unset)         0.410     0.410    u_ex2_mem1/clk
    SLICE_X55Y33         FDCE                                         r  u_ex2_mem1/alu_result_out_reg[2]_rep__2/C
  -------------------------------------------------------------------    -------------------
    SLICE_X55Y33         FDCE (Prop_fdce_C_Q)         0.141     0.551 r  u_ex2_mem1/alu_result_out_reg[2]_rep__2/Q
                         net (fo=128, routed)         0.256     0.807    u_dmem/mem_reg_0_255_3_3/A0
    SLICE_X54Y33         RAMS64E                                      r  u_dmem/mem_reg_0_255_3_3/RAMS64E_A/ADR0
  -------------------------------------------------------------------    -------------------

                         (clock clk rise edge)        0.000     0.000 r  
                                                      0.000     0.000 r  clk (IN)
                         net (fo=9773, unset)         0.432     0.432    u_dmem/mem_reg_0_255_3_3/WCLK
    SLICE_X54Y33         RAMS64E                                      r  u_dmem/mem_reg_0_255_3_3/RAMS64E_A/CLK
                         clock pessimism              0.000     0.432    
    SLICE_X54Y33         RAMS64E (Hold_rams64e_CLK_ADR0)
                                                      0.310     0.742    u_dmem/mem_reg_0_255_3_3/RAMS64E_A
  -------------------------------------------------------------------
                         required time                         -0.742    
                         arrival time                           0.807    
  -------------------------------------------------------------------
                         slack                                  0.066    





Pulse Width Checks
--------------------------------------------------------------------------------------
Clock Name:         clk
Waveform(ns):       { 0.000 2.500 }
Period(ns):         5.000
Sources:            { clk }

Check Type        Corner  Lib Pin      Reference Pin  Required(ns)  Actual(ns)  Slack(ns)  Location      Pin
Min Period        n/a     DSP48E1/CLK  n/a            2.154         5.000       2.846      DSP48_X0Y13   u_mdu/mul_ss_out0__0/CLK
Low Pulse Width   Slow    RAMS64E/CLK  n/a            1.250         2.500       1.250      SLICE_X46Y39  u_dmem/mem_reg_0_255_0_0/RAMS64E_A/CLK
High Pulse Width  Slow    RAMS64E/CLK  n/a            1.250         2.500       1.250      SLICE_X46Y39  u_dmem/mem_reg_0_255_0_0/RAMS64E_A/CLK



--------------------------------------------------------------------------------------
Path Group:  (none)
From Clock:  clk
  To Clock:  

Max Delay            96 Endpoints
Min Delay            96 Endpoints
--------------------------------------------------------------------------------------


Max Delay Paths
--------------------------------------------------------------------------------------
Slack:                    inf
  Source:                 u_ex1_ex2/alu_a_out_reg[1]/C
                            (rising edge-triggered cell FDCE clocked by clk  {rise@0.000ns fall@2.500ns period=5.000ns})
  Destination:            debug_alu_result[8]
                            (output port)
  Path Group:             (none)
  Path Type:              Max at Slow Process Corner
  Data Path Delay:        6.414ns  (logic 0.952ns (14.842%)  route 5.462ns (85.158%))
  Logic Levels:           4  (LUT5=2 LUT6=2)
  Clock Uncertainty:      0.025ns  ((TSJ^2 + TIJ^2)^1/2 + DJ) / 2 + PE
    Total System Jitter     (TSJ):    0.050ns
    Total Input Jitter      (TIJ):    0.000ns
    Discrete Jitter          (DJ):    0.000ns
    Phase Error              (PE):    0.000ns

    Location             Delay type                Incr(ns)  Path(ns)    Netlist Resource(s)
  -------------------------------------------------------------------    -------------------
                         (clock clk rise edge)        0.000     0.000 r  
                                                      0.000     0.000 r  clk (IN)
                         net (fo=9773, unset)         0.973     0.973    u_ex1_ex2/clk
    SLICE_X28Y62         FDCE                                         r  u_ex1_ex2/alu_a_out_reg[1]/C
  -------------------------------------------------------------------    -------------------
    SLICE_X28Y62         FDCE (Prop_fdce_C_Q)         0.456     1.429 r  u_ex1_ex2/alu_a_out_reg[1]/Q
                         net (fo=19, routed)          1.521     2.950    u_ex1_ex2/ex2_alu_a[1]
    SLICE_X12Y72         LUT6 (Prop_lut6_I0_O)        0.124     3.074 r  u_ex1_ex2/debug_alu_result[28]_INST_0_i_14/O
                         net (fo=4, routed)           0.865     3.939    u_ex1_ex2/debug_alu_result[28]_INST_0_i_14_n_0
    SLICE_X10Y73         LUT5 (Prop_lut5_I0_O)        0.124     4.063 r  u_ex1_ex2/debug_alu_result[24]_INST_0_i_7/O
                         net (fo=2, routed)           0.883     4.946    u_ex1_ex2/debug_alu_result[24]_INST_0_i_7_n_0
    SLICE_X31Y69         LUT6 (Prop_lut6_I1_O)        0.124     5.070 r  u_ex1_ex2/debug_alu_result[8]_INST_0_i_2/O
                         net (fo=1, routed)           1.220     6.290    u_ex1_ex2/debug_alu_result[8]_INST_0_i_2_n_0
    SLICE_X40Y50         LUT5 (Prop_lut5_I2_O)        0.124     6.414 r  u_ex1_ex2/debug_alu_result[8]_INST_0/O
                         net (fo=9, unset)            0.973     7.387    debug_alu_result[8]
                                                                      r  debug_alu_result[8] (OUT)
  -------------------------------------------------------------------    -------------------





Min Delay Paths
--------------------------------------------------------------------------------------
Slack:                    inf
  Source:                 u_pc/pc_out_reg[6]/C
                            (rising edge-triggered cell FDCE clocked by clk  {rise@0.000ns fall@2.500ns period=5.000ns})
  Destination:            debug_pc[6]
                            (output port)
  Path Group:             (none)
  Path Type:              Min at Fast Process Corner
  Data Path Delay:        0.538ns  (logic 0.128ns (23.786%)  route 0.410ns (76.214%))
  Logic Levels:           0  
  Clock Uncertainty:      0.025ns  ((TSJ^2 + TIJ^2)^1/2 + DJ) / 2 + PE
    Total System Jitter     (TSJ):    0.050ns
    Total Input Jitter      (TIJ):    0.000ns
    Discrete Jitter          (DJ):    0.000ns
    Phase Error              (PE):    0.000ns

    Location             Delay type                Incr(ns)  Path(ns)    Netlist Resource(s)
  -------------------------------------------------------------------    -------------------
                         (clock clk rise edge)        0.000     0.000 r  
                                                      0.000     0.000 r  clk (IN)
                         net (fo=9773, unset)         0.410     0.410    u_pc/clk
    SLICE_X33Y34         FDCE                                         r  u_pc/pc_out_reg[6]/C
  -------------------------------------------------------------------    -------------------
    SLICE_X33Y34         FDCE (Prop_fdce_C_Q)         0.128     0.538 r  u_pc/pc_out_reg[6]/Q
                         net (fo=187, unset)          0.410     0.948    debug_pc[6]
                                                                      r  debug_pc[6] (OUT)
  -------------------------------------------------------------------    -------------------





--------------------------------------------------------------------------------------
Path Group:  (none)
From Clock:  
  To Clock:  clk

Max Delay          8697 Endpoints
Min Delay          8697 Endpoints
--------------------------------------------------------------------------------------


Max Delay Paths
--------------------------------------------------------------------------------------
Slack:                    inf
  Source:                 rst_n
                            (input port)
  Destination:            u_regfile/regs_reg[12][25]/CLR
                            (recovery check against rising-edge clock clk  {rise@0.000ns fall@2.500ns period=5.000ns})
  Path Group:             (none)
  Path Type:              Recovery (Max at Slow Process Corner)
  Data Path Delay:        17.847ns  (logic 0.124ns (0.695%)  route 17.723ns (99.305%))
  Logic Levels:           1  (LUT1=1)
  Clock Path Skew:        0.924ns (DCD - SCD + CPR)
    Destination Clock Delay (DCD):    0.924ns
    Source Clock Delay      (SCD):    0.000ns
    Clock Pessimism Removal (CPR):    0.000ns
  Clock Uncertainty:      0.025ns  ((TSJ^2 + TIJ^2)^1/2 + DJ) / 2 + PE
    Total System Jitter     (TSJ):    0.050ns
    Total Input Jitter      (TIJ):    0.000ns
    Discrete Jitter          (DJ):    0.000ns
    Phase Error              (PE):    0.000ns

    Location             Delay type                Incr(ns)  Path(ns)    Netlist Resource(s)
  -------------------------------------------------------------------    -------------------
                                                      0.000     0.000 r  rst_n (IN)
                         net (fo=30, unset)           0.973     0.973    u_icache/rst_n
    SLICE_X2Y6           LUT1 (Prop_lut1_I0_O)        0.124     1.097 f  u_icache/pc_out[31]_i_3/O
                         net (fo=6841, routed)       16.750    17.847    u_regfile/p_0_in
    SLICE_X39Y75         FDCE                                         f  u_regfile/regs_reg[12][25]/CLR
  -------------------------------------------------------------------    -------------------

                         (clock clk rise edge)        0.000     0.000 r  
                                                      0.000     0.000 r  clk (IN)
                         net (fo=9773, unset)         0.924     0.924    u_regfile/clk
    SLICE_X39Y75         FDCE                                         r  u_regfile/regs_reg[12][25]/C





Min Delay Paths
--------------------------------------------------------------------------------------
Slack:                    inf
  Source:                 rst_n
                            (input port)
  Destination:            u_bp/btb_tag_reg[17][10]/CE
                            (rising edge-triggered cell FDRE clocked by clk  {rise@0.000ns fall@2.500ns period=5.000ns})
  Path Group:             (none)
  Path Type:              Hold (Min at Fast Process Corner)
  Data Path Delay:        0.588ns  (logic 0.045ns (7.651%)  route 0.543ns (92.349%))
  Logic Levels:           1  (LUT6=1)
  Clock Path Skew:        0.432ns (DCD - SCD - CPR)
    Destination Clock Delay (DCD):    0.432ns
    Source Clock Delay      (SCD):    0.000ns
    Clock Pessimism Removal (CPR):    -0.000ns

    Location             Delay type                Incr(ns)  Path(ns)    Netlist Resource(s)
  -------------------------------------------------------------------    -------------------
                                                      0.000     0.000 r  rst_n (IN)
                         net (fo=30, unset)           0.410     0.410    u_ex1_ex2/rst_n
    SLICE_X14Y42         LUT6 (Prop_lut6_I0_O)        0.045     0.455 r  u_ex1_ex2/btb_type[17][0]_i_1/O
                         net (fo=58, routed)          0.133     0.588    u_bp/btb_tag_reg[17][0]_0[0]
    SLICE_X14Y42         FDRE                                         r  u_bp/btb_tag_reg[17][10]/CE
  -------------------------------------------------------------------    -------------------

                         (clock clk rise edge)        0.000     0.000 r  
                                                      0.000     0.000 r  clk (IN)
                         net (fo=9773, unset)         0.432     0.432    u_bp/clk
    SLICE_X14Y42         FDRE                                         r  u_bp/btb_tag_reg[17][10]/C





