Copyright 1986-2022 Xilinx, Inc. All Rights Reserved. Copyright 2022-2024 Advanced Micro Devices, Inc. All Rights Reserved.
---------------------------------------------------------------------------------------------------------------------------------------------
| Tool Version : Vivado v.2024.2 (win64) Build 5239630 Fri Nov 08 22:35:27 MST 2024
| Date         : Thu Sep 17 18:43:21 2026
| Host         : PavilionPlus1 running 64-bit major release  (build 9200)
| Command      : report_timing -delay_type max -max_paths 10 -file V:/stage7_sgf/default/critical_setup_paths.rpt
| Design       : rv32i_pipeline_7stage_sgf_top
| Device       : 7a35t-cpg236
| Speed File   : -1  PRODUCTION 1.23 2018-06-13
| Design State : Routed
---------------------------------------------------------------------------------------------------------------------------------------------

Timing Report

Slack (VIOLATED) :        -3.869ns  (required time - arrival time)
  Source:                 u_pc/pc_out_reg[2]_rep__0/C
                            (rising edge-triggered cell FDCE clocked by clk  {rise@0.000ns fall@2.500ns period=5.000ns})
  Destination:            u_icache/data_reg[42][22]/CE
                            (rising edge-triggered cell FDCE clocked by clk  {rise@0.000ns fall@2.500ns period=5.000ns})
  Path Group:             clk
  Path Type:              Setup (Max at Slow Process Corner)
  Requirement:            5.000ns  (clk rise@5.000ns - clk rise@0.000ns)
  Data Path Delay:        8.580ns  (logic 2.473ns (28.821%)  route 6.107ns (71.179%))
  Logic Levels:           9  (CARRY4=2 LUT6=5 MUXF7=1 MUXF8=1)
  Clock Path Skew:        -0.049ns (DCD - SCD + CPR)
    Destination Clock Delay (DCD):    0.924ns = ( 5.924 - 5.000 ) 
    Source Clock Delay      (SCD):    0.973ns
    Clock Pessimism Removal (CPR):    0.000ns
  Clock Uncertainty:      0.035ns  ((TSJ^2 + TIJ^2)^1/2 + DJ) / 2 + PE
    Total System Jitter     (TSJ):    0.071ns
    Total Input Jitter      (TIJ):    0.000ns
    Discrete Jitter          (DJ):    0.000ns
    Phase Error              (PE):    0.000ns

    Location             Delay type                Incr(ns)  Path(ns)    Netlist Resource(s)
  -------------------------------------------------------------------    -------------------
                         (clock clk rise edge)        0.000     0.000 r  
                                                      0.000     0.000 r  clk (IN)
                         net (fo=9586, unset)         0.973     0.973    u_pc/clk
    SLICE_X12Y78         FDCE                                         r  u_pc/pc_out_reg[2]_rep__0/C
  -------------------------------------------------------------------    -------------------
    SLICE_X12Y78         FDCE (Prop_fdce_C_Q)         0.478     1.451 r  u_pc/pc_out_reg[2]_rep__0/Q
                         net (fo=116, routed)         1.622     3.073    u_icache/tags_reg[0][23]_i_288_1
    SLICE_X34Y84         LUT6 (Prop_lut6_I4_O)        0.295     3.368 r  u_icache/tags[0][23]_i_678/O
                         net (fo=1, routed)           0.000     3.368    u_icache/tags[0][23]_i_678_n_0
    SLICE_X34Y84         MUXF7 (Prop_muxf7_I1_O)      0.247     3.615 r  u_icache/tags_reg[0][23]_i_323/O
                         net (fo=1, routed)           0.000     3.615    u_icache/tags_reg[0][23]_i_323_n_0
    SLICE_X34Y84         MUXF8 (Prop_muxf8_I0_O)      0.098     3.713 r  u_icache/tags_reg[0][23]_i_146/O
                         net (fo=1, routed)           0.882     4.594    u_icache/tags_reg[0][23]_i_146_n_0
    SLICE_X29Y86         LUT6 (Prop_lut6_I1_O)        0.319     4.913 r  u_icache/tags[0][23]_i_61/O
                         net (fo=1, routed)           0.575     5.489    u_icache/tags[4]
    SLICE_X29Y84         LUT6 (Prop_lut6_I5_O)        0.124     5.613 r  u_icache/tags[0][23]_i_39/O
                         net (fo=1, routed)           0.000     5.613    u_icache/tags[0][23]_i_39_n_0
    SLICE_X29Y84         CARRY4 (Prop_carry4_S[1]_CO[3])
                                                      0.550     6.163 r  u_icache/tags_reg[0][23]_i_16/CO[3]
                         net (fo=1, routed)           0.000     6.163    u_icache/tags_reg[0][23]_i_16_n_0
    SLICE_X29Y85         CARRY4 (Prop_carry4_CI_CO[3])
                                                      0.114     6.277 f  u_icache/tags_reg[0][23]_i_7/CO[3]
                         net (fo=1, routed)           0.622     6.898    u_icache/hit0
    SLICE_X31Y86         LUT6 (Prop_lut6_I5_O)        0.124     7.022 f  u_icache/tags[0][23]_i_3/O
                         net (fo=96, routed)          0.862     7.884    u_pc/data_reg[14][0]_0
    SLICE_X35Y89         LUT6 (Prop_lut6_I5_O)        0.124     8.008 r  u_pc/tags[42][23]_i_1/O
                         net (fo=57, routed)          1.545     9.553    u_icache/data_reg[42][0]_0[0]
    SLICE_X51Y103        FDCE                                         r  u_icache/data_reg[42][22]/CE
  -------------------------------------------------------------------    -------------------

                         (clock clk rise edge)        5.000     5.000 r  
                                                      0.000     5.000 r  clk (IN)
                         net (fo=9586, unset)         0.924     5.924    u_icache/clk
    SLICE_X51Y103        FDCE                                         r  u_icache/data_reg[42][22]/C
                         clock pessimism              0.000     5.924    
                         clock uncertainty           -0.035     5.889    
    SLICE_X51Y103        FDCE (Setup_fdce_C_CE)      -0.205     5.684    u_icache/data_reg[42][22]
  -------------------------------------------------------------------
                         required time                          5.684    
                         arrival time                          -9.553    
  -------------------------------------------------------------------
                         slack                                 -3.869    

Slack (VIOLATED) :        -3.869ns  (required time - arrival time)
  Source:                 u_pc/pc_out_reg[2]_rep__0/C
                            (rising edge-triggered cell FDCE clocked by clk  {rise@0.000ns fall@2.500ns period=5.000ns})
  Destination:            u_icache/data_reg[42][23]/CE
                            (rising edge-triggered cell FDCE clocked by clk  {rise@0.000ns fall@2.500ns period=5.000ns})
  Path Group:             clk
  Path Type:              Setup (Max at Slow Process Corner)
  Requirement:            5.000ns  (clk rise@5.000ns - clk rise@0.000ns)
  Data Path Delay:        8.580ns  (logic 2.473ns (28.821%)  route 6.107ns (71.179%))
  Logic Levels:           9  (CARRY4=2 LUT6=5 MUXF7=1 MUXF8=1)
  Clock Path Skew:        -0.049ns (DCD - SCD + CPR)
    Destination Clock Delay (DCD):    0.924ns = ( 5.924 - 5.000 ) 
    Source Clock Delay      (SCD):    0.973ns
    Clock Pessimism Removal (CPR):    0.000ns
  Clock Uncertainty:      0.035ns  ((TSJ^2 + TIJ^2)^1/2 + DJ) / 2 + PE
    Total System Jitter     (TSJ):    0.071ns
    Total Input Jitter      (TIJ):    0.000ns
    Discrete Jitter          (DJ):    0.000ns
    Phase Error              (PE):    0.000ns

    Location             Delay type                Incr(ns)  Path(ns)    Netlist Resource(s)
  -------------------------------------------------------------------    -------------------
                         (clock clk rise edge)        0.000     0.000 r  
                                                      0.000     0.000 r  clk (IN)
                         net (fo=9586, unset)         0.973     0.973    u_pc/clk
    SLICE_X12Y78         FDCE                                         r  u_pc/pc_out_reg[2]_rep__0/C
  -------------------------------------------------------------------    -------------------
    SLICE_X12Y78         FDCE (Prop_fdce_C_Q)         0.478     1.451 r  u_pc/pc_out_reg[2]_rep__0/Q
                         net (fo=116, routed)         1.622     3.073    u_icache/tags_reg[0][23]_i_288_1
    SLICE_X34Y84         LUT6 (Prop_lut6_I4_O)        0.295     3.368 r  u_icache/tags[0][23]_i_678/O
                         net (fo=1, routed)           0.000     3.368    u_icache/tags[0][23]_i_678_n_0
    SLICE_X34Y84         MUXF7 (Prop_muxf7_I1_O)      0.247     3.615 r  u_icache/tags_reg[0][23]_i_323/O
                         net (fo=1, routed)           0.000     3.615    u_icache/tags_reg[0][23]_i_323_n_0
    SLICE_X34Y84         MUXF8 (Prop_muxf8_I0_O)      0.098     3.713 r  u_icache/tags_reg[0][23]_i_146/O
                         net (fo=1, routed)           0.882     4.594    u_icache/tags_reg[0][23]_i_146_n_0
    SLICE_X29Y86         LUT6 (Prop_lut6_I1_O)        0.319     4.913 r  u_icache/tags[0][23]_i_61/O
                         net (fo=1, routed)           0.575     5.489    u_icache/tags[4]
    SLICE_X29Y84         LUT6 (Prop_lut6_I5_O)        0.124     5.613 r  u_icache/tags[0][23]_i_39/O
                         net (fo=1, routed)           0.000     5.613    u_icache/tags[0][23]_i_39_n_0
    SLICE_X29Y84         CARRY4 (Prop_carry4_S[1]_CO[3])
                                                      0.550     6.163 r  u_icache/tags_reg[0][23]_i_16/CO[3]
                         net (fo=1, routed)           0.000     6.163    u_icache/tags_reg[0][23]_i_16_n_0
    SLICE_X29Y85         CARRY4 (Prop_carry4_CI_CO[3])
                                                      0.114     6.277 f  u_icache/tags_reg[0][23]_i_7/CO[3]
                         net (fo=1, routed)           0.622     6.898    u_icache/hit0
    SLICE_X31Y86         LUT6 (Prop_lut6_I5_O)        0.124     7.022 f  u_icache/tags[0][23]_i_3/O
                         net (fo=96, routed)          0.862     7.884    u_pc/data_reg[14][0]_0
    SLICE_X35Y89         LUT6 (Prop_lut6_I5_O)        0.124     8.008 r  u_pc/tags[42][23]_i_1/O
                         net (fo=57, routed)          1.545     9.553    u_icache/data_reg[42][0]_0[0]
    SLICE_X51Y103        FDCE                                         r  u_icache/data_reg[42][23]/CE
  -------------------------------------------------------------------    -------------------

                         (clock clk rise edge)        5.000     5.000 r  
                                                      0.000     5.000 r  clk (IN)
                         net (fo=9586, unset)         0.924     5.924    u_icache/clk
    SLICE_X51Y103        FDCE                                         r  u_icache/data_reg[42][23]/C
                         clock pessimism              0.000     5.924    
                         clock uncertainty           -0.035     5.889    
    SLICE_X51Y103        FDCE (Setup_fdce_C_CE)      -0.205     5.684    u_icache/data_reg[42][23]
  -------------------------------------------------------------------
                         required time                          5.684    
                         arrival time                          -9.553    
  -------------------------------------------------------------------
                         slack                                 -3.869    

Slack (VIOLATED) :        -3.869ns  (required time - arrival time)
  Source:                 u_pc/pc_out_reg[2]_rep__0/C
                            (rising edge-triggered cell FDCE clocked by clk  {rise@0.000ns fall@2.500ns period=5.000ns})
  Destination:            u_icache/data_reg[42][26]/CE
                            (rising edge-triggered cell FDCE clocked by clk  {rise@0.000ns fall@2.500ns period=5.000ns})
  Path Group:             clk
  Path Type:              Setup (Max at Slow Process Corner)
  Requirement:            5.000ns  (clk rise@5.000ns - clk rise@0.000ns)
  Data Path Delay:        8.580ns  (logic 2.473ns (28.821%)  route 6.107ns (71.179%))
  Logic Levels:           9  (CARRY4=2 LUT6=5 MUXF7=1 MUXF8=1)
  Clock Path Skew:        -0.049ns (DCD - SCD + CPR)
    Destination Clock Delay (DCD):    0.924ns = ( 5.924 - 5.000 ) 
    Source Clock Delay      (SCD):    0.973ns
    Clock Pessimism Removal (CPR):    0.000ns
  Clock Uncertainty:      0.035ns  ((TSJ^2 + TIJ^2)^1/2 + DJ) / 2 + PE
    Total System Jitter     (TSJ):    0.071ns
    Total Input Jitter      (TIJ):    0.000ns
    Discrete Jitter          (DJ):    0.000ns
    Phase Error              (PE):    0.000ns

    Location             Delay type                Incr(ns)  Path(ns)    Netlist Resource(s)
  -------------------------------------------------------------------    -------------------
                         (clock clk rise edge)        0.000     0.000 r  
                                                      0.000     0.000 r  clk (IN)
                         net (fo=9586, unset)         0.973     0.973    u_pc/clk
    SLICE_X12Y78         FDCE                                         r  u_pc/pc_out_reg[2]_rep__0/C
  -------------------------------------------------------------------    -------------------
    SLICE_X12Y78         FDCE (Prop_fdce_C_Q)         0.478     1.451 r  u_pc/pc_out_reg[2]_rep__0/Q
                         net (fo=116, routed)         1.622     3.073    u_icache/tags_reg[0][23]_i_288_1
    SLICE_X34Y84         LUT6 (Prop_lut6_I4_O)        0.295     3.368 r  u_icache/tags[0][23]_i_678/O
                         net (fo=1, routed)           0.000     3.368    u_icache/tags[0][23]_i_678_n_0
    SLICE_X34Y84         MUXF7 (Prop_muxf7_I1_O)      0.247     3.615 r  u_icache/tags_reg[0][23]_i_323/O
                         net (fo=1, routed)           0.000     3.615    u_icache/tags_reg[0][23]_i_323_n_0
    SLICE_X34Y84         MUXF8 (Prop_muxf8_I0_O)      0.098     3.713 r  u_icache/tags_reg[0][23]_i_146/O
                         net (fo=1, routed)           0.882     4.594    u_icache/tags_reg[0][23]_i_146_n_0
    SLICE_X29Y86         LUT6 (Prop_lut6_I1_O)        0.319     4.913 r  u_icache/tags[0][23]_i_61/O
                         net (fo=1, routed)           0.575     5.489    u_icache/tags[4]
    SLICE_X29Y84         LUT6 (Prop_lut6_I5_O)        0.124     5.613 r  u_icache/tags[0][23]_i_39/O
                         net (fo=1, routed)           0.000     5.613    u_icache/tags[0][23]_i_39_n_0
    SLICE_X29Y84         CARRY4 (Prop_carry4_S[1]_CO[3])
                                                      0.550     6.163 r  u_icache/tags_reg[0][23]_i_16/CO[3]
                         net (fo=1, routed)           0.000     6.163    u_icache/tags_reg[0][23]_i_16_n_0
    SLICE_X29Y85         CARRY4 (Prop_carry4_CI_CO[3])
                                                      0.114     6.277 f  u_icache/tags_reg[0][23]_i_7/CO[3]
                         net (fo=1, routed)           0.622     6.898    u_icache/hit0
    SLICE_X31Y86         LUT6 (Prop_lut6_I5_O)        0.124     7.022 f  u_icache/tags[0][23]_i_3/O
                         net (fo=96, routed)          0.862     7.884    u_pc/data_reg[14][0]_0
    SLICE_X35Y89         LUT6 (Prop_lut6_I5_O)        0.124     8.008 r  u_pc/tags[42][23]_i_1/O
                         net (fo=57, routed)          1.545     9.553    u_icache/data_reg[42][0]_0[0]
    SLICE_X51Y103        FDCE                                         r  u_icache/data_reg[42][26]/CE
  -------------------------------------------------------------------    -------------------

                         (clock clk rise edge)        5.000     5.000 r  
                                                      0.000     5.000 r  clk (IN)
                         net (fo=9586, unset)         0.924     5.924    u_icache/clk
    SLICE_X51Y103        FDCE                                         r  u_icache/data_reg[42][26]/C
                         clock pessimism              0.000     5.924    
                         clock uncertainty           -0.035     5.889    
    SLICE_X51Y103        FDCE (Setup_fdce_C_CE)      -0.205     5.684    u_icache/data_reg[42][26]
  -------------------------------------------------------------------
                         required time                          5.684    
                         arrival time                          -9.553    
  -------------------------------------------------------------------
                         slack                                 -3.869    

Slack (VIOLATED) :        -3.778ns  (required time - arrival time)
  Source:                 u_pc/pc_out_reg[2]_rep__0/C
                            (rising edge-triggered cell FDCE clocked by clk  {rise@0.000ns fall@2.500ns period=5.000ns})
  Destination:            u_icache/data_reg[45][20]/CE
                            (rising edge-triggered cell FDCE clocked by clk  {rise@0.000ns fall@2.500ns period=5.000ns})
  Path Group:             clk
  Path Type:              Setup (Max at Slow Process Corner)
  Requirement:            5.000ns  (clk rise@5.000ns - clk rise@0.000ns)
  Data Path Delay:        8.489ns  (logic 2.473ns (29.133%)  route 6.016ns (70.867%))
  Logic Levels:           9  (CARRY4=2 LUT6=5 MUXF7=1 MUXF8=1)
  Clock Path Skew:        -0.049ns (DCD - SCD + CPR)
    Destination Clock Delay (DCD):    0.924ns = ( 5.924 - 5.000 ) 
    Source Clock Delay      (SCD):    0.973ns
    Clock Pessimism Removal (CPR):    0.000ns
  Clock Uncertainty:      0.035ns  ((TSJ^2 + TIJ^2)^1/2 + DJ) / 2 + PE
    Total System Jitter     (TSJ):    0.071ns
    Total Input Jitter      (TIJ):    0.000ns
    Discrete Jitter          (DJ):    0.000ns
    Phase Error              (PE):    0.000ns

    Location             Delay type                Incr(ns)  Path(ns)    Netlist Resource(s)
  -------------------------------------------------------------------    -------------------
                         (clock clk rise edge)        0.000     0.000 r  
                                                      0.000     0.000 r  clk (IN)
                         net (fo=9586, unset)         0.973     0.973    u_pc/clk
    SLICE_X12Y78         FDCE                                         r  u_pc/pc_out_reg[2]_rep__0/C
  -------------------------------------------------------------------    -------------------
    SLICE_X12Y78         FDCE (Prop_fdce_C_Q)         0.478     1.451 r  u_pc/pc_out_reg[2]_rep__0/Q
                         net (fo=116, routed)         1.622     3.073    u_icache/tags_reg[0][23]_i_288_1
    SLICE_X34Y84         LUT6 (Prop_lut6_I4_O)        0.295     3.368 r  u_icache/tags[0][23]_i_678/O
                         net (fo=1, routed)           0.000     3.368    u_icache/tags[0][23]_i_678_n_0
    SLICE_X34Y84         MUXF7 (Prop_muxf7_I1_O)      0.247     3.615 r  u_icache/tags_reg[0][23]_i_323/O
                         net (fo=1, routed)           0.000     3.615    u_icache/tags_reg[0][23]_i_323_n_0
    SLICE_X34Y84         MUXF8 (Prop_muxf8_I0_O)      0.098     3.713 r  u_icache/tags_reg[0][23]_i_146/O
                         net (fo=1, routed)           0.882     4.594    u_icache/tags_reg[0][23]_i_146_n_0
    SLICE_X29Y86         LUT6 (Prop_lut6_I1_O)        0.319     4.913 r  u_icache/tags[0][23]_i_61/O
                         net (fo=1, routed)           0.575     5.489    u_icache/tags[4]
    SLICE_X29Y84         LUT6 (Prop_lut6_I5_O)        0.124     5.613 r  u_icache/tags[0][23]_i_39/O
                         net (fo=1, routed)           0.000     5.613    u_icache/tags[0][23]_i_39_n_0
    SLICE_X29Y84         CARRY4 (Prop_carry4_S[1]_CO[3])
                                                      0.550     6.163 r  u_icache/tags_reg[0][23]_i_16/CO[3]
                         net (fo=1, routed)           0.000     6.163    u_icache/tags_reg[0][23]_i_16_n_0
    SLICE_X29Y85         CARRY4 (Prop_carry4_CI_CO[3])
                                                      0.114     6.277 f  u_icache/tags_reg[0][23]_i_7/CO[3]
                         net (fo=1, routed)           0.622     6.898    u_icache/hit0
    SLICE_X31Y86         LUT6 (Prop_lut6_I5_O)        0.124     7.022 f  u_icache/tags[0][23]_i_3/O
                         net (fo=96, routed)          0.874     7.896    u_pc/data_reg[14][0]_0
    SLICE_X34Y89         LUT6 (Prop_lut6_I5_O)        0.124     8.020 r  u_pc/tags[45][23]_i_1/O
                         net (fo=57, routed)          1.441     9.462    u_icache/data_reg[45][0]_0[0]
    SLICE_X48Y106        FDCE                                         r  u_icache/data_reg[45][20]/CE
  -------------------------------------------------------------------    -------------------

                         (clock clk rise edge)        5.000     5.000 r  
                                                      0.000     5.000 r  clk (IN)
                         net (fo=9586, unset)         0.924     5.924    u_icache/clk
    SLICE_X48Y106        FDCE                                         r  u_icache/data_reg[45][20]/C
                         clock pessimism              0.000     5.924    
                         clock uncertainty           -0.035     5.889    
    SLICE_X48Y106        FDCE (Setup_fdce_C_CE)      -0.205     5.684    u_icache/data_reg[45][20]
  -------------------------------------------------------------------
                         required time                          5.684    
                         arrival time                          -9.462    
  -------------------------------------------------------------------
                         slack                                 -3.778    

Slack (VIOLATED) :        -3.778ns  (required time - arrival time)
  Source:                 u_pc/pc_out_reg[2]_rep__0/C
                            (rising edge-triggered cell FDCE clocked by clk  {rise@0.000ns fall@2.500ns period=5.000ns})
  Destination:            u_icache/data_reg[45][22]/CE
                            (rising edge-triggered cell FDCE clocked by clk  {rise@0.000ns fall@2.500ns period=5.000ns})
  Path Group:             clk
  Path Type:              Setup (Max at Slow Process Corner)
  Requirement:            5.000ns  (clk rise@5.000ns - clk rise@0.000ns)
  Data Path Delay:        8.489ns  (logic 2.473ns (29.133%)  route 6.016ns (70.867%))
  Logic Levels:           9  (CARRY4=2 LUT6=5 MUXF7=1 MUXF8=1)
  Clock Path Skew:        -0.049ns (DCD - SCD + CPR)
    Destination Clock Delay (DCD):    0.924ns = ( 5.924 - 5.000 ) 
    Source Clock Delay      (SCD):    0.973ns
    Clock Pessimism Removal (CPR):    0.000ns
  Clock Uncertainty:      0.035ns  ((TSJ^2 + TIJ^2)^1/2 + DJ) / 2 + PE
    Total System Jitter     (TSJ):    0.071ns
    Total Input Jitter      (TIJ):    0.000ns
    Discrete Jitter          (DJ):    0.000ns
    Phase Error              (PE):    0.000ns

    Location             Delay type                Incr(ns)  Path(ns)    Netlist Resource(s)
  -------------------------------------------------------------------    -------------------
                         (clock clk rise edge)        0.000     0.000 r  
                                                      0.000     0.000 r  clk (IN)
                         net (fo=9586, unset)         0.973     0.973    u_pc/clk
    SLICE_X12Y78         FDCE                                         r  u_pc/pc_out_reg[2]_rep__0/C
  -------------------------------------------------------------------    -------------------
    SLICE_X12Y78         FDCE (Prop_fdce_C_Q)         0.478     1.451 r  u_pc/pc_out_reg[2]_rep__0/Q
                         net (fo=116, routed)         1.622     3.073    u_icache/tags_reg[0][23]_i_288_1
    SLICE_X34Y84         LUT6 (Prop_lut6_I4_O)        0.295     3.368 r  u_icache/tags[0][23]_i_678/O
                         net (fo=1, routed)           0.000     3.368    u_icache/tags[0][23]_i_678_n_0
    SLICE_X34Y84         MUXF7 (Prop_muxf7_I1_O)      0.247     3.615 r  u_icache/tags_reg[0][23]_i_323/O
                         net (fo=1, routed)           0.000     3.615    u_icache/tags_reg[0][23]_i_323_n_0
    SLICE_X34Y84         MUXF8 (Prop_muxf8_I0_O)      0.098     3.713 r  u_icache/tags_reg[0][23]_i_146/O
                         net (fo=1, routed)           0.882     4.594    u_icache/tags_reg[0][23]_i_146_n_0
    SLICE_X29Y86         LUT6 (Prop_lut6_I1_O)        0.319     4.913 r  u_icache/tags[0][23]_i_61/O
                         net (fo=1, routed)           0.575     5.489    u_icache/tags[4]
    SLICE_X29Y84         LUT6 (Prop_lut6_I5_O)        0.124     5.613 r  u_icache/tags[0][23]_i_39/O
                         net (fo=1, routed)           0.000     5.613    u_icache/tags[0][23]_i_39_n_0
    SLICE_X29Y84         CARRY4 (Prop_carry4_S[1]_CO[3])
                                                      0.550     6.163 r  u_icache/tags_reg[0][23]_i_16/CO[3]
                         net (fo=1, routed)           0.000     6.163    u_icache/tags_reg[0][23]_i_16_n_0
    SLICE_X29Y85         CARRY4 (Prop_carry4_CI_CO[3])
                                                      0.114     6.277 f  u_icache/tags_reg[0][23]_i_7/CO[3]
                         net (fo=1, routed)           0.622     6.898    u_icache/hit0
    SLICE_X31Y86         LUT6 (Prop_lut6_I5_O)        0.124     7.022 f  u_icache/tags[0][23]_i_3/O
                         net (fo=96, routed)          0.874     7.896    u_pc/data_reg[14][0]_0
    SLICE_X34Y89         LUT6 (Prop_lut6_I5_O)        0.124     8.020 r  u_pc/tags[45][23]_i_1/O
                         net (fo=57, routed)          1.441     9.462    u_icache/data_reg[45][0]_0[0]
    SLICE_X48Y106        FDCE                                         r  u_icache/data_reg[45][22]/CE
  -------------------------------------------------------------------    -------------------

                         (clock clk rise edge)        5.000     5.000 r  
                                                      0.000     5.000 r  clk (IN)
                         net (fo=9586, unset)         0.924     5.924    u_icache/clk
    SLICE_X48Y106        FDCE                                         r  u_icache/data_reg[45][22]/C
                         clock pessimism              0.000     5.924    
                         clock uncertainty           -0.035     5.889    
    SLICE_X48Y106        FDCE (Setup_fdce_C_CE)      -0.205     5.684    u_icache/data_reg[45][22]
  -------------------------------------------------------------------
                         required time                          5.684    
                         arrival time                          -9.462    
  -------------------------------------------------------------------
                         slack                                 -3.778    

Slack (VIOLATED) :        -3.778ns  (required time - arrival time)
  Source:                 u_pc/pc_out_reg[2]_rep__0/C
                            (rising edge-triggered cell FDCE clocked by clk  {rise@0.000ns fall@2.500ns period=5.000ns})
  Destination:            u_icache/data_reg[45][24]/CE
                            (rising edge-triggered cell FDCE clocked by clk  {rise@0.000ns fall@2.500ns period=5.000ns})
  Path Group:             clk
  Path Type:              Setup (Max at Slow Process Corner)
  Requirement:            5.000ns  (clk rise@5.000ns - clk rise@0.000ns)
  Data Path Delay:        8.489ns  (logic 2.473ns (29.133%)  route 6.016ns (70.867%))
  Logic Levels:           9  (CARRY4=2 LUT6=5 MUXF7=1 MUXF8=1)
  Clock Path Skew:        -0.049ns (DCD - SCD + CPR)
    Destination Clock Delay (DCD):    0.924ns = ( 5.924 - 5.000 ) 
    Source Clock Delay      (SCD):    0.973ns
    Clock Pessimism Removal (CPR):    0.000ns
  Clock Uncertainty:      0.035ns  ((TSJ^2 + TIJ^2)^1/2 + DJ) / 2 + PE
    Total System Jitter     (TSJ):    0.071ns
    Total Input Jitter      (TIJ):    0.000ns
    Discrete Jitter          (DJ):    0.000ns
    Phase Error              (PE):    0.000ns

    Location             Delay type                Incr(ns)  Path(ns)    Netlist Resource(s)
  -------------------------------------------------------------------    -------------------
                         (clock clk rise edge)        0.000     0.000 r  
                                                      0.000     0.000 r  clk (IN)
                         net (fo=9586, unset)         0.973     0.973    u_pc/clk
    SLICE_X12Y78         FDCE                                         r  u_pc/pc_out_reg[2]_rep__0/C
  -------------------------------------------------------------------    -------------------
    SLICE_X12Y78         FDCE (Prop_fdce_C_Q)         0.478     1.451 r  u_pc/pc_out_reg[2]_rep__0/Q
                         net (fo=116, routed)         1.622     3.073    u_icache/tags_reg[0][23]_i_288_1
    SLICE_X34Y84         LUT6 (Prop_lut6_I4_O)        0.295     3.368 r  u_icache/tags[0][23]_i_678/O
                         net (fo=1, routed)           0.000     3.368    u_icache/tags[0][23]_i_678_n_0
    SLICE_X34Y84         MUXF7 (Prop_muxf7_I1_O)      0.247     3.615 r  u_icache/tags_reg[0][23]_i_323/O
                         net (fo=1, routed)           0.000     3.615    u_icache/tags_reg[0][23]_i_323_n_0
    SLICE_X34Y84         MUXF8 (Prop_muxf8_I0_O)      0.098     3.713 r  u_icache/tags_reg[0][23]_i_146/O
                         net (fo=1, routed)           0.882     4.594    u_icache/tags_reg[0][23]_i_146_n_0
    SLICE_X29Y86         LUT6 (Prop_lut6_I1_O)        0.319     4.913 r  u_icache/tags[0][23]_i_61/O
                         net (fo=1, routed)           0.575     5.489    u_icache/tags[4]
    SLICE_X29Y84         LUT6 (Prop_lut6_I5_O)        0.124     5.613 r  u_icache/tags[0][23]_i_39/O
                         net (fo=1, routed)           0.000     5.613    u_icache/tags[0][23]_i_39_n_0
    SLICE_X29Y84         CARRY4 (Prop_carry4_S[1]_CO[3])
                                                      0.550     6.163 r  u_icache/tags_reg[0][23]_i_16/CO[3]
                         net (fo=1, routed)           0.000     6.163    u_icache/tags_reg[0][23]_i_16_n_0
    SLICE_X29Y85         CARRY4 (Prop_carry4_CI_CO[3])
                                                      0.114     6.277 f  u_icache/tags_reg[0][23]_i_7/CO[3]
                         net (fo=1, routed)           0.622     6.898    u_icache/hit0
    SLICE_X31Y86         LUT6 (Prop_lut6_I5_O)        0.124     7.022 f  u_icache/tags[0][23]_i_3/O
                         net (fo=96, routed)          0.874     7.896    u_pc/data_reg[14][0]_0
    SLICE_X34Y89         LUT6 (Prop_lut6_I5_O)        0.124     8.020 r  u_pc/tags[45][23]_i_1/O
                         net (fo=57, routed)          1.441     9.462    u_icache/data_reg[45][0]_0[0]
    SLICE_X48Y106        FDCE                                         r  u_icache/data_reg[45][24]/CE
  -------------------------------------------------------------------    -------------------

                         (clock clk rise edge)        5.000     5.000 r  
                                                      0.000     5.000 r  clk (IN)
                         net (fo=9586, unset)         0.924     5.924    u_icache/clk
    SLICE_X48Y106        FDCE                                         r  u_icache/data_reg[45][24]/C
                         clock pessimism              0.000     5.924    
                         clock uncertainty           -0.035     5.889    
    SLICE_X48Y106        FDCE (Setup_fdce_C_CE)      -0.205     5.684    u_icache/data_reg[45][24]
  -------------------------------------------------------------------
                         required time                          5.684    
                         arrival time                          -9.462    
  -------------------------------------------------------------------
                         slack                                 -3.778    

Slack (VIOLATED) :        -3.775ns  (required time - arrival time)
  Source:                 u_pc/pc_out_reg[2]_rep__0/C
                            (rising edge-triggered cell FDCE clocked by clk  {rise@0.000ns fall@2.500ns period=5.000ns})
  Destination:            u_icache/data_reg[37][24]/CE
                            (rising edge-triggered cell FDCE clocked by clk  {rise@0.000ns fall@2.500ns period=5.000ns})
  Path Group:             clk
  Path Type:              Setup (Max at Slow Process Corner)
  Requirement:            5.000ns  (clk rise@5.000ns - clk rise@0.000ns)
  Data Path Delay:        8.486ns  (logic 2.473ns (29.143%)  route 6.013ns (70.857%))
  Logic Levels:           9  (CARRY4=2 LUT6=5 MUXF7=1 MUXF8=1)
  Clock Path Skew:        -0.049ns (DCD - SCD + CPR)
    Destination Clock Delay (DCD):    0.924ns = ( 5.924 - 5.000 ) 
    Source Clock Delay      (SCD):    0.973ns
    Clock Pessimism Removal (CPR):    0.000ns
  Clock Uncertainty:      0.035ns  ((TSJ^2 + TIJ^2)^1/2 + DJ) / 2 + PE
    Total System Jitter     (TSJ):    0.071ns
    Total Input Jitter      (TIJ):    0.000ns
    Discrete Jitter          (DJ):    0.000ns
    Phase Error              (PE):    0.000ns

    Location             Delay type                Incr(ns)  Path(ns)    Netlist Resource(s)
  -------------------------------------------------------------------    -------------------
                         (clock clk rise edge)        0.000     0.000 r  
                                                      0.000     0.000 r  clk (IN)
                         net (fo=9586, unset)         0.973     0.973    u_pc/clk
    SLICE_X12Y78         FDCE                                         r  u_pc/pc_out_reg[2]_rep__0/C
  -------------------------------------------------------------------    -------------------
    SLICE_X12Y78         FDCE (Prop_fdce_C_Q)         0.478     1.451 r  u_pc/pc_out_reg[2]_rep__0/Q
                         net (fo=116, routed)         1.622     3.073    u_icache/tags_reg[0][23]_i_288_1
    SLICE_X34Y84         LUT6 (Prop_lut6_I4_O)        0.295     3.368 r  u_icache/tags[0][23]_i_678/O
                         net (fo=1, routed)           0.000     3.368    u_icache/tags[0][23]_i_678_n_0
    SLICE_X34Y84         MUXF7 (Prop_muxf7_I1_O)      0.247     3.615 r  u_icache/tags_reg[0][23]_i_323/O
                         net (fo=1, routed)           0.000     3.615    u_icache/tags_reg[0][23]_i_323_n_0
    SLICE_X34Y84         MUXF8 (Prop_muxf8_I0_O)      0.098     3.713 r  u_icache/tags_reg[0][23]_i_146/O
                         net (fo=1, routed)           0.882     4.594    u_icache/tags_reg[0][23]_i_146_n_0
    SLICE_X29Y86         LUT6 (Prop_lut6_I1_O)        0.319     4.913 r  u_icache/tags[0][23]_i_61/O
                         net (fo=1, routed)           0.575     5.489    u_icache/tags[4]
    SLICE_X29Y84         LUT6 (Prop_lut6_I5_O)        0.124     5.613 r  u_icache/tags[0][23]_i_39/O
                         net (fo=1, routed)           0.000     5.613    u_icache/tags[0][23]_i_39_n_0
    SLICE_X29Y84         CARRY4 (Prop_carry4_S[1]_CO[3])
                                                      0.550     6.163 r  u_icache/tags_reg[0][23]_i_16/CO[3]
                         net (fo=1, routed)           0.000     6.163    u_icache/tags_reg[0][23]_i_16_n_0
    SLICE_X29Y85         CARRY4 (Prop_carry4_CI_CO[3])
                                                      0.114     6.277 f  u_icache/tags_reg[0][23]_i_7/CO[3]
                         net (fo=1, routed)           0.622     6.898    u_icache/hit0
    SLICE_X31Y86         LUT6 (Prop_lut6_I5_O)        0.124     7.022 f  u_icache/tags[0][23]_i_3/O
                         net (fo=96, routed)          0.760     7.782    u_pc/data_reg[14][0]_0
    SLICE_X30Y90         LUT6 (Prop_lut6_I5_O)        0.124     7.906 r  u_pc/tags[37][23]_i_1/O
                         net (fo=57, routed)          1.552     9.459    u_icache/data_reg[37][0]_0[0]
    SLICE_X49Y109        FDCE                                         r  u_icache/data_reg[37][24]/CE
  -------------------------------------------------------------------    -------------------

                         (clock clk rise edge)        5.000     5.000 r  
                                                      0.000     5.000 r  clk (IN)
                         net (fo=9586, unset)         0.924     5.924    u_icache/clk
    SLICE_X49Y109        FDCE                                         r  u_icache/data_reg[37][24]/C
                         clock pessimism              0.000     5.924    
                         clock uncertainty           -0.035     5.889    
    SLICE_X49Y109        FDCE (Setup_fdce_C_CE)      -0.205     5.684    u_icache/data_reg[37][24]
  -------------------------------------------------------------------
                         required time                          5.684    
                         arrival time                          -9.459    
  -------------------------------------------------------------------
                         slack                                 -3.775    

Slack (VIOLATED) :        -3.774ns  (required time - arrival time)
  Source:                 u_pc/pc_out_reg[2]_rep__0/C
                            (rising edge-triggered cell FDCE clocked by clk  {rise@0.000ns fall@2.500ns period=5.000ns})
  Destination:            u_icache/data_reg[32][24]/CE
                            (rising edge-triggered cell FDCE clocked by clk  {rise@0.000ns fall@2.500ns period=5.000ns})
  Path Group:             clk
  Path Type:              Setup (Max at Slow Process Corner)
  Requirement:            5.000ns  (clk rise@5.000ns - clk rise@0.000ns)
  Data Path Delay:        8.485ns  (logic 2.473ns (29.145%)  route 6.012ns (70.855%))
  Logic Levels:           9  (CARRY4=2 LUT6=5 MUXF7=1 MUXF8=1)
  Clock Path Skew:        -0.049ns (DCD - SCD + CPR)
    Destination Clock Delay (DCD):    0.924ns = ( 5.924 - 5.000 ) 
    Source Clock Delay      (SCD):    0.973ns
    Clock Pessimism Removal (CPR):    0.000ns
  Clock Uncertainty:      0.035ns  ((TSJ^2 + TIJ^2)^1/2 + DJ) / 2 + PE
    Total System Jitter     (TSJ):    0.071ns
    Total Input Jitter      (TIJ):    0.000ns
    Discrete Jitter          (DJ):    0.000ns
    Phase Error              (PE):    0.000ns

    Location             Delay type                Incr(ns)  Path(ns)    Netlist Resource(s)
  -------------------------------------------------------------------    -------------------
                         (clock clk rise edge)        0.000     0.000 r  
                                                      0.000     0.000 r  clk (IN)
                         net (fo=9586, unset)         0.973     0.973    u_pc/clk
    SLICE_X12Y78         FDCE                                         r  u_pc/pc_out_reg[2]_rep__0/C
  -------------------------------------------------------------------    -------------------
    SLICE_X12Y78         FDCE (Prop_fdce_C_Q)         0.478     1.451 r  u_pc/pc_out_reg[2]_rep__0/Q
                         net (fo=116, routed)         1.622     3.073    u_icache/tags_reg[0][23]_i_288_1
    SLICE_X34Y84         LUT6 (Prop_lut6_I4_O)        0.295     3.368 r  u_icache/tags[0][23]_i_678/O
                         net (fo=1, routed)           0.000     3.368    u_icache/tags[0][23]_i_678_n_0
    SLICE_X34Y84         MUXF7 (Prop_muxf7_I1_O)      0.247     3.615 r  u_icache/tags_reg[0][23]_i_323/O
                         net (fo=1, routed)           0.000     3.615    u_icache/tags_reg[0][23]_i_323_n_0
    SLICE_X34Y84         MUXF8 (Prop_muxf8_I0_O)      0.098     3.713 r  u_icache/tags_reg[0][23]_i_146/O
                         net (fo=1, routed)           0.882     4.594    u_icache/tags_reg[0][23]_i_146_n_0
    SLICE_X29Y86         LUT6 (Prop_lut6_I1_O)        0.319     4.913 r  u_icache/tags[0][23]_i_61/O
                         net (fo=1, routed)           0.575     5.489    u_icache/tags[4]
    SLICE_X29Y84         LUT6 (Prop_lut6_I5_O)        0.124     5.613 r  u_icache/tags[0][23]_i_39/O
                         net (fo=1, routed)           0.000     5.613    u_icache/tags[0][23]_i_39_n_0
    SLICE_X29Y84         CARRY4 (Prop_carry4_S[1]_CO[3])
                                                      0.550     6.163 r  u_icache/tags_reg[0][23]_i_16/CO[3]
                         net (fo=1, routed)           0.000     6.163    u_icache/tags_reg[0][23]_i_16_n_0
    SLICE_X29Y85         CARRY4 (Prop_carry4_CI_CO[3])
                                                      0.114     6.277 f  u_icache/tags_reg[0][23]_i_7/CO[3]
                         net (fo=1, routed)           0.622     6.898    u_icache/hit0
    SLICE_X31Y86         LUT6 (Prop_lut6_I5_O)        0.124     7.022 f  u_icache/tags[0][23]_i_3/O
                         net (fo=96, routed)          0.746     7.768    u_pc/data_reg[14][0]_0
    SLICE_X33Y89         LUT6 (Prop_lut6_I5_O)        0.124     7.892 r  u_pc/tags[32][23]_i_1/O
                         net (fo=57, routed)          1.566     9.458    u_icache/data_reg[32][0]_0[0]
    SLICE_X48Y107        FDCE                                         r  u_icache/data_reg[32][24]/CE
  -------------------------------------------------------------------    -------------------

                         (clock clk rise edge)        5.000     5.000 r  
                                                      0.000     5.000 r  clk (IN)
                         net (fo=9586, unset)         0.924     5.924    u_icache/clk
    SLICE_X48Y107        FDCE                                         r  u_icache/data_reg[32][24]/C
                         clock pessimism              0.000     5.924    
                         clock uncertainty           -0.035     5.889    
    SLICE_X48Y107        FDCE (Setup_fdce_C_CE)      -0.205     5.684    u_icache/data_reg[32][24]
  -------------------------------------------------------------------
                         required time                          5.684    
                         arrival time                          -9.458    
  -------------------------------------------------------------------
                         slack                                 -3.774    

Slack (VIOLATED) :        -3.761ns  (required time - arrival time)
  Source:                 u_pc/pc_out_reg[2]_rep__0/C
                            (rising edge-triggered cell FDCE clocked by clk  {rise@0.000ns fall@2.500ns period=5.000ns})
  Destination:            u_icache/data_reg[42][24]/CE
                            (rising edge-triggered cell FDCE clocked by clk  {rise@0.000ns fall@2.500ns period=5.000ns})
  Path Group:             clk
  Path Type:              Setup (Max at Slow Process Corner)
  Requirement:            5.000ns  (clk rise@5.000ns - clk rise@0.000ns)
  Data Path Delay:        8.508ns  (logic 2.473ns (29.067%)  route 6.035ns (70.933%))
  Logic Levels:           9  (CARRY4=2 LUT6=5 MUXF7=1 MUXF8=1)
  Clock Path Skew:        -0.049ns (DCD - SCD + CPR)
    Destination Clock Delay (DCD):    0.924ns = ( 5.924 - 5.000 ) 
    Source Clock Delay      (SCD):    0.973ns
    Clock Pessimism Removal (CPR):    0.000ns
  Clock Uncertainty:      0.035ns  ((TSJ^2 + TIJ^2)^1/2 + DJ) / 2 + PE
    Total System Jitter     (TSJ):    0.071ns
    Total Input Jitter      (TIJ):    0.000ns
    Discrete Jitter          (DJ):    0.000ns
    Phase Error              (PE):    0.000ns

    Location             Delay type                Incr(ns)  Path(ns)    Netlist Resource(s)
  -------------------------------------------------------------------    -------------------
                         (clock clk rise edge)        0.000     0.000 r  
                                                      0.000     0.000 r  clk (IN)
                         net (fo=9586, unset)         0.973     0.973    u_pc/clk
    SLICE_X12Y78         FDCE                                         r  u_pc/pc_out_reg[2]_rep__0/C
  -------------------------------------------------------------------    -------------------
    SLICE_X12Y78         FDCE (Prop_fdce_C_Q)         0.478     1.451 r  u_pc/pc_out_reg[2]_rep__0/Q
                         net (fo=116, routed)         1.622     3.073    u_icache/tags_reg[0][23]_i_288_1
    SLICE_X34Y84         LUT6 (Prop_lut6_I4_O)        0.295     3.368 r  u_icache/tags[0][23]_i_678/O
                         net (fo=1, routed)           0.000     3.368    u_icache/tags[0][23]_i_678_n_0
    SLICE_X34Y84         MUXF7 (Prop_muxf7_I1_O)      0.247     3.615 r  u_icache/tags_reg[0][23]_i_323/O
                         net (fo=1, routed)           0.000     3.615    u_icache/tags_reg[0][23]_i_323_n_0
    SLICE_X34Y84         MUXF8 (Prop_muxf8_I0_O)      0.098     3.713 r  u_icache/tags_reg[0][23]_i_146/O
                         net (fo=1, routed)           0.882     4.594    u_icache/tags_reg[0][23]_i_146_n_0
    SLICE_X29Y86         LUT6 (Prop_lut6_I1_O)        0.319     4.913 r  u_icache/tags[0][23]_i_61/O
                         net (fo=1, routed)           0.575     5.489    u_icache/tags[4]
    SLICE_X29Y84         LUT6 (Prop_lut6_I5_O)        0.124     5.613 r  u_icache/tags[0][23]_i_39/O
                         net (fo=1, routed)           0.000     5.613    u_icache/tags[0][23]_i_39_n_0
    SLICE_X29Y84         CARRY4 (Prop_carry4_S[1]_CO[3])
                                                      0.550     6.163 r  u_icache/tags_reg[0][23]_i_16/CO[3]
                         net (fo=1, routed)           0.000     6.163    u_icache/tags_reg[0][23]_i_16_n_0
    SLICE_X29Y85         CARRY4 (Prop_carry4_CI_CO[3])
                                                      0.114     6.277 f  u_icache/tags_reg[0][23]_i_7/CO[3]
                         net (fo=1, routed)           0.622     6.898    u_icache/hit0
    SLICE_X31Y86         LUT6 (Prop_lut6_I5_O)        0.124     7.022 f  u_icache/tags[0][23]_i_3/O
                         net (fo=96, routed)          0.862     7.884    u_pc/data_reg[14][0]_0
    SLICE_X35Y89         LUT6 (Prop_lut6_I5_O)        0.124     8.008 r  u_pc/tags[42][23]_i_1/O
                         net (fo=57, routed)          1.473     9.481    u_icache/data_reg[42][0]_0[0]
    SLICE_X50Y107        FDCE                                         r  u_icache/data_reg[42][24]/CE
  -------------------------------------------------------------------    -------------------

                         (clock clk rise edge)        5.000     5.000 r  
                                                      0.000     5.000 r  clk (IN)
                         net (fo=9586, unset)         0.924     5.924    u_icache/clk
    SLICE_X50Y107        FDCE                                         r  u_icache/data_reg[42][24]/C
                         clock pessimism              0.000     5.924    
                         clock uncertainty           -0.035     5.889    
    SLICE_X50Y107        FDCE (Setup_fdce_C_CE)      -0.169     5.720    u_icache/data_reg[42][24]
  -------------------------------------------------------------------
                         required time                          5.720    
                         arrival time                          -9.481    
  -------------------------------------------------------------------
                         slack                                 -3.761    

Slack (VIOLATED) :        -3.760ns  (required time - arrival time)
  Source:                 u_pc/pc_out_reg[2]_rep__0/C
                            (rising edge-triggered cell FDCE clocked by clk  {rise@0.000ns fall@2.500ns period=5.000ns})
  Destination:            u_icache/data_reg[42][20]/CE
                            (rising edge-triggered cell FDCE clocked by clk  {rise@0.000ns fall@2.500ns period=5.000ns})
  Path Group:             clk
  Path Type:              Setup (Max at Slow Process Corner)
  Requirement:            5.000ns  (clk rise@5.000ns - clk rise@0.000ns)
  Data Path Delay:        8.507ns  (logic 2.473ns (29.070%)  route 6.034ns (70.930%))
  Logic Levels:           9  (CARRY4=2 LUT6=5 MUXF7=1 MUXF8=1)
  Clock Path Skew:        -0.049ns (DCD - SCD + CPR)
    Destination Clock Delay (DCD):    0.924ns = ( 5.924 - 5.000 ) 
    Source Clock Delay      (SCD):    0.973ns
    Clock Pessimism Removal (CPR):    0.000ns
  Clock Uncertainty:      0.035ns  ((TSJ^2 + TIJ^2)^1/2 + DJ) / 2 + PE
    Total System Jitter     (TSJ):    0.071ns
    Total Input Jitter      (TIJ):    0.000ns
    Discrete Jitter          (DJ):    0.000ns
    Phase Error              (PE):    0.000ns

    Location             Delay type                Incr(ns)  Path(ns)    Netlist Resource(s)
  -------------------------------------------------------------------    -------------------
                         (clock clk rise edge)        0.000     0.000 r  
                                                      0.000     0.000 r  clk (IN)
                         net (fo=9586, unset)         0.973     0.973    u_pc/clk
    SLICE_X12Y78         FDCE                                         r  u_pc/pc_out_reg[2]_rep__0/C
  -------------------------------------------------------------------    -------------------
    SLICE_X12Y78         FDCE (Prop_fdce_C_Q)         0.478     1.451 r  u_pc/pc_out_reg[2]_rep__0/Q
                         net (fo=116, routed)         1.622     3.073    u_icache/tags_reg[0][23]_i_288_1
    SLICE_X34Y84         LUT6 (Prop_lut6_I4_O)        0.295     3.368 r  u_icache/tags[0][23]_i_678/O
                         net (fo=1, routed)           0.000     3.368    u_icache/tags[0][23]_i_678_n_0
    SLICE_X34Y84         MUXF7 (Prop_muxf7_I1_O)      0.247     3.615 r  u_icache/tags_reg[0][23]_i_323/O
                         net (fo=1, routed)           0.000     3.615    u_icache/tags_reg[0][23]_i_323_n_0
    SLICE_X34Y84         MUXF8 (Prop_muxf8_I0_O)      0.098     3.713 r  u_icache/tags_reg[0][23]_i_146/O
                         net (fo=1, routed)           0.882     4.594    u_icache/tags_reg[0][23]_i_146_n_0
    SLICE_X29Y86         LUT6 (Prop_lut6_I1_O)        0.319     4.913 r  u_icache/tags[0][23]_i_61/O
                         net (fo=1, routed)           0.575     5.489    u_icache/tags[4]
    SLICE_X29Y84         LUT6 (Prop_lut6_I5_O)        0.124     5.613 r  u_icache/tags[0][23]_i_39/O
                         net (fo=1, routed)           0.000     5.613    u_icache/tags[0][23]_i_39_n_0
    SLICE_X29Y84         CARRY4 (Prop_carry4_S[1]_CO[3])
                                                      0.550     6.163 r  u_icache/tags_reg[0][23]_i_16/CO[3]
                         net (fo=1, routed)           0.000     6.163    u_icache/tags_reg[0][23]_i_16_n_0
    SLICE_X29Y85         CARRY4 (Prop_carry4_CI_CO[3])
                                                      0.114     6.277 f  u_icache/tags_reg[0][23]_i_7/CO[3]
                         net (fo=1, routed)           0.622     6.898    u_icache/hit0
    SLICE_X31Y86         LUT6 (Prop_lut6_I5_O)        0.124     7.022 f  u_icache/tags[0][23]_i_3/O
                         net (fo=96, routed)          0.862     7.884    u_pc/data_reg[14][0]_0
    SLICE_X35Y89         LUT6 (Prop_lut6_I5_O)        0.124     8.008 r  u_pc/tags[42][23]_i_1/O
                         net (fo=57, routed)          1.472     9.480    u_icache/data_reg[42][0]_0[0]
    SLICE_X52Y105        FDCE                                         r  u_icache/data_reg[42][20]/CE
  -------------------------------------------------------------------    -------------------

                         (clock clk rise edge)        5.000     5.000 r  
                                                      0.000     5.000 r  clk (IN)
                         net (fo=9586, unset)         0.924     5.924    u_icache/clk
    SLICE_X52Y105        FDCE                                         r  u_icache/data_reg[42][20]/C
                         clock pessimism              0.000     5.924    
                         clock uncertainty           -0.035     5.889    
    SLICE_X52Y105        FDCE (Setup_fdce_C_CE)      -0.169     5.720    u_icache/data_reg[42][20]
  -------------------------------------------------------------------
                         required time                          5.720    
                         arrival time                          -9.480    
  -------------------------------------------------------------------
                         slack                                 -3.760    




