Copyright 1986-2022 Xilinx, Inc. All Rights Reserved. Copyright 2022-2024 Advanced Micro Devices, Inc. All Rights Reserved.
---------------------------------------------------------------------------------------------------------------------------------------------
| Tool Version : Vivado v.2024.2 (win64) Build 5239630 Fri Nov 08 22:35:27 MST 2024
| Date         : Thu Sep 17 15:54:29 2026
| Host         : PavilionPlus1 running 64-bit major release  (build 9200)
| Command      : report_timing -delay_type max -max_paths 10 -file V:/stage6_baseline/wlblock/critical_setup_paths.rpt
| Design       : rv32i_pipeline_top
| Device       : 7a35t-cpg236
| Speed File   : -1  PRODUCTION 1.23 2018-06-13
| Design State : Routed
---------------------------------------------------------------------------------------------------------------------------------------------

Timing Report

Slack (VIOLATED) :        -3.786ns  (required time - arrival time)
  Source:                 u_icache/tags_reg[26][6]/C
                            (rising edge-triggered cell FDCE clocked by clk  {rise@0.000ns fall@2.500ns period=5.000ns})
  Destination:            u_icache/data_reg[44][0]/CE
                            (rising edge-triggered cell FDCE clocked by clk  {rise@0.000ns fall@2.500ns period=5.000ns})
  Path Group:             clk
  Path Type:              Setup (Max at Slow Process Corner)
  Requirement:            5.000ns  (clk rise@5.000ns - clk rise@0.000ns)
  Data Path Delay:        8.497ns  (logic 2.224ns (26.174%)  route 6.273ns (73.826%))
  Logic Levels:           9  (CARRY4=2 LUT6=5 MUXF7=1 MUXF8=1)
  Clock Path Skew:        -0.049ns (DCD - SCD + CPR)
    Destination Clock Delay (DCD):    0.924ns = ( 5.924 - 5.000 ) 
    Source Clock Delay      (SCD):    0.973ns
    Clock Pessimism Removal (CPR):    0.000ns
  Clock Uncertainty:      0.035ns  ((TSJ^2 + TIJ^2)^1/2 + DJ) / 2 + PE
    Total System Jitter     (TSJ):    0.071ns
    Total Input Jitter      (TIJ):    0.000ns
    Discrete Jitter          (DJ):    0.000ns
    Phase Error              (PE):    0.000ns

    Location             Delay type                Incr(ns)  Path(ns)    Netlist Resource(s)
  -------------------------------------------------------------------    -------------------
                         (clock clk rise edge)        0.000     0.000 r  
                                                      0.000     0.000 r  clk (IN)
                         net (fo=9469, unset)         0.973     0.973    u_icache/clk
    SLICE_X4Y129         FDCE                                         r  u_icache/tags_reg[26][6]/C
  -------------------------------------------------------------------    -------------------
    SLICE_X4Y129         FDCE (Prop_fdce_C_Q)         0.419     1.392 r  u_icache/tags_reg[26][6]/Q
                         net (fo=1, routed)           1.564     2.956    u_icache/tags_reg[26]_26[6]
    SLICE_X19Y126        LUT6 (Prop_lut6_I1_O)        0.299     3.255 r  u_icache/instr_out[31]_i_632/O
                         net (fo=1, routed)           0.000     3.255    u_icache/instr_out[31]_i_632_n_0
    SLICE_X19Y126        MUXF7 (Prop_muxf7_I0_O)      0.212     3.467 r  u_icache/instr_out_reg[31]_i_315/O
                         net (fo=1, routed)           0.000     3.467    u_icache/instr_out_reg[31]_i_315_n_0
    SLICE_X19Y126        MUXF8 (Prop_muxf8_I1_O)      0.094     3.561 r  u_icache/instr_out_reg[31]_i_156/O
                         net (fo=1, routed)           1.198     4.758    u_icache/instr_out_reg[31]_i_156_n_0
    SLICE_X25Y122        LUT6 (Prop_lut6_I3_O)        0.316     5.074 r  u_icache/instr_out[31]_i_85/O
                         net (fo=1, routed)           0.556     5.630    u_icache/tags[6]
    SLICE_X26Y123        LUT6 (Prop_lut6_I0_O)        0.124     5.754 r  u_icache/instr_out[31]_i_51/O
                         net (fo=1, routed)           0.000     5.754    u_icache/instr_out[31]_i_51_n_0
    SLICE_X26Y123        CARRY4 (Prop_carry4_S[2]_CO[3])
                                                      0.398     6.152 r  u_icache/instr_out_reg[31]_i_21/CO[3]
                         net (fo=1, routed)           0.000     6.152    u_icache/instr_out_reg[31]_i_21_n_0
    SLICE_X26Y124        CARRY4 (Prop_carry4_CI_CO[3])
                                                      0.114     6.266 f  u_icache/instr_out_reg[31]_i_8/CO[3]
                         net (fo=1, routed)           0.630     6.896    u_icache/hit0
    SLICE_X27Y125        LUT6 (Prop_lut6_I5_O)        0.124     7.020 f  u_icache/instr_out[31]_i_3/O
                         net (fo=96, routed)          0.936     7.955    u_pc/data_reg[14][0]_0
    SLICE_X26Y125        LUT6 (Prop_lut6_I5_O)        0.124     8.079 r  u_pc/tags[44][23]_i_1/O
                         net (fo=57, routed)          1.391     9.470    u_icache/data_reg[44][0]_0[0]
    SLICE_X5Y123         FDCE                                         r  u_icache/data_reg[44][0]/CE
  -------------------------------------------------------------------    -------------------

                         (clock clk rise edge)        5.000     5.000 r  
                                                      0.000     5.000 r  clk (IN)
                         net (fo=9469, unset)         0.924     5.924    u_icache/clk
    SLICE_X5Y123         FDCE                                         r  u_icache/data_reg[44][0]/C
                         clock pessimism              0.000     5.924    
                         clock uncertainty           -0.035     5.889    
    SLICE_X5Y123         FDCE (Setup_fdce_C_CE)      -0.205     5.684    u_icache/data_reg[44][0]
  -------------------------------------------------------------------
                         required time                          5.684    
                         arrival time                          -9.470    
  -------------------------------------------------------------------
                         slack                                 -3.786    

Slack (VIOLATED) :        -3.786ns  (required time - arrival time)
  Source:                 u_icache/tags_reg[26][6]/C
                            (rising edge-triggered cell FDCE clocked by clk  {rise@0.000ns fall@2.500ns period=5.000ns})
  Destination:            u_icache/data_reg[44][14]/CE
                            (rising edge-triggered cell FDCE clocked by clk  {rise@0.000ns fall@2.500ns period=5.000ns})
  Path Group:             clk
  Path Type:              Setup (Max at Slow Process Corner)
  Requirement:            5.000ns  (clk rise@5.000ns - clk rise@0.000ns)
  Data Path Delay:        8.497ns  (logic 2.224ns (26.174%)  route 6.273ns (73.826%))
  Logic Levels:           9  (CARRY4=2 LUT6=5 MUXF7=1 MUXF8=1)
  Clock Path Skew:        -0.049ns (DCD - SCD + CPR)
    Destination Clock Delay (DCD):    0.924ns = ( 5.924 - 5.000 ) 
    Source Clock Delay      (SCD):    0.973ns
    Clock Pessimism Removal (CPR):    0.000ns
  Clock Uncertainty:      0.035ns  ((TSJ^2 + TIJ^2)^1/2 + DJ) / 2 + PE
    Total System Jitter     (TSJ):    0.071ns
    Total Input Jitter      (TIJ):    0.000ns
    Discrete Jitter          (DJ):    0.000ns
    Phase Error              (PE):    0.000ns

    Location             Delay type                Incr(ns)  Path(ns)    Netlist Resource(s)
  -------------------------------------------------------------------    -------------------
                         (clock clk rise edge)        0.000     0.000 r  
                                                      0.000     0.000 r  clk (IN)
                         net (fo=9469, unset)         0.973     0.973    u_icache/clk
    SLICE_X4Y129         FDCE                                         r  u_icache/tags_reg[26][6]/C
  -------------------------------------------------------------------    -------------------
    SLICE_X4Y129         FDCE (Prop_fdce_C_Q)         0.419     1.392 r  u_icache/tags_reg[26][6]/Q
                         net (fo=1, routed)           1.564     2.956    u_icache/tags_reg[26]_26[6]
    SLICE_X19Y126        LUT6 (Prop_lut6_I1_O)        0.299     3.255 r  u_icache/instr_out[31]_i_632/O
                         net (fo=1, routed)           0.000     3.255    u_icache/instr_out[31]_i_632_n_0
    SLICE_X19Y126        MUXF7 (Prop_muxf7_I0_O)      0.212     3.467 r  u_icache/instr_out_reg[31]_i_315/O
                         net (fo=1, routed)           0.000     3.467    u_icache/instr_out_reg[31]_i_315_n_0
    SLICE_X19Y126        MUXF8 (Prop_muxf8_I1_O)      0.094     3.561 r  u_icache/instr_out_reg[31]_i_156/O
                         net (fo=1, routed)           1.198     4.758    u_icache/instr_out_reg[31]_i_156_n_0
    SLICE_X25Y122        LUT6 (Prop_lut6_I3_O)        0.316     5.074 r  u_icache/instr_out[31]_i_85/O
                         net (fo=1, routed)           0.556     5.630    u_icache/tags[6]
    SLICE_X26Y123        LUT6 (Prop_lut6_I0_O)        0.124     5.754 r  u_icache/instr_out[31]_i_51/O
                         net (fo=1, routed)           0.000     5.754    u_icache/instr_out[31]_i_51_n_0
    SLICE_X26Y123        CARRY4 (Prop_carry4_S[2]_CO[3])
                                                      0.398     6.152 r  u_icache/instr_out_reg[31]_i_21/CO[3]
                         net (fo=1, routed)           0.000     6.152    u_icache/instr_out_reg[31]_i_21_n_0
    SLICE_X26Y124        CARRY4 (Prop_carry4_CI_CO[3])
                                                      0.114     6.266 f  u_icache/instr_out_reg[31]_i_8/CO[3]
                         net (fo=1, routed)           0.630     6.896    u_icache/hit0
    SLICE_X27Y125        LUT6 (Prop_lut6_I5_O)        0.124     7.020 f  u_icache/instr_out[31]_i_3/O
                         net (fo=96, routed)          0.936     7.955    u_pc/data_reg[14][0]_0
    SLICE_X26Y125        LUT6 (Prop_lut6_I5_O)        0.124     8.079 r  u_pc/tags[44][23]_i_1/O
                         net (fo=57, routed)          1.391     9.470    u_icache/data_reg[44][0]_0[0]
    SLICE_X5Y123         FDCE                                         r  u_icache/data_reg[44][14]/CE
  -------------------------------------------------------------------    -------------------

                         (clock clk rise edge)        5.000     5.000 r  
                                                      0.000     5.000 r  clk (IN)
                         net (fo=9469, unset)         0.924     5.924    u_icache/clk
    SLICE_X5Y123         FDCE                                         r  u_icache/data_reg[44][14]/C
                         clock pessimism              0.000     5.924    
                         clock uncertainty           -0.035     5.889    
    SLICE_X5Y123         FDCE (Setup_fdce_C_CE)      -0.205     5.684    u_icache/data_reg[44][14]
  -------------------------------------------------------------------
                         required time                          5.684    
                         arrival time                          -9.470    
  -------------------------------------------------------------------
                         slack                                 -3.786    

Slack (VIOLATED) :        -3.786ns  (required time - arrival time)
  Source:                 u_icache/tags_reg[26][6]/C
                            (rising edge-triggered cell FDCE clocked by clk  {rise@0.000ns fall@2.500ns period=5.000ns})
  Destination:            u_icache/data_reg[44][17]/CE
                            (rising edge-triggered cell FDCE clocked by clk  {rise@0.000ns fall@2.500ns period=5.000ns})
  Path Group:             clk
  Path Type:              Setup (Max at Slow Process Corner)
  Requirement:            5.000ns  (clk rise@5.000ns - clk rise@0.000ns)
  Data Path Delay:        8.497ns  (logic 2.224ns (26.174%)  route 6.273ns (73.826%))
  Logic Levels:           9  (CARRY4=2 LUT6=5 MUXF7=1 MUXF8=1)
  Clock Path Skew:        -0.049ns (DCD - SCD + CPR)
    Destination Clock Delay (DCD):    0.924ns = ( 5.924 - 5.000 ) 
    Source Clock Delay      (SCD):    0.973ns
    Clock Pessimism Removal (CPR):    0.000ns
  Clock Uncertainty:      0.035ns  ((TSJ^2 + TIJ^2)^1/2 + DJ) / 2 + PE
    Total System Jitter     (TSJ):    0.071ns
    Total Input Jitter      (TIJ):    0.000ns
    Discrete Jitter          (DJ):    0.000ns
    Phase Error              (PE):    0.000ns

    Location             Delay type                Incr(ns)  Path(ns)    Netlist Resource(s)
  -------------------------------------------------------------------    -------------------
                         (clock clk rise edge)        0.000     0.000 r  
                                                      0.000     0.000 r  clk (IN)
                         net (fo=9469, unset)         0.973     0.973    u_icache/clk
    SLICE_X4Y129         FDCE                                         r  u_icache/tags_reg[26][6]/C
  -------------------------------------------------------------------    -------------------
    SLICE_X4Y129         FDCE (Prop_fdce_C_Q)         0.419     1.392 r  u_icache/tags_reg[26][6]/Q
                         net (fo=1, routed)           1.564     2.956    u_icache/tags_reg[26]_26[6]
    SLICE_X19Y126        LUT6 (Prop_lut6_I1_O)        0.299     3.255 r  u_icache/instr_out[31]_i_632/O
                         net (fo=1, routed)           0.000     3.255    u_icache/instr_out[31]_i_632_n_0
    SLICE_X19Y126        MUXF7 (Prop_muxf7_I0_O)      0.212     3.467 r  u_icache/instr_out_reg[31]_i_315/O
                         net (fo=1, routed)           0.000     3.467    u_icache/instr_out_reg[31]_i_315_n_0
    SLICE_X19Y126        MUXF8 (Prop_muxf8_I1_O)      0.094     3.561 r  u_icache/instr_out_reg[31]_i_156/O
                         net (fo=1, routed)           1.198     4.758    u_icache/instr_out_reg[31]_i_156_n_0
    SLICE_X25Y122        LUT6 (Prop_lut6_I3_O)        0.316     5.074 r  u_icache/instr_out[31]_i_85/O
                         net (fo=1, routed)           0.556     5.630    u_icache/tags[6]
    SLICE_X26Y123        LUT6 (Prop_lut6_I0_O)        0.124     5.754 r  u_icache/instr_out[31]_i_51/O
                         net (fo=1, routed)           0.000     5.754    u_icache/instr_out[31]_i_51_n_0
    SLICE_X26Y123        CARRY4 (Prop_carry4_S[2]_CO[3])
                                                      0.398     6.152 r  u_icache/instr_out_reg[31]_i_21/CO[3]
                         net (fo=1, routed)           0.000     6.152    u_icache/instr_out_reg[31]_i_21_n_0
    SLICE_X26Y124        CARRY4 (Prop_carry4_CI_CO[3])
                                                      0.114     6.266 f  u_icache/instr_out_reg[31]_i_8/CO[3]
                         net (fo=1, routed)           0.630     6.896    u_icache/hit0
    SLICE_X27Y125        LUT6 (Prop_lut6_I5_O)        0.124     7.020 f  u_icache/instr_out[31]_i_3/O
                         net (fo=96, routed)          0.936     7.955    u_pc/data_reg[14][0]_0
    SLICE_X26Y125        LUT6 (Prop_lut6_I5_O)        0.124     8.079 r  u_pc/tags[44][23]_i_1/O
                         net (fo=57, routed)          1.391     9.470    u_icache/data_reg[44][0]_0[0]
    SLICE_X5Y123         FDCE                                         r  u_icache/data_reg[44][17]/CE
  -------------------------------------------------------------------    -------------------

                         (clock clk rise edge)        5.000     5.000 r  
                                                      0.000     5.000 r  clk (IN)
                         net (fo=9469, unset)         0.924     5.924    u_icache/clk
    SLICE_X5Y123         FDCE                                         r  u_icache/data_reg[44][17]/C
                         clock pessimism              0.000     5.924    
                         clock uncertainty           -0.035     5.889    
    SLICE_X5Y123         FDCE (Setup_fdce_C_CE)      -0.205     5.684    u_icache/data_reg[44][17]
  -------------------------------------------------------------------
                         required time                          5.684    
                         arrival time                          -9.470    
  -------------------------------------------------------------------
                         slack                                 -3.786    

Slack (VIOLATED) :        -3.786ns  (required time - arrival time)
  Source:                 u_icache/tags_reg[26][6]/C
                            (rising edge-triggered cell FDCE clocked by clk  {rise@0.000ns fall@2.500ns period=5.000ns})
  Destination:            u_icache/data_reg[44][20]/CE
                            (rising edge-triggered cell FDCE clocked by clk  {rise@0.000ns fall@2.500ns period=5.000ns})
  Path Group:             clk
  Path Type:              Setup (Max at Slow Process Corner)
  Requirement:            5.000ns  (clk rise@5.000ns - clk rise@0.000ns)
  Data Path Delay:        8.497ns  (logic 2.224ns (26.174%)  route 6.273ns (73.826%))
  Logic Levels:           9  (CARRY4=2 LUT6=5 MUXF7=1 MUXF8=1)
  Clock Path Skew:        -0.049ns (DCD - SCD + CPR)
    Destination Clock Delay (DCD):    0.924ns = ( 5.924 - 5.000 ) 
    Source Clock Delay      (SCD):    0.973ns
    Clock Pessimism Removal (CPR):    0.000ns
  Clock Uncertainty:      0.035ns  ((TSJ^2 + TIJ^2)^1/2 + DJ) / 2 + PE
    Total System Jitter     (TSJ):    0.071ns
    Total Input Jitter      (TIJ):    0.000ns
    Discrete Jitter          (DJ):    0.000ns
    Phase Error              (PE):    0.000ns

    Location             Delay type                Incr(ns)  Path(ns)    Netlist Resource(s)
  -------------------------------------------------------------------    -------------------
                         (clock clk rise edge)        0.000     0.000 r  
                                                      0.000     0.000 r  clk (IN)
                         net (fo=9469, unset)         0.973     0.973    u_icache/clk
    SLICE_X4Y129         FDCE                                         r  u_icache/tags_reg[26][6]/C
  -------------------------------------------------------------------    -------------------
    SLICE_X4Y129         FDCE (Prop_fdce_C_Q)         0.419     1.392 r  u_icache/tags_reg[26][6]/Q
                         net (fo=1, routed)           1.564     2.956    u_icache/tags_reg[26]_26[6]
    SLICE_X19Y126        LUT6 (Prop_lut6_I1_O)        0.299     3.255 r  u_icache/instr_out[31]_i_632/O
                         net (fo=1, routed)           0.000     3.255    u_icache/instr_out[31]_i_632_n_0
    SLICE_X19Y126        MUXF7 (Prop_muxf7_I0_O)      0.212     3.467 r  u_icache/instr_out_reg[31]_i_315/O
                         net (fo=1, routed)           0.000     3.467    u_icache/instr_out_reg[31]_i_315_n_0
    SLICE_X19Y126        MUXF8 (Prop_muxf8_I1_O)      0.094     3.561 r  u_icache/instr_out_reg[31]_i_156/O
                         net (fo=1, routed)           1.198     4.758    u_icache/instr_out_reg[31]_i_156_n_0
    SLICE_X25Y122        LUT6 (Prop_lut6_I3_O)        0.316     5.074 r  u_icache/instr_out[31]_i_85/O
                         net (fo=1, routed)           0.556     5.630    u_icache/tags[6]
    SLICE_X26Y123        LUT6 (Prop_lut6_I0_O)        0.124     5.754 r  u_icache/instr_out[31]_i_51/O
                         net (fo=1, routed)           0.000     5.754    u_icache/instr_out[31]_i_51_n_0
    SLICE_X26Y123        CARRY4 (Prop_carry4_S[2]_CO[3])
                                                      0.398     6.152 r  u_icache/instr_out_reg[31]_i_21/CO[3]
                         net (fo=1, routed)           0.000     6.152    u_icache/instr_out_reg[31]_i_21_n_0
    SLICE_X26Y124        CARRY4 (Prop_carry4_CI_CO[3])
                                                      0.114     6.266 f  u_icache/instr_out_reg[31]_i_8/CO[3]
                         net (fo=1, routed)           0.630     6.896    u_icache/hit0
    SLICE_X27Y125        LUT6 (Prop_lut6_I5_O)        0.124     7.020 f  u_icache/instr_out[31]_i_3/O
                         net (fo=96, routed)          0.936     7.955    u_pc/data_reg[14][0]_0
    SLICE_X26Y125        LUT6 (Prop_lut6_I5_O)        0.124     8.079 r  u_pc/tags[44][23]_i_1/O
                         net (fo=57, routed)          1.391     9.470    u_icache/data_reg[44][0]_0[0]
    SLICE_X5Y123         FDCE                                         r  u_icache/data_reg[44][20]/CE
  -------------------------------------------------------------------    -------------------

                         (clock clk rise edge)        5.000     5.000 r  
                                                      0.000     5.000 r  clk (IN)
                         net (fo=9469, unset)         0.924     5.924    u_icache/clk
    SLICE_X5Y123         FDCE                                         r  u_icache/data_reg[44][20]/C
                         clock pessimism              0.000     5.924    
                         clock uncertainty           -0.035     5.889    
    SLICE_X5Y123         FDCE (Setup_fdce_C_CE)      -0.205     5.684    u_icache/data_reg[44][20]
  -------------------------------------------------------------------
                         required time                          5.684    
                         arrival time                          -9.470    
  -------------------------------------------------------------------
                         slack                                 -3.786    

Slack (VIOLATED) :        -3.786ns  (required time - arrival time)
  Source:                 u_icache/tags_reg[26][6]/C
                            (rising edge-triggered cell FDCE clocked by clk  {rise@0.000ns fall@2.500ns period=5.000ns})
  Destination:            u_icache/data_reg[44][3]/CE
                            (rising edge-triggered cell FDCE clocked by clk  {rise@0.000ns fall@2.500ns period=5.000ns})
  Path Group:             clk
  Path Type:              Setup (Max at Slow Process Corner)
  Requirement:            5.000ns  (clk rise@5.000ns - clk rise@0.000ns)
  Data Path Delay:        8.497ns  (logic 2.224ns (26.174%)  route 6.273ns (73.826%))
  Logic Levels:           9  (CARRY4=2 LUT6=5 MUXF7=1 MUXF8=1)
  Clock Path Skew:        -0.049ns (DCD - SCD + CPR)
    Destination Clock Delay (DCD):    0.924ns = ( 5.924 - 5.000 ) 
    Source Clock Delay      (SCD):    0.973ns
    Clock Pessimism Removal (CPR):    0.000ns
  Clock Uncertainty:      0.035ns  ((TSJ^2 + TIJ^2)^1/2 + DJ) / 2 + PE
    Total System Jitter     (TSJ):    0.071ns
    Total Input Jitter      (TIJ):    0.000ns
    Discrete Jitter          (DJ):    0.000ns
    Phase Error              (PE):    0.000ns

    Location             Delay type                Incr(ns)  Path(ns)    Netlist Resource(s)
  -------------------------------------------------------------------    -------------------
                         (clock clk rise edge)        0.000     0.000 r  
                                                      0.000     0.000 r  clk (IN)
                         net (fo=9469, unset)         0.973     0.973    u_icache/clk
    SLICE_X4Y129         FDCE                                         r  u_icache/tags_reg[26][6]/C
  -------------------------------------------------------------------    -------------------
    SLICE_X4Y129         FDCE (Prop_fdce_C_Q)         0.419     1.392 r  u_icache/tags_reg[26][6]/Q
                         net (fo=1, routed)           1.564     2.956    u_icache/tags_reg[26]_26[6]
    SLICE_X19Y126        LUT6 (Prop_lut6_I1_O)        0.299     3.255 r  u_icache/instr_out[31]_i_632/O
                         net (fo=1, routed)           0.000     3.255    u_icache/instr_out[31]_i_632_n_0
    SLICE_X19Y126        MUXF7 (Prop_muxf7_I0_O)      0.212     3.467 r  u_icache/instr_out_reg[31]_i_315/O
                         net (fo=1, routed)           0.000     3.467    u_icache/instr_out_reg[31]_i_315_n_0
    SLICE_X19Y126        MUXF8 (Prop_muxf8_I1_O)      0.094     3.561 r  u_icache/instr_out_reg[31]_i_156/O
                         net (fo=1, routed)           1.198     4.758    u_icache/instr_out_reg[31]_i_156_n_0
    SLICE_X25Y122        LUT6 (Prop_lut6_I3_O)        0.316     5.074 r  u_icache/instr_out[31]_i_85/O
                         net (fo=1, routed)           0.556     5.630    u_icache/tags[6]
    SLICE_X26Y123        LUT6 (Prop_lut6_I0_O)        0.124     5.754 r  u_icache/instr_out[31]_i_51/O
                         net (fo=1, routed)           0.000     5.754    u_icache/instr_out[31]_i_51_n_0
    SLICE_X26Y123        CARRY4 (Prop_carry4_S[2]_CO[3])
                                                      0.398     6.152 r  u_icache/instr_out_reg[31]_i_21/CO[3]
                         net (fo=1, routed)           0.000     6.152    u_icache/instr_out_reg[31]_i_21_n_0
    SLICE_X26Y124        CARRY4 (Prop_carry4_CI_CO[3])
                                                      0.114     6.266 f  u_icache/instr_out_reg[31]_i_8/CO[3]
                         net (fo=1, routed)           0.630     6.896    u_icache/hit0
    SLICE_X27Y125        LUT6 (Prop_lut6_I5_O)        0.124     7.020 f  u_icache/instr_out[31]_i_3/O
                         net (fo=96, routed)          0.936     7.955    u_pc/data_reg[14][0]_0
    SLICE_X26Y125        LUT6 (Prop_lut6_I5_O)        0.124     8.079 r  u_pc/tags[44][23]_i_1/O
                         net (fo=57, routed)          1.391     9.470    u_icache/data_reg[44][0]_0[0]
    SLICE_X5Y123         FDCE                                         r  u_icache/data_reg[44][3]/CE
  -------------------------------------------------------------------    -------------------

                         (clock clk rise edge)        5.000     5.000 r  
                                                      0.000     5.000 r  clk (IN)
                         net (fo=9469, unset)         0.924     5.924    u_icache/clk
    SLICE_X5Y123         FDCE                                         r  u_icache/data_reg[44][3]/C
                         clock pessimism              0.000     5.924    
                         clock uncertainty           -0.035     5.889    
    SLICE_X5Y123         FDCE (Setup_fdce_C_CE)      -0.205     5.684    u_icache/data_reg[44][3]
  -------------------------------------------------------------------
                         required time                          5.684    
                         arrival time                          -9.470    
  -------------------------------------------------------------------
                         slack                                 -3.786    

Slack (VIOLATED) :        -3.746ns  (required time - arrival time)
  Source:                 u_icache/tags_reg[26][6]/C
                            (rising edge-triggered cell FDCE clocked by clk  {rise@0.000ns fall@2.500ns period=5.000ns})
  Destination:            u_icache/data_reg[63][27]/CE
                            (rising edge-triggered cell FDCE clocked by clk  {rise@0.000ns fall@2.500ns period=5.000ns})
  Path Group:             clk
  Path Type:              Setup (Max at Slow Process Corner)
  Requirement:            5.000ns  (clk rise@5.000ns - clk rise@0.000ns)
  Data Path Delay:        8.493ns  (logic 2.224ns (26.186%)  route 6.269ns (73.814%))
  Logic Levels:           9  (CARRY4=2 LUT6=5 MUXF7=1 MUXF8=1)
  Clock Path Skew:        -0.049ns (DCD - SCD + CPR)
    Destination Clock Delay (DCD):    0.924ns = ( 5.924 - 5.000 ) 
    Source Clock Delay      (SCD):    0.973ns
    Clock Pessimism Removal (CPR):    0.000ns
  Clock Uncertainty:      0.035ns  ((TSJ^2 + TIJ^2)^1/2 + DJ) / 2 + PE
    Total System Jitter     (TSJ):    0.071ns
    Total Input Jitter      (TIJ):    0.000ns
    Discrete Jitter          (DJ):    0.000ns
    Phase Error              (PE):    0.000ns

    Location             Delay type                Incr(ns)  Path(ns)    Netlist Resource(s)
  -------------------------------------------------------------------    -------------------
                         (clock clk rise edge)        0.000     0.000 r  
                                                      0.000     0.000 r  clk (IN)
                         net (fo=9469, unset)         0.973     0.973    u_icache/clk
    SLICE_X4Y129         FDCE                                         r  u_icache/tags_reg[26][6]/C
  -------------------------------------------------------------------    -------------------
    SLICE_X4Y129         FDCE (Prop_fdce_C_Q)         0.419     1.392 r  u_icache/tags_reg[26][6]/Q
                         net (fo=1, routed)           1.564     2.956    u_icache/tags_reg[26]_26[6]
    SLICE_X19Y126        LUT6 (Prop_lut6_I1_O)        0.299     3.255 r  u_icache/instr_out[31]_i_632/O
                         net (fo=1, routed)           0.000     3.255    u_icache/instr_out[31]_i_632_n_0
    SLICE_X19Y126        MUXF7 (Prop_muxf7_I0_O)      0.212     3.467 r  u_icache/instr_out_reg[31]_i_315/O
                         net (fo=1, routed)           0.000     3.467    u_icache/instr_out_reg[31]_i_315_n_0
    SLICE_X19Y126        MUXF8 (Prop_muxf8_I1_O)      0.094     3.561 r  u_icache/instr_out_reg[31]_i_156/O
                         net (fo=1, routed)           1.198     4.758    u_icache/instr_out_reg[31]_i_156_n_0
    SLICE_X25Y122        LUT6 (Prop_lut6_I3_O)        0.316     5.074 r  u_icache/instr_out[31]_i_85/O
                         net (fo=1, routed)           0.556     5.630    u_icache/tags[6]
    SLICE_X26Y123        LUT6 (Prop_lut6_I0_O)        0.124     5.754 r  u_icache/instr_out[31]_i_51/O
                         net (fo=1, routed)           0.000     5.754    u_icache/instr_out[31]_i_51_n_0
    SLICE_X26Y123        CARRY4 (Prop_carry4_S[2]_CO[3])
                                                      0.398     6.152 r  u_icache/instr_out_reg[31]_i_21/CO[3]
                         net (fo=1, routed)           0.000     6.152    u_icache/instr_out_reg[31]_i_21_n_0
    SLICE_X26Y124        CARRY4 (Prop_carry4_CI_CO[3])
                                                      0.114     6.266 f  u_icache/instr_out_reg[31]_i_8/CO[3]
                         net (fo=1, routed)           0.630     6.896    u_icache/hit0
    SLICE_X27Y125        LUT6 (Prop_lut6_I5_O)        0.124     7.020 f  u_icache/instr_out[31]_i_3/O
                         net (fo=96, routed)          0.939     7.958    u_pc/data_reg[14][0]_0
    SLICE_X26Y125        LUT6 (Prop_lut6_I5_O)        0.124     8.082 r  u_pc/tags[63][23]_i_1/O
                         net (fo=57, routed)          1.384     9.466    u_icache/data_reg[63][0]_0[0]
    SLICE_X46Y133        FDCE                                         r  u_icache/data_reg[63][27]/CE
  -------------------------------------------------------------------    -------------------

                         (clock clk rise edge)        5.000     5.000 r  
                                                      0.000     5.000 r  clk (IN)
                         net (fo=9469, unset)         0.924     5.924    u_icache/clk
    SLICE_X46Y133        FDCE                                         r  u_icache/data_reg[63][27]/C
                         clock pessimism              0.000     5.924    
                         clock uncertainty           -0.035     5.889    
    SLICE_X46Y133        FDCE (Setup_fdce_C_CE)      -0.169     5.720    u_icache/data_reg[63][27]
  -------------------------------------------------------------------
                         required time                          5.720    
                         arrival time                          -9.466    
  -------------------------------------------------------------------
                         slack                                 -3.746    

Slack (VIOLATED) :        -3.698ns  (required time - arrival time)
  Source:                 u_icache/tags_reg[26][6]/C
                            (rising edge-triggered cell FDCE clocked by clk  {rise@0.000ns fall@2.500ns period=5.000ns})
  Destination:            u_icache/data_reg[63][30]/CE
                            (rising edge-triggered cell FDCE clocked by clk  {rise@0.000ns fall@2.500ns period=5.000ns})
  Path Group:             clk
  Path Type:              Setup (Max at Slow Process Corner)
  Requirement:            5.000ns  (clk rise@5.000ns - clk rise@0.000ns)
  Data Path Delay:        8.409ns  (logic 2.224ns (26.448%)  route 6.185ns (73.552%))
  Logic Levels:           9  (CARRY4=2 LUT6=5 MUXF7=1 MUXF8=1)
  Clock Path Skew:        -0.049ns (DCD - SCD + CPR)
    Destination Clock Delay (DCD):    0.924ns = ( 5.924 - 5.000 ) 
    Source Clock Delay      (SCD):    0.973ns
    Clock Pessimism Removal (CPR):    0.000ns
  Clock Uncertainty:      0.035ns  ((TSJ^2 + TIJ^2)^1/2 + DJ) / 2 + PE
    Total System Jitter     (TSJ):    0.071ns
    Total Input Jitter      (TIJ):    0.000ns
    Discrete Jitter          (DJ):    0.000ns
    Phase Error              (PE):    0.000ns

    Location             Delay type                Incr(ns)  Path(ns)    Netlist Resource(s)
  -------------------------------------------------------------------    -------------------
                         (clock clk rise edge)        0.000     0.000 r  
                                                      0.000     0.000 r  clk (IN)
                         net (fo=9469, unset)         0.973     0.973    u_icache/clk
    SLICE_X4Y129         FDCE                                         r  u_icache/tags_reg[26][6]/C
  -------------------------------------------------------------------    -------------------
    SLICE_X4Y129         FDCE (Prop_fdce_C_Q)         0.419     1.392 r  u_icache/tags_reg[26][6]/Q
                         net (fo=1, routed)           1.564     2.956    u_icache/tags_reg[26]_26[6]
    SLICE_X19Y126        LUT6 (Prop_lut6_I1_O)        0.299     3.255 r  u_icache/instr_out[31]_i_632/O
                         net (fo=1, routed)           0.000     3.255    u_icache/instr_out[31]_i_632_n_0
    SLICE_X19Y126        MUXF7 (Prop_muxf7_I0_O)      0.212     3.467 r  u_icache/instr_out_reg[31]_i_315/O
                         net (fo=1, routed)           0.000     3.467    u_icache/instr_out_reg[31]_i_315_n_0
    SLICE_X19Y126        MUXF8 (Prop_muxf8_I1_O)      0.094     3.561 r  u_icache/instr_out_reg[31]_i_156/O
                         net (fo=1, routed)           1.198     4.758    u_icache/instr_out_reg[31]_i_156_n_0
    SLICE_X25Y122        LUT6 (Prop_lut6_I3_O)        0.316     5.074 r  u_icache/instr_out[31]_i_85/O
                         net (fo=1, routed)           0.556     5.630    u_icache/tags[6]
    SLICE_X26Y123        LUT6 (Prop_lut6_I0_O)        0.124     5.754 r  u_icache/instr_out[31]_i_51/O
                         net (fo=1, routed)           0.000     5.754    u_icache/instr_out[31]_i_51_n_0
    SLICE_X26Y123        CARRY4 (Prop_carry4_S[2]_CO[3])
                                                      0.398     6.152 r  u_icache/instr_out_reg[31]_i_21/CO[3]
                         net (fo=1, routed)           0.000     6.152    u_icache/instr_out_reg[31]_i_21_n_0
    SLICE_X26Y124        CARRY4 (Prop_carry4_CI_CO[3])
                                                      0.114     6.266 f  u_icache/instr_out_reg[31]_i_8/CO[3]
                         net (fo=1, routed)           0.630     6.896    u_icache/hit0
    SLICE_X27Y125        LUT6 (Prop_lut6_I5_O)        0.124     7.020 f  u_icache/instr_out[31]_i_3/O
                         net (fo=96, routed)          0.939     7.958    u_pc/data_reg[14][0]_0
    SLICE_X26Y125        LUT6 (Prop_lut6_I5_O)        0.124     8.082 r  u_pc/tags[63][23]_i_1/O
                         net (fo=57, routed)          1.300     9.382    u_icache/data_reg[63][0]_0[0]
    SLICE_X41Y138        FDCE                                         r  u_icache/data_reg[63][30]/CE
  -------------------------------------------------------------------    -------------------

                         (clock clk rise edge)        5.000     5.000 r  
                                                      0.000     5.000 r  clk (IN)
                         net (fo=9469, unset)         0.924     5.924    u_icache/clk
    SLICE_X41Y138        FDCE                                         r  u_icache/data_reg[63][30]/C
                         clock pessimism              0.000     5.924    
                         clock uncertainty           -0.035     5.889    
    SLICE_X41Y138        FDCE (Setup_fdce_C_CE)      -0.205     5.684    u_icache/data_reg[63][30]
  -------------------------------------------------------------------
                         required time                          5.684    
                         arrival time                          -9.382    
  -------------------------------------------------------------------
                         slack                                 -3.698    

Slack (VIOLATED) :        -3.698ns  (required time - arrival time)
  Source:                 u_icache/tags_reg[26][6]/C
                            (rising edge-triggered cell FDCE clocked by clk  {rise@0.000ns fall@2.500ns period=5.000ns})
  Destination:            u_icache/data_reg[63][5]/CE
                            (rising edge-triggered cell FDCE clocked by clk  {rise@0.000ns fall@2.500ns period=5.000ns})
  Path Group:             clk
  Path Type:              Setup (Max at Slow Process Corner)
  Requirement:            5.000ns  (clk rise@5.000ns - clk rise@0.000ns)
  Data Path Delay:        8.409ns  (logic 2.224ns (26.448%)  route 6.185ns (73.552%))
  Logic Levels:           9  (CARRY4=2 LUT6=5 MUXF7=1 MUXF8=1)
  Clock Path Skew:        -0.049ns (DCD - SCD + CPR)
    Destination Clock Delay (DCD):    0.924ns = ( 5.924 - 5.000 ) 
    Source Clock Delay      (SCD):    0.973ns
    Clock Pessimism Removal (CPR):    0.000ns
  Clock Uncertainty:      0.035ns  ((TSJ^2 + TIJ^2)^1/2 + DJ) / 2 + PE
    Total System Jitter     (TSJ):    0.071ns
    Total Input Jitter      (TIJ):    0.000ns
    Discrete Jitter          (DJ):    0.000ns
    Phase Error              (PE):    0.000ns

    Location             Delay type                Incr(ns)  Path(ns)    Netlist Resource(s)
  -------------------------------------------------------------------    -------------------
                         (clock clk rise edge)        0.000     0.000 r  
                                                      0.000     0.000 r  clk (IN)
                         net (fo=9469, unset)         0.973     0.973    u_icache/clk
    SLICE_X4Y129         FDCE                                         r  u_icache/tags_reg[26][6]/C
  -------------------------------------------------------------------    -------------------
    SLICE_X4Y129         FDCE (Prop_fdce_C_Q)         0.419     1.392 r  u_icache/tags_reg[26][6]/Q
                         net (fo=1, routed)           1.564     2.956    u_icache/tags_reg[26]_26[6]
    SLICE_X19Y126        LUT6 (Prop_lut6_I1_O)        0.299     3.255 r  u_icache/instr_out[31]_i_632/O
                         net (fo=1, routed)           0.000     3.255    u_icache/instr_out[31]_i_632_n_0
    SLICE_X19Y126        MUXF7 (Prop_muxf7_I0_O)      0.212     3.467 r  u_icache/instr_out_reg[31]_i_315/O
                         net (fo=1, routed)           0.000     3.467    u_icache/instr_out_reg[31]_i_315_n_0
    SLICE_X19Y126        MUXF8 (Prop_muxf8_I1_O)      0.094     3.561 r  u_icache/instr_out_reg[31]_i_156/O
                         net (fo=1, routed)           1.198     4.758    u_icache/instr_out_reg[31]_i_156_n_0
    SLICE_X25Y122        LUT6 (Prop_lut6_I3_O)        0.316     5.074 r  u_icache/instr_out[31]_i_85/O
                         net (fo=1, routed)           0.556     5.630    u_icache/tags[6]
    SLICE_X26Y123        LUT6 (Prop_lut6_I0_O)        0.124     5.754 r  u_icache/instr_out[31]_i_51/O
                         net (fo=1, routed)           0.000     5.754    u_icache/instr_out[31]_i_51_n_0
    SLICE_X26Y123        CARRY4 (Prop_carry4_S[2]_CO[3])
                                                      0.398     6.152 r  u_icache/instr_out_reg[31]_i_21/CO[3]
                         net (fo=1, routed)           0.000     6.152    u_icache/instr_out_reg[31]_i_21_n_0
    SLICE_X26Y124        CARRY4 (Prop_carry4_CI_CO[3])
                                                      0.114     6.266 f  u_icache/instr_out_reg[31]_i_8/CO[3]
                         net (fo=1, routed)           0.630     6.896    u_icache/hit0
    SLICE_X27Y125        LUT6 (Prop_lut6_I5_O)        0.124     7.020 f  u_icache/instr_out[31]_i_3/O
                         net (fo=96, routed)          0.939     7.958    u_pc/data_reg[14][0]_0
    SLICE_X26Y125        LUT6 (Prop_lut6_I5_O)        0.124     8.082 r  u_pc/tags[63][23]_i_1/O
                         net (fo=57, routed)          1.300     9.382    u_icache/data_reg[63][0]_0[0]
    SLICE_X41Y137        FDCE                                         r  u_icache/data_reg[63][5]/CE
  -------------------------------------------------------------------    -------------------

                         (clock clk rise edge)        5.000     5.000 r  
                                                      0.000     5.000 r  clk (IN)
                         net (fo=9469, unset)         0.924     5.924    u_icache/clk
    SLICE_X41Y137        FDCE                                         r  u_icache/data_reg[63][5]/C
                         clock pessimism              0.000     5.924    
                         clock uncertainty           -0.035     5.889    
    SLICE_X41Y137        FDCE (Setup_fdce_C_CE)      -0.205     5.684    u_icache/data_reg[63][5]
  -------------------------------------------------------------------
                         required time                          5.684    
                         arrival time                          -9.382    
  -------------------------------------------------------------------
                         slack                                 -3.698    

Slack (VIOLATED) :        -3.693ns  (required time - arrival time)
  Source:                 u_icache/tags_reg[26][6]/C
                            (rising edge-triggered cell FDCE clocked by clk  {rise@0.000ns fall@2.500ns period=5.000ns})
  Destination:            u_icache/data_reg[30][10]/CE
                            (rising edge-triggered cell FDCE clocked by clk  {rise@0.000ns fall@2.500ns period=5.000ns})
  Path Group:             clk
  Path Type:              Setup (Max at Slow Process Corner)
  Requirement:            5.000ns  (clk rise@5.000ns - clk rise@0.000ns)
  Data Path Delay:        8.404ns  (logic 2.224ns (26.463%)  route 6.180ns (73.537%))
  Logic Levels:           9  (CARRY4=2 LUT6=5 MUXF7=1 MUXF8=1)
  Clock Path Skew:        -0.049ns (DCD - SCD + CPR)
    Destination Clock Delay (DCD):    0.924ns = ( 5.924 - 5.000 ) 
    Source Clock Delay      (SCD):    0.973ns
    Clock Pessimism Removal (CPR):    0.000ns
  Clock Uncertainty:      0.035ns  ((TSJ^2 + TIJ^2)^1/2 + DJ) / 2 + PE
    Total System Jitter     (TSJ):    0.071ns
    Total Input Jitter      (TIJ):    0.000ns
    Discrete Jitter          (DJ):    0.000ns
    Phase Error              (PE):    0.000ns

    Location             Delay type                Incr(ns)  Path(ns)    Netlist Resource(s)
  -------------------------------------------------------------------    -------------------
                         (clock clk rise edge)        0.000     0.000 r  
                                                      0.000     0.000 r  clk (IN)
                         net (fo=9469, unset)         0.973     0.973    u_icache/clk
    SLICE_X4Y129         FDCE                                         r  u_icache/tags_reg[26][6]/C
  -------------------------------------------------------------------    -------------------
    SLICE_X4Y129         FDCE (Prop_fdce_C_Q)         0.419     1.392 r  u_icache/tags_reg[26][6]/Q
                         net (fo=1, routed)           1.564     2.956    u_icache/tags_reg[26]_26[6]
    SLICE_X19Y126        LUT6 (Prop_lut6_I1_O)        0.299     3.255 r  u_icache/instr_out[31]_i_632/O
                         net (fo=1, routed)           0.000     3.255    u_icache/instr_out[31]_i_632_n_0
    SLICE_X19Y126        MUXF7 (Prop_muxf7_I0_O)      0.212     3.467 r  u_icache/instr_out_reg[31]_i_315/O
                         net (fo=1, routed)           0.000     3.467    u_icache/instr_out_reg[31]_i_315_n_0
    SLICE_X19Y126        MUXF8 (Prop_muxf8_I1_O)      0.094     3.561 r  u_icache/instr_out_reg[31]_i_156/O
                         net (fo=1, routed)           1.198     4.758    u_icache/instr_out_reg[31]_i_156_n_0
    SLICE_X25Y122        LUT6 (Prop_lut6_I3_O)        0.316     5.074 r  u_icache/instr_out[31]_i_85/O
                         net (fo=1, routed)           0.556     5.630    u_icache/tags[6]
    SLICE_X26Y123        LUT6 (Prop_lut6_I0_O)        0.124     5.754 r  u_icache/instr_out[31]_i_51/O
                         net (fo=1, routed)           0.000     5.754    u_icache/instr_out[31]_i_51_n_0
    SLICE_X26Y123        CARRY4 (Prop_carry4_S[2]_CO[3])
                                                      0.398     6.152 r  u_icache/instr_out_reg[31]_i_21/CO[3]
                         net (fo=1, routed)           0.000     6.152    u_icache/instr_out_reg[31]_i_21_n_0
    SLICE_X26Y124        CARRY4 (Prop_carry4_CI_CO[3])
                                                      0.114     6.266 f  u_icache/instr_out_reg[31]_i_8/CO[3]
                         net (fo=1, routed)           0.630     6.896    u_icache/hit0
    SLICE_X27Y125        LUT6 (Prop_lut6_I5_O)        0.124     7.020 f  u_icache/instr_out[31]_i_3/O
                         net (fo=96, routed)          1.067     8.087    u_pc/data_reg[14][0]_0
    SLICE_X19Y129        LUT6 (Prop_lut6_I5_O)        0.124     8.211 r  u_pc/tags[30][23]_i_1/O
                         net (fo=57, routed)          1.166     9.377    u_icache/data_reg[30][0]_0[0]
    SLICE_X16Y145        FDCE                                         r  u_icache/data_reg[30][10]/CE
  -------------------------------------------------------------------    -------------------

                         (clock clk rise edge)        5.000     5.000 r  
                                                      0.000     5.000 r  clk (IN)
                         net (fo=9469, unset)         0.924     5.924    u_icache/clk
    SLICE_X16Y145        FDCE                                         r  u_icache/data_reg[30][10]/C
                         clock pessimism              0.000     5.924    
                         clock uncertainty           -0.035     5.889    
    SLICE_X16Y145        FDCE (Setup_fdce_C_CE)      -0.205     5.684    u_icache/data_reg[30][10]
  -------------------------------------------------------------------
                         required time                          5.684    
                         arrival time                          -9.377    
  -------------------------------------------------------------------
                         slack                                 -3.693    

Slack (VIOLATED) :        -3.693ns  (required time - arrival time)
  Source:                 u_icache/tags_reg[26][6]/C
                            (rising edge-triggered cell FDCE clocked by clk  {rise@0.000ns fall@2.500ns period=5.000ns})
  Destination:            u_icache/data_reg[63][21]/CE
                            (rising edge-triggered cell FDCE clocked by clk  {rise@0.000ns fall@2.500ns period=5.000ns})
  Path Group:             clk
  Path Type:              Setup (Max at Slow Process Corner)
  Requirement:            5.000ns  (clk rise@5.000ns - clk rise@0.000ns)
  Data Path Delay:        8.404ns  (logic 2.224ns (26.464%)  route 6.180ns (73.536%))
  Logic Levels:           9  (CARRY4=2 LUT6=5 MUXF7=1 MUXF8=1)
  Clock Path Skew:        -0.049ns (DCD - SCD + CPR)
    Destination Clock Delay (DCD):    0.924ns = ( 5.924 - 5.000 ) 
    Source Clock Delay      (SCD):    0.973ns
    Clock Pessimism Removal (CPR):    0.000ns
  Clock Uncertainty:      0.035ns  ((TSJ^2 + TIJ^2)^1/2 + DJ) / 2 + PE
    Total System Jitter     (TSJ):    0.071ns
    Total Input Jitter      (TIJ):    0.000ns
    Discrete Jitter          (DJ):    0.000ns
    Phase Error              (PE):    0.000ns

    Location             Delay type                Incr(ns)  Path(ns)    Netlist Resource(s)
  -------------------------------------------------------------------    -------------------
                         (clock clk rise edge)        0.000     0.000 r  
                                                      0.000     0.000 r  clk (IN)
                         net (fo=9469, unset)         0.973     0.973    u_icache/clk
    SLICE_X4Y129         FDCE                                         r  u_icache/tags_reg[26][6]/C
  -------------------------------------------------------------------    -------------------
    SLICE_X4Y129         FDCE (Prop_fdce_C_Q)         0.419     1.392 r  u_icache/tags_reg[26][6]/Q
                         net (fo=1, routed)           1.564     2.956    u_icache/tags_reg[26]_26[6]
    SLICE_X19Y126        LUT6 (Prop_lut6_I1_O)        0.299     3.255 r  u_icache/instr_out[31]_i_632/O
                         net (fo=1, routed)           0.000     3.255    u_icache/instr_out[31]_i_632_n_0
    SLICE_X19Y126        MUXF7 (Prop_muxf7_I0_O)      0.212     3.467 r  u_icache/instr_out_reg[31]_i_315/O
                         net (fo=1, routed)           0.000     3.467    u_icache/instr_out_reg[31]_i_315_n_0
    SLICE_X19Y126        MUXF8 (Prop_muxf8_I1_O)      0.094     3.561 r  u_icache/instr_out_reg[31]_i_156/O
                         net (fo=1, routed)           1.198     4.758    u_icache/instr_out_reg[31]_i_156_n_0
    SLICE_X25Y122        LUT6 (Prop_lut6_I3_O)        0.316     5.074 r  u_icache/instr_out[31]_i_85/O
                         net (fo=1, routed)           0.556     5.630    u_icache/tags[6]
    SLICE_X26Y123        LUT6 (Prop_lut6_I0_O)        0.124     5.754 r  u_icache/instr_out[31]_i_51/O
                         net (fo=1, routed)           0.000     5.754    u_icache/instr_out[31]_i_51_n_0
    SLICE_X26Y123        CARRY4 (Prop_carry4_S[2]_CO[3])
                                                      0.398     6.152 r  u_icache/instr_out_reg[31]_i_21/CO[3]
                         net (fo=1, routed)           0.000     6.152    u_icache/instr_out_reg[31]_i_21_n_0
    SLICE_X26Y124        CARRY4 (Prop_carry4_CI_CO[3])
                                                      0.114     6.266 f  u_icache/instr_out_reg[31]_i_8/CO[3]
                         net (fo=1, routed)           0.630     6.896    u_icache/hit0
    SLICE_X27Y125        LUT6 (Prop_lut6_I5_O)        0.124     7.020 f  u_icache/instr_out[31]_i_3/O
                         net (fo=96, routed)          0.939     7.958    u_pc/data_reg[14][0]_0
    SLICE_X26Y125        LUT6 (Prop_lut6_I5_O)        0.124     8.082 r  u_pc/tags[63][23]_i_1/O
                         net (fo=57, routed)          1.295     9.377    u_icache/data_reg[63][0]_0[0]
    SLICE_X47Y133        FDCE                                         r  u_icache/data_reg[63][21]/CE
  -------------------------------------------------------------------    -------------------

                         (clock clk rise edge)        5.000     5.000 r  
                                                      0.000     5.000 r  clk (IN)
                         net (fo=9469, unset)         0.924     5.924    u_icache/clk
    SLICE_X47Y133        FDCE                                         r  u_icache/data_reg[63][21]/C
                         clock pessimism              0.000     5.924    
                         clock uncertainty           -0.035     5.889    
    SLICE_X47Y133        FDCE (Setup_fdce_C_CE)      -0.205     5.684    u_icache/data_reg[63][21]
  -------------------------------------------------------------------
                         required time                          5.684    
                         arrival time                          -9.377    
  -------------------------------------------------------------------
                         slack                                 -3.693    




