Copyright 1986-2022 Xilinx, Inc. All Rights Reserved. Copyright 2022-2024 Advanced Micro Devices, Inc. All Rights Reserved.
---------------------------------------------------------------------------------------------------------------------------------------------
| Tool Version : Vivado v.2024.2 (win64) Build 5239630 Fri Nov 08 22:35:27 MST 2024
| Date         : Thu Sep 17 15:54:29 2026
| Host         : PavilionPlus1 running 64-bit major release  (build 9200)
| Command      : report_timing -delay_type min -max_paths 10 -file V:/stage6_baseline/wlblock/critical_hold_paths.rpt
| Design       : rv32i_pipeline_top
| Device       : 7a35t-cpg236
| Speed File   : -1  PRODUCTION 1.23 2018-06-13
| Design State : Routed
---------------------------------------------------------------------------------------------------------------------------------------------

Timing Report

Slack (MET) :             0.123ns  (arrival time - required time)
  Source:                 u_mdu/dividend_reg[8]/C
                            (rising edge-triggered cell FDCE clocked by clk  {rise@0.000ns fall@2.500ns period=5.000ns})
  Destination:            u_mdu/dividend_reg[9]/D
                            (rising edge-triggered cell FDCE clocked by clk  {rise@0.000ns fall@2.500ns period=5.000ns})
  Path Group:             clk
  Path Type:              Hold (Min at Fast Process Corner)
  Requirement:            0.000ns  (clk rise@0.000ns - clk rise@0.000ns)
  Data Path Delay:        0.237ns  (logic 0.186ns (78.504%)  route 0.051ns (21.496%))
  Logic Levels:           1  (LUT6=1)
  Clock Path Skew:        0.022ns (DCD - SCD - CPR)
    Destination Clock Delay (DCD):    0.432ns
    Source Clock Delay      (SCD):    0.410ns
    Clock Pessimism Removal (CPR):    -0.000ns

    Location             Delay type                Incr(ns)  Path(ns)    Netlist Resource(s)
  -------------------------------------------------------------------    -------------------
                         (clock clk rise edge)        0.000     0.000 r  
                                                      0.000     0.000 r  clk (IN)
                         net (fo=9469, unset)         0.410     0.410    u_mdu/clk
    SLICE_X4Y64          FDCE                                         r  u_mdu/dividend_reg[8]/C
  -------------------------------------------------------------------    -------------------
    SLICE_X4Y64          FDCE (Prop_fdce_C_Q)         0.141     0.551 r  u_mdu/dividend_reg[8]/Q
                         net (fo=1, routed)           0.051     0.602    u_ex1_ex2/dividend_reg[31][8]
    SLICE_X5Y64          LUT6 (Prop_lut6_I4_O)        0.045     0.647 r  u_ex1_ex2/dividend[9]_i_1/O
                         net (fo=1, routed)           0.000     0.647    u_mdu/dividend_reg[31]_0[9]
    SLICE_X5Y64          FDCE                                         r  u_mdu/dividend_reg[9]/D
  -------------------------------------------------------------------    -------------------

                         (clock clk rise edge)        0.000     0.000 r  
                                                      0.000     0.000 r  clk (IN)
                         net (fo=9469, unset)         0.432     0.432    u_mdu/clk
    SLICE_X5Y64          FDCE                                         r  u_mdu/dividend_reg[9]/C
                         clock pessimism              0.000     0.432    
    SLICE_X5Y64          FDCE (Hold_fdce_C_D)         0.092     0.524    u_mdu/dividend_reg[9]
  -------------------------------------------------------------------
                         required time                         -0.524    
                         arrival time                           0.647    
  -------------------------------------------------------------------
                         slack                                  0.123    

Slack (MET) :             0.130ns  (arrival time - required time)
  Source:                 u_ex2_mem/alu_result_out_reg[2]_rep__5/C
                            (rising edge-triggered cell FDCE clocked by clk  {rise@0.000ns fall@2.500ns period=5.000ns})
  Destination:            u_dmem/mem_reg_512_767_31_31/RAMS64E_A/ADR0
                            (rising edge-triggered cell RAMS64E clocked by clk  {rise@0.000ns fall@2.500ns period=5.000ns})
  Path Group:             clk
  Path Type:              Hold (Min at Fast Process Corner)
  Requirement:            0.000ns  (clk rise@0.000ns - clk rise@0.000ns)
  Data Path Delay:        0.462ns  (logic 0.141ns (30.550%)  route 0.321ns (69.450%))
  Logic Levels:           0  
  Clock Path Skew:        0.022ns (DCD - SCD - CPR)
    Destination Clock Delay (DCD):    0.432ns
    Source Clock Delay      (SCD):    0.410ns
    Clock Pessimism Removal (CPR):    -0.000ns

    Location             Delay type                Incr(ns)  Path(ns)    Netlist Resource(s)
  -------------------------------------------------------------------    -------------------
                         (clock clk rise edge)        0.000     0.000 r  
                                                      0.000     0.000 r  clk (IN)
                         net (fo=9469, unset)         0.410     0.410    u_ex2_mem/clk
    SLICE_X35Y94         FDCE                                         r  u_ex2_mem/alu_result_out_reg[2]_rep__5/C
  -------------------------------------------------------------------    -------------------
    SLICE_X35Y94         FDCE (Prop_fdce_C_Q)         0.141     0.551 r  u_ex2_mem/alu_result_out_reg[2]_rep__5/Q
                         net (fo=128, routed)         0.321     0.872    u_dmem/mem_reg_512_767_31_31/A0
    SLICE_X34Y94         RAMS64E                                      r  u_dmem/mem_reg_512_767_31_31/RAMS64E_A/ADR0
  -------------------------------------------------------------------    -------------------

                         (clock clk rise edge)        0.000     0.000 r  
                                                      0.000     0.000 r  clk (IN)
                         net (fo=9469, unset)         0.432     0.432    u_dmem/mem_reg_512_767_31_31/WCLK
    SLICE_X34Y94         RAMS64E                                      r  u_dmem/mem_reg_512_767_31_31/RAMS64E_A/CLK
                         clock pessimism              0.000     0.432    
    SLICE_X34Y94         RAMS64E (Hold_rams64e_CLK_ADR0)
                                                      0.310     0.742    u_dmem/mem_reg_512_767_31_31/RAMS64E_A
  -------------------------------------------------------------------
                         required time                         -0.742    
                         arrival time                           0.872    
  -------------------------------------------------------------------
                         slack                                  0.130    

Slack (MET) :             0.130ns  (arrival time - required time)
  Source:                 u_ex2_mem/alu_result_out_reg[2]_rep__5/C
                            (rising edge-triggered cell FDCE clocked by clk  {rise@0.000ns fall@2.500ns period=5.000ns})
  Destination:            u_dmem/mem_reg_512_767_31_31/RAMS64E_B/ADR0
                            (rising edge-triggered cell RAMS64E clocked by clk  {rise@0.000ns fall@2.500ns period=5.000ns})
  Path Group:             clk
  Path Type:              Hold (Min at Fast Process Corner)
  Requirement:            0.000ns  (clk rise@0.000ns - clk rise@0.000ns)
  Data Path Delay:        0.462ns  (logic 0.141ns (30.550%)  route 0.321ns (69.450%))
  Logic Levels:           0  
  Clock Path Skew:        0.022ns (DCD - SCD - CPR)
    Destination Clock Delay (DCD):    0.432ns
    Source Clock Delay      (SCD):    0.410ns
    Clock Pessimism Removal (CPR):    -0.000ns

    Location             Delay type                Incr(ns)  Path(ns)    Netlist Resource(s)
  -------------------------------------------------------------------    -------------------
                         (clock clk rise edge)        0.000     0.000 r  
                                                      0.000     0.000 r  clk (IN)
                         net (fo=9469, unset)         0.410     0.410    u_ex2_mem/clk
    SLICE_X35Y94         FDCE                                         r  u_ex2_mem/alu_result_out_reg[2]_rep__5/C
  -------------------------------------------------------------------    -------------------
    SLICE_X35Y94         FDCE (Prop_fdce_C_Q)         0.141     0.551 r  u_ex2_mem/alu_result_out_reg[2]_rep__5/Q
                         net (fo=128, routed)         0.321     0.872    u_dmem/mem_reg_512_767_31_31/A0
    SLICE_X34Y94         RAMS64E                                      r  u_dmem/mem_reg_512_767_31_31/RAMS64E_B/ADR0
  -------------------------------------------------------------------    -------------------

                         (clock clk rise edge)        0.000     0.000 r  
                                                      0.000     0.000 r  clk (IN)
                         net (fo=9469, unset)         0.432     0.432    u_dmem/mem_reg_512_767_31_31/WCLK
    SLICE_X34Y94         RAMS64E                                      r  u_dmem/mem_reg_512_767_31_31/RAMS64E_B/CLK
                         clock pessimism              0.000     0.432    
    SLICE_X34Y94         RAMS64E (Hold_rams64e_CLK_ADR0)
                                                      0.310     0.742    u_dmem/mem_reg_512_767_31_31/RAMS64E_B
  -------------------------------------------------------------------
                         required time                         -0.742    
                         arrival time                           0.872    
  -------------------------------------------------------------------
                         slack                                  0.130    

Slack (MET) :             0.130ns  (arrival time - required time)
  Source:                 u_ex2_mem/alu_result_out_reg[2]_rep__5/C
                            (rising edge-triggered cell FDCE clocked by clk  {rise@0.000ns fall@2.500ns period=5.000ns})
  Destination:            u_dmem/mem_reg_512_767_31_31/RAMS64E_C/ADR0
                            (rising edge-triggered cell RAMS64E clocked by clk  {rise@0.000ns fall@2.500ns period=5.000ns})
  Path Group:             clk
  Path Type:              Hold (Min at Fast Process Corner)
  Requirement:            0.000ns  (clk rise@0.000ns - clk rise@0.000ns)
  Data Path Delay:        0.462ns  (logic 0.141ns (30.550%)  route 0.321ns (69.450%))
  Logic Levels:           0  
  Clock Path Skew:        0.022ns (DCD - SCD - CPR)
    Destination Clock Delay (DCD):    0.432ns
    Source Clock Delay      (SCD):    0.410ns
    Clock Pessimism Removal (CPR):    -0.000ns

    Location             Delay type                Incr(ns)  Path(ns)    Netlist Resource(s)
  -------------------------------------------------------------------    -------------------
                         (clock clk rise edge)        0.000     0.000 r  
                                                      0.000     0.000 r  clk (IN)
                         net (fo=9469, unset)         0.410     0.410    u_ex2_mem/clk
    SLICE_X35Y94         FDCE                                         r  u_ex2_mem/alu_result_out_reg[2]_rep__5/C
  -------------------------------------------------------------------    -------------------
    SLICE_X35Y94         FDCE (Prop_fdce_C_Q)         0.141     0.551 r  u_ex2_mem/alu_result_out_reg[2]_rep__5/Q
                         net (fo=128, routed)         0.321     0.872    u_dmem/mem_reg_512_767_31_31/A0
    SLICE_X34Y94         RAMS64E                                      r  u_dmem/mem_reg_512_767_31_31/RAMS64E_C/ADR0
  -------------------------------------------------------------------    -------------------

                         (clock clk rise edge)        0.000     0.000 r  
                                                      0.000     0.000 r  clk (IN)
                         net (fo=9469, unset)         0.432     0.432    u_dmem/mem_reg_512_767_31_31/WCLK
    SLICE_X34Y94         RAMS64E                                      r  u_dmem/mem_reg_512_767_31_31/RAMS64E_C/CLK
                         clock pessimism              0.000     0.432    
    SLICE_X34Y94         RAMS64E (Hold_rams64e_CLK_ADR0)
                                                      0.310     0.742    u_dmem/mem_reg_512_767_31_31/RAMS64E_C
  -------------------------------------------------------------------
                         required time                         -0.742    
                         arrival time                           0.872    
  -------------------------------------------------------------------
                         slack                                  0.130    

Slack (MET) :             0.130ns  (arrival time - required time)
  Source:                 u_ex2_mem/alu_result_out_reg[2]_rep__5/C
                            (rising edge-triggered cell FDCE clocked by clk  {rise@0.000ns fall@2.500ns period=5.000ns})
  Destination:            u_dmem/mem_reg_512_767_31_31/RAMS64E_D/ADR0
                            (rising edge-triggered cell RAMS64E clocked by clk  {rise@0.000ns fall@2.500ns period=5.000ns})
  Path Group:             clk
  Path Type:              Hold (Min at Fast Process Corner)
  Requirement:            0.000ns  (clk rise@0.000ns - clk rise@0.000ns)
  Data Path Delay:        0.462ns  (logic 0.141ns (30.550%)  route 0.321ns (69.450%))
  Logic Levels:           0  
  Clock Path Skew:        0.022ns (DCD - SCD - CPR)
    Destination Clock Delay (DCD):    0.432ns
    Source Clock Delay      (SCD):    0.410ns
    Clock Pessimism Removal (CPR):    -0.000ns

    Location             Delay type                Incr(ns)  Path(ns)    Netlist Resource(s)
  -------------------------------------------------------------------    -------------------
                         (clock clk rise edge)        0.000     0.000 r  
                                                      0.000     0.000 r  clk (IN)
                         net (fo=9469, unset)         0.410     0.410    u_ex2_mem/clk
    SLICE_X35Y94         FDCE                                         r  u_ex2_mem/alu_result_out_reg[2]_rep__5/C
  -------------------------------------------------------------------    -------------------
    SLICE_X35Y94         FDCE (Prop_fdce_C_Q)         0.141     0.551 r  u_ex2_mem/alu_result_out_reg[2]_rep__5/Q
                         net (fo=128, routed)         0.321     0.872    u_dmem/mem_reg_512_767_31_31/A0
    SLICE_X34Y94         RAMS64E                                      r  u_dmem/mem_reg_512_767_31_31/RAMS64E_D/ADR0
  -------------------------------------------------------------------    -------------------

                         (clock clk rise edge)        0.000     0.000 r  
                                                      0.000     0.000 r  clk (IN)
                         net (fo=9469, unset)         0.432     0.432    u_dmem/mem_reg_512_767_31_31/WCLK
    SLICE_X34Y94         RAMS64E                                      r  u_dmem/mem_reg_512_767_31_31/RAMS64E_D/CLK
                         clock pessimism              0.000     0.432    
    SLICE_X34Y94         RAMS64E (Hold_rams64e_CLK_ADR0)
                                                      0.310     0.742    u_dmem/mem_reg_512_767_31_31/RAMS64E_D
  -------------------------------------------------------------------
                         required time                         -0.742    
                         arrival time                           0.872    
  -------------------------------------------------------------------
                         slack                                  0.130    

Slack (MET) :             0.137ns  (arrival time - required time)
  Source:                 u_ex2_mem/alu_result_out_reg[2]_rep__2/C
                            (rising edge-triggered cell FDCE clocked by clk  {rise@0.000ns fall@2.500ns period=5.000ns})
  Destination:            u_dmem/mem_reg_1792_2047_4_4/RAMS64E_A/ADR0
                            (rising edge-triggered cell RAMS64E clocked by clk  {rise@0.000ns fall@2.500ns period=5.000ns})
  Path Group:             clk
  Path Type:              Hold (Min at Fast Process Corner)
  Requirement:            0.000ns  (clk rise@0.000ns - clk rise@0.000ns)
  Data Path Delay:        0.469ns  (logic 0.141ns (30.064%)  route 0.328ns (69.936%))
  Logic Levels:           0  
  Clock Path Skew:        0.022ns (DCD - SCD - CPR)
    Destination Clock Delay (DCD):    0.432ns
    Source Clock Delay      (SCD):    0.410ns
    Clock Pessimism Removal (CPR):    -0.000ns

    Location             Delay type                Incr(ns)  Path(ns)    Netlist Resource(s)
  -------------------------------------------------------------------    -------------------
                         (clock clk rise edge)        0.000     0.000 r  
                                                      0.000     0.000 r  clk (IN)
                         net (fo=9469, unset)         0.410     0.410    u_ex2_mem/clk
    SLICE_X7Y82          FDCE                                         r  u_ex2_mem/alu_result_out_reg[2]_rep__2/C
  -------------------------------------------------------------------    -------------------
    SLICE_X7Y82          FDCE (Prop_fdce_C_Q)         0.141     0.551 r  u_ex2_mem/alu_result_out_reg[2]_rep__2/Q
                         net (fo=128, routed)         0.328     0.879    u_dmem/mem_reg_1792_2047_4_4/A0
    SLICE_X6Y81          RAMS64E                                      r  u_dmem/mem_reg_1792_2047_4_4/RAMS64E_A/ADR0
  -------------------------------------------------------------------    -------------------

                         (clock clk rise edge)        0.000     0.000 r  
                                                      0.000     0.000 r  clk (IN)
                         net (fo=9469, unset)         0.432     0.432    u_dmem/mem_reg_1792_2047_4_4/WCLK
    SLICE_X6Y81          RAMS64E                                      r  u_dmem/mem_reg_1792_2047_4_4/RAMS64E_A/CLK
                         clock pessimism              0.000     0.432    
    SLICE_X6Y81          RAMS64E (Hold_rams64e_CLK_ADR0)
                                                      0.310     0.742    u_dmem/mem_reg_1792_2047_4_4/RAMS64E_A
  -------------------------------------------------------------------
                         required time                         -0.742    
                         arrival time                           0.879    
  -------------------------------------------------------------------
                         slack                                  0.137    

Slack (MET) :             0.137ns  (arrival time - required time)
  Source:                 u_ex2_mem/alu_result_out_reg[2]_rep__2/C
                            (rising edge-triggered cell FDCE clocked by clk  {rise@0.000ns fall@2.500ns period=5.000ns})
  Destination:            u_dmem/mem_reg_1792_2047_4_4/RAMS64E_B/ADR0
                            (rising edge-triggered cell RAMS64E clocked by clk  {rise@0.000ns fall@2.500ns period=5.000ns})
  Path Group:             clk
  Path Type:              Hold (Min at Fast Process Corner)
  Requirement:            0.000ns  (clk rise@0.000ns - clk rise@0.000ns)
  Data Path Delay:        0.469ns  (logic 0.141ns (30.064%)  route 0.328ns (69.936%))
  Logic Levels:           0  
  Clock Path Skew:        0.022ns (DCD - SCD - CPR)
    Destination Clock Delay (DCD):    0.432ns
    Source Clock Delay      (SCD):    0.410ns
    Clock Pessimism Removal (CPR):    -0.000ns

    Location             Delay type                Incr(ns)  Path(ns)    Netlist Resource(s)
  -------------------------------------------------------------------    -------------------
                         (clock clk rise edge)        0.000     0.000 r  
                                                      0.000     0.000 r  clk (IN)
                         net (fo=9469, unset)         0.410     0.410    u_ex2_mem/clk
    SLICE_X7Y82          FDCE                                         r  u_ex2_mem/alu_result_out_reg[2]_rep__2/C
  -------------------------------------------------------------------    -------------------
    SLICE_X7Y82          FDCE (Prop_fdce_C_Q)         0.141     0.551 r  u_ex2_mem/alu_result_out_reg[2]_rep__2/Q
                         net (fo=128, routed)         0.328     0.879    u_dmem/mem_reg_1792_2047_4_4/A0
    SLICE_X6Y81          RAMS64E                                      r  u_dmem/mem_reg_1792_2047_4_4/RAMS64E_B/ADR0
  -------------------------------------------------------------------    -------------------

                         (clock clk rise edge)        0.000     0.000 r  
                                                      0.000     0.000 r  clk (IN)
                         net (fo=9469, unset)         0.432     0.432    u_dmem/mem_reg_1792_2047_4_4/WCLK
    SLICE_X6Y81          RAMS64E                                      r  u_dmem/mem_reg_1792_2047_4_4/RAMS64E_B/CLK
                         clock pessimism              0.000     0.432    
    SLICE_X6Y81          RAMS64E (Hold_rams64e_CLK_ADR0)
                                                      0.310     0.742    u_dmem/mem_reg_1792_2047_4_4/RAMS64E_B
  -------------------------------------------------------------------
                         required time                         -0.742    
                         arrival time                           0.879    
  -------------------------------------------------------------------
                         slack                                  0.137    

Slack (MET) :             0.137ns  (arrival time - required time)
  Source:                 u_ex2_mem/alu_result_out_reg[2]_rep__2/C
                            (rising edge-triggered cell FDCE clocked by clk  {rise@0.000ns fall@2.500ns period=5.000ns})
  Destination:            u_dmem/mem_reg_1792_2047_4_4/RAMS64E_C/ADR0
                            (rising edge-triggered cell RAMS64E clocked by clk  {rise@0.000ns fall@2.500ns period=5.000ns})
  Path Group:             clk
  Path Type:              Hold (Min at Fast Process Corner)
  Requirement:            0.000ns  (clk rise@0.000ns - clk rise@0.000ns)
  Data Path Delay:        0.469ns  (logic 0.141ns (30.064%)  route 0.328ns (69.936%))
  Logic Levels:           0  
  Clock Path Skew:        0.022ns (DCD - SCD - CPR)
    Destination Clock Delay (DCD):    0.432ns
    Source Clock Delay      (SCD):    0.410ns
    Clock Pessimism Removal (CPR):    -0.000ns

    Location             Delay type                Incr(ns)  Path(ns)    Netlist Resource(s)
  -------------------------------------------------------------------    -------------------
                         (clock clk rise edge)        0.000     0.000 r  
                                                      0.000     0.000 r  clk (IN)
                         net (fo=9469, unset)         0.410     0.410    u_ex2_mem/clk
    SLICE_X7Y82          FDCE                                         r  u_ex2_mem/alu_result_out_reg[2]_rep__2/C
  -------------------------------------------------------------------    -------------------
    SLICE_X7Y82          FDCE (Prop_fdce_C_Q)         0.141     0.551 r  u_ex2_mem/alu_result_out_reg[2]_rep__2/Q
                         net (fo=128, routed)         0.328     0.879    u_dmem/mem_reg_1792_2047_4_4/A0
    SLICE_X6Y81          RAMS64E                                      r  u_dmem/mem_reg_1792_2047_4_4/RAMS64E_C/ADR0
  -------------------------------------------------------------------    -------------------

                         (clock clk rise edge)        0.000     0.000 r  
                                                      0.000     0.000 r  clk (IN)
                         net (fo=9469, unset)         0.432     0.432    u_dmem/mem_reg_1792_2047_4_4/WCLK
    SLICE_X6Y81          RAMS64E                                      r  u_dmem/mem_reg_1792_2047_4_4/RAMS64E_C/CLK
                         clock pessimism              0.000     0.432    
    SLICE_X6Y81          RAMS64E (Hold_rams64e_CLK_ADR0)
                                                      0.310     0.742    u_dmem/mem_reg_1792_2047_4_4/RAMS64E_C
  -------------------------------------------------------------------
                         required time                         -0.742    
                         arrival time                           0.879    
  -------------------------------------------------------------------
                         slack                                  0.137    

Slack (MET) :             0.137ns  (arrival time - required time)
  Source:                 u_ex2_mem/alu_result_out_reg[2]_rep__2/C
                            (rising edge-triggered cell FDCE clocked by clk  {rise@0.000ns fall@2.500ns period=5.000ns})
  Destination:            u_dmem/mem_reg_1792_2047_4_4/RAMS64E_D/ADR0
                            (rising edge-triggered cell RAMS64E clocked by clk  {rise@0.000ns fall@2.500ns period=5.000ns})
  Path Group:             clk
  Path Type:              Hold (Min at Fast Process Corner)
  Requirement:            0.000ns  (clk rise@0.000ns - clk rise@0.000ns)
  Data Path Delay:        0.469ns  (logic 0.141ns (30.064%)  route 0.328ns (69.936%))
  Logic Levels:           0  
  Clock Path Skew:        0.022ns (DCD - SCD - CPR)
    Destination Clock Delay (DCD):    0.432ns
    Source Clock Delay      (SCD):    0.410ns
    Clock Pessimism Removal (CPR):    -0.000ns

    Location             Delay type                Incr(ns)  Path(ns)    Netlist Resource(s)
  -------------------------------------------------------------------    -------------------
                         (clock clk rise edge)        0.000     0.000 r  
                                                      0.000     0.000 r  clk (IN)
                         net (fo=9469, unset)         0.410     0.410    u_ex2_mem/clk
    SLICE_X7Y82          FDCE                                         r  u_ex2_mem/alu_result_out_reg[2]_rep__2/C
  -------------------------------------------------------------------    -------------------
    SLICE_X7Y82          FDCE (Prop_fdce_C_Q)         0.141     0.551 r  u_ex2_mem/alu_result_out_reg[2]_rep__2/Q
                         net (fo=128, routed)         0.328     0.879    u_dmem/mem_reg_1792_2047_4_4/A0
    SLICE_X6Y81          RAMS64E                                      r  u_dmem/mem_reg_1792_2047_4_4/RAMS64E_D/ADR0
  -------------------------------------------------------------------    -------------------

                         (clock clk rise edge)        0.000     0.000 r  
                                                      0.000     0.000 r  clk (IN)
                         net (fo=9469, unset)         0.432     0.432    u_dmem/mem_reg_1792_2047_4_4/WCLK
    SLICE_X6Y81          RAMS64E                                      r  u_dmem/mem_reg_1792_2047_4_4/RAMS64E_D/CLK
                         clock pessimism              0.000     0.432    
    SLICE_X6Y81          RAMS64E (Hold_rams64e_CLK_ADR0)
                                                      0.310     0.742    u_dmem/mem_reg_1792_2047_4_4/RAMS64E_D
  -------------------------------------------------------------------
                         required time                         -0.742    
                         arrival time                           0.879    
  -------------------------------------------------------------------
                         slack                                  0.137    

Slack (MET) :             0.140ns  (arrival time - required time)
  Source:                 u_id_ex1/predict_taken_out_reg/C
                            (rising edge-triggered cell FDCE clocked by clk  {rise@0.000ns fall@2.500ns period=5.000ns})
  Destination:            u_ex1_ex2/predict_taken_out_reg/D
                            (rising edge-triggered cell FDCE clocked by clk  {rise@0.000ns fall@2.500ns period=5.000ns})
  Path Group:             clk
  Path Type:              Hold (Min at Fast Process Corner)
  Requirement:            0.000ns  (clk rise@0.000ns - clk rise@0.000ns)
  Data Path Delay:        0.282ns  (logic 0.186ns (65.917%)  route 0.096ns (34.083%))
  Logic Levels:           1  (LUT2=1)
  Clock Path Skew:        0.022ns (DCD - SCD - CPR)
    Destination Clock Delay (DCD):    0.432ns
    Source Clock Delay      (SCD):    0.410ns
    Clock Pessimism Removal (CPR):    -0.000ns

    Location             Delay type                Incr(ns)  Path(ns)    Netlist Resource(s)
  -------------------------------------------------------------------    -------------------
                         (clock clk rise edge)        0.000     0.000 r  
                                                      0.000     0.000 r  clk (IN)
                         net (fo=9469, unset)         0.410     0.410    u_id_ex1/clk
    SLICE_X33Y104        FDCE                                         r  u_id_ex1/predict_taken_out_reg/C
  -------------------------------------------------------------------    -------------------
    SLICE_X33Y104        FDCE (Prop_fdce_C_Q)         0.141     0.551 r  u_id_ex1/predict_taken_out_reg/Q
                         net (fo=1, routed)           0.096     0.647    u_id_ex1/ex1_predicted_taken
    SLICE_X30Y104        LUT2 (Prop_lut2_I0_O)        0.045     0.692 r  u_id_ex1/predict_taken_out_i_1__0/O
                         net (fo=1, routed)           0.000     0.692    u_ex1_ex2/predict_taken_out_reg_1
    SLICE_X30Y104        FDCE                                         r  u_ex1_ex2/predict_taken_out_reg/D
  -------------------------------------------------------------------    -------------------

                         (clock clk rise edge)        0.000     0.000 r  
                                                      0.000     0.000 r  clk (IN)
                         net (fo=9469, unset)         0.432     0.432    u_ex1_ex2/clk
    SLICE_X30Y104        FDCE                                         r  u_ex1_ex2/predict_taken_out_reg/C
                         clock pessimism              0.000     0.432    
    SLICE_X30Y104        FDCE (Hold_fdce_C_D)         0.121     0.553    u_ex1_ex2/predict_taken_out_reg
  -------------------------------------------------------------------
                         required time                         -0.553    
                         arrival time                           0.692    
  -------------------------------------------------------------------
                         slack                                  0.140    




