Copyright 1986-2022 Xilinx, Inc. All Rights Reserved. Copyright 2022-2024 Advanced Micro Devices, Inc. All Rights Reserved.
---------------------------------------------------------------------------------------------------------------------------------------------
| Tool Version : Vivado v.2024.2 (win64) Build 5239630 Fri Nov 08 22:35:27 MST 2024
| Date         : Thu Sep 17 15:54:28 2026
| Host         : PavilionPlus1 running 64-bit major release  (build 9200)
| Command      : report_timing_summary -report_unconstrained -file V:/stage6_baseline/wlblock/timing_summary.rpt
| Design       : rv32i_pipeline_top
| Device       : 7a35t-cpg236
| Speed File   : -1  PRODUCTION 1.23 2018-06-13
| Design State : Routed
---------------------------------------------------------------------------------------------------------------------------------------------

Timing Summary Report

------------------------------------------------------------------------------------------------
| Timer Settings
| --------------
------------------------------------------------------------------------------------------------

  Enable Multi Corner Analysis               :  Yes
  Enable Pessimism Removal                   :  Yes
  Pessimism Removal Resolution               :  Nearest Common Node
  Enable Input Delay Default Clock           :  No
  Enable Preset / Clear Arcs                 :  No
  Disable Flight Delays                      :  No
  Ignore I/O Paths                           :  No
  Timing Early Launch at Borrowing Latches   :  No
  Borrow Time for Max Delay Exceptions       :  Yes
  Merge Timing Exceptions                    :  Yes
  Inter-SLR Compensation                     :  Conservative

  Corner  Analyze    Analyze    
  Name    Max Paths  Min Paths  
  ------  ---------  ---------  
  Slow    Yes        Yes        
  Fast    Yes        Yes        


------------------------------------------------------------------------------------------------
| Report Methodology
| ------------------
------------------------------------------------------------------------------------------------

Rule       Severity  Description                                                Violations  
---------  --------  ---------------------------------------------------------  ----------  
DPIR-1     Warning   Asynchronous driver check                                  414         
SYNTH-5    Warning   Mapped onto distributed RAM because of timing constraints  256         
SYNTH-10   Warning   Wide multiplier                                            12          
TIMING-16  Warning   Large setup violation                                      1000        
TIMING-18  Warning   Missing input or output delay                              97          

Note: This report is based on the most recent report_methodology run and may not be up-to-date. Run report_methodology on the current design for the latest report.



check_timing report

Table of Contents
-----------------
1. checking no_clock (0)
2. checking constant_clock (0)
3. checking pulse_width_clock (0)
4. checking unconstrained_internal_endpoints (0)
5. checking no_input_delay (1)
6. checking no_output_delay (96)
7. checking multiple_clock (0)
8. checking generated_clocks (0)
9. checking loops (0)
10. checking partial_input_delay (0)
11. checking partial_output_delay (0)
12. checking latch_loops (0)

1. checking no_clock (0)
------------------------
 There are 0 register/latch pins with no clock.


2. checking constant_clock (0)
------------------------------
 There are 0 register/latch pins with constant_clock.


3. checking pulse_width_clock (0)
---------------------------------
 There are 0 register/latch pins which need pulse_width check


4. checking unconstrained_internal_endpoints (0)
------------------------------------------------
 There are 0 pins that are not constrained for maximum delay.

 There are 0 pins that are not constrained for maximum delay due to constant clock.


5. checking no_input_delay (1)
------------------------------
 There is 1 input port with no input delay specified. (HIGH)

 There are 0 input ports with no input delay but user has a false path constraint.


6. checking no_output_delay (96)
--------------------------------
 There are 96 ports with no output delay specified. (HIGH)

 There are 0 ports with no output delay but user has a false path constraint

 There are 0 ports with no output delay but with a timing clock defined on it or propagating through it


7. checking multiple_clock (0)
------------------------------
 There are 0 register/latch pins with multiple clocks.


8. checking generated_clocks (0)
--------------------------------
 There are 0 generated clocks that are not connected to a clock source.


9. checking loops (0)
---------------------
 There are 0 combinational loops in the design.


10. checking partial_input_delay (0)
------------------------------------
 There are 0 input ports with partial input delay specified.


11. checking partial_output_delay (0)
-------------------------------------
 There are 0 ports with partial output delay specified.


12. checking latch_loops (0)
----------------------------
 There are 0 combinational latch loops in the design through latch input



------------------------------------------------------------------------------------------------
| Design Timing Summary
| ---------------------
------------------------------------------------------------------------------------------------

    WNS(ns)      TNS(ns)  TNS Failing Endpoints  TNS Total Endpoints      WHS(ns)      THS(ns)  THS Failing Endpoints  THS Total Endpoints     WPWS(ns)     TPWS(ns)  TPWS Failing Endpoints  TPWS Total Endpoints  
    -------      -------  ---------------------  -------------------      -------      -------  ---------------------  -------------------     --------     --------  ----------------------  --------------------  
     -3.786   -25933.879                  14130                26809        0.123        0.000                      0                26809        1.250        0.000                       0                  9470  


Timing constraints are not met.


------------------------------------------------------------------------------------------------
| Clock Summary
| -------------
------------------------------------------------------------------------------------------------

Clock  Waveform(ns)         Period(ns)      Frequency(MHz)
-----  ------------         ----------      --------------
clk    {0.000 2.500}        5.000           200.000         


------------------------------------------------------------------------------------------------
| Intra Clock Table
| -----------------
------------------------------------------------------------------------------------------------

Clock             WNS(ns)      TNS(ns)  TNS Failing Endpoints  TNS Total Endpoints      WHS(ns)      THS(ns)  THS Failing Endpoints  THS Total Endpoints     WPWS(ns)     TPWS(ns)  TPWS Failing Endpoints  TPWS Total Endpoints  
-----             -------      -------  ---------------------  -------------------      -------      -------  ---------------------  -------------------     --------     --------  ----------------------  --------------------  
clk                -3.786   -25933.879                  14130                26809        0.123        0.000                      0                26809        1.250        0.000                       0                  9470  


------------------------------------------------------------------------------------------------
| Inter Clock Table
| -----------------
------------------------------------------------------------------------------------------------

From Clock    To Clock          WNS(ns)      TNS(ns)  TNS Failing Endpoints  TNS Total Endpoints      WHS(ns)      THS(ns)  THS Failing Endpoints  THS Total Endpoints  
----------    --------          -------      -------  ---------------------  -------------------      -------      -------  ---------------------  -------------------  


------------------------------------------------------------------------------------------------
| Other Path Groups Table
| -----------------------
------------------------------------------------------------------------------------------------

Path Group    From Clock    To Clock          WNS(ns)      TNS(ns)  TNS Failing Endpoints  TNS Total Endpoints      WHS(ns)      THS(ns)  THS Failing Endpoints  THS Total Endpoints  
----------    ----------    --------          -------      -------  ---------------------  -------------------      -------      -------  ---------------------  -------------------  


------------------------------------------------------------------------------------------------
| User Ignored Path Table
| -----------------------
------------------------------------------------------------------------------------------------

Path Group    From Clock    To Clock    
----------    ----------    --------    


------------------------------------------------------------------------------------------------
| Unconstrained Path Table
| ------------------------
------------------------------------------------------------------------------------------------

Path Group    From Clock    To Clock    
----------    ----------    --------    
(none)        clk                         
(none)                      clk           


------------------------------------------------------------------------------------------------
| Timing Details
| --------------
------------------------------------------------------------------------------------------------


---------------------------------------------------------------------------------------------------
From Clock:  clk
  To Clock:  clk

Setup :        14130  Failing Endpoints,  Worst Slack       -3.786ns,  Total Violation   -25933.879ns
Hold  :            0  Failing Endpoints,  Worst Slack        0.123ns,  Total Violation        0.000ns
PW    :            0  Failing Endpoints,  Worst Slack        1.250ns,  Total Violation        0.000ns
---------------------------------------------------------------------------------------------------


Max Delay Paths
--------------------------------------------------------------------------------------
Slack (VIOLATED) :        -3.786ns  (required time - arrival time)
  Source:                 u_icache/tags_reg[26][6]/C
                            (rising edge-triggered cell FDCE clocked by clk  {rise@0.000ns fall@2.500ns period=5.000ns})
  Destination:            u_icache/data_reg[44][0]/CE
                            (rising edge-triggered cell FDCE clocked by clk  {rise@0.000ns fall@2.500ns period=5.000ns})
  Path Group:             clk
  Path Type:              Setup (Max at Slow Process Corner)
  Requirement:            5.000ns  (clk rise@5.000ns - clk rise@0.000ns)
  Data Path Delay:        8.497ns  (logic 2.224ns (26.174%)  route 6.273ns (73.826%))
  Logic Levels:           9  (CARRY4=2 LUT6=5 MUXF7=1 MUXF8=1)
  Clock Path Skew:        -0.049ns (DCD - SCD + CPR)
    Destination Clock Delay (DCD):    0.924ns = ( 5.924 - 5.000 ) 
    Source Clock Delay      (SCD):    0.973ns
    Clock Pessimism Removal (CPR):    0.000ns
  Clock Uncertainty:      0.035ns  ((TSJ^2 + TIJ^2)^1/2 + DJ) / 2 + PE
    Total System Jitter     (TSJ):    0.071ns
    Total Input Jitter      (TIJ):    0.000ns
    Discrete Jitter          (DJ):    0.000ns
    Phase Error              (PE):    0.000ns

    Location             Delay type                Incr(ns)  Path(ns)    Netlist Resource(s)
  -------------------------------------------------------------------    -------------------
                         (clock clk rise edge)        0.000     0.000 r  
                                                      0.000     0.000 r  clk (IN)
                         net (fo=9469, unset)         0.973     0.973    u_icache/clk
    SLICE_X4Y129         FDCE                                         r  u_icache/tags_reg[26][6]/C
  -------------------------------------------------------------------    -------------------
    SLICE_X4Y129         FDCE (Prop_fdce_C_Q)         0.419     1.392 r  u_icache/tags_reg[26][6]/Q
                         net (fo=1, routed)           1.564     2.956    u_icache/tags_reg[26]_26[6]
    SLICE_X19Y126        LUT6 (Prop_lut6_I1_O)        0.299     3.255 r  u_icache/instr_out[31]_i_632/O
                         net (fo=1, routed)           0.000     3.255    u_icache/instr_out[31]_i_632_n_0
    SLICE_X19Y126        MUXF7 (Prop_muxf7_I0_O)      0.212     3.467 r  u_icache/instr_out_reg[31]_i_315/O
                         net (fo=1, routed)           0.000     3.467    u_icache/instr_out_reg[31]_i_315_n_0
    SLICE_X19Y126        MUXF8 (Prop_muxf8_I1_O)      0.094     3.561 r  u_icache/instr_out_reg[31]_i_156/O
                         net (fo=1, routed)           1.198     4.758    u_icache/instr_out_reg[31]_i_156_n_0
    SLICE_X25Y122        LUT6 (Prop_lut6_I3_O)        0.316     5.074 r  u_icache/instr_out[31]_i_85/O
                         net (fo=1, routed)           0.556     5.630    u_icache/tags[6]
    SLICE_X26Y123        LUT6 (Prop_lut6_I0_O)        0.124     5.754 r  u_icache/instr_out[31]_i_51/O
                         net (fo=1, routed)           0.000     5.754    u_icache/instr_out[31]_i_51_n_0
    SLICE_X26Y123        CARRY4 (Prop_carry4_S[2]_CO[3])
                                                      0.398     6.152 r  u_icache/instr_out_reg[31]_i_21/CO[3]
                         net (fo=1, routed)           0.000     6.152    u_icache/instr_out_reg[31]_i_21_n_0
    SLICE_X26Y124        CARRY4 (Prop_carry4_CI_CO[3])
                                                      0.114     6.266 f  u_icache/instr_out_reg[31]_i_8/CO[3]
                         net (fo=1, routed)           0.630     6.896    u_icache/hit0
    SLICE_X27Y125        LUT6 (Prop_lut6_I5_O)        0.124     7.020 f  u_icache/instr_out[31]_i_3/O
                         net (fo=96, routed)          0.936     7.955    u_pc/data_reg[14][0]_0
    SLICE_X26Y125        LUT6 (Prop_lut6_I5_O)        0.124     8.079 r  u_pc/tags[44][23]_i_1/O
                         net (fo=57, routed)          1.391     9.470    u_icache/data_reg[44][0]_0[0]
    SLICE_X5Y123         FDCE                                         r  u_icache/data_reg[44][0]/CE
  -------------------------------------------------------------------    -------------------

                         (clock clk rise edge)        5.000     5.000 r  
                                                      0.000     5.000 r  clk (IN)
                         net (fo=9469, unset)         0.924     5.924    u_icache/clk
    SLICE_X5Y123         FDCE                                         r  u_icache/data_reg[44][0]/C
                         clock pessimism              0.000     5.924    
                         clock uncertainty           -0.035     5.889    
    SLICE_X5Y123         FDCE (Setup_fdce_C_CE)      -0.205     5.684    u_icache/data_reg[44][0]
  -------------------------------------------------------------------
                         required time                          5.684    
                         arrival time                          -9.470    
  -------------------------------------------------------------------
                         slack                                 -3.786    





Min Delay Paths
--------------------------------------------------------------------------------------
Slack (MET) :             0.123ns  (arrival time - required time)
  Source:                 u_mdu/dividend_reg[8]/C
                            (rising edge-triggered cell FDCE clocked by clk  {rise@0.000ns fall@2.500ns period=5.000ns})
  Destination:            u_mdu/dividend_reg[9]/D
                            (rising edge-triggered cell FDCE clocked by clk  {rise@0.000ns fall@2.500ns period=5.000ns})
  Path Group:             clk
  Path Type:              Hold (Min at Fast Process Corner)
  Requirement:            0.000ns  (clk rise@0.000ns - clk rise@0.000ns)
  Data Path Delay:        0.237ns  (logic 0.186ns (78.504%)  route 0.051ns (21.496%))
  Logic Levels:           1  (LUT6=1)
  Clock Path Skew:        0.022ns (DCD - SCD - CPR)
    Destination Clock Delay (DCD):    0.432ns
    Source Clock Delay      (SCD):    0.410ns
    Clock Pessimism Removal (CPR):    -0.000ns

    Location             Delay type                Incr(ns)  Path(ns)    Netlist Resource(s)
  -------------------------------------------------------------------    -------------------
                         (clock clk rise edge)        0.000     0.000 r  
                                                      0.000     0.000 r  clk (IN)
                         net (fo=9469, unset)         0.410     0.410    u_mdu/clk
    SLICE_X4Y64          FDCE                                         r  u_mdu/dividend_reg[8]/C
  -------------------------------------------------------------------    -------------------
    SLICE_X4Y64          FDCE (Prop_fdce_C_Q)         0.141     0.551 r  u_mdu/dividend_reg[8]/Q
                         net (fo=1, routed)           0.051     0.602    u_ex1_ex2/dividend_reg[31][8]
    SLICE_X5Y64          LUT6 (Prop_lut6_I4_O)        0.045     0.647 r  u_ex1_ex2/dividend[9]_i_1/O
                         net (fo=1, routed)           0.000     0.647    u_mdu/dividend_reg[31]_0[9]
    SLICE_X5Y64          FDCE                                         r  u_mdu/dividend_reg[9]/D
  -------------------------------------------------------------------    -------------------

                         (clock clk rise edge)        0.000     0.000 r  
                                                      0.000     0.000 r  clk (IN)
                         net (fo=9469, unset)         0.432     0.432    u_mdu/clk
    SLICE_X5Y64          FDCE                                         r  u_mdu/dividend_reg[9]/C
                         clock pessimism              0.000     0.432    
    SLICE_X5Y64          FDCE (Hold_fdce_C_D)         0.092     0.524    u_mdu/dividend_reg[9]
  -------------------------------------------------------------------
                         required time                         -0.524    
                         arrival time                           0.647    
  -------------------------------------------------------------------
                         slack                                  0.123    





Pulse Width Checks
--------------------------------------------------------------------------------------
Clock Name:         clk
Waveform(ns):       { 0.000 2.500 }
Period(ns):         5.000
Sources:            { clk }

Check Type        Corner  Lib Pin      Reference Pin  Required(ns)  Actual(ns)  Slack(ns)  Location      Pin
Min Period        n/a     DSP48E1/CLK  n/a            2.154         5.000       2.846      DSP48_X0Y36   u_mdu/mul_ss_out0__0/CLK
Low Pulse Width   Slow    RAMS64E/CLK  n/a            1.250         2.500       1.250      SLICE_X8Y105  u_dmem/mem_reg_0_255_0_0/RAMS64E_A/CLK
High Pulse Width  Slow    RAMS64E/CLK  n/a            1.250         2.500       1.250      SLICE_X8Y105  u_dmem/mem_reg_0_255_0_0/RAMS64E_A/CLK



--------------------------------------------------------------------------------------
Path Group:  (none)
From Clock:  clk
  To Clock:  

Max Delay            96 Endpoints
Min Delay            96 Endpoints
--------------------------------------------------------------------------------------


Max Delay Paths
--------------------------------------------------------------------------------------
Slack:                    inf
  Source:                 u_ex1_ex2/alu_b_out_reg[0]/C
                            (rising edge-triggered cell FDCE clocked by clk  {rise@0.000ns fall@2.500ns period=5.000ns})
  Destination:            debug_alu_result[26]
                            (output port)
  Path Group:             (none)
  Path Type:              Max at Slow Process Corner
  Data Path Delay:        6.279ns  (logic 0.952ns (15.161%)  route 5.327ns (84.839%))
  Logic Levels:           4  (LUT5=1 LUT6=3)
  Clock Uncertainty:      0.025ns  ((TSJ^2 + TIJ^2)^1/2 + DJ) / 2 + PE
    Total System Jitter     (TSJ):    0.050ns
    Total Input Jitter      (TIJ):    0.000ns
    Discrete Jitter          (DJ):    0.000ns
    Phase Error              (PE):    0.000ns

    Location             Delay type                Incr(ns)  Path(ns)    Netlist Resource(s)
  -------------------------------------------------------------------    -------------------
                         (clock clk rise edge)        0.000     0.000 r  
                                                      0.000     0.000 r  clk (IN)
                         net (fo=9469, unset)         0.973     0.973    u_ex1_ex2/clk
    SLICE_X33Y90         FDCE                                         r  u_ex1_ex2/alu_b_out_reg[0]/C
  -------------------------------------------------------------------    -------------------
    SLICE_X33Y90         FDCE (Prop_fdce_C_Q)         0.456     1.429 r  u_ex1_ex2/alu_b_out_reg[0]/Q
                         net (fo=88, routed)          1.833     3.262    u_ex1_ex2/ex2_alu_b[0]
    SLICE_X56Y91         LUT6 (Prop_lut6_I2_O)        0.124     3.386 r  u_ex1_ex2/debug_alu_result[30]_INST_0_i_11/O
                         net (fo=3, routed)           0.878     4.264    u_ex1_ex2/debug_alu_result[30]_INST_0_i_11_n_0
    SLICE_X57Y92         LUT6 (Prop_lut6_I1_O)        0.124     4.388 r  u_ex1_ex2/debug_alu_result[26]_INST_0_i_6/O
                         net (fo=1, routed)           0.911     5.299    u_ex1_ex2/debug_alu_result[26]_INST_0_i_6_n_0
    SLICE_X49Y93         LUT6 (Prop_lut6_I0_O)        0.124     5.423 r  u_ex1_ex2/debug_alu_result[26]_INST_0_i_2/O
                         net (fo=1, routed)           0.732     6.155    u_ex1_ex2/debug_alu_result[26]_INST_0_i_2_n_0
    SLICE_X47Y94         LUT5 (Prop_lut5_I2_O)        0.124     6.279 r  u_ex1_ex2/debug_alu_result[26]_INST_0/O
                         net (fo=2, unset)            0.973     7.252    debug_alu_result[26]
                                                                      r  debug_alu_result[26] (OUT)
  -------------------------------------------------------------------    -------------------





Min Delay Paths
--------------------------------------------------------------------------------------
Slack:                    inf
  Source:                 u_pc/pc_out_reg[10]/C
                            (rising edge-triggered cell FDCE clocked by clk  {rise@0.000ns fall@2.500ns period=5.000ns})
  Destination:            debug_pc[10]
                            (output port)
  Path Group:             (none)
  Path Type:              Min at Fast Process Corner
  Data Path Delay:        0.538ns  (logic 0.128ns (23.786%)  route 0.410ns (76.214%))
  Logic Levels:           0  
  Clock Uncertainty:      0.025ns  ((TSJ^2 + TIJ^2)^1/2 + DJ) / 2 + PE
    Total System Jitter     (TSJ):    0.050ns
    Total Input Jitter      (TIJ):    0.000ns
    Discrete Jitter          (DJ):    0.000ns
    Phase Error              (PE):    0.000ns

    Location             Delay type                Incr(ns)  Path(ns)    Netlist Resource(s)
  -------------------------------------------------------------------    -------------------
                         (clock clk rise edge)        0.000     0.000 r  
                                                      0.000     0.000 r  clk (IN)
                         net (fo=9469, unset)         0.410     0.410    u_pc/clk
    SLICE_X35Y108        FDCE                                         r  u_pc/pc_out_reg[10]/C
  -------------------------------------------------------------------    -------------------
    SLICE_X35Y108        FDCE (Prop_fdce_C_Q)         0.128     0.538 r  u_pc/pc_out_reg[10]/Q
                         net (fo=100, unset)          0.410     0.948    debug_pc[10]
                                                                      r  debug_pc[10] (OUT)
  -------------------------------------------------------------------    -------------------





--------------------------------------------------------------------------------------
Path Group:  (none)
From Clock:  
  To Clock:  clk

Max Delay          8440 Endpoints
Min Delay          8440 Endpoints
--------------------------------------------------------------------------------------


Max Delay Paths
--------------------------------------------------------------------------------------
Slack:                    inf
  Source:                 rst_n
                            (input port)
  Destination:            u_regfile/regs_reg[14][15]/CLR
                            (recovery check against rising-edge clock clk  {rise@0.000ns fall@2.500ns period=5.000ns})
  Path Group:             (none)
  Path Type:              Recovery (Max at Slow Process Corner)
  Data Path Delay:        25.049ns  (logic 0.124ns (0.495%)  route 24.925ns (99.505%))
  Logic Levels:           1  (LUT1=1)
  Clock Path Skew:        0.924ns (DCD - SCD + CPR)
    Destination Clock Delay (DCD):    0.924ns
    Source Clock Delay      (SCD):    0.000ns
    Clock Pessimism Removal (CPR):    0.000ns
  Clock Uncertainty:      0.025ns  ((TSJ^2 + TIJ^2)^1/2 + DJ) / 2 + PE
    Total System Jitter     (TSJ):    0.050ns
    Total Input Jitter      (TIJ):    0.000ns
    Discrete Jitter          (DJ):    0.000ns
    Phase Error              (PE):    0.000ns

    Location             Delay type                Incr(ns)  Path(ns)    Netlist Resource(s)
  -------------------------------------------------------------------    -------------------
                                                      0.000     0.000 r  rst_n (IN)
                         net (fo=1, unset)            0.973     0.973    u_icache/rst_n
    SLICE_X43Y143        LUT1 (Prop_lut1_I0_O)        0.124     1.097 f  u_icache/pc_out[31]_i_3/O
                         net (fo=6584, routed)       23.952    25.049    u_regfile/p_0_in
    SLICE_X58Y83         FDCE                                         f  u_regfile/regs_reg[14][15]/CLR
  -------------------------------------------------------------------    -------------------

                         (clock clk rise edge)        0.000     0.000 r  
                                                      0.000     0.000 r  clk (IN)
                         net (fo=9469, unset)         0.924     0.924    u_regfile/clk
    SLICE_X58Y83         FDCE                                         r  u_regfile/regs_reg[14][15]/C





Min Delay Paths
--------------------------------------------------------------------------------------
Slack:                    inf
  Source:                 rst_n
                            (input port)
  Destination:            u_icache/data_reg[4][22]/CLR
                            (removal check against rising-edge clock clk  {rise@0.000ns fall@2.500ns period=5.000ns})
  Path Group:             (none)
  Path Type:              Removal (Min at Fast Process Corner)
  Data Path Delay:        0.704ns  (logic 0.045ns (6.395%)  route 0.659ns (93.605%))
  Logic Levels:           1  (LUT1=1)
  Clock Path Skew:        0.432ns (DCD - SCD - CPR)
    Destination Clock Delay (DCD):    0.432ns
    Source Clock Delay      (SCD):    0.000ns
    Clock Pessimism Removal (CPR):    -0.000ns

    Location             Delay type                Incr(ns)  Path(ns)    Netlist Resource(s)
  -------------------------------------------------------------------    -------------------
                                                      0.000     0.000 r  rst_n (IN)
                         net (fo=1, unset)            0.410     0.410    u_icache/rst_n
    SLICE_X43Y143        LUT1 (Prop_lut1_I0_O)        0.045     0.455 f  u_icache/pc_out[31]_i_3/O
                         net (fo=6584, routed)        0.248     0.704    u_icache/p_0_in
    SLICE_X36Y143        FDCE                                         f  u_icache/data_reg[4][22]/CLR
  -------------------------------------------------------------------    -------------------

                         (clock clk rise edge)        0.000     0.000 r  
                                                      0.000     0.000 r  clk (IN)
                         net (fo=9469, unset)         0.432     0.432    u_icache/clk
    SLICE_X36Y143        FDCE                                         r  u_icache/data_reg[4][22]/C





