Copyright 1986-2022 Xilinx, Inc. All Rights Reserved. Copyright 2022-2024 Advanced Micro Devices, Inc. All Rights Reserved.
---------------------------------------------------------------------------------------------------------------------------------------------
| Tool Version : Vivado v.2024.2 (win64) Build 5239630 Fri Nov 08 22:35:27 MST 2024
| Date         : Thu Sep 17 15:54:22 2026
| Host         : PavilionPlus1 running 64-bit major release  (build 9200)
| Command      : report_utilization -hierarchical -file V:/stage6_baseline/wlblock/utilization_hierarchical.rpt
| Design       : rv32i_pipeline_top
| Device       : xc7a35tcpg236-1
| Speed File   : -1
| Design State : Routed
---------------------------------------------------------------------------------------------------------------------------------------------

Utilization Design Information

Table of Contents
-----------------
1. Utilization by Hierarchy

1. Utilization by Hierarchy
---------------------------

+------------------------+------------------+------------+------------+---------+------+------+--------+--------+------------+
|        Instance        |      Module      | Total LUTs | Logic LUTs | LUTRAMs | SRLs |  FFs | RAMB36 | RAMB18 | DSP Blocks |
+------------------------+------------------+------------+------------+---------+------+------+--------+--------+------------+
| rv32i_pipeline_top     |            (top) |       7614 |       6590 |    1024 |    0 | 8440 |      0 |      0 |         12 |
|   (rv32i_pipeline_top) |            (top) |          0 |          0 |       0 |    0 |    6 |      0 |      0 |          0 |
|   u_bp                 | branch_predictor |        707 |        707 |       0 |    0 | 2022 |      0 |      0 |          0 |
|   u_csr                |         csr_unit |        131 |        131 |       0 |    0 |  480 |      0 |      0 |          0 |
|   u_dmem               |             dmem |       1098 |         74 |    1024 |    0 |    0 |      0 |      0 |          0 |
|   u_ex1_ex2            |     pipe_ex1_ex2 |       1776 |       1776 |       0 |    0 |  297 |      0 |      0 |          0 |
|   u_ex2_mem            |      pipe_ex_mem |        222 |        222 |       0 |    0 |  237 |      0 |      0 |          0 |
|   u_icache             |           icache |       1011 |       1011 |       0 |    0 | 3648 |      0 |      0 |          0 |
|   u_id_ex1             |       pipe_id_ex |        722 |        722 |       0 |    0 |  153 |      0 |      0 |          0 |
|   u_if_id              |       pipe_if_id |        177 |        177 |       0 |    0 |   96 |      0 |      0 |          0 |
|   u_imem               |             imem |        123 |        123 |       0 |    0 |    0 |      0 |      0 |          0 |
|   u_imm_gen            |          imm_gen |          2 |          2 |       0 |    0 |    0 |      0 |      0 |          0 |
|   u_mdu                |              mdu |        407 |        407 |       0 |    0 |  251 |      0 |      0 |         12 |
|   u_mem_wb             |      pipe_mem_wb |       1040 |       1040 |       0 |    0 |  154 |      0 |      0 |          0 |
|   u_pc                 |               pc |        200 |        200 |       0 |    0 |   72 |      0 |      0 |          0 |
|   u_regfile            |          regfile |          0 |          0 |       0 |    0 | 1024 |      0 |      0 |          0 |
+------------------------+------------------+------------+------------+---------+------+------+--------+--------+------------+
* Note: The sum of lower-level cells may be larger than their parent cells total, due to cross-hierarchy LUT combining


