Copyright 1986-2022 Xilinx, Inc. All Rights Reserved. Copyright 2022-2024 Advanced Micro Devices, Inc. All Rights Reserved.
---------------------------------------------------------------------------------------------------------------------------------------------
| Tool Version : Vivado v.2024.2 (win64) Build 5239630 Fri Nov 08 22:35:27 MST 2024
| Date         : Thu Sep 17 21:12:25 2026
| Host         : PavilionPlus1 running 64-bit major release  (build 9200)
| Command      : report_timing -delay_type max -max_paths 10 -file V:/stage8_sgf/explore/critical_setup_paths.rpt
| Design       : rv32i_pipeline_8stage_sgf_top
| Device       : 7a35t-cpg236
| Speed File   : -1  PRODUCTION 1.23 2018-06-13
| Design State : Routed
---------------------------------------------------------------------------------------------------------------------------------------------

Timing Report

Slack (VIOLATED) :        -3.739ns  (required time - arrival time)
  Source:                 u_pc/pc_out_reg[2]_rep__3/C
                            (rising edge-triggered cell FDCE clocked by clk  {rise@0.000ns fall@2.500ns period=5.000ns})
  Destination:            u_icache/data_reg[31][19]/CE
                            (rising edge-triggered cell FDCE clocked by clk  {rise@0.000ns fall@2.500ns period=5.000ns})
  Path Group:             clk
  Path Type:              Setup (Max at Slow Process Corner)
  Requirement:            5.000ns  (clk rise@5.000ns - clk rise@0.000ns)
  Data Path Delay:        8.450ns  (logic 2.021ns (23.918%)  route 6.429ns (76.082%))
  Logic Levels:           8  (CARRY4=1 LUT6=5 MUXF7=1 MUXF8=1)
  Clock Path Skew:        -0.049ns (DCD - SCD + CPR)
    Destination Clock Delay (DCD):    0.924ns = ( 5.924 - 5.000 ) 
    Source Clock Delay      (SCD):    0.973ns
    Clock Pessimism Removal (CPR):    0.000ns
  Clock Uncertainty:      0.035ns  ((TSJ^2 + TIJ^2)^1/2 + DJ) / 2 + PE
    Total System Jitter     (TSJ):    0.071ns
    Total Input Jitter      (TIJ):    0.000ns
    Discrete Jitter          (DJ):    0.000ns
    Phase Error              (PE):    0.000ns

    Location             Delay type                Incr(ns)  Path(ns)    Netlist Resource(s)
  -------------------------------------------------------------------    -------------------
                         (clock clk rise edge)        0.000     0.000 r  
                                                      0.000     0.000 r  clk (IN)
                         net (fo=9777, unset)         0.973     0.973    u_pc/clk
    SLICE_X34Y26         FDCE                                         r  u_pc/pc_out_reg[2]_rep__3/C
  -------------------------------------------------------------------    -------------------
    SLICE_X34Y26         FDCE (Prop_fdce_C_Q)         0.518     1.491 r  u_pc/pc_out_reg[2]_rep__3/Q
                         net (fo=116, routed)         1.568     3.059    u_icache/instr_out_reg[28]_i_8_0
    SLICE_X15Y19         LUT6 (Prop_lut6_I4_O)        0.124     3.183 r  u_icache/tags[0][23]_i_424/O
                         net (fo=1, routed)           0.000     3.183    u_icache/tags[0][23]_i_424_n_0
    SLICE_X15Y19         MUXF7 (Prop_muxf7_I1_O)      0.217     3.400 r  u_icache/tags_reg[0][23]_i_196/O
                         net (fo=1, routed)           0.000     3.400    u_icache/tags_reg[0][23]_i_196_n_0
    SLICE_X15Y19         MUXF8 (Prop_muxf8_I1_O)      0.094     3.494 r  u_icache/tags_reg[0][23]_i_82/O
                         net (fo=1, routed)           0.995     4.489    u_icache/tags_reg[0][23]_i_82_n_0
    SLICE_X35Y19         LUT6 (Prop_lut6_I1_O)        0.316     4.805 r  u_icache/tags[0][23]_i_45/O
                         net (fo=1, routed)           0.870     5.675    u_icache/tags[20]
    SLICE_X34Y16         LUT6 (Prop_lut6_I3_O)        0.124     5.799 r  u_icache/tags[0][23]_i_18/O
                         net (fo=1, routed)           0.000     5.799    u_icache/tags[0][23]_i_18_n_0
    SLICE_X34Y16         CARRY4 (Prop_carry4_S[2]_CO[3])
                                                      0.380     6.179 f  u_icache/tags_reg[0][23]_i_7/CO[3]
                         net (fo=1, routed)           0.742     6.922    u_icache/hit0
    SLICE_X36Y16         LUT6 (Prop_lut6_I5_O)        0.124     7.046 f  u_icache/tags[0][23]_i_3/O
                         net (fo=96, routed)          1.091     8.137    u_pc/data_reg[14][0]_0
    SLICE_X52Y14         LUT6 (Prop_lut6_I5_O)        0.124     8.261 r  u_pc/tags[31][23]_i_1/O
                         net (fo=57, routed)          1.162     9.423    u_icache/data_reg[31][0]_0[0]
    SLICE_X62Y14         FDCE                                         r  u_icache/data_reg[31][19]/CE
  -------------------------------------------------------------------    -------------------

                         (clock clk rise edge)        5.000     5.000 r  
                                                      0.000     5.000 r  clk (IN)
                         net (fo=9777, unset)         0.924     5.924    u_icache/clk
    SLICE_X62Y14         FDCE                                         r  u_icache/data_reg[31][19]/C
                         clock pessimism              0.000     5.924    
                         clock uncertainty           -0.035     5.889    
    SLICE_X62Y14         FDCE (Setup_fdce_C_CE)      -0.205     5.684    u_icache/data_reg[31][19]
  -------------------------------------------------------------------
                         required time                          5.684    
                         arrival time                          -9.423    
  -------------------------------------------------------------------
                         slack                                 -3.739    

Slack (VIOLATED) :        -3.739ns  (required time - arrival time)
  Source:                 u_pc/pc_out_reg[2]_rep__3/C
                            (rising edge-triggered cell FDCE clocked by clk  {rise@0.000ns fall@2.500ns period=5.000ns})
  Destination:            u_icache/data_reg[31][1]/CE
                            (rising edge-triggered cell FDCE clocked by clk  {rise@0.000ns fall@2.500ns period=5.000ns})
  Path Group:             clk
  Path Type:              Setup (Max at Slow Process Corner)
  Requirement:            5.000ns  (clk rise@5.000ns - clk rise@0.000ns)
  Data Path Delay:        8.450ns  (logic 2.021ns (23.918%)  route 6.429ns (76.082%))
  Logic Levels:           8  (CARRY4=1 LUT6=5 MUXF7=1 MUXF8=1)
  Clock Path Skew:        -0.049ns (DCD - SCD + CPR)
    Destination Clock Delay (DCD):    0.924ns = ( 5.924 - 5.000 ) 
    Source Clock Delay      (SCD):    0.973ns
    Clock Pessimism Removal (CPR):    0.000ns
  Clock Uncertainty:      0.035ns  ((TSJ^2 + TIJ^2)^1/2 + DJ) / 2 + PE
    Total System Jitter     (TSJ):    0.071ns
    Total Input Jitter      (TIJ):    0.000ns
    Discrete Jitter          (DJ):    0.000ns
    Phase Error              (PE):    0.000ns

    Location             Delay type                Incr(ns)  Path(ns)    Netlist Resource(s)
  -------------------------------------------------------------------    -------------------
                         (clock clk rise edge)        0.000     0.000 r  
                                                      0.000     0.000 r  clk (IN)
                         net (fo=9777, unset)         0.973     0.973    u_pc/clk
    SLICE_X34Y26         FDCE                                         r  u_pc/pc_out_reg[2]_rep__3/C
  -------------------------------------------------------------------    -------------------
    SLICE_X34Y26         FDCE (Prop_fdce_C_Q)         0.518     1.491 r  u_pc/pc_out_reg[2]_rep__3/Q
                         net (fo=116, routed)         1.568     3.059    u_icache/instr_out_reg[28]_i_8_0
    SLICE_X15Y19         LUT6 (Prop_lut6_I4_O)        0.124     3.183 r  u_icache/tags[0][23]_i_424/O
                         net (fo=1, routed)           0.000     3.183    u_icache/tags[0][23]_i_424_n_0
    SLICE_X15Y19         MUXF7 (Prop_muxf7_I1_O)      0.217     3.400 r  u_icache/tags_reg[0][23]_i_196/O
                         net (fo=1, routed)           0.000     3.400    u_icache/tags_reg[0][23]_i_196_n_0
    SLICE_X15Y19         MUXF8 (Prop_muxf8_I1_O)      0.094     3.494 r  u_icache/tags_reg[0][23]_i_82/O
                         net (fo=1, routed)           0.995     4.489    u_icache/tags_reg[0][23]_i_82_n_0
    SLICE_X35Y19         LUT6 (Prop_lut6_I1_O)        0.316     4.805 r  u_icache/tags[0][23]_i_45/O
                         net (fo=1, routed)           0.870     5.675    u_icache/tags[20]
    SLICE_X34Y16         LUT6 (Prop_lut6_I3_O)        0.124     5.799 r  u_icache/tags[0][23]_i_18/O
                         net (fo=1, routed)           0.000     5.799    u_icache/tags[0][23]_i_18_n_0
    SLICE_X34Y16         CARRY4 (Prop_carry4_S[2]_CO[3])
                                                      0.380     6.179 f  u_icache/tags_reg[0][23]_i_7/CO[3]
                         net (fo=1, routed)           0.742     6.922    u_icache/hit0
    SLICE_X36Y16         LUT6 (Prop_lut6_I5_O)        0.124     7.046 f  u_icache/tags[0][23]_i_3/O
                         net (fo=96, routed)          1.091     8.137    u_pc/data_reg[14][0]_0
    SLICE_X52Y14         LUT6 (Prop_lut6_I5_O)        0.124     8.261 r  u_pc/tags[31][23]_i_1/O
                         net (fo=57, routed)          1.162     9.423    u_icache/data_reg[31][0]_0[0]
    SLICE_X62Y14         FDCE                                         r  u_icache/data_reg[31][1]/CE
  -------------------------------------------------------------------    -------------------

                         (clock clk rise edge)        5.000     5.000 r  
                                                      0.000     5.000 r  clk (IN)
                         net (fo=9777, unset)         0.924     5.924    u_icache/clk
    SLICE_X62Y14         FDCE                                         r  u_icache/data_reg[31][1]/C
                         clock pessimism              0.000     5.924    
                         clock uncertainty           -0.035     5.889    
    SLICE_X62Y14         FDCE (Setup_fdce_C_CE)      -0.205     5.684    u_icache/data_reg[31][1]
  -------------------------------------------------------------------
                         required time                          5.684    
                         arrival time                          -9.423    
  -------------------------------------------------------------------
                         slack                                 -3.739    

Slack (VIOLATED) :        -3.738ns  (required time - arrival time)
  Source:                 u_pc/pc_out_reg[2]_rep__3/C
                            (rising edge-triggered cell FDCE clocked by clk  {rise@0.000ns fall@2.500ns period=5.000ns})
  Destination:            u_icache/data_reg[22][14]/CE
                            (rising edge-triggered cell FDCE clocked by clk  {rise@0.000ns fall@2.500ns period=5.000ns})
  Path Group:             clk
  Path Type:              Setup (Max at Slow Process Corner)
  Requirement:            5.000ns  (clk rise@5.000ns - clk rise@0.000ns)
  Data Path Delay:        8.449ns  (logic 2.021ns (23.920%)  route 6.428ns (76.080%))
  Logic Levels:           8  (CARRY4=1 LUT6=5 MUXF7=1 MUXF8=1)
  Clock Path Skew:        -0.049ns (DCD - SCD + CPR)
    Destination Clock Delay (DCD):    0.924ns = ( 5.924 - 5.000 ) 
    Source Clock Delay      (SCD):    0.973ns
    Clock Pessimism Removal (CPR):    0.000ns
  Clock Uncertainty:      0.035ns  ((TSJ^2 + TIJ^2)^1/2 + DJ) / 2 + PE
    Total System Jitter     (TSJ):    0.071ns
    Total Input Jitter      (TIJ):    0.000ns
    Discrete Jitter          (DJ):    0.000ns
    Phase Error              (PE):    0.000ns

    Location             Delay type                Incr(ns)  Path(ns)    Netlist Resource(s)
  -------------------------------------------------------------------    -------------------
                         (clock clk rise edge)        0.000     0.000 r  
                                                      0.000     0.000 r  clk (IN)
                         net (fo=9777, unset)         0.973     0.973    u_pc/clk
    SLICE_X34Y26         FDCE                                         r  u_pc/pc_out_reg[2]_rep__3/C
  -------------------------------------------------------------------    -------------------
    SLICE_X34Y26         FDCE (Prop_fdce_C_Q)         0.518     1.491 r  u_pc/pc_out_reg[2]_rep__3/Q
                         net (fo=116, routed)         1.568     3.059    u_icache/instr_out_reg[28]_i_8_0
    SLICE_X15Y19         LUT6 (Prop_lut6_I4_O)        0.124     3.183 r  u_icache/tags[0][23]_i_424/O
                         net (fo=1, routed)           0.000     3.183    u_icache/tags[0][23]_i_424_n_0
    SLICE_X15Y19         MUXF7 (Prop_muxf7_I1_O)      0.217     3.400 r  u_icache/tags_reg[0][23]_i_196/O
                         net (fo=1, routed)           0.000     3.400    u_icache/tags_reg[0][23]_i_196_n_0
    SLICE_X15Y19         MUXF8 (Prop_muxf8_I1_O)      0.094     3.494 r  u_icache/tags_reg[0][23]_i_82/O
                         net (fo=1, routed)           0.995     4.489    u_icache/tags_reg[0][23]_i_82_n_0
    SLICE_X35Y19         LUT6 (Prop_lut6_I1_O)        0.316     4.805 r  u_icache/tags[0][23]_i_45/O
                         net (fo=1, routed)           0.870     5.675    u_icache/tags[20]
    SLICE_X34Y16         LUT6 (Prop_lut6_I3_O)        0.124     5.799 r  u_icache/tags[0][23]_i_18/O
                         net (fo=1, routed)           0.000     5.799    u_icache/tags[0][23]_i_18_n_0
    SLICE_X34Y16         CARRY4 (Prop_carry4_S[2]_CO[3])
                                                      0.380     6.179 f  u_icache/tags_reg[0][23]_i_7/CO[3]
                         net (fo=1, routed)           0.742     6.922    u_icache/hit0
    SLICE_X36Y16         LUT6 (Prop_lut6_I5_O)        0.124     7.046 f  u_icache/tags[0][23]_i_3/O
                         net (fo=96, routed)          1.191     8.237    u_pc/data_reg[14][0]_0
    SLICE_X50Y13         LUT6 (Prop_lut6_I5_O)        0.124     8.361 r  u_pc/tags[22][23]_i_1/O
                         net (fo=57, routed)          1.061     9.422    u_icache/data_reg[22][0]_0[0]
    SLICE_X59Y5          FDCE                                         r  u_icache/data_reg[22][14]/CE
  -------------------------------------------------------------------    -------------------

                         (clock clk rise edge)        5.000     5.000 r  
                                                      0.000     5.000 r  clk (IN)
                         net (fo=9777, unset)         0.924     5.924    u_icache/clk
    SLICE_X59Y5          FDCE                                         r  u_icache/data_reg[22][14]/C
                         clock pessimism              0.000     5.924    
                         clock uncertainty           -0.035     5.889    
    SLICE_X59Y5          FDCE (Setup_fdce_C_CE)      -0.205     5.684    u_icache/data_reg[22][14]
  -------------------------------------------------------------------
                         required time                          5.684    
                         arrival time                          -9.422    
  -------------------------------------------------------------------
                         slack                                 -3.738    

Slack (VIOLATED) :        -3.738ns  (required time - arrival time)
  Source:                 u_pc/pc_out_reg[2]_rep__3/C
                            (rising edge-triggered cell FDCE clocked by clk  {rise@0.000ns fall@2.500ns period=5.000ns})
  Destination:            u_icache/data_reg[22][16]/CE
                            (rising edge-triggered cell FDCE clocked by clk  {rise@0.000ns fall@2.500ns period=5.000ns})
  Path Group:             clk
  Path Type:              Setup (Max at Slow Process Corner)
  Requirement:            5.000ns  (clk rise@5.000ns - clk rise@0.000ns)
  Data Path Delay:        8.449ns  (logic 2.021ns (23.920%)  route 6.428ns (76.080%))
  Logic Levels:           8  (CARRY4=1 LUT6=5 MUXF7=1 MUXF8=1)
  Clock Path Skew:        -0.049ns (DCD - SCD + CPR)
    Destination Clock Delay (DCD):    0.924ns = ( 5.924 - 5.000 ) 
    Source Clock Delay      (SCD):    0.973ns
    Clock Pessimism Removal (CPR):    0.000ns
  Clock Uncertainty:      0.035ns  ((TSJ^2 + TIJ^2)^1/2 + DJ) / 2 + PE
    Total System Jitter     (TSJ):    0.071ns
    Total Input Jitter      (TIJ):    0.000ns
    Discrete Jitter          (DJ):    0.000ns
    Phase Error              (PE):    0.000ns

    Location             Delay type                Incr(ns)  Path(ns)    Netlist Resource(s)
  -------------------------------------------------------------------    -------------------
                         (clock clk rise edge)        0.000     0.000 r  
                                                      0.000     0.000 r  clk (IN)
                         net (fo=9777, unset)         0.973     0.973    u_pc/clk
    SLICE_X34Y26         FDCE                                         r  u_pc/pc_out_reg[2]_rep__3/C
  -------------------------------------------------------------------    -------------------
    SLICE_X34Y26         FDCE (Prop_fdce_C_Q)         0.518     1.491 r  u_pc/pc_out_reg[2]_rep__3/Q
                         net (fo=116, routed)         1.568     3.059    u_icache/instr_out_reg[28]_i_8_0
    SLICE_X15Y19         LUT6 (Prop_lut6_I4_O)        0.124     3.183 r  u_icache/tags[0][23]_i_424/O
                         net (fo=1, routed)           0.000     3.183    u_icache/tags[0][23]_i_424_n_0
    SLICE_X15Y19         MUXF7 (Prop_muxf7_I1_O)      0.217     3.400 r  u_icache/tags_reg[0][23]_i_196/O
                         net (fo=1, routed)           0.000     3.400    u_icache/tags_reg[0][23]_i_196_n_0
    SLICE_X15Y19         MUXF8 (Prop_muxf8_I1_O)      0.094     3.494 r  u_icache/tags_reg[0][23]_i_82/O
                         net (fo=1, routed)           0.995     4.489    u_icache/tags_reg[0][23]_i_82_n_0
    SLICE_X35Y19         LUT6 (Prop_lut6_I1_O)        0.316     4.805 r  u_icache/tags[0][23]_i_45/O
                         net (fo=1, routed)           0.870     5.675    u_icache/tags[20]
    SLICE_X34Y16         LUT6 (Prop_lut6_I3_O)        0.124     5.799 r  u_icache/tags[0][23]_i_18/O
                         net (fo=1, routed)           0.000     5.799    u_icache/tags[0][23]_i_18_n_0
    SLICE_X34Y16         CARRY4 (Prop_carry4_S[2]_CO[3])
                                                      0.380     6.179 f  u_icache/tags_reg[0][23]_i_7/CO[3]
                         net (fo=1, routed)           0.742     6.922    u_icache/hit0
    SLICE_X36Y16         LUT6 (Prop_lut6_I5_O)        0.124     7.046 f  u_icache/tags[0][23]_i_3/O
                         net (fo=96, routed)          1.191     8.237    u_pc/data_reg[14][0]_0
    SLICE_X50Y13         LUT6 (Prop_lut6_I5_O)        0.124     8.361 r  u_pc/tags[22][23]_i_1/O
                         net (fo=57, routed)          1.061     9.422    u_icache/data_reg[22][0]_0[0]
    SLICE_X59Y5          FDCE                                         r  u_icache/data_reg[22][16]/CE
  -------------------------------------------------------------------    -------------------

                         (clock clk rise edge)        5.000     5.000 r  
                                                      0.000     5.000 r  clk (IN)
                         net (fo=9777, unset)         0.924     5.924    u_icache/clk
    SLICE_X59Y5          FDCE                                         r  u_icache/data_reg[22][16]/C
                         clock pessimism              0.000     5.924    
                         clock uncertainty           -0.035     5.889    
    SLICE_X59Y5          FDCE (Setup_fdce_C_CE)      -0.205     5.684    u_icache/data_reg[22][16]
  -------------------------------------------------------------------
                         required time                          5.684    
                         arrival time                          -9.422    
  -------------------------------------------------------------------
                         slack                                 -3.738    

Slack (VIOLATED) :        -3.736ns  (required time - arrival time)
  Source:                 u_pc/pc_out_reg[2]_rep__3/C
                            (rising edge-triggered cell FDCE clocked by clk  {rise@0.000ns fall@2.500ns period=5.000ns})
  Destination:            u_icache/data_reg[22][11]/CE
                            (rising edge-triggered cell FDCE clocked by clk  {rise@0.000ns fall@2.500ns period=5.000ns})
  Path Group:             clk
  Path Type:              Setup (Max at Slow Process Corner)
  Requirement:            5.000ns  (clk rise@5.000ns - clk rise@0.000ns)
  Data Path Delay:        8.447ns  (logic 2.021ns (23.926%)  route 6.426ns (76.074%))
  Logic Levels:           8  (CARRY4=1 LUT6=5 MUXF7=1 MUXF8=1)
  Clock Path Skew:        -0.049ns (DCD - SCD + CPR)
    Destination Clock Delay (DCD):    0.924ns = ( 5.924 - 5.000 ) 
    Source Clock Delay      (SCD):    0.973ns
    Clock Pessimism Removal (CPR):    0.000ns
  Clock Uncertainty:      0.035ns  ((TSJ^2 + TIJ^2)^1/2 + DJ) / 2 + PE
    Total System Jitter     (TSJ):    0.071ns
    Total Input Jitter      (TIJ):    0.000ns
    Discrete Jitter          (DJ):    0.000ns
    Phase Error              (PE):    0.000ns

    Location             Delay type                Incr(ns)  Path(ns)    Netlist Resource(s)
  -------------------------------------------------------------------    -------------------
                         (clock clk rise edge)        0.000     0.000 r  
                                                      0.000     0.000 r  clk (IN)
                         net (fo=9777, unset)         0.973     0.973    u_pc/clk
    SLICE_X34Y26         FDCE                                         r  u_pc/pc_out_reg[2]_rep__3/C
  -------------------------------------------------------------------    -------------------
    SLICE_X34Y26         FDCE (Prop_fdce_C_Q)         0.518     1.491 r  u_pc/pc_out_reg[2]_rep__3/Q
                         net (fo=116, routed)         1.568     3.059    u_icache/instr_out_reg[28]_i_8_0
    SLICE_X15Y19         LUT6 (Prop_lut6_I4_O)        0.124     3.183 r  u_icache/tags[0][23]_i_424/O
                         net (fo=1, routed)           0.000     3.183    u_icache/tags[0][23]_i_424_n_0
    SLICE_X15Y19         MUXF7 (Prop_muxf7_I1_O)      0.217     3.400 r  u_icache/tags_reg[0][23]_i_196/O
                         net (fo=1, routed)           0.000     3.400    u_icache/tags_reg[0][23]_i_196_n_0
    SLICE_X15Y19         MUXF8 (Prop_muxf8_I1_O)      0.094     3.494 r  u_icache/tags_reg[0][23]_i_82/O
                         net (fo=1, routed)           0.995     4.489    u_icache/tags_reg[0][23]_i_82_n_0
    SLICE_X35Y19         LUT6 (Prop_lut6_I1_O)        0.316     4.805 r  u_icache/tags[0][23]_i_45/O
                         net (fo=1, routed)           0.870     5.675    u_icache/tags[20]
    SLICE_X34Y16         LUT6 (Prop_lut6_I3_O)        0.124     5.799 r  u_icache/tags[0][23]_i_18/O
                         net (fo=1, routed)           0.000     5.799    u_icache/tags[0][23]_i_18_n_0
    SLICE_X34Y16         CARRY4 (Prop_carry4_S[2]_CO[3])
                                                      0.380     6.179 f  u_icache/tags_reg[0][23]_i_7/CO[3]
                         net (fo=1, routed)           0.742     6.922    u_icache/hit0
    SLICE_X36Y16         LUT6 (Prop_lut6_I5_O)        0.124     7.046 f  u_icache/tags[0][23]_i_3/O
                         net (fo=96, routed)          1.191     8.237    u_pc/data_reg[14][0]_0
    SLICE_X50Y13         LUT6 (Prop_lut6_I5_O)        0.124     8.361 r  u_pc/tags[22][23]_i_1/O
                         net (fo=57, routed)          1.059     9.420    u_icache/data_reg[22][0]_0[0]
    SLICE_X58Y17         FDCE                                         r  u_icache/data_reg[22][11]/CE
  -------------------------------------------------------------------    -------------------

                         (clock clk rise edge)        5.000     5.000 r  
                                                      0.000     5.000 r  clk (IN)
                         net (fo=9777, unset)         0.924     5.924    u_icache/clk
    SLICE_X58Y17         FDCE                                         r  u_icache/data_reg[22][11]/C
                         clock pessimism              0.000     5.924    
                         clock uncertainty           -0.035     5.889    
    SLICE_X58Y17         FDCE (Setup_fdce_C_CE)      -0.205     5.684    u_icache/data_reg[22][11]
  -------------------------------------------------------------------
                         required time                          5.684    
                         arrival time                          -9.420    
  -------------------------------------------------------------------
                         slack                                 -3.736    

Slack (VIOLATED) :        -3.736ns  (required time - arrival time)
  Source:                 u_pc/pc_out_reg[2]_rep__3/C
                            (rising edge-triggered cell FDCE clocked by clk  {rise@0.000ns fall@2.500ns period=5.000ns})
  Destination:            u_icache/data_reg[22][13]/CE
                            (rising edge-triggered cell FDCE clocked by clk  {rise@0.000ns fall@2.500ns period=5.000ns})
  Path Group:             clk
  Path Type:              Setup (Max at Slow Process Corner)
  Requirement:            5.000ns  (clk rise@5.000ns - clk rise@0.000ns)
  Data Path Delay:        8.447ns  (logic 2.021ns (23.926%)  route 6.426ns (76.074%))
  Logic Levels:           8  (CARRY4=1 LUT6=5 MUXF7=1 MUXF8=1)
  Clock Path Skew:        -0.049ns (DCD - SCD + CPR)
    Destination Clock Delay (DCD):    0.924ns = ( 5.924 - 5.000 ) 
    Source Clock Delay      (SCD):    0.973ns
    Clock Pessimism Removal (CPR):    0.000ns
  Clock Uncertainty:      0.035ns  ((TSJ^2 + TIJ^2)^1/2 + DJ) / 2 + PE
    Total System Jitter     (TSJ):    0.071ns
    Total Input Jitter      (TIJ):    0.000ns
    Discrete Jitter          (DJ):    0.000ns
    Phase Error              (PE):    0.000ns

    Location             Delay type                Incr(ns)  Path(ns)    Netlist Resource(s)
  -------------------------------------------------------------------    -------------------
                         (clock clk rise edge)        0.000     0.000 r  
                                                      0.000     0.000 r  clk (IN)
                         net (fo=9777, unset)         0.973     0.973    u_pc/clk
    SLICE_X34Y26         FDCE                                         r  u_pc/pc_out_reg[2]_rep__3/C
  -------------------------------------------------------------------    -------------------
    SLICE_X34Y26         FDCE (Prop_fdce_C_Q)         0.518     1.491 r  u_pc/pc_out_reg[2]_rep__3/Q
                         net (fo=116, routed)         1.568     3.059    u_icache/instr_out_reg[28]_i_8_0
    SLICE_X15Y19         LUT6 (Prop_lut6_I4_O)        0.124     3.183 r  u_icache/tags[0][23]_i_424/O
                         net (fo=1, routed)           0.000     3.183    u_icache/tags[0][23]_i_424_n_0
    SLICE_X15Y19         MUXF7 (Prop_muxf7_I1_O)      0.217     3.400 r  u_icache/tags_reg[0][23]_i_196/O
                         net (fo=1, routed)           0.000     3.400    u_icache/tags_reg[0][23]_i_196_n_0
    SLICE_X15Y19         MUXF8 (Prop_muxf8_I1_O)      0.094     3.494 r  u_icache/tags_reg[0][23]_i_82/O
                         net (fo=1, routed)           0.995     4.489    u_icache/tags_reg[0][23]_i_82_n_0
    SLICE_X35Y19         LUT6 (Prop_lut6_I1_O)        0.316     4.805 r  u_icache/tags[0][23]_i_45/O
                         net (fo=1, routed)           0.870     5.675    u_icache/tags[20]
    SLICE_X34Y16         LUT6 (Prop_lut6_I3_O)        0.124     5.799 r  u_icache/tags[0][23]_i_18/O
                         net (fo=1, routed)           0.000     5.799    u_icache/tags[0][23]_i_18_n_0
    SLICE_X34Y16         CARRY4 (Prop_carry4_S[2]_CO[3])
                                                      0.380     6.179 f  u_icache/tags_reg[0][23]_i_7/CO[3]
                         net (fo=1, routed)           0.742     6.922    u_icache/hit0
    SLICE_X36Y16         LUT6 (Prop_lut6_I5_O)        0.124     7.046 f  u_icache/tags[0][23]_i_3/O
                         net (fo=96, routed)          1.191     8.237    u_pc/data_reg[14][0]_0
    SLICE_X50Y13         LUT6 (Prop_lut6_I5_O)        0.124     8.361 r  u_pc/tags[22][23]_i_1/O
                         net (fo=57, routed)          1.059     9.420    u_icache/data_reg[22][0]_0[0]
    SLICE_X58Y17         FDCE                                         r  u_icache/data_reg[22][13]/CE
  -------------------------------------------------------------------    -------------------

                         (clock clk rise edge)        5.000     5.000 r  
                                                      0.000     5.000 r  clk (IN)
                         net (fo=9777, unset)         0.924     5.924    u_icache/clk
    SLICE_X58Y17         FDCE                                         r  u_icache/data_reg[22][13]/C
                         clock pessimism              0.000     5.924    
                         clock uncertainty           -0.035     5.889    
    SLICE_X58Y17         FDCE (Setup_fdce_C_CE)      -0.205     5.684    u_icache/data_reg[22][13]
  -------------------------------------------------------------------
                         required time                          5.684    
                         arrival time                          -9.420    
  -------------------------------------------------------------------
                         slack                                 -3.736    

Slack (VIOLATED) :        -3.736ns  (required time - arrival time)
  Source:                 u_pc/pc_out_reg[2]_rep__3/C
                            (rising edge-triggered cell FDCE clocked by clk  {rise@0.000ns fall@2.500ns period=5.000ns})
  Destination:            u_icache/data_reg[22][7]/CE
                            (rising edge-triggered cell FDCE clocked by clk  {rise@0.000ns fall@2.500ns period=5.000ns})
  Path Group:             clk
  Path Type:              Setup (Max at Slow Process Corner)
  Requirement:            5.000ns  (clk rise@5.000ns - clk rise@0.000ns)
  Data Path Delay:        8.447ns  (logic 2.021ns (23.926%)  route 6.426ns (76.074%))
  Logic Levels:           8  (CARRY4=1 LUT6=5 MUXF7=1 MUXF8=1)
  Clock Path Skew:        -0.049ns (DCD - SCD + CPR)
    Destination Clock Delay (DCD):    0.924ns = ( 5.924 - 5.000 ) 
    Source Clock Delay      (SCD):    0.973ns
    Clock Pessimism Removal (CPR):    0.000ns
  Clock Uncertainty:      0.035ns  ((TSJ^2 + TIJ^2)^1/2 + DJ) / 2 + PE
    Total System Jitter     (TSJ):    0.071ns
    Total Input Jitter      (TIJ):    0.000ns
    Discrete Jitter          (DJ):    0.000ns
    Phase Error              (PE):    0.000ns

    Location             Delay type                Incr(ns)  Path(ns)    Netlist Resource(s)
  -------------------------------------------------------------------    -------------------
                         (clock clk rise edge)        0.000     0.000 r  
                                                      0.000     0.000 r  clk (IN)
                         net (fo=9777, unset)         0.973     0.973    u_pc/clk
    SLICE_X34Y26         FDCE                                         r  u_pc/pc_out_reg[2]_rep__3/C
  -------------------------------------------------------------------    -------------------
    SLICE_X34Y26         FDCE (Prop_fdce_C_Q)         0.518     1.491 r  u_pc/pc_out_reg[2]_rep__3/Q
                         net (fo=116, routed)         1.568     3.059    u_icache/instr_out_reg[28]_i_8_0
    SLICE_X15Y19         LUT6 (Prop_lut6_I4_O)        0.124     3.183 r  u_icache/tags[0][23]_i_424/O
                         net (fo=1, routed)           0.000     3.183    u_icache/tags[0][23]_i_424_n_0
    SLICE_X15Y19         MUXF7 (Prop_muxf7_I1_O)      0.217     3.400 r  u_icache/tags_reg[0][23]_i_196/O
                         net (fo=1, routed)           0.000     3.400    u_icache/tags_reg[0][23]_i_196_n_0
    SLICE_X15Y19         MUXF8 (Prop_muxf8_I1_O)      0.094     3.494 r  u_icache/tags_reg[0][23]_i_82/O
                         net (fo=1, routed)           0.995     4.489    u_icache/tags_reg[0][23]_i_82_n_0
    SLICE_X35Y19         LUT6 (Prop_lut6_I1_O)        0.316     4.805 r  u_icache/tags[0][23]_i_45/O
                         net (fo=1, routed)           0.870     5.675    u_icache/tags[20]
    SLICE_X34Y16         LUT6 (Prop_lut6_I3_O)        0.124     5.799 r  u_icache/tags[0][23]_i_18/O
                         net (fo=1, routed)           0.000     5.799    u_icache/tags[0][23]_i_18_n_0
    SLICE_X34Y16         CARRY4 (Prop_carry4_S[2]_CO[3])
                                                      0.380     6.179 f  u_icache/tags_reg[0][23]_i_7/CO[3]
                         net (fo=1, routed)           0.742     6.922    u_icache/hit0
    SLICE_X36Y16         LUT6 (Prop_lut6_I5_O)        0.124     7.046 f  u_icache/tags[0][23]_i_3/O
                         net (fo=96, routed)          1.191     8.237    u_pc/data_reg[14][0]_0
    SLICE_X50Y13         LUT6 (Prop_lut6_I5_O)        0.124     8.361 r  u_pc/tags[22][23]_i_1/O
                         net (fo=57, routed)          1.059     9.420    u_icache/data_reg[22][0]_0[0]
    SLICE_X58Y17         FDCE                                         r  u_icache/data_reg[22][7]/CE
  -------------------------------------------------------------------    -------------------

                         (clock clk rise edge)        5.000     5.000 r  
                                                      0.000     5.000 r  clk (IN)
                         net (fo=9777, unset)         0.924     5.924    u_icache/clk
    SLICE_X58Y17         FDCE                                         r  u_icache/data_reg[22][7]/C
                         clock pessimism              0.000     5.924    
                         clock uncertainty           -0.035     5.889    
    SLICE_X58Y17         FDCE (Setup_fdce_C_CE)      -0.205     5.684    u_icache/data_reg[22][7]
  -------------------------------------------------------------------
                         required time                          5.684    
                         arrival time                          -9.420    
  -------------------------------------------------------------------
                         slack                                 -3.736    

Slack (VIOLATED) :        -3.736ns  (required time - arrival time)
  Source:                 u_pc/pc_out_reg[2]_rep__3/C
                            (rising edge-triggered cell FDCE clocked by clk  {rise@0.000ns fall@2.500ns period=5.000ns})
  Destination:            u_icache/tags_reg[22][1]/CE
                            (rising edge-triggered cell FDCE clocked by clk  {rise@0.000ns fall@2.500ns period=5.000ns})
  Path Group:             clk
  Path Type:              Setup (Max at Slow Process Corner)
  Requirement:            5.000ns  (clk rise@5.000ns - clk rise@0.000ns)
  Data Path Delay:        8.447ns  (logic 2.021ns (23.926%)  route 6.426ns (76.074%))
  Logic Levels:           8  (CARRY4=1 LUT6=5 MUXF7=1 MUXF8=1)
  Clock Path Skew:        -0.049ns (DCD - SCD + CPR)
    Destination Clock Delay (DCD):    0.924ns = ( 5.924 - 5.000 ) 
    Source Clock Delay      (SCD):    0.973ns
    Clock Pessimism Removal (CPR):    0.000ns
  Clock Uncertainty:      0.035ns  ((TSJ^2 + TIJ^2)^1/2 + DJ) / 2 + PE
    Total System Jitter     (TSJ):    0.071ns
    Total Input Jitter      (TIJ):    0.000ns
    Discrete Jitter          (DJ):    0.000ns
    Phase Error              (PE):    0.000ns

    Location             Delay type                Incr(ns)  Path(ns)    Netlist Resource(s)
  -------------------------------------------------------------------    -------------------
                         (clock clk rise edge)        0.000     0.000 r  
                                                      0.000     0.000 r  clk (IN)
                         net (fo=9777, unset)         0.973     0.973    u_pc/clk
    SLICE_X34Y26         FDCE                                         r  u_pc/pc_out_reg[2]_rep__3/C
  -------------------------------------------------------------------    -------------------
    SLICE_X34Y26         FDCE (Prop_fdce_C_Q)         0.518     1.491 r  u_pc/pc_out_reg[2]_rep__3/Q
                         net (fo=116, routed)         1.568     3.059    u_icache/instr_out_reg[28]_i_8_0
    SLICE_X15Y19         LUT6 (Prop_lut6_I4_O)        0.124     3.183 r  u_icache/tags[0][23]_i_424/O
                         net (fo=1, routed)           0.000     3.183    u_icache/tags[0][23]_i_424_n_0
    SLICE_X15Y19         MUXF7 (Prop_muxf7_I1_O)      0.217     3.400 r  u_icache/tags_reg[0][23]_i_196/O
                         net (fo=1, routed)           0.000     3.400    u_icache/tags_reg[0][23]_i_196_n_0
    SLICE_X15Y19         MUXF8 (Prop_muxf8_I1_O)      0.094     3.494 r  u_icache/tags_reg[0][23]_i_82/O
                         net (fo=1, routed)           0.995     4.489    u_icache/tags_reg[0][23]_i_82_n_0
    SLICE_X35Y19         LUT6 (Prop_lut6_I1_O)        0.316     4.805 r  u_icache/tags[0][23]_i_45/O
                         net (fo=1, routed)           0.870     5.675    u_icache/tags[20]
    SLICE_X34Y16         LUT6 (Prop_lut6_I3_O)        0.124     5.799 r  u_icache/tags[0][23]_i_18/O
                         net (fo=1, routed)           0.000     5.799    u_icache/tags[0][23]_i_18_n_0
    SLICE_X34Y16         CARRY4 (Prop_carry4_S[2]_CO[3])
                                                      0.380     6.179 f  u_icache/tags_reg[0][23]_i_7/CO[3]
                         net (fo=1, routed)           0.742     6.922    u_icache/hit0
    SLICE_X36Y16         LUT6 (Prop_lut6_I5_O)        0.124     7.046 f  u_icache/tags[0][23]_i_3/O
                         net (fo=96, routed)          1.191     8.237    u_pc/data_reg[14][0]_0
    SLICE_X50Y13         LUT6 (Prop_lut6_I5_O)        0.124     8.361 r  u_pc/tags[22][23]_i_1/O
                         net (fo=57, routed)          1.059     9.420    u_icache/data_reg[22][0]_0[0]
    SLICE_X58Y17         FDCE                                         r  u_icache/tags_reg[22][1]/CE
  -------------------------------------------------------------------    -------------------

                         (clock clk rise edge)        5.000     5.000 r  
                                                      0.000     5.000 r  clk (IN)
                         net (fo=9777, unset)         0.924     5.924    u_icache/clk
    SLICE_X58Y17         FDCE                                         r  u_icache/tags_reg[22][1]/C
                         clock pessimism              0.000     5.924    
                         clock uncertainty           -0.035     5.889    
    SLICE_X58Y17         FDCE (Setup_fdce_C_CE)      -0.205     5.684    u_icache/tags_reg[22][1]
  -------------------------------------------------------------------
                         required time                          5.684    
                         arrival time                          -9.420    
  -------------------------------------------------------------------
                         slack                                 -3.736    

Slack (VIOLATED) :        -3.736ns  (required time - arrival time)
  Source:                 u_pc/pc_out_reg[2]_rep__3/C
                            (rising edge-triggered cell FDCE clocked by clk  {rise@0.000ns fall@2.500ns period=5.000ns})
  Destination:            u_icache/tags_reg[22][22]/CE
                            (rising edge-triggered cell FDCE clocked by clk  {rise@0.000ns fall@2.500ns period=5.000ns})
  Path Group:             clk
  Path Type:              Setup (Max at Slow Process Corner)
  Requirement:            5.000ns  (clk rise@5.000ns - clk rise@0.000ns)
  Data Path Delay:        8.447ns  (logic 2.021ns (23.926%)  route 6.426ns (76.074%))
  Logic Levels:           8  (CARRY4=1 LUT6=5 MUXF7=1 MUXF8=1)
  Clock Path Skew:        -0.049ns (DCD - SCD + CPR)
    Destination Clock Delay (DCD):    0.924ns = ( 5.924 - 5.000 ) 
    Source Clock Delay      (SCD):    0.973ns
    Clock Pessimism Removal (CPR):    0.000ns
  Clock Uncertainty:      0.035ns  ((TSJ^2 + TIJ^2)^1/2 + DJ) / 2 + PE
    Total System Jitter     (TSJ):    0.071ns
    Total Input Jitter      (TIJ):    0.000ns
    Discrete Jitter          (DJ):    0.000ns
    Phase Error              (PE):    0.000ns

    Location             Delay type                Incr(ns)  Path(ns)    Netlist Resource(s)
  -------------------------------------------------------------------    -------------------
                         (clock clk rise edge)        0.000     0.000 r  
                                                      0.000     0.000 r  clk (IN)
                         net (fo=9777, unset)         0.973     0.973    u_pc/clk
    SLICE_X34Y26         FDCE                                         r  u_pc/pc_out_reg[2]_rep__3/C
  -------------------------------------------------------------------    -------------------
    SLICE_X34Y26         FDCE (Prop_fdce_C_Q)         0.518     1.491 r  u_pc/pc_out_reg[2]_rep__3/Q
                         net (fo=116, routed)         1.568     3.059    u_icache/instr_out_reg[28]_i_8_0
    SLICE_X15Y19         LUT6 (Prop_lut6_I4_O)        0.124     3.183 r  u_icache/tags[0][23]_i_424/O
                         net (fo=1, routed)           0.000     3.183    u_icache/tags[0][23]_i_424_n_0
    SLICE_X15Y19         MUXF7 (Prop_muxf7_I1_O)      0.217     3.400 r  u_icache/tags_reg[0][23]_i_196/O
                         net (fo=1, routed)           0.000     3.400    u_icache/tags_reg[0][23]_i_196_n_0
    SLICE_X15Y19         MUXF8 (Prop_muxf8_I1_O)      0.094     3.494 r  u_icache/tags_reg[0][23]_i_82/O
                         net (fo=1, routed)           0.995     4.489    u_icache/tags_reg[0][23]_i_82_n_0
    SLICE_X35Y19         LUT6 (Prop_lut6_I1_O)        0.316     4.805 r  u_icache/tags[0][23]_i_45/O
                         net (fo=1, routed)           0.870     5.675    u_icache/tags[20]
    SLICE_X34Y16         LUT6 (Prop_lut6_I3_O)        0.124     5.799 r  u_icache/tags[0][23]_i_18/O
                         net (fo=1, routed)           0.000     5.799    u_icache/tags[0][23]_i_18_n_0
    SLICE_X34Y16         CARRY4 (Prop_carry4_S[2]_CO[3])
                                                      0.380     6.179 f  u_icache/tags_reg[0][23]_i_7/CO[3]
                         net (fo=1, routed)           0.742     6.922    u_icache/hit0
    SLICE_X36Y16         LUT6 (Prop_lut6_I5_O)        0.124     7.046 f  u_icache/tags[0][23]_i_3/O
                         net (fo=96, routed)          1.191     8.237    u_pc/data_reg[14][0]_0
    SLICE_X50Y13         LUT6 (Prop_lut6_I5_O)        0.124     8.361 r  u_pc/tags[22][23]_i_1/O
                         net (fo=57, routed)          1.059     9.420    u_icache/data_reg[22][0]_0[0]
    SLICE_X58Y17         FDCE                                         r  u_icache/tags_reg[22][22]/CE
  -------------------------------------------------------------------    -------------------

                         (clock clk rise edge)        5.000     5.000 r  
                                                      0.000     5.000 r  clk (IN)
                         net (fo=9777, unset)         0.924     5.924    u_icache/clk
    SLICE_X58Y17         FDCE                                         r  u_icache/tags_reg[22][22]/C
                         clock pessimism              0.000     5.924    
                         clock uncertainty           -0.035     5.889    
    SLICE_X58Y17         FDCE (Setup_fdce_C_CE)      -0.205     5.684    u_icache/tags_reg[22][22]
  -------------------------------------------------------------------
                         required time                          5.684    
                         arrival time                          -9.420    
  -------------------------------------------------------------------
                         slack                                 -3.736    

Slack (VIOLATED) :        -3.734ns  (required time - arrival time)
  Source:                 u_pc/pc_out_reg[2]_rep__3/C
                            (rising edge-triggered cell FDCE clocked by clk  {rise@0.000ns fall@2.500ns period=5.000ns})
  Destination:            u_icache/data_reg[31][6]/CE
                            (rising edge-triggered cell FDCE clocked by clk  {rise@0.000ns fall@2.500ns period=5.000ns})
  Path Group:             clk
  Path Type:              Setup (Max at Slow Process Corner)
  Requirement:            5.000ns  (clk rise@5.000ns - clk rise@0.000ns)
  Data Path Delay:        8.445ns  (logic 2.021ns (23.931%)  route 6.424ns (76.069%))
  Logic Levels:           8  (CARRY4=1 LUT6=5 MUXF7=1 MUXF8=1)
  Clock Path Skew:        -0.049ns (DCD - SCD + CPR)
    Destination Clock Delay (DCD):    0.924ns = ( 5.924 - 5.000 ) 
    Source Clock Delay      (SCD):    0.973ns
    Clock Pessimism Removal (CPR):    0.000ns
  Clock Uncertainty:      0.035ns  ((TSJ^2 + TIJ^2)^1/2 + DJ) / 2 + PE
    Total System Jitter     (TSJ):    0.071ns
    Total Input Jitter      (TIJ):    0.000ns
    Discrete Jitter          (DJ):    0.000ns
    Phase Error              (PE):    0.000ns

    Location             Delay type                Incr(ns)  Path(ns)    Netlist Resource(s)
  -------------------------------------------------------------------    -------------------
                         (clock clk rise edge)        0.000     0.000 r  
                                                      0.000     0.000 r  clk (IN)
                         net (fo=9777, unset)         0.973     0.973    u_pc/clk
    SLICE_X34Y26         FDCE                                         r  u_pc/pc_out_reg[2]_rep__3/C
  -------------------------------------------------------------------    -------------------
    SLICE_X34Y26         FDCE (Prop_fdce_C_Q)         0.518     1.491 r  u_pc/pc_out_reg[2]_rep__3/Q
                         net (fo=116, routed)         1.568     3.059    u_icache/instr_out_reg[28]_i_8_0
    SLICE_X15Y19         LUT6 (Prop_lut6_I4_O)        0.124     3.183 r  u_icache/tags[0][23]_i_424/O
                         net (fo=1, routed)           0.000     3.183    u_icache/tags[0][23]_i_424_n_0
    SLICE_X15Y19         MUXF7 (Prop_muxf7_I1_O)      0.217     3.400 r  u_icache/tags_reg[0][23]_i_196/O
                         net (fo=1, routed)           0.000     3.400    u_icache/tags_reg[0][23]_i_196_n_0
    SLICE_X15Y19         MUXF8 (Prop_muxf8_I1_O)      0.094     3.494 r  u_icache/tags_reg[0][23]_i_82/O
                         net (fo=1, routed)           0.995     4.489    u_icache/tags_reg[0][23]_i_82_n_0
    SLICE_X35Y19         LUT6 (Prop_lut6_I1_O)        0.316     4.805 r  u_icache/tags[0][23]_i_45/O
                         net (fo=1, routed)           0.870     5.675    u_icache/tags[20]
    SLICE_X34Y16         LUT6 (Prop_lut6_I3_O)        0.124     5.799 r  u_icache/tags[0][23]_i_18/O
                         net (fo=1, routed)           0.000     5.799    u_icache/tags[0][23]_i_18_n_0
    SLICE_X34Y16         CARRY4 (Prop_carry4_S[2]_CO[3])
                                                      0.380     6.179 f  u_icache/tags_reg[0][23]_i_7/CO[3]
                         net (fo=1, routed)           0.742     6.922    u_icache/hit0
    SLICE_X36Y16         LUT6 (Prop_lut6_I5_O)        0.124     7.046 f  u_icache/tags[0][23]_i_3/O
                         net (fo=96, routed)          1.091     8.137    u_pc/data_reg[14][0]_0
    SLICE_X52Y14         LUT6 (Prop_lut6_I5_O)        0.124     8.261 r  u_pc/tags[31][23]_i_1/O
                         net (fo=57, routed)          1.157     9.418    u_icache/data_reg[31][0]_0[0]
    SLICE_X59Y11         FDCE                                         r  u_icache/data_reg[31][6]/CE
  -------------------------------------------------------------------    -------------------

                         (clock clk rise edge)        5.000     5.000 r  
                                                      0.000     5.000 r  clk (IN)
                         net (fo=9777, unset)         0.924     5.924    u_icache/clk
    SLICE_X59Y11         FDCE                                         r  u_icache/data_reg[31][6]/C
                         clock pessimism              0.000     5.924    
                         clock uncertainty           -0.035     5.889    
    SLICE_X59Y11         FDCE (Setup_fdce_C_CE)      -0.205     5.684    u_icache/data_reg[31][6]
  -------------------------------------------------------------------
                         required time                          5.684    
                         arrival time                          -9.418    
  -------------------------------------------------------------------
                         slack                                 -3.734    




