Copyright 1986-2022 Xilinx, Inc. All Rights Reserved. Copyright 2022-2024 Advanced Micro Devices, Inc. All Rights Reserved.
---------------------------------------------------------------------------------------------------------------------------------------------
| Tool Version : Vivado v.2024.2 (win64) Build 5239630 Fri Nov 08 22:35:27 MST 2024
| Date         : Thu Sep 17 21:12:24 2026
| Host         : PavilionPlus1 running 64-bit major release  (build 9200)
| Command      : report_timing_summary -report_unconstrained -file V:/stage8_sgf/explore/timing_summary.rpt
| Design       : rv32i_pipeline_8stage_sgf_top
| Device       : 7a35t-cpg236
| Speed File   : -1  PRODUCTION 1.23 2018-06-13
| Design State : Routed
---------------------------------------------------------------------------------------------------------------------------------------------

Timing Summary Report

------------------------------------------------------------------------------------------------
| Timer Settings
| --------------
------------------------------------------------------------------------------------------------

  Enable Multi Corner Analysis               :  Yes
  Enable Pessimism Removal                   :  Yes
  Pessimism Removal Resolution               :  Nearest Common Node
  Enable Input Delay Default Clock           :  No
  Enable Preset / Clear Arcs                 :  No
  Disable Flight Delays                      :  No
  Ignore I/O Paths                           :  No
  Timing Early Launch at Borrowing Latches   :  No
  Borrow Time for Max Delay Exceptions       :  Yes
  Merge Timing Exceptions                    :  Yes
  Inter-SLR Compensation                     :  Conservative

  Corner  Analyze    Analyze    
  Name    Max Paths  Min Paths  
  ------  ---------  ---------  
  Slow    Yes        Yes        
  Fast    Yes        Yes        


------------------------------------------------------------------------------------------------
| Report Methodology
| ------------------
------------------------------------------------------------------------------------------------

Rule       Severity  Description                                                Violations  
---------  --------  ---------------------------------------------------------  ----------  
DPIR-1     Warning   Asynchronous driver check                                  414         
SYNTH-5    Warning   Mapped onto distributed RAM because of timing constraints  256         
SYNTH-10   Warning   Wide multiplier                                            12          
TIMING-16  Warning   Large setup violation                                      1000        
TIMING-18  Warning   Missing input or output delay                              97          

Note: This report is based on the most recent report_methodology run and may not be up-to-date. Run report_methodology on the current design for the latest report.



check_timing report

Table of Contents
-----------------
1. checking no_clock (0)
2. checking constant_clock (0)
3. checking pulse_width_clock (0)
4. checking unconstrained_internal_endpoints (0)
5. checking no_input_delay (1)
6. checking no_output_delay (96)
7. checking multiple_clock (0)
8. checking generated_clocks (0)
9. checking loops (0)
10. checking partial_input_delay (0)
11. checking partial_output_delay (0)
12. checking latch_loops (0)

1. checking no_clock (0)
------------------------
 There are 0 register/latch pins with no clock.


2. checking constant_clock (0)
------------------------------
 There are 0 register/latch pins with constant_clock.


3. checking pulse_width_clock (0)
---------------------------------
 There are 0 register/latch pins which need pulse_width check


4. checking unconstrained_internal_endpoints (0)
------------------------------------------------
 There are 0 pins that are not constrained for maximum delay.

 There are 0 pins that are not constrained for maximum delay due to constant clock.


5. checking no_input_delay (1)
------------------------------
 There is 1 input port with no input delay specified. (HIGH)

 There are 0 input ports with no input delay but user has a false path constraint.


6. checking no_output_delay (96)
--------------------------------
 There are 96 ports with no output delay specified. (HIGH)

 There are 0 ports with no output delay but user has a false path constraint

 There are 0 ports with no output delay but with a timing clock defined on it or propagating through it


7. checking multiple_clock (0)
------------------------------
 There are 0 register/latch pins with multiple clocks.


8. checking generated_clocks (0)
--------------------------------
 There are 0 generated clocks that are not connected to a clock source.


9. checking loops (0)
---------------------
 There are 0 combinational loops in the design.


10. checking partial_input_delay (0)
------------------------------------
 There are 0 input ports with partial input delay specified.


11. checking partial_output_delay (0)
-------------------------------------
 There are 0 ports with partial output delay specified.


12. checking latch_loops (0)
----------------------------
 There are 0 combinational latch loops in the design through latch input



------------------------------------------------------------------------------------------------
| Design Timing Summary
| ---------------------
------------------------------------------------------------------------------------------------

    WNS(ns)      TNS(ns)  TNS Failing Endpoints  TNS Total Endpoints      WHS(ns)      THS(ns)  THS Failing Endpoints  THS Total Endpoints     WPWS(ns)     TPWS(ns)  TPWS Failing Endpoints  TPWS Total Endpoints  
    -------      -------  ---------------------  -------------------      -------      -------  ---------------------  -------------------     --------     --------  ----------------------  --------------------  
     -3.739   -27789.727                  14047                27144        0.102        0.000                      0                27144        1.250        0.000                       0                  9777  


Timing constraints are not met.


------------------------------------------------------------------------------------------------
| Clock Summary
| -------------
------------------------------------------------------------------------------------------------

Clock  Waveform(ns)         Period(ns)      Frequency(MHz)
-----  ------------         ----------      --------------
clk    {0.000 2.500}        5.000           200.000         


------------------------------------------------------------------------------------------------
| Intra Clock Table
| -----------------
------------------------------------------------------------------------------------------------

Clock             WNS(ns)      TNS(ns)  TNS Failing Endpoints  TNS Total Endpoints      WHS(ns)      THS(ns)  THS Failing Endpoints  THS Total Endpoints     WPWS(ns)     TPWS(ns)  TPWS Failing Endpoints  TPWS Total Endpoints  
-----             -------      -------  ---------------------  -------------------      -------      -------  ---------------------  -------------------     --------     --------  ----------------------  --------------------  
clk                -3.739   -27789.727                  14047                27144        0.102        0.000                      0                27144        1.250        0.000                       0                  9777  


------------------------------------------------------------------------------------------------
| Inter Clock Table
| -----------------
------------------------------------------------------------------------------------------------

From Clock    To Clock          WNS(ns)      TNS(ns)  TNS Failing Endpoints  TNS Total Endpoints      WHS(ns)      THS(ns)  THS Failing Endpoints  THS Total Endpoints  
----------    --------          -------      -------  ---------------------  -------------------      -------      -------  ---------------------  -------------------  


------------------------------------------------------------------------------------------------
| Other Path Groups Table
| -----------------------
------------------------------------------------------------------------------------------------

Path Group    From Clock    To Clock          WNS(ns)      TNS(ns)  TNS Failing Endpoints  TNS Total Endpoints      WHS(ns)      THS(ns)  THS Failing Endpoints  THS Total Endpoints  
----------    ----------    --------          -------      -------  ---------------------  -------------------      -------      -------  ---------------------  -------------------  


------------------------------------------------------------------------------------------------
| User Ignored Path Table
| -----------------------
------------------------------------------------------------------------------------------------

Path Group    From Clock    To Clock    
----------    ----------    --------    


------------------------------------------------------------------------------------------------
| Unconstrained Path Table
| ------------------------
------------------------------------------------------------------------------------------------

Path Group    From Clock    To Clock    
----------    ----------    --------    
(none)        clk                         
(none)                      clk           


------------------------------------------------------------------------------------------------
| Timing Details
| --------------
------------------------------------------------------------------------------------------------


---------------------------------------------------------------------------------------------------
From Clock:  clk
  To Clock:  clk

Setup :        14047  Failing Endpoints,  Worst Slack       -3.739ns,  Total Violation   -27789.727ns
Hold  :            0  Failing Endpoints,  Worst Slack        0.102ns,  Total Violation        0.000ns
PW    :            0  Failing Endpoints,  Worst Slack        1.250ns,  Total Violation        0.000ns
---------------------------------------------------------------------------------------------------


Max Delay Paths
--------------------------------------------------------------------------------------
Slack (VIOLATED) :        -3.739ns  (required time - arrival time)
  Source:                 u_pc/pc_out_reg[2]_rep__3/C
                            (rising edge-triggered cell FDCE clocked by clk  {rise@0.000ns fall@2.500ns period=5.000ns})
  Destination:            u_icache/data_reg[31][19]/CE
                            (rising edge-triggered cell FDCE clocked by clk  {rise@0.000ns fall@2.500ns period=5.000ns})
  Path Group:             clk
  Path Type:              Setup (Max at Slow Process Corner)
  Requirement:            5.000ns  (clk rise@5.000ns - clk rise@0.000ns)
  Data Path Delay:        8.450ns  (logic 2.021ns (23.918%)  route 6.429ns (76.082%))
  Logic Levels:           8  (CARRY4=1 LUT6=5 MUXF7=1 MUXF8=1)
  Clock Path Skew:        -0.049ns (DCD - SCD + CPR)
    Destination Clock Delay (DCD):    0.924ns = ( 5.924 - 5.000 ) 
    Source Clock Delay      (SCD):    0.973ns
    Clock Pessimism Removal (CPR):    0.000ns
  Clock Uncertainty:      0.035ns  ((TSJ^2 + TIJ^2)^1/2 + DJ) / 2 + PE
    Total System Jitter     (TSJ):    0.071ns
    Total Input Jitter      (TIJ):    0.000ns
    Discrete Jitter          (DJ):    0.000ns
    Phase Error              (PE):    0.000ns

    Location             Delay type                Incr(ns)  Path(ns)    Netlist Resource(s)
  -------------------------------------------------------------------    -------------------
                         (clock clk rise edge)        0.000     0.000 r  
                                                      0.000     0.000 r  clk (IN)
                         net (fo=9777, unset)         0.973     0.973    u_pc/clk
    SLICE_X34Y26         FDCE                                         r  u_pc/pc_out_reg[2]_rep__3/C
  -------------------------------------------------------------------    -------------------
    SLICE_X34Y26         FDCE (Prop_fdce_C_Q)         0.518     1.491 r  u_pc/pc_out_reg[2]_rep__3/Q
                         net (fo=116, routed)         1.568     3.059    u_icache/instr_out_reg[28]_i_8_0
    SLICE_X15Y19         LUT6 (Prop_lut6_I4_O)        0.124     3.183 r  u_icache/tags[0][23]_i_424/O
                         net (fo=1, routed)           0.000     3.183    u_icache/tags[0][23]_i_424_n_0
    SLICE_X15Y19         MUXF7 (Prop_muxf7_I1_O)      0.217     3.400 r  u_icache/tags_reg[0][23]_i_196/O
                         net (fo=1, routed)           0.000     3.400    u_icache/tags_reg[0][23]_i_196_n_0
    SLICE_X15Y19         MUXF8 (Prop_muxf8_I1_O)      0.094     3.494 r  u_icache/tags_reg[0][23]_i_82/O
                         net (fo=1, routed)           0.995     4.489    u_icache/tags_reg[0][23]_i_82_n_0
    SLICE_X35Y19         LUT6 (Prop_lut6_I1_O)        0.316     4.805 r  u_icache/tags[0][23]_i_45/O
                         net (fo=1, routed)           0.870     5.675    u_icache/tags[20]
    SLICE_X34Y16         LUT6 (Prop_lut6_I3_O)        0.124     5.799 r  u_icache/tags[0][23]_i_18/O
                         net (fo=1, routed)           0.000     5.799    u_icache/tags[0][23]_i_18_n_0
    SLICE_X34Y16         CARRY4 (Prop_carry4_S[2]_CO[3])
                                                      0.380     6.179 f  u_icache/tags_reg[0][23]_i_7/CO[3]
                         net (fo=1, routed)           0.742     6.922    u_icache/hit0
    SLICE_X36Y16         LUT6 (Prop_lut6_I5_O)        0.124     7.046 f  u_icache/tags[0][23]_i_3/O
                         net (fo=96, routed)          1.091     8.137    u_pc/data_reg[14][0]_0
    SLICE_X52Y14         LUT6 (Prop_lut6_I5_O)        0.124     8.261 r  u_pc/tags[31][23]_i_1/O
                         net (fo=57, routed)          1.162     9.423    u_icache/data_reg[31][0]_0[0]
    SLICE_X62Y14         FDCE                                         r  u_icache/data_reg[31][19]/CE
  -------------------------------------------------------------------    -------------------

                         (clock clk rise edge)        5.000     5.000 r  
                                                      0.000     5.000 r  clk (IN)
                         net (fo=9777, unset)         0.924     5.924    u_icache/clk
    SLICE_X62Y14         FDCE                                         r  u_icache/data_reg[31][19]/C
                         clock pessimism              0.000     5.924    
                         clock uncertainty           -0.035     5.889    
    SLICE_X62Y14         FDCE (Setup_fdce_C_CE)      -0.205     5.684    u_icache/data_reg[31][19]
  -------------------------------------------------------------------
                         required time                          5.684    
                         arrival time                          -9.423    
  -------------------------------------------------------------------
                         slack                                 -3.739    





Min Delay Paths
--------------------------------------------------------------------------------------
Slack (MET) :             0.102ns  (arrival time - required time)
  Source:                 u_mem1_mem2/pc_plus4_out_reg[17]/C
                            (rising edge-triggered cell FDCE clocked by clk  {rise@0.000ns fall@2.500ns period=5.000ns})
  Destination:            u_mem2_wb/pc_plus4_out_reg[17]/D
                            (rising edge-triggered cell FDCE clocked by clk  {rise@0.000ns fall@2.500ns period=5.000ns})
  Path Group:             clk
  Path Type:              Hold (Min at Fast Process Corner)
  Requirement:            0.000ns  (clk rise@0.000ns - clk rise@0.000ns)
  Data Path Delay:        0.200ns  (logic 0.141ns (70.589%)  route 0.059ns (29.411%))
  Logic Levels:           0  
  Clock Path Skew:        0.022ns (DCD - SCD - CPR)
    Destination Clock Delay (DCD):    0.432ns
    Source Clock Delay      (SCD):    0.410ns
    Clock Pessimism Removal (CPR):    -0.000ns

    Location             Delay type                Incr(ns)  Path(ns)    Netlist Resource(s)
  -------------------------------------------------------------------    -------------------
                         (clock clk rise edge)        0.000     0.000 r  
                                                      0.000     0.000 r  clk (IN)
                         net (fo=9777, unset)         0.410     0.410    u_mem1_mem2/clk
    SLICE_X62Y59         FDCE                                         r  u_mem1_mem2/pc_plus4_out_reg[17]/C
  -------------------------------------------------------------------    -------------------
    SLICE_X62Y59         FDCE (Prop_fdce_C_Q)         0.141     0.551 r  u_mem1_mem2/pc_plus4_out_reg[17]/Q
                         net (fo=2, routed)           0.059     0.610    u_mem2_wb/pc_plus4_out_reg[31]_0[17]
    SLICE_X62Y59         FDCE                                         r  u_mem2_wb/pc_plus4_out_reg[17]/D
  -------------------------------------------------------------------    -------------------

                         (clock clk rise edge)        0.000     0.000 r  
                                                      0.000     0.000 r  clk (IN)
                         net (fo=9777, unset)         0.432     0.432    u_mem2_wb/clk
    SLICE_X62Y59         FDCE                                         r  u_mem2_wb/pc_plus4_out_reg[17]/C
                         clock pessimism              0.000     0.432    
    SLICE_X62Y59         FDCE (Hold_fdce_C_D)         0.076     0.508    u_mem2_wb/pc_plus4_out_reg[17]
  -------------------------------------------------------------------
                         required time                         -0.508    
                         arrival time                           0.610    
  -------------------------------------------------------------------
                         slack                                  0.102    





Pulse Width Checks
--------------------------------------------------------------------------------------
Clock Name:         clk
Waveform(ns):       { 0.000 2.500 }
Period(ns):         5.000
Sources:            { clk }

Check Type        Corner  Lib Pin      Reference Pin  Required(ns)  Actual(ns)  Slack(ns)  Location      Pin
Min Period        n/a     DSP48E1/CLK  n/a            2.154         5.000       2.846      DSP48_X0Y13   u_mdu/mul_ss_out0__0/CLK
Low Pulse Width   Slow    RAMS64E/CLK  n/a            1.250         2.500       1.250      SLICE_X38Y43  u_dmem/mem_reg_0_255_0_0/RAMS64E_A/CLK
High Pulse Width  Slow    RAMS64E/CLK  n/a            1.250         2.500       1.250      SLICE_X38Y43  u_dmem/mem_reg_0_255_0_0/RAMS64E_A/CLK



--------------------------------------------------------------------------------------
Path Group:  (none)
From Clock:  clk
  To Clock:  

Max Delay            96 Endpoints
Min Delay            96 Endpoints
--------------------------------------------------------------------------------------


Max Delay Paths
--------------------------------------------------------------------------------------
Slack:                    inf
  Source:                 u_ex1_ex2/alu_a_out_reg[3]/C
                            (rising edge-triggered cell FDCE clocked by clk  {rise@0.000ns fall@2.500ns period=5.000ns})
  Destination:            debug_alu_result[5]
                            (output port)
  Path Group:             (none)
  Path Type:              Max at Slow Process Corner
  Data Path Delay:        6.292ns  (logic 0.952ns (15.130%)  route 5.340ns (84.870%))
  Logic Levels:           4  (LUT4=1 LUT5=1 LUT6=2)
  Clock Uncertainty:      0.025ns  ((TSJ^2 + TIJ^2)^1/2 + DJ) / 2 + PE
    Total System Jitter     (TSJ):    0.050ns
    Total Input Jitter      (TIJ):    0.000ns
    Discrete Jitter          (DJ):    0.000ns
    Phase Error              (PE):    0.000ns

    Location             Delay type                Incr(ns)  Path(ns)    Netlist Resource(s)
  -------------------------------------------------------------------    -------------------
                         (clock clk rise edge)        0.000     0.000 r  
                                                      0.000     0.000 r  clk (IN)
                         net (fo=9777, unset)         0.973     0.973    u_ex1_ex2/clk
    SLICE_X28Y61         FDCE                                         r  u_ex1_ex2/alu_a_out_reg[3]/C
  -------------------------------------------------------------------    -------------------
    SLICE_X28Y61         FDCE (Prop_fdce_C_Q)         0.456     1.429 r  u_ex1_ex2/alu_a_out_reg[3]/Q
                         net (fo=18, routed)          1.694     3.123    u_ex1_ex2/ex2_alu_a[3]
    SLICE_X12Y72         LUT6 (Prop_lut6_I3_O)        0.124     3.247 r  u_ex1_ex2/debug_alu_result[29]_INST_0_i_15/O
                         net (fo=4, routed)           0.578     3.826    u_ex1_ex2/debug_alu_result[29]_INST_0_i_15_n_0
    SLICE_X13Y73         LUT4 (Prop_lut4_I2_O)        0.124     3.950 r  u_ex1_ex2/debug_alu_result[21]_INST_0_i_7/O
                         net (fo=2, routed)           1.003     4.953    u_ex1_ex2/debug_alu_result[21]_INST_0_i_7_n_0
    SLICE_X28Y63         LUT6 (Prop_lut6_I1_O)        0.124     5.077 r  u_ex1_ex2/debug_alu_result[5]_INST_0_i_2/O
                         net (fo=1, routed)           1.092     6.168    u_ex1_ex2/debug_alu_result[5]_INST_0_i_2_n_0
    SLICE_X37Y51         LUT5 (Prop_lut5_I2_O)        0.124     6.292 r  u_ex1_ex2/debug_alu_result[5]_INST_0/O
                         net (fo=9, unset)            0.973     7.265    debug_alu_result[5]
                                                                      r  debug_alu_result[5] (OUT)
  -------------------------------------------------------------------    -------------------





Min Delay Paths
--------------------------------------------------------------------------------------
Slack:                    inf
  Source:                 u_if2_id/instr_out_reg[0]/C
                            (rising edge-triggered cell FDPE clocked by clk  {rise@0.000ns fall@2.500ns period=5.000ns})
  Destination:            debug_instr[0]
                            (output port)
  Path Group:             (none)
  Path Type:              Min at Fast Process Corner
  Data Path Delay:        0.551ns  (logic 0.141ns (25.583%)  route 0.410ns (74.417%))
  Logic Levels:           0  
  Clock Uncertainty:      0.025ns  ((TSJ^2 + TIJ^2)^1/2 + DJ) / 2 + PE
    Total System Jitter     (TSJ):    0.050ns
    Total Input Jitter      (TIJ):    0.000ns
    Discrete Jitter          (DJ):    0.000ns
    Phase Error              (PE):    0.000ns

    Location             Delay type                Incr(ns)  Path(ns)    Netlist Resource(s)
  -------------------------------------------------------------------    -------------------
                         (clock clk rise edge)        0.000     0.000 r  
                                                      0.000     0.000 r  clk (IN)
                         net (fo=9777, unset)         0.410     0.410    u_if2_id/clk
    SLICE_X31Y65         FDPE                                         r  u_if2_id/instr_out_reg[0]/C
  -------------------------------------------------------------------    -------------------
    SLICE_X31Y65         FDPE (Prop_fdpe_C_Q)         0.141     0.551 r  u_if2_id/instr_out_reg[0]/Q
                         net (fo=10, unset)           0.410     0.961    debug_instr[0]
                                                                      r  debug_instr[0] (OUT)
  -------------------------------------------------------------------    -------------------





--------------------------------------------------------------------------------------
Path Group:  (none)
From Clock:  
  To Clock:  clk

Max Delay          8701 Endpoints
Min Delay          8701 Endpoints
--------------------------------------------------------------------------------------


Max Delay Paths
--------------------------------------------------------------------------------------
Slack:                    inf
  Source:                 rst_n
                            (input port)
  Destination:            u_icache/data_reg[24][0]/CLR
                            (recovery check against rising-edge clock clk  {rise@0.000ns fall@2.500ns period=5.000ns})
  Path Group:             (none)
  Path Type:              Recovery (Max at Slow Process Corner)
  Data Path Delay:        22.693ns  (logic 0.124ns (0.546%)  route 22.569ns (99.454%))
  Logic Levels:           1  (LUT1=1)
  Clock Path Skew:        0.924ns (DCD - SCD + CPR)
    Destination Clock Delay (DCD):    0.924ns
    Source Clock Delay      (SCD):    0.000ns
    Clock Pessimism Removal (CPR):    0.000ns
  Clock Uncertainty:      0.025ns  ((TSJ^2 + TIJ^2)^1/2 + DJ) / 2 + PE
    Total System Jitter     (TSJ):    0.050ns
    Total Input Jitter      (TIJ):    0.000ns
    Discrete Jitter          (DJ):    0.000ns
    Phase Error              (PE):    0.000ns

    Location             Delay type                Incr(ns)  Path(ns)    Netlist Resource(s)
  -------------------------------------------------------------------    -------------------
                                                      0.000     0.000 r  rst_n (IN)
                         net (fo=30, unset)           0.973     0.973    u_icache/rst_n
    SLICE_X3Y4           LUT1 (Prop_lut1_I0_O)        0.124     1.097 f  u_icache/pc_out[31]_i_3/O
                         net (fo=6845, routed)       21.596    22.693    u_icache/p_0_in
    SLICE_X58Y14         FDCE                                         f  u_icache/data_reg[24][0]/CLR
  -------------------------------------------------------------------    -------------------

                         (clock clk rise edge)        0.000     0.000 r  
                                                      0.000     0.000 r  clk (IN)
                         net (fo=9777, unset)         0.924     0.924    u_icache/clk
    SLICE_X58Y14         FDCE                                         r  u_icache/data_reg[24][0]/C





Min Delay Paths
--------------------------------------------------------------------------------------
Slack:                    inf
  Source:                 rst_n
                            (input port)
  Destination:            u_bp/btb_target_reg[5][10]/CE
                            (rising edge-triggered cell FDRE clocked by clk  {rise@0.000ns fall@2.500ns period=5.000ns})
  Path Group:             (none)
  Path Type:              Hold (Min at Fast Process Corner)
  Data Path Delay:        0.628ns  (logic 0.045ns (7.161%)  route 0.583ns (92.839%))
  Logic Levels:           1  (LUT6=1)
  Clock Path Skew:        0.432ns (DCD - SCD - CPR)
    Destination Clock Delay (DCD):    0.432ns
    Source Clock Delay      (SCD):    0.000ns
    Clock Pessimism Removal (CPR):    -0.000ns

    Location             Delay type                Incr(ns)  Path(ns)    Netlist Resource(s)
  -------------------------------------------------------------------    -------------------
                                                      0.000     0.000 r  rst_n (IN)
                         net (fo=30, unset)           0.410     0.410    u_ex1_ex2/rst_n
    SLICE_X13Y50         LUT6 (Prop_lut6_I0_O)        0.045     0.455 r  u_ex1_ex2/btb_type[5][0]_i_1/O
                         net (fo=58, routed)          0.173     0.628    u_bp/btb_tag_reg[5][0]_0[0]
    SLICE_X12Y51         FDRE                                         r  u_bp/btb_target_reg[5][10]/CE
  -------------------------------------------------------------------    -------------------

                         (clock clk rise edge)        0.000     0.000 r  
                                                      0.000     0.000 r  clk (IN)
                         net (fo=9777, unset)         0.432     0.432    u_bp/clk
    SLICE_X12Y51         FDRE                                         r  u_bp/btb_target_reg[5][10]/C





