Copyright 1986-2022 Xilinx, Inc. All Rights Reserved. Copyright 2022-2024 Advanced Micro Devices, Inc. All Rights Reserved.
---------------------------------------------------------------------------------------------------------------------------------------------
| Tool Version : Vivado v.2024.2 (win64) Build 5239630 Fri Nov 08 22:35:27 MST 2024
| Date         : Thu Sep 17 16:20:09 2026
| Host         : PavilionPlus1 running 64-bit major release  (build 9200)
| Command      : report_timing_summary -report_unconstrained -file V:/stage6_sgf/default/timing_summary.rpt
| Design       : rv32i_pipeline_sgf_top
| Device       : 7a35t-cpg236
| Speed File   : -1  PRODUCTION 1.23 2018-06-13
| Design State : Routed
---------------------------------------------------------------------------------------------------------------------------------------------

Timing Summary Report

------------------------------------------------------------------------------------------------
| Timer Settings
| --------------
------------------------------------------------------------------------------------------------

  Enable Multi Corner Analysis               :  Yes
  Enable Pessimism Removal                   :  Yes
  Pessimism Removal Resolution               :  Nearest Common Node
  Enable Input Delay Default Clock           :  No
  Enable Preset / Clear Arcs                 :  No
  Disable Flight Delays                      :  No
  Ignore I/O Paths                           :  No
  Timing Early Launch at Borrowing Latches   :  No
  Borrow Time for Max Delay Exceptions       :  Yes
  Merge Timing Exceptions                    :  Yes
  Inter-SLR Compensation                     :  Conservative

  Corner  Analyze    Analyze    
  Name    Max Paths  Min Paths  
  ------  ---------  ---------  
  Slow    Yes        Yes        
  Fast    Yes        Yes        


------------------------------------------------------------------------------------------------
| Report Methodology
| ------------------
------------------------------------------------------------------------------------------------

Rule       Severity  Description                                                Violations  
---------  --------  ---------------------------------------------------------  ----------  
DPIR-1     Warning   Asynchronous driver check                                  414         
SYNTH-5    Warning   Mapped onto distributed RAM because of timing constraints  256         
SYNTH-10   Warning   Wide multiplier                                            12          
TIMING-16  Warning   Large setup violation                                      1000        
TIMING-18  Warning   Missing input or output delay                              97          

Note: This report is based on the most recent report_methodology run and may not be up-to-date. Run report_methodology on the current design for the latest report.



check_timing report

Table of Contents
-----------------
1. checking no_clock (0)
2. checking constant_clock (0)
3. checking pulse_width_clock (0)
4. checking unconstrained_internal_endpoints (0)
5. checking no_input_delay (1)
6. checking no_output_delay (96)
7. checking multiple_clock (0)
8. checking generated_clocks (0)
9. checking loops (0)
10. checking partial_input_delay (0)
11. checking partial_output_delay (0)
12. checking latch_loops (0)

1. checking no_clock (0)
------------------------
 There are 0 register/latch pins with no clock.


2. checking constant_clock (0)
------------------------------
 There are 0 register/latch pins with constant_clock.


3. checking pulse_width_clock (0)
---------------------------------
 There are 0 register/latch pins which need pulse_width check


4. checking unconstrained_internal_endpoints (0)
------------------------------------------------
 There are 0 pins that are not constrained for maximum delay.

 There are 0 pins that are not constrained for maximum delay due to constant clock.


5. checking no_input_delay (1)
------------------------------
 There is 1 input port with no input delay specified. (HIGH)

 There are 0 input ports with no input delay but user has a false path constraint.


6. checking no_output_delay (96)
--------------------------------
 There are 96 ports with no output delay specified. (HIGH)

 There are 0 ports with no output delay but user has a false path constraint

 There are 0 ports with no output delay but with a timing clock defined on it or propagating through it


7. checking multiple_clock (0)
------------------------------
 There are 0 register/latch pins with multiple clocks.


8. checking generated_clocks (0)
--------------------------------
 There are 0 generated clocks that are not connected to a clock source.


9. checking loops (0)
---------------------
 There are 0 combinational loops in the design.


10. checking partial_input_delay (0)
------------------------------------
 There are 0 input ports with partial input delay specified.


11. checking partial_output_delay (0)
-------------------------------------
 There are 0 ports with partial output delay specified.


12. checking latch_loops (0)
----------------------------
 There are 0 combinational latch loops in the design through latch input



------------------------------------------------------------------------------------------------
| Design Timing Summary
| ---------------------
------------------------------------------------------------------------------------------------

    WNS(ns)      TNS(ns)  TNS Failing Endpoints  TNS Total Endpoints      WHS(ns)      THS(ns)  THS Failing Endpoints  THS Total Endpoints     WPWS(ns)     TPWS(ns)  TPWS Failing Endpoints  TPWS Total Endpoints  
    -------      -------  ---------------------  -------------------      -------      -------  ---------------------  -------------------     --------     --------  ----------------------  --------------------  
     -3.966   -28728.830                  14484                26740        0.086        0.000                      0                26740        1.250        0.000                       0                  9640  


Timing constraints are not met.


------------------------------------------------------------------------------------------------
| Clock Summary
| -------------
------------------------------------------------------------------------------------------------

Clock  Waveform(ns)         Period(ns)      Frequency(MHz)
-----  ------------         ----------      --------------
clk    {0.000 2.500}        5.000           200.000         


------------------------------------------------------------------------------------------------
| Intra Clock Table
| -----------------
------------------------------------------------------------------------------------------------

Clock             WNS(ns)      TNS(ns)  TNS Failing Endpoints  TNS Total Endpoints      WHS(ns)      THS(ns)  THS Failing Endpoints  THS Total Endpoints     WPWS(ns)     TPWS(ns)  TPWS Failing Endpoints  TPWS Total Endpoints  
-----             -------      -------  ---------------------  -------------------      -------      -------  ---------------------  -------------------     --------     --------  ----------------------  --------------------  
clk                -3.966   -28728.830                  14484                26740        0.086        0.000                      0                26740        1.250        0.000                       0                  9640  


------------------------------------------------------------------------------------------------
| Inter Clock Table
| -----------------
------------------------------------------------------------------------------------------------

From Clock    To Clock          WNS(ns)      TNS(ns)  TNS Failing Endpoints  TNS Total Endpoints      WHS(ns)      THS(ns)  THS Failing Endpoints  THS Total Endpoints  
----------    --------          -------      -------  ---------------------  -------------------      -------      -------  ---------------------  -------------------  


------------------------------------------------------------------------------------------------
| Other Path Groups Table
| -----------------------
------------------------------------------------------------------------------------------------

Path Group    From Clock    To Clock          WNS(ns)      TNS(ns)  TNS Failing Endpoints  TNS Total Endpoints      WHS(ns)      THS(ns)  THS Failing Endpoints  THS Total Endpoints  
----------    ----------    --------          -------      -------  ---------------------  -------------------      -------      -------  ---------------------  -------------------  


------------------------------------------------------------------------------------------------
| User Ignored Path Table
| -----------------------
------------------------------------------------------------------------------------------------

Path Group    From Clock    To Clock    
----------    ----------    --------    


------------------------------------------------------------------------------------------------
| Unconstrained Path Table
| ------------------------
------------------------------------------------------------------------------------------------

Path Group    From Clock    To Clock    
----------    ----------    --------    
(none)        clk                         
(none)                      clk           


------------------------------------------------------------------------------------------------
| Timing Details
| --------------
------------------------------------------------------------------------------------------------


---------------------------------------------------------------------------------------------------
From Clock:  clk
  To Clock:  clk

Setup :        14484  Failing Endpoints,  Worst Slack       -3.966ns,  Total Violation   -28728.829ns
Hold  :            0  Failing Endpoints,  Worst Slack        0.086ns,  Total Violation        0.000ns
PW    :            0  Failing Endpoints,  Worst Slack        1.250ns,  Total Violation        0.000ns
---------------------------------------------------------------------------------------------------


Max Delay Paths
--------------------------------------------------------------------------------------
Slack (VIOLATED) :        -3.966ns  (required time - arrival time)
  Source:                 u_pc/pc_out_reg[3]_rep__5/C
                            (rising edge-triggered cell FDCE clocked by clk  {rise@0.000ns fall@2.500ns period=5.000ns})
  Destination:            u_icache/tags_reg[15][6]/CE
                            (rising edge-triggered cell FDCE clocked by clk  {rise@0.000ns fall@2.500ns period=5.000ns})
  Path Group:             clk
  Path Type:              Setup (Max at Slow Process Corner)
  Requirement:            5.000ns  (clk rise@5.000ns - clk rise@0.000ns)
  Data Path Delay:        8.677ns  (logic 2.285ns (26.334%)  route 6.392ns (73.666%))
  Logic Levels:           8  (CARRY4=1 LUT6=5 MUXF7=1 MUXF8=1)
  Clock Path Skew:        -0.049ns (DCD - SCD + CPR)
    Destination Clock Delay (DCD):    0.924ns = ( 5.924 - 5.000 ) 
    Source Clock Delay      (SCD):    0.973ns
    Clock Pessimism Removal (CPR):    0.000ns
  Clock Uncertainty:      0.035ns  ((TSJ^2 + TIJ^2)^1/2 + DJ) / 2 + PE
    Total System Jitter     (TSJ):    0.071ns
    Total Input Jitter      (TIJ):    0.000ns
    Discrete Jitter          (DJ):    0.000ns
    Phase Error              (PE):    0.000ns

    Location             Delay type                Incr(ns)  Path(ns)    Netlist Resource(s)
  -------------------------------------------------------------------    -------------------
                         (clock clk rise edge)        0.000     0.000 r  
                                                      0.000     0.000 r  clk (IN)
                         net (fo=9642, unset)         0.973     0.973    u_pc/clk
    SLICE_X37Y72         FDCE                                         r  u_pc/pc_out_reg[3]_rep__5/C
  -------------------------------------------------------------------    -------------------
    SLICE_X37Y72         FDCE (Prop_fdce_C_Q)         0.419     1.392 r  u_pc/pc_out_reg[3]_rep__5/Q
                         net (fo=115, routed)         1.498     2.890    u_icache/instr_out_reg[31]_i_282_0
    SLICE_X32Y82         LUT6 (Prop_lut6_I2_O)        0.297     3.187 r  u_icache/instr_out[31]_i_539/O
                         net (fo=1, routed)           0.000     3.187    u_icache/instr_out[31]_i_539_n_0
    SLICE_X32Y82         MUXF7 (Prop_muxf7_I1_O)      0.245     3.432 r  u_icache/instr_out_reg[31]_i_268/O
                         net (fo=1, routed)           0.000     3.432    u_icache/instr_out_reg[31]_i_268_n_0
    SLICE_X32Y82         MUXF8 (Prop_muxf8_I0_O)      0.104     3.536 r  u_icache/instr_out_reg[31]_i_133/O
                         net (fo=1, routed)           0.982     4.518    u_icache/instr_out_reg[31]_i_133_n_0
    SLICE_X37Y71         LUT6 (Prop_lut6_I5_O)        0.316     4.834 r  u_icache/instr_out[31]_i_63/O
                         net (fo=1, routed)           0.647     5.481    u_icache/tags[12]
    SLICE_X36Y73         LUT6 (Prop_lut6_I0_O)        0.124     5.605 r  u_icache/instr_out[31]_i_25/O
                         net (fo=1, routed)           0.000     5.605    u_icache/instr_out[31]_i_25_n_0
    SLICE_X36Y73         CARRY4 (Prop_carry4_S[0]_CO[3])
                                                      0.532     6.137 f  u_icache/instr_out_reg[31]_i_8/CO[3]
                         net (fo=1, routed)           0.637     6.774    u_icache/hit0
    SLICE_X37Y75         LUT6 (Prop_lut6_I5_O)        0.124     6.898 f  u_icache/instr_out[31]_i_3/O
                         net (fo=96, routed)          1.347     8.245    u_pc/data_reg[14][0]_0
    SLICE_X15Y88         LUT6 (Prop_lut6_I5_O)        0.124     8.369 r  u_pc/tags[15][23]_i_1/O
                         net (fo=57, routed)          1.281     9.650    u_icache/data_reg[15][0]_0[0]
    SLICE_X15Y76         FDCE                                         r  u_icache/tags_reg[15][6]/CE
  -------------------------------------------------------------------    -------------------

                         (clock clk rise edge)        5.000     5.000 r  
                                                      0.000     5.000 r  clk (IN)
                         net (fo=9642, unset)         0.924     5.924    u_icache/clk
    SLICE_X15Y76         FDCE                                         r  u_icache/tags_reg[15][6]/C
                         clock pessimism              0.000     5.924    
                         clock uncertainty           -0.035     5.889    
    SLICE_X15Y76         FDCE (Setup_fdce_C_CE)      -0.205     5.684    u_icache/tags_reg[15][6]
  -------------------------------------------------------------------
                         required time                          5.684    
                         arrival time                          -9.650    
  -------------------------------------------------------------------
                         slack                                 -3.966    





Min Delay Paths
--------------------------------------------------------------------------------------
Slack (MET) :             0.086ns  (arrival time - required time)
  Source:                 u_ex2_mem/alu_result_out_reg[6]_rep__0/C
                            (rising edge-triggered cell FDCE clocked by clk  {rise@0.000ns fall@2.500ns period=5.000ns})
  Destination:            u_dmem/mem_reg_1792_2047_18_18/RAMS64E_A/ADR4
                            (rising edge-triggered cell RAMS64E clocked by clk  {rise@0.000ns fall@2.500ns period=5.000ns})
  Path Group:             clk
  Path Type:              Hold (Min at Fast Process Corner)
  Requirement:            0.000ns  (clk rise@0.000ns - clk rise@0.000ns)
  Data Path Delay:        0.308ns  (logic 0.141ns (45.766%)  route 0.167ns (54.234%))
  Logic Levels:           0  
  Clock Path Skew:        0.022ns (DCD - SCD - CPR)
    Destination Clock Delay (DCD):    0.432ns
    Source Clock Delay      (SCD):    0.410ns
    Clock Pessimism Removal (CPR):    -0.000ns

    Location             Delay type                Incr(ns)  Path(ns)    Netlist Resource(s)
  -------------------------------------------------------------------    -------------------
                         (clock clk rise edge)        0.000     0.000 r  
                                                      0.000     0.000 r  clk (IN)
                         net (fo=9642, unset)         0.410     0.410    u_ex2_mem/clk
    SLICE_X51Y32         FDCE                                         r  u_ex2_mem/alu_result_out_reg[6]_rep__0/C
  -------------------------------------------------------------------    -------------------
    SLICE_X51Y32         FDCE (Prop_fdce_C_Q)         0.141     0.551 r  u_ex2_mem/alu_result_out_reg[6]_rep__0/Q
                         net (fo=128, routed)         0.167     0.718    u_dmem/mem_reg_1792_2047_18_18/A4
    SLICE_X52Y32         RAMS64E                                      r  u_dmem/mem_reg_1792_2047_18_18/RAMS64E_A/ADR4
  -------------------------------------------------------------------    -------------------

                         (clock clk rise edge)        0.000     0.000 r  
                                                      0.000     0.000 r  clk (IN)
                         net (fo=9642, unset)         0.432     0.432    u_dmem/mem_reg_1792_2047_18_18/WCLK
    SLICE_X52Y32         RAMS64E                                      r  u_dmem/mem_reg_1792_2047_18_18/RAMS64E_A/CLK
                         clock pessimism              0.000     0.432    
    SLICE_X52Y32         RAMS64E (Hold_rams64e_CLK_ADR4)
                                                      0.200     0.632    u_dmem/mem_reg_1792_2047_18_18/RAMS64E_A
  -------------------------------------------------------------------
                         required time                         -0.632    
                         arrival time                           0.718    
  -------------------------------------------------------------------
                         slack                                  0.086    





Pulse Width Checks
--------------------------------------------------------------------------------------
Clock Name:         clk
Waveform(ns):       { 0.000 2.500 }
Period(ns):         5.000
Sources:            { clk }

Check Type        Corner  Lib Pin      Reference Pin  Required(ns)  Actual(ns)  Slack(ns)  Location      Pin
Min Period        n/a     DSP48E1/CLK  n/a            2.154         5.000       2.846      DSP48_X0Y1    u_mdu/mul_su_out0__2/CLK
Low Pulse Width   Slow    RAMS64E/CLK  n/a            1.250         2.500       1.250      SLICE_X30Y22  u_dmem/mem_reg_0_255_0_0/RAMS64E_A/CLK
High Pulse Width  Slow    RAMS64E/CLK  n/a            1.250         2.500       1.250      SLICE_X30Y22  u_dmem/mem_reg_0_255_0_0/RAMS64E_A/CLK



--------------------------------------------------------------------------------------
Path Group:  (none)
From Clock:  clk
  To Clock:  

Max Delay            96 Endpoints
Min Delay            96 Endpoints
--------------------------------------------------------------------------------------


Max Delay Paths
--------------------------------------------------------------------------------------
Slack:                    inf
  Source:                 u_ex1_ex2/alu_a_out_reg[26]/C
                            (rising edge-triggered cell FDCE clocked by clk  {rise@0.000ns fall@2.500ns period=5.000ns})
  Destination:            debug_alu_result[13]
                            (output port)
  Path Group:             (none)
  Path Type:              Max at Slow Process Corner
  Data Path Delay:        6.107ns  (logic 0.952ns (15.588%)  route 5.155ns (84.412%))
  Logic Levels:           4  (LUT6=4)
  Clock Uncertainty:      0.025ns  ((TSJ^2 + TIJ^2)^1/2 + DJ) / 2 + PE
    Total System Jitter     (TSJ):    0.050ns
    Total Input Jitter      (TIJ):    0.000ns
    Discrete Jitter          (DJ):    0.000ns
    Phase Error              (PE):    0.000ns

    Location             Delay type                Incr(ns)  Path(ns)    Netlist Resource(s)
  -------------------------------------------------------------------    -------------------
                         (clock clk rise edge)        0.000     0.000 r  
                                                      0.000     0.000 r  clk (IN)
                         net (fo=9642, unset)         0.973     0.973    u_ex1_ex2/clk
    SLICE_X15Y42         FDCE                                         r  u_ex1_ex2/alu_a_out_reg[26]/C
  -------------------------------------------------------------------    -------------------
    SLICE_X15Y42         FDCE (Prop_fdce_C_Q)         0.456     1.429 r  u_ex1_ex2/alu_a_out_reg[26]/Q
                         net (fo=18, routed)          1.470     2.899    u_ex1_ex2/ex2_alu_a[26]
    SLICE_X11Y33         LUT6 (Prop_lut6_I1_O)        0.124     3.023 r  u_ex1_ex2/debug_alu_result[25]_INST_0_i_9/O
                         net (fo=7, routed)           1.266     4.289    u_ex1_ex2/debug_alu_result[25]_INST_0_i_9_n_0
    SLICE_X7Y31          LUT6 (Prop_lut6_I0_O)        0.124     4.413 r  u_ex1_ex2/debug_alu_result[13]_INST_0_i_5/O
                         net (fo=1, routed)           0.670     5.083    u_ex1_ex2/debug_alu_result[13]_INST_0_i_5_n_0
    SLICE_X11Y31         LUT6 (Prop_lut6_I5_O)        0.124     5.207 r  u_ex1_ex2/debug_alu_result[13]_INST_0_i_1/O
                         net (fo=1, routed)           0.776     5.983    u_ex1_ex2/debug_alu_result[13]_INST_0_i_1_n_0
    SLICE_X11Y34         LUT6 (Prop_lut6_I1_O)        0.124     6.107 r  u_ex1_ex2/debug_alu_result[13]_INST_0/O
                         net (fo=2, unset)            0.973     7.080    debug_alu_result[13]
                                                                      r  debug_alu_result[13] (OUT)
  -------------------------------------------------------------------    -------------------





Min Delay Paths
--------------------------------------------------------------------------------------
Slack:                    inf
  Source:                 u_pc/pc_out_reg[7]/C
                            (rising edge-triggered cell FDCE clocked by clk  {rise@0.000ns fall@2.500ns period=5.000ns})
  Destination:            debug_pc[7]
                            (output port)
  Path Group:             (none)
  Path Type:              Min at Fast Process Corner
  Data Path Delay:        0.538ns  (logic 0.128ns (23.786%)  route 0.410ns (76.214%))
  Logic Levels:           0  
  Clock Uncertainty:      0.025ns  ((TSJ^2 + TIJ^2)^1/2 + DJ) / 2 + PE
    Total System Jitter     (TSJ):    0.050ns
    Total Input Jitter      (TIJ):    0.000ns
    Discrete Jitter          (DJ):    0.000ns
    Phase Error              (PE):    0.000ns

    Location             Delay type                Incr(ns)  Path(ns)    Netlist Resource(s)
  -------------------------------------------------------------------    -------------------
                         (clock clk rise edge)        0.000     0.000 r  
                                                      0.000     0.000 r  clk (IN)
                         net (fo=9642, unset)         0.410     0.410    u_pc/clk
    SLICE_X41Y59         FDCE                                         r  u_pc/pc_out_reg[7]/C
  -------------------------------------------------------------------    -------------------
    SLICE_X41Y59         FDCE (Prop_fdce_C_Q)         0.128     0.538 r  u_pc/pc_out_reg[7]/Q
                         net (fo=100, unset)          0.410     0.948    debug_pc[7]
                                                                      r  debug_pc[7] (OUT)
  -------------------------------------------------------------------    -------------------





--------------------------------------------------------------------------------------
Path Group:  (none)
From Clock:  
  To Clock:  clk

Max Delay          8506 Endpoints
Min Delay          8506 Endpoints
--------------------------------------------------------------------------------------


Max Delay Paths
--------------------------------------------------------------------------------------
Slack:                    inf
  Source:                 rst_n
                            (input port)
  Destination:            u_regfile/regs_reg[0][22]/CLR
                            (recovery check against rising-edge clock clk  {rise@0.000ns fall@2.500ns period=5.000ns})
  Path Group:             (none)
  Path Type:              Recovery (Max at Slow Process Corner)
  Data Path Delay:        22.317ns  (logic 0.124ns (0.556%)  route 22.193ns (99.444%))
  Logic Levels:           1  (LUT1=1)
  Clock Path Skew:        0.924ns (DCD - SCD + CPR)
    Destination Clock Delay (DCD):    0.924ns
    Source Clock Delay      (SCD):    0.000ns
    Clock Pessimism Removal (CPR):    0.000ns
  Clock Uncertainty:      0.025ns  ((TSJ^2 + TIJ^2)^1/2 + DJ) / 2 + PE
    Total System Jitter     (TSJ):    0.050ns
    Total Input Jitter      (TIJ):    0.000ns
    Discrete Jitter          (DJ):    0.000ns
    Phase Error              (PE):    0.000ns

    Location             Delay type                Incr(ns)  Path(ns)    Netlist Resource(s)
  -------------------------------------------------------------------    -------------------
                                                      0.000     0.000 r  rst_n (IN)
                         net (fo=30, unset)           0.973     0.973    u_icache/rst_n
    SLICE_X58Y94         LUT1 (Prop_lut1_I0_O)        0.124     1.097 f  u_icache/pc_out[31]_i_3/O
                         net (fo=6650, routed)       21.220    22.317    u_regfile/p_0_in
    SLICE_X44Y26         FDCE                                         f  u_regfile/regs_reg[0][22]/CLR
  -------------------------------------------------------------------    -------------------

                         (clock clk rise edge)        0.000     0.000 r  
                                                      0.000     0.000 r  clk (IN)
                         net (fo=9642, unset)         0.924     0.924    u_regfile/clk
    SLICE_X44Y26         FDCE                                         r  u_regfile/regs_reg[0][22]/C





Min Delay Paths
--------------------------------------------------------------------------------------
Slack:                    inf
  Source:                 rst_n
                            (input port)
  Destination:            u_bp/btb_tag_reg[13][14]/CE
                            (rising edge-triggered cell FDRE clocked by clk  {rise@0.000ns fall@2.500ns period=5.000ns})
  Path Group:             (none)
  Path Type:              Hold (Min at Fast Process Corner)
  Data Path Delay:        0.610ns  (logic 0.045ns (7.376%)  route 0.565ns (92.623%))
  Logic Levels:           1  (LUT6=1)
  Clock Path Skew:        0.432ns (DCD - SCD - CPR)
    Destination Clock Delay (DCD):    0.432ns
    Source Clock Delay      (SCD):    0.000ns
    Clock Pessimism Removal (CPR):    -0.000ns

    Location             Delay type                Incr(ns)  Path(ns)    Netlist Resource(s)
  -------------------------------------------------------------------    -------------------
                                                      0.000     0.000 r  rst_n (IN)
                         net (fo=30, unset)           0.410     0.410    u_ex1_ex2/rst_n
    SLICE_X33Y53         LUT6 (Prop_lut6_I0_O)        0.045     0.455 r  u_ex1_ex2/btb_type[13][0]_i_1/O
                         net (fo=58, routed)          0.155     0.610    u_bp/btb_tag_reg[13][0]_0[0]
    SLICE_X32Y53         FDRE                                         r  u_bp/btb_tag_reg[13][14]/CE
  -------------------------------------------------------------------    -------------------

                         (clock clk rise edge)        0.000     0.000 r  
                                                      0.000     0.000 r  clk (IN)
                         net (fo=9642, unset)         0.432     0.432    u_bp/clk
    SLICE_X32Y53         FDRE                                         r  u_bp/btb_tag_reg[13][14]/C





