Copyright 1986-2022 Xilinx, Inc. All Rights Reserved. Copyright 2022-2024 Advanced Micro Devices, Inc. All Rights Reserved.
---------------------------------------------------------------------------------------------------------------------------------------------
| Tool Version : Vivado v.2024.2 (win64) Build 5239630 Fri Nov 08 22:35:27 MST 2024
| Date         : Thu Sep 17 20:51:34 2026
| Host         : PavilionPlus1 running 64-bit major release  (build 9200)
| Command      : report_timing -delay_type max -max_paths 10 -file V:/stage8_sgf/default/critical_setup_paths.rpt
| Design       : rv32i_pipeline_8stage_sgf_top
| Device       : 7a35t-cpg236
| Speed File   : -1  PRODUCTION 1.23 2018-06-13
| Design State : Routed
---------------------------------------------------------------------------------------------------------------------------------------------

Timing Report

Slack (VIOLATED) :        -3.801ns  (required time - arrival time)
  Source:                 u_pc/pc_out_reg[3]_rep__0/C
                            (rising edge-triggered cell FDCE clocked by clk  {rise@0.000ns fall@2.500ns period=5.000ns})
  Destination:            u_icache/data_reg[45][24]/CE
                            (rising edge-triggered cell FDCE clocked by clk  {rise@0.000ns fall@2.500ns period=5.000ns})
  Path Group:             clk
  Path Type:              Setup (Max at Slow Process Corner)
  Requirement:            5.000ns  (clk rise@5.000ns - clk rise@0.000ns)
  Data Path Delay:        8.512ns  (logic 2.240ns (26.315%)  route 6.272ns (73.685%))
  Logic Levels:           9  (CARRY4=2 LUT6=5 MUXF7=1 MUXF8=1)
  Clock Path Skew:        -0.049ns (DCD - SCD + CPR)
    Destination Clock Delay (DCD):    0.924ns = ( 5.924 - 5.000 ) 
    Source Clock Delay      (SCD):    0.973ns
    Clock Pessimism Removal (CPR):    0.000ns
  Clock Uncertainty:      0.035ns  ((TSJ^2 + TIJ^2)^1/2 + DJ) / 2 + PE
    Total System Jitter     (TSJ):    0.071ns
    Total Input Jitter      (TIJ):    0.000ns
    Discrete Jitter          (DJ):    0.000ns
    Phase Error              (PE):    0.000ns

    Location             Delay type                Incr(ns)  Path(ns)    Netlist Resource(s)
  -------------------------------------------------------------------    -------------------
                         (clock clk rise edge)        0.000     0.000 r  
                                                      0.000     0.000 r  clk (IN)
                         net (fo=9777, unset)         0.973     0.973    u_pc/clk
    SLICE_X31Y20         FDCE                                         r  u_pc/pc_out_reg[3]_rep__0/C
  -------------------------------------------------------------------    -------------------
    SLICE_X31Y20         FDCE (Prop_fdce_C_Q)         0.456     1.429 r  u_pc/pc_out_reg[3]_rep__0/Q
                         net (fo=115, routed)         1.590     3.019    u_icache/tags_reg[0][23]_i_288_0
    SLICE_X14Y14         LUT6 (Prop_lut6_I2_O)        0.124     3.143 r  u_icache/tags[0][23]_i_725/O
                         net (fo=1, routed)           0.000     3.143    u_icache/tags[0][23]_i_725_n_0
    SLICE_X14Y14         MUXF7 (Prop_muxf7_I0_O)      0.241     3.384 r  u_icache/tags_reg[0][23]_i_347/O
                         net (fo=1, routed)           0.000     3.384    u_icache/tags_reg[0][23]_i_347_n_0
    SLICE_X14Y14         MUXF8 (Prop_muxf8_I0_O)      0.098     3.482 r  u_icache/tags_reg[0][23]_i_158/O
                         net (fo=1, routed)           1.095     4.577    u_icache/tags_reg[0][23]_i_158_n_0
    SLICE_X34Y14         LUT6 (Prop_lut6_I1_O)        0.319     4.896 r  u_icache/tags[0][23]_i_64/O
                         net (fo=1, routed)           0.594     5.490    u_icache/tags[1]
    SLICE_X34Y15         LUT6 (Prop_lut6_I5_O)        0.124     5.614 r  u_icache/tags[0][23]_i_40/O
                         net (fo=1, routed)           0.000     5.614    u_icache/tags[0][23]_i_40_n_0
    SLICE_X34Y15         CARRY4 (Prop_carry4_S[0]_CO[3])
                                                      0.513     6.127 r  u_icache/tags_reg[0][23]_i_16/CO[3]
                         net (fo=1, routed)           0.000     6.127    u_icache/tags_reg[0][23]_i_16_n_0
    SLICE_X34Y16         CARRY4 (Prop_carry4_CI_CO[3])
                                                      0.117     6.244 f  u_icache/tags_reg[0][23]_i_7/CO[3]
                         net (fo=1, routed)           0.742     6.987    u_icache/hit0
    SLICE_X36Y16         LUT6 (Prop_lut6_I5_O)        0.124     7.111 f  u_icache/tags[0][23]_i_3/O
                         net (fo=96, routed)          0.835     7.945    u_pc/data_reg[14][0]_0
    SLICE_X31Y17         LUT6 (Prop_lut6_I5_O)        0.124     8.069 r  u_pc/tags[45][23]_i_1/O
                         net (fo=57, routed)          1.416     9.485    u_icache/data_reg[45][0]_0[0]
    SLICE_X7Y9           FDCE                                         r  u_icache/data_reg[45][24]/CE
  -------------------------------------------------------------------    -------------------

                         (clock clk rise edge)        5.000     5.000 r  
                                                      0.000     5.000 r  clk (IN)
                         net (fo=9777, unset)         0.924     5.924    u_icache/clk
    SLICE_X7Y9           FDCE                                         r  u_icache/data_reg[45][24]/C
                         clock pessimism              0.000     5.924    
                         clock uncertainty           -0.035     5.889    
    SLICE_X7Y9           FDCE (Setup_fdce_C_CE)      -0.205     5.684    u_icache/data_reg[45][24]
  -------------------------------------------------------------------
                         required time                          5.684    
                         arrival time                          -9.485    
  -------------------------------------------------------------------
                         slack                                 -3.801    

Slack (VIOLATED) :        -3.775ns  (required time - arrival time)
  Source:                 u_pc/pc_out_reg[3]_rep__0/C
                            (rising edge-triggered cell FDCE clocked by clk  {rise@0.000ns fall@2.500ns period=5.000ns})
  Destination:            u_icache/tags_reg[18][0]/CE
                            (rising edge-triggered cell FDCE clocked by clk  {rise@0.000ns fall@2.500ns period=5.000ns})
  Path Group:             clk
  Path Type:              Setup (Max at Slow Process Corner)
  Requirement:            5.000ns  (clk rise@5.000ns - clk rise@0.000ns)
  Data Path Delay:        8.486ns  (logic 2.240ns (26.396%)  route 6.246ns (73.604%))
  Logic Levels:           9  (CARRY4=2 LUT6=5 MUXF7=1 MUXF8=1)
  Clock Path Skew:        -0.049ns (DCD - SCD + CPR)
    Destination Clock Delay (DCD):    0.924ns = ( 5.924 - 5.000 ) 
    Source Clock Delay      (SCD):    0.973ns
    Clock Pessimism Removal (CPR):    0.000ns
  Clock Uncertainty:      0.035ns  ((TSJ^2 + TIJ^2)^1/2 + DJ) / 2 + PE
    Total System Jitter     (TSJ):    0.071ns
    Total Input Jitter      (TIJ):    0.000ns
    Discrete Jitter          (DJ):    0.000ns
    Phase Error              (PE):    0.000ns

    Location             Delay type                Incr(ns)  Path(ns)    Netlist Resource(s)
  -------------------------------------------------------------------    -------------------
                         (clock clk rise edge)        0.000     0.000 r  
                                                      0.000     0.000 r  clk (IN)
                         net (fo=9777, unset)         0.973     0.973    u_pc/clk
    SLICE_X31Y20         FDCE                                         r  u_pc/pc_out_reg[3]_rep__0/C
  -------------------------------------------------------------------    -------------------
    SLICE_X31Y20         FDCE (Prop_fdce_C_Q)         0.456     1.429 r  u_pc/pc_out_reg[3]_rep__0/Q
                         net (fo=115, routed)         1.590     3.019    u_icache/tags_reg[0][23]_i_288_0
    SLICE_X14Y14         LUT6 (Prop_lut6_I2_O)        0.124     3.143 r  u_icache/tags[0][23]_i_725/O
                         net (fo=1, routed)           0.000     3.143    u_icache/tags[0][23]_i_725_n_0
    SLICE_X14Y14         MUXF7 (Prop_muxf7_I0_O)      0.241     3.384 r  u_icache/tags_reg[0][23]_i_347/O
                         net (fo=1, routed)           0.000     3.384    u_icache/tags_reg[0][23]_i_347_n_0
    SLICE_X14Y14         MUXF8 (Prop_muxf8_I0_O)      0.098     3.482 r  u_icache/tags_reg[0][23]_i_158/O
                         net (fo=1, routed)           1.095     4.577    u_icache/tags_reg[0][23]_i_158_n_0
    SLICE_X34Y14         LUT6 (Prop_lut6_I1_O)        0.319     4.896 r  u_icache/tags[0][23]_i_64/O
                         net (fo=1, routed)           0.594     5.490    u_icache/tags[1]
    SLICE_X34Y15         LUT6 (Prop_lut6_I5_O)        0.124     5.614 r  u_icache/tags[0][23]_i_40/O
                         net (fo=1, routed)           0.000     5.614    u_icache/tags[0][23]_i_40_n_0
    SLICE_X34Y15         CARRY4 (Prop_carry4_S[0]_CO[3])
                                                      0.513     6.127 r  u_icache/tags_reg[0][23]_i_16/CO[3]
                         net (fo=1, routed)           0.000     6.127    u_icache/tags_reg[0][23]_i_16_n_0
    SLICE_X34Y16         CARRY4 (Prop_carry4_CI_CO[3])
                                                      0.117     6.244 f  u_icache/tags_reg[0][23]_i_7/CO[3]
                         net (fo=1, routed)           0.742     6.987    u_icache/hit0
    SLICE_X36Y16         LUT6 (Prop_lut6_I5_O)        0.124     7.111 f  u_icache/tags[0][23]_i_3/O
                         net (fo=96, routed)          1.019     8.130    u_pc/data_reg[14][0]_0
    SLICE_X52Y14         LUT6 (Prop_lut6_I5_O)        0.124     8.254 r  u_pc/tags[18][23]_i_1/O
                         net (fo=57, routed)          1.205     9.459    u_icache/data_reg[18][0]_0[0]
    SLICE_X45Y16         FDCE                                         r  u_icache/tags_reg[18][0]/CE
  -------------------------------------------------------------------    -------------------

                         (clock clk rise edge)        5.000     5.000 r  
                                                      0.000     5.000 r  clk (IN)
                         net (fo=9777, unset)         0.924     5.924    u_icache/clk
    SLICE_X45Y16         FDCE                                         r  u_icache/tags_reg[18][0]/C
                         clock pessimism              0.000     5.924    
                         clock uncertainty           -0.035     5.889    
    SLICE_X45Y16         FDCE (Setup_fdce_C_CE)      -0.205     5.684    u_icache/tags_reg[18][0]
  -------------------------------------------------------------------
                         required time                          5.684    
                         arrival time                          -9.459    
  -------------------------------------------------------------------
                         slack                                 -3.775    

Slack (VIOLATED) :        -3.775ns  (required time - arrival time)
  Source:                 u_pc/pc_out_reg[3]_rep__0/C
                            (rising edge-triggered cell FDCE clocked by clk  {rise@0.000ns fall@2.500ns period=5.000ns})
  Destination:            u_icache/tags_reg[18][16]/CE
                            (rising edge-triggered cell FDCE clocked by clk  {rise@0.000ns fall@2.500ns period=5.000ns})
  Path Group:             clk
  Path Type:              Setup (Max at Slow Process Corner)
  Requirement:            5.000ns  (clk rise@5.000ns - clk rise@0.000ns)
  Data Path Delay:        8.486ns  (logic 2.240ns (26.396%)  route 6.246ns (73.604%))
  Logic Levels:           9  (CARRY4=2 LUT6=5 MUXF7=1 MUXF8=1)
  Clock Path Skew:        -0.049ns (DCD - SCD + CPR)
    Destination Clock Delay (DCD):    0.924ns = ( 5.924 - 5.000 ) 
    Source Clock Delay      (SCD):    0.973ns
    Clock Pessimism Removal (CPR):    0.000ns
  Clock Uncertainty:      0.035ns  ((TSJ^2 + TIJ^2)^1/2 + DJ) / 2 + PE
    Total System Jitter     (TSJ):    0.071ns
    Total Input Jitter      (TIJ):    0.000ns
    Discrete Jitter          (DJ):    0.000ns
    Phase Error              (PE):    0.000ns

    Location             Delay type                Incr(ns)  Path(ns)    Netlist Resource(s)
  -------------------------------------------------------------------    -------------------
                         (clock clk rise edge)        0.000     0.000 r  
                                                      0.000     0.000 r  clk (IN)
                         net (fo=9777, unset)         0.973     0.973    u_pc/clk
    SLICE_X31Y20         FDCE                                         r  u_pc/pc_out_reg[3]_rep__0/C
  -------------------------------------------------------------------    -------------------
    SLICE_X31Y20         FDCE (Prop_fdce_C_Q)         0.456     1.429 r  u_pc/pc_out_reg[3]_rep__0/Q
                         net (fo=115, routed)         1.590     3.019    u_icache/tags_reg[0][23]_i_288_0
    SLICE_X14Y14         LUT6 (Prop_lut6_I2_O)        0.124     3.143 r  u_icache/tags[0][23]_i_725/O
                         net (fo=1, routed)           0.000     3.143    u_icache/tags[0][23]_i_725_n_0
    SLICE_X14Y14         MUXF7 (Prop_muxf7_I0_O)      0.241     3.384 r  u_icache/tags_reg[0][23]_i_347/O
                         net (fo=1, routed)           0.000     3.384    u_icache/tags_reg[0][23]_i_347_n_0
    SLICE_X14Y14         MUXF8 (Prop_muxf8_I0_O)      0.098     3.482 r  u_icache/tags_reg[0][23]_i_158/O
                         net (fo=1, routed)           1.095     4.577    u_icache/tags_reg[0][23]_i_158_n_0
    SLICE_X34Y14         LUT6 (Prop_lut6_I1_O)        0.319     4.896 r  u_icache/tags[0][23]_i_64/O
                         net (fo=1, routed)           0.594     5.490    u_icache/tags[1]
    SLICE_X34Y15         LUT6 (Prop_lut6_I5_O)        0.124     5.614 r  u_icache/tags[0][23]_i_40/O
                         net (fo=1, routed)           0.000     5.614    u_icache/tags[0][23]_i_40_n_0
    SLICE_X34Y15         CARRY4 (Prop_carry4_S[0]_CO[3])
                                                      0.513     6.127 r  u_icache/tags_reg[0][23]_i_16/CO[3]
                         net (fo=1, routed)           0.000     6.127    u_icache/tags_reg[0][23]_i_16_n_0
    SLICE_X34Y16         CARRY4 (Prop_carry4_CI_CO[3])
                                                      0.117     6.244 f  u_icache/tags_reg[0][23]_i_7/CO[3]
                         net (fo=1, routed)           0.742     6.987    u_icache/hit0
    SLICE_X36Y16         LUT6 (Prop_lut6_I5_O)        0.124     7.111 f  u_icache/tags[0][23]_i_3/O
                         net (fo=96, routed)          1.019     8.130    u_pc/data_reg[14][0]_0
    SLICE_X52Y14         LUT6 (Prop_lut6_I5_O)        0.124     8.254 r  u_pc/tags[18][23]_i_1/O
                         net (fo=57, routed)          1.205     9.459    u_icache/data_reg[18][0]_0[0]
    SLICE_X45Y16         FDCE                                         r  u_icache/tags_reg[18][16]/CE
  -------------------------------------------------------------------    -------------------

                         (clock clk rise edge)        5.000     5.000 r  
                                                      0.000     5.000 r  clk (IN)
                         net (fo=9777, unset)         0.924     5.924    u_icache/clk
    SLICE_X45Y16         FDCE                                         r  u_icache/tags_reg[18][16]/C
                         clock pessimism              0.000     5.924    
                         clock uncertainty           -0.035     5.889    
    SLICE_X45Y16         FDCE (Setup_fdce_C_CE)      -0.205     5.684    u_icache/tags_reg[18][16]
  -------------------------------------------------------------------
                         required time                          5.684    
                         arrival time                          -9.459    
  -------------------------------------------------------------------
                         slack                                 -3.775    

Slack (VIOLATED) :        -3.775ns  (required time - arrival time)
  Source:                 u_pc/pc_out_reg[3]_rep__0/C
                            (rising edge-triggered cell FDCE clocked by clk  {rise@0.000ns fall@2.500ns period=5.000ns})
  Destination:            u_icache/tags_reg[18][18]/CE
                            (rising edge-triggered cell FDCE clocked by clk  {rise@0.000ns fall@2.500ns period=5.000ns})
  Path Group:             clk
  Path Type:              Setup (Max at Slow Process Corner)
  Requirement:            5.000ns  (clk rise@5.000ns - clk rise@0.000ns)
  Data Path Delay:        8.486ns  (logic 2.240ns (26.396%)  route 6.246ns (73.604%))
  Logic Levels:           9  (CARRY4=2 LUT6=5 MUXF7=1 MUXF8=1)
  Clock Path Skew:        -0.049ns (DCD - SCD + CPR)
    Destination Clock Delay (DCD):    0.924ns = ( 5.924 - 5.000 ) 
    Source Clock Delay      (SCD):    0.973ns
    Clock Pessimism Removal (CPR):    0.000ns
  Clock Uncertainty:      0.035ns  ((TSJ^2 + TIJ^2)^1/2 + DJ) / 2 + PE
    Total System Jitter     (TSJ):    0.071ns
    Total Input Jitter      (TIJ):    0.000ns
    Discrete Jitter          (DJ):    0.000ns
    Phase Error              (PE):    0.000ns

    Location             Delay type                Incr(ns)  Path(ns)    Netlist Resource(s)
  -------------------------------------------------------------------    -------------------
                         (clock clk rise edge)        0.000     0.000 r  
                                                      0.000     0.000 r  clk (IN)
                         net (fo=9777, unset)         0.973     0.973    u_pc/clk
    SLICE_X31Y20         FDCE                                         r  u_pc/pc_out_reg[3]_rep__0/C
  -------------------------------------------------------------------    -------------------
    SLICE_X31Y20         FDCE (Prop_fdce_C_Q)         0.456     1.429 r  u_pc/pc_out_reg[3]_rep__0/Q
                         net (fo=115, routed)         1.590     3.019    u_icache/tags_reg[0][23]_i_288_0
    SLICE_X14Y14         LUT6 (Prop_lut6_I2_O)        0.124     3.143 r  u_icache/tags[0][23]_i_725/O
                         net (fo=1, routed)           0.000     3.143    u_icache/tags[0][23]_i_725_n_0
    SLICE_X14Y14         MUXF7 (Prop_muxf7_I0_O)      0.241     3.384 r  u_icache/tags_reg[0][23]_i_347/O
                         net (fo=1, routed)           0.000     3.384    u_icache/tags_reg[0][23]_i_347_n_0
    SLICE_X14Y14         MUXF8 (Prop_muxf8_I0_O)      0.098     3.482 r  u_icache/tags_reg[0][23]_i_158/O
                         net (fo=1, routed)           1.095     4.577    u_icache/tags_reg[0][23]_i_158_n_0
    SLICE_X34Y14         LUT6 (Prop_lut6_I1_O)        0.319     4.896 r  u_icache/tags[0][23]_i_64/O
                         net (fo=1, routed)           0.594     5.490    u_icache/tags[1]
    SLICE_X34Y15         LUT6 (Prop_lut6_I5_O)        0.124     5.614 r  u_icache/tags[0][23]_i_40/O
                         net (fo=1, routed)           0.000     5.614    u_icache/tags[0][23]_i_40_n_0
    SLICE_X34Y15         CARRY4 (Prop_carry4_S[0]_CO[3])
                                                      0.513     6.127 r  u_icache/tags_reg[0][23]_i_16/CO[3]
                         net (fo=1, routed)           0.000     6.127    u_icache/tags_reg[0][23]_i_16_n_0
    SLICE_X34Y16         CARRY4 (Prop_carry4_CI_CO[3])
                                                      0.117     6.244 f  u_icache/tags_reg[0][23]_i_7/CO[3]
                         net (fo=1, routed)           0.742     6.987    u_icache/hit0
    SLICE_X36Y16         LUT6 (Prop_lut6_I5_O)        0.124     7.111 f  u_icache/tags[0][23]_i_3/O
                         net (fo=96, routed)          1.019     8.130    u_pc/data_reg[14][0]_0
    SLICE_X52Y14         LUT6 (Prop_lut6_I5_O)        0.124     8.254 r  u_pc/tags[18][23]_i_1/O
                         net (fo=57, routed)          1.205     9.459    u_icache/data_reg[18][0]_0[0]
    SLICE_X45Y16         FDCE                                         r  u_icache/tags_reg[18][18]/CE
  -------------------------------------------------------------------    -------------------

                         (clock clk rise edge)        5.000     5.000 r  
                                                      0.000     5.000 r  clk (IN)
                         net (fo=9777, unset)         0.924     5.924    u_icache/clk
    SLICE_X45Y16         FDCE                                         r  u_icache/tags_reg[18][18]/C
                         clock pessimism              0.000     5.924    
                         clock uncertainty           -0.035     5.889    
    SLICE_X45Y16         FDCE (Setup_fdce_C_CE)      -0.205     5.684    u_icache/tags_reg[18][18]
  -------------------------------------------------------------------
                         required time                          5.684    
                         arrival time                          -9.459    
  -------------------------------------------------------------------
                         slack                                 -3.775    

Slack (VIOLATED) :        -3.775ns  (required time - arrival time)
  Source:                 u_pc/pc_out_reg[3]_rep__0/C
                            (rising edge-triggered cell FDCE clocked by clk  {rise@0.000ns fall@2.500ns period=5.000ns})
  Destination:            u_icache/tags_reg[18][3]/CE
                            (rising edge-triggered cell FDCE clocked by clk  {rise@0.000ns fall@2.500ns period=5.000ns})
  Path Group:             clk
  Path Type:              Setup (Max at Slow Process Corner)
  Requirement:            5.000ns  (clk rise@5.000ns - clk rise@0.000ns)
  Data Path Delay:        8.486ns  (logic 2.240ns (26.396%)  route 6.246ns (73.604%))
  Logic Levels:           9  (CARRY4=2 LUT6=5 MUXF7=1 MUXF8=1)
  Clock Path Skew:        -0.049ns (DCD - SCD + CPR)
    Destination Clock Delay (DCD):    0.924ns = ( 5.924 - 5.000 ) 
    Source Clock Delay      (SCD):    0.973ns
    Clock Pessimism Removal (CPR):    0.000ns
  Clock Uncertainty:      0.035ns  ((TSJ^2 + TIJ^2)^1/2 + DJ) / 2 + PE
    Total System Jitter     (TSJ):    0.071ns
    Total Input Jitter      (TIJ):    0.000ns
    Discrete Jitter          (DJ):    0.000ns
    Phase Error              (PE):    0.000ns

    Location             Delay type                Incr(ns)  Path(ns)    Netlist Resource(s)
  -------------------------------------------------------------------    -------------------
                         (clock clk rise edge)        0.000     0.000 r  
                                                      0.000     0.000 r  clk (IN)
                         net (fo=9777, unset)         0.973     0.973    u_pc/clk
    SLICE_X31Y20         FDCE                                         r  u_pc/pc_out_reg[3]_rep__0/C
  -------------------------------------------------------------------    -------------------
    SLICE_X31Y20         FDCE (Prop_fdce_C_Q)         0.456     1.429 r  u_pc/pc_out_reg[3]_rep__0/Q
                         net (fo=115, routed)         1.590     3.019    u_icache/tags_reg[0][23]_i_288_0
    SLICE_X14Y14         LUT6 (Prop_lut6_I2_O)        0.124     3.143 r  u_icache/tags[0][23]_i_725/O
                         net (fo=1, routed)           0.000     3.143    u_icache/tags[0][23]_i_725_n_0
    SLICE_X14Y14         MUXF7 (Prop_muxf7_I0_O)      0.241     3.384 r  u_icache/tags_reg[0][23]_i_347/O
                         net (fo=1, routed)           0.000     3.384    u_icache/tags_reg[0][23]_i_347_n_0
    SLICE_X14Y14         MUXF8 (Prop_muxf8_I0_O)      0.098     3.482 r  u_icache/tags_reg[0][23]_i_158/O
                         net (fo=1, routed)           1.095     4.577    u_icache/tags_reg[0][23]_i_158_n_0
    SLICE_X34Y14         LUT6 (Prop_lut6_I1_O)        0.319     4.896 r  u_icache/tags[0][23]_i_64/O
                         net (fo=1, routed)           0.594     5.490    u_icache/tags[1]
    SLICE_X34Y15         LUT6 (Prop_lut6_I5_O)        0.124     5.614 r  u_icache/tags[0][23]_i_40/O
                         net (fo=1, routed)           0.000     5.614    u_icache/tags[0][23]_i_40_n_0
    SLICE_X34Y15         CARRY4 (Prop_carry4_S[0]_CO[3])
                                                      0.513     6.127 r  u_icache/tags_reg[0][23]_i_16/CO[3]
                         net (fo=1, routed)           0.000     6.127    u_icache/tags_reg[0][23]_i_16_n_0
    SLICE_X34Y16         CARRY4 (Prop_carry4_CI_CO[3])
                                                      0.117     6.244 f  u_icache/tags_reg[0][23]_i_7/CO[3]
                         net (fo=1, routed)           0.742     6.987    u_icache/hit0
    SLICE_X36Y16         LUT6 (Prop_lut6_I5_O)        0.124     7.111 f  u_icache/tags[0][23]_i_3/O
                         net (fo=96, routed)          1.019     8.130    u_pc/data_reg[14][0]_0
    SLICE_X52Y14         LUT6 (Prop_lut6_I5_O)        0.124     8.254 r  u_pc/tags[18][23]_i_1/O
                         net (fo=57, routed)          1.205     9.459    u_icache/data_reg[18][0]_0[0]
    SLICE_X45Y16         FDCE                                         r  u_icache/tags_reg[18][3]/CE
  -------------------------------------------------------------------    -------------------

                         (clock clk rise edge)        5.000     5.000 r  
                                                      0.000     5.000 r  clk (IN)
                         net (fo=9777, unset)         0.924     5.924    u_icache/clk
    SLICE_X45Y16         FDCE                                         r  u_icache/tags_reg[18][3]/C
                         clock pessimism              0.000     5.924    
                         clock uncertainty           -0.035     5.889    
    SLICE_X45Y16         FDCE (Setup_fdce_C_CE)      -0.205     5.684    u_icache/tags_reg[18][3]
  -------------------------------------------------------------------
                         required time                          5.684    
                         arrival time                          -9.459    
  -------------------------------------------------------------------
                         slack                                 -3.775    

Slack (VIOLATED) :        -3.775ns  (required time - arrival time)
  Source:                 u_pc/pc_out_reg[3]_rep__0/C
                            (rising edge-triggered cell FDCE clocked by clk  {rise@0.000ns fall@2.500ns period=5.000ns})
  Destination:            u_icache/tags_reg[18][5]/CE
                            (rising edge-triggered cell FDCE clocked by clk  {rise@0.000ns fall@2.500ns period=5.000ns})
  Path Group:             clk
  Path Type:              Setup (Max at Slow Process Corner)
  Requirement:            5.000ns  (clk rise@5.000ns - clk rise@0.000ns)
  Data Path Delay:        8.486ns  (logic 2.240ns (26.396%)  route 6.246ns (73.604%))
  Logic Levels:           9  (CARRY4=2 LUT6=5 MUXF7=1 MUXF8=1)
  Clock Path Skew:        -0.049ns (DCD - SCD + CPR)
    Destination Clock Delay (DCD):    0.924ns = ( 5.924 - 5.000 ) 
    Source Clock Delay      (SCD):    0.973ns
    Clock Pessimism Removal (CPR):    0.000ns
  Clock Uncertainty:      0.035ns  ((TSJ^2 + TIJ^2)^1/2 + DJ) / 2 + PE
    Total System Jitter     (TSJ):    0.071ns
    Total Input Jitter      (TIJ):    0.000ns
    Discrete Jitter          (DJ):    0.000ns
    Phase Error              (PE):    0.000ns

    Location             Delay type                Incr(ns)  Path(ns)    Netlist Resource(s)
  -------------------------------------------------------------------    -------------------
                         (clock clk rise edge)        0.000     0.000 r  
                                                      0.000     0.000 r  clk (IN)
                         net (fo=9777, unset)         0.973     0.973    u_pc/clk
    SLICE_X31Y20         FDCE                                         r  u_pc/pc_out_reg[3]_rep__0/C
  -------------------------------------------------------------------    -------------------
    SLICE_X31Y20         FDCE (Prop_fdce_C_Q)         0.456     1.429 r  u_pc/pc_out_reg[3]_rep__0/Q
                         net (fo=115, routed)         1.590     3.019    u_icache/tags_reg[0][23]_i_288_0
    SLICE_X14Y14         LUT6 (Prop_lut6_I2_O)        0.124     3.143 r  u_icache/tags[0][23]_i_725/O
                         net (fo=1, routed)           0.000     3.143    u_icache/tags[0][23]_i_725_n_0
    SLICE_X14Y14         MUXF7 (Prop_muxf7_I0_O)      0.241     3.384 r  u_icache/tags_reg[0][23]_i_347/O
                         net (fo=1, routed)           0.000     3.384    u_icache/tags_reg[0][23]_i_347_n_0
    SLICE_X14Y14         MUXF8 (Prop_muxf8_I0_O)      0.098     3.482 r  u_icache/tags_reg[0][23]_i_158/O
                         net (fo=1, routed)           1.095     4.577    u_icache/tags_reg[0][23]_i_158_n_0
    SLICE_X34Y14         LUT6 (Prop_lut6_I1_O)        0.319     4.896 r  u_icache/tags[0][23]_i_64/O
                         net (fo=1, routed)           0.594     5.490    u_icache/tags[1]
    SLICE_X34Y15         LUT6 (Prop_lut6_I5_O)        0.124     5.614 r  u_icache/tags[0][23]_i_40/O
                         net (fo=1, routed)           0.000     5.614    u_icache/tags[0][23]_i_40_n_0
    SLICE_X34Y15         CARRY4 (Prop_carry4_S[0]_CO[3])
                                                      0.513     6.127 r  u_icache/tags_reg[0][23]_i_16/CO[3]
                         net (fo=1, routed)           0.000     6.127    u_icache/tags_reg[0][23]_i_16_n_0
    SLICE_X34Y16         CARRY4 (Prop_carry4_CI_CO[3])
                                                      0.117     6.244 f  u_icache/tags_reg[0][23]_i_7/CO[3]
                         net (fo=1, routed)           0.742     6.987    u_icache/hit0
    SLICE_X36Y16         LUT6 (Prop_lut6_I5_O)        0.124     7.111 f  u_icache/tags[0][23]_i_3/O
                         net (fo=96, routed)          1.019     8.130    u_pc/data_reg[14][0]_0
    SLICE_X52Y14         LUT6 (Prop_lut6_I5_O)        0.124     8.254 r  u_pc/tags[18][23]_i_1/O
                         net (fo=57, routed)          1.205     9.459    u_icache/data_reg[18][0]_0[0]
    SLICE_X45Y16         FDCE                                         r  u_icache/tags_reg[18][5]/CE
  -------------------------------------------------------------------    -------------------

                         (clock clk rise edge)        5.000     5.000 r  
                                                      0.000     5.000 r  clk (IN)
                         net (fo=9777, unset)         0.924     5.924    u_icache/clk
    SLICE_X45Y16         FDCE                                         r  u_icache/tags_reg[18][5]/C
                         clock pessimism              0.000     5.924    
                         clock uncertainty           -0.035     5.889    
    SLICE_X45Y16         FDCE (Setup_fdce_C_CE)      -0.205     5.684    u_icache/tags_reg[18][5]
  -------------------------------------------------------------------
                         required time                          5.684    
                         arrival time                          -9.459    
  -------------------------------------------------------------------
                         slack                                 -3.775    

Slack (VIOLATED) :        -3.775ns  (required time - arrival time)
  Source:                 u_pc/pc_out_reg[3]_rep__0/C
                            (rising edge-triggered cell FDCE clocked by clk  {rise@0.000ns fall@2.500ns period=5.000ns})
  Destination:            u_icache/tags_reg[18][9]/CE
                            (rising edge-triggered cell FDCE clocked by clk  {rise@0.000ns fall@2.500ns period=5.000ns})
  Path Group:             clk
  Path Type:              Setup (Max at Slow Process Corner)
  Requirement:            5.000ns  (clk rise@5.000ns - clk rise@0.000ns)
  Data Path Delay:        8.486ns  (logic 2.240ns (26.396%)  route 6.246ns (73.604%))
  Logic Levels:           9  (CARRY4=2 LUT6=5 MUXF7=1 MUXF8=1)
  Clock Path Skew:        -0.049ns (DCD - SCD + CPR)
    Destination Clock Delay (DCD):    0.924ns = ( 5.924 - 5.000 ) 
    Source Clock Delay      (SCD):    0.973ns
    Clock Pessimism Removal (CPR):    0.000ns
  Clock Uncertainty:      0.035ns  ((TSJ^2 + TIJ^2)^1/2 + DJ) / 2 + PE
    Total System Jitter     (TSJ):    0.071ns
    Total Input Jitter      (TIJ):    0.000ns
    Discrete Jitter          (DJ):    0.000ns
    Phase Error              (PE):    0.000ns

    Location             Delay type                Incr(ns)  Path(ns)    Netlist Resource(s)
  -------------------------------------------------------------------    -------------------
                         (clock clk rise edge)        0.000     0.000 r  
                                                      0.000     0.000 r  clk (IN)
                         net (fo=9777, unset)         0.973     0.973    u_pc/clk
    SLICE_X31Y20         FDCE                                         r  u_pc/pc_out_reg[3]_rep__0/C
  -------------------------------------------------------------------    -------------------
    SLICE_X31Y20         FDCE (Prop_fdce_C_Q)         0.456     1.429 r  u_pc/pc_out_reg[3]_rep__0/Q
                         net (fo=115, routed)         1.590     3.019    u_icache/tags_reg[0][23]_i_288_0
    SLICE_X14Y14         LUT6 (Prop_lut6_I2_O)        0.124     3.143 r  u_icache/tags[0][23]_i_725/O
                         net (fo=1, routed)           0.000     3.143    u_icache/tags[0][23]_i_725_n_0
    SLICE_X14Y14         MUXF7 (Prop_muxf7_I0_O)      0.241     3.384 r  u_icache/tags_reg[0][23]_i_347/O
                         net (fo=1, routed)           0.000     3.384    u_icache/tags_reg[0][23]_i_347_n_0
    SLICE_X14Y14         MUXF8 (Prop_muxf8_I0_O)      0.098     3.482 r  u_icache/tags_reg[0][23]_i_158/O
                         net (fo=1, routed)           1.095     4.577    u_icache/tags_reg[0][23]_i_158_n_0
    SLICE_X34Y14         LUT6 (Prop_lut6_I1_O)        0.319     4.896 r  u_icache/tags[0][23]_i_64/O
                         net (fo=1, routed)           0.594     5.490    u_icache/tags[1]
    SLICE_X34Y15         LUT6 (Prop_lut6_I5_O)        0.124     5.614 r  u_icache/tags[0][23]_i_40/O
                         net (fo=1, routed)           0.000     5.614    u_icache/tags[0][23]_i_40_n_0
    SLICE_X34Y15         CARRY4 (Prop_carry4_S[0]_CO[3])
                                                      0.513     6.127 r  u_icache/tags_reg[0][23]_i_16/CO[3]
                         net (fo=1, routed)           0.000     6.127    u_icache/tags_reg[0][23]_i_16_n_0
    SLICE_X34Y16         CARRY4 (Prop_carry4_CI_CO[3])
                                                      0.117     6.244 f  u_icache/tags_reg[0][23]_i_7/CO[3]
                         net (fo=1, routed)           0.742     6.987    u_icache/hit0
    SLICE_X36Y16         LUT6 (Prop_lut6_I5_O)        0.124     7.111 f  u_icache/tags[0][23]_i_3/O
                         net (fo=96, routed)          1.019     8.130    u_pc/data_reg[14][0]_0
    SLICE_X52Y14         LUT6 (Prop_lut6_I5_O)        0.124     8.254 r  u_pc/tags[18][23]_i_1/O
                         net (fo=57, routed)          1.205     9.459    u_icache/data_reg[18][0]_0[0]
    SLICE_X45Y16         FDCE                                         r  u_icache/tags_reg[18][9]/CE
  -------------------------------------------------------------------    -------------------

                         (clock clk rise edge)        5.000     5.000 r  
                                                      0.000     5.000 r  clk (IN)
                         net (fo=9777, unset)         0.924     5.924    u_icache/clk
    SLICE_X45Y16         FDCE                                         r  u_icache/tags_reg[18][9]/C
                         clock pessimism              0.000     5.924    
                         clock uncertainty           -0.035     5.889    
    SLICE_X45Y16         FDCE (Setup_fdce_C_CE)      -0.205     5.684    u_icache/tags_reg[18][9]
  -------------------------------------------------------------------
                         required time                          5.684    
                         arrival time                          -9.459    
  -------------------------------------------------------------------
                         slack                                 -3.775    

Slack (VIOLATED) :        -3.774ns  (required time - arrival time)
  Source:                 u_pc/pc_out_reg[3]_rep__0/C
                            (rising edge-triggered cell FDCE clocked by clk  {rise@0.000ns fall@2.500ns period=5.000ns})
  Destination:            u_icache/data_reg[25][12]/CE
                            (rising edge-triggered cell FDCE clocked by clk  {rise@0.000ns fall@2.500ns period=5.000ns})
  Path Group:             clk
  Path Type:              Setup (Max at Slow Process Corner)
  Requirement:            5.000ns  (clk rise@5.000ns - clk rise@0.000ns)
  Data Path Delay:        8.485ns  (logic 2.240ns (26.401%)  route 6.245ns (73.599%))
  Logic Levels:           9  (CARRY4=2 LUT6=5 MUXF7=1 MUXF8=1)
  Clock Path Skew:        -0.049ns (DCD - SCD + CPR)
    Destination Clock Delay (DCD):    0.924ns = ( 5.924 - 5.000 ) 
    Source Clock Delay      (SCD):    0.973ns
    Clock Pessimism Removal (CPR):    0.000ns
  Clock Uncertainty:      0.035ns  ((TSJ^2 + TIJ^2)^1/2 + DJ) / 2 + PE
    Total System Jitter     (TSJ):    0.071ns
    Total Input Jitter      (TIJ):    0.000ns
    Discrete Jitter          (DJ):    0.000ns
    Phase Error              (PE):    0.000ns

    Location             Delay type                Incr(ns)  Path(ns)    Netlist Resource(s)
  -------------------------------------------------------------------    -------------------
                         (clock clk rise edge)        0.000     0.000 r  
                                                      0.000     0.000 r  clk (IN)
                         net (fo=9777, unset)         0.973     0.973    u_pc/clk
    SLICE_X31Y20         FDCE                                         r  u_pc/pc_out_reg[3]_rep__0/C
  -------------------------------------------------------------------    -------------------
    SLICE_X31Y20         FDCE (Prop_fdce_C_Q)         0.456     1.429 r  u_pc/pc_out_reg[3]_rep__0/Q
                         net (fo=115, routed)         1.590     3.019    u_icache/tags_reg[0][23]_i_288_0
    SLICE_X14Y14         LUT6 (Prop_lut6_I2_O)        0.124     3.143 r  u_icache/tags[0][23]_i_725/O
                         net (fo=1, routed)           0.000     3.143    u_icache/tags[0][23]_i_725_n_0
    SLICE_X14Y14         MUXF7 (Prop_muxf7_I0_O)      0.241     3.384 r  u_icache/tags_reg[0][23]_i_347/O
                         net (fo=1, routed)           0.000     3.384    u_icache/tags_reg[0][23]_i_347_n_0
    SLICE_X14Y14         MUXF8 (Prop_muxf8_I0_O)      0.098     3.482 r  u_icache/tags_reg[0][23]_i_158/O
                         net (fo=1, routed)           1.095     4.577    u_icache/tags_reg[0][23]_i_158_n_0
    SLICE_X34Y14         LUT6 (Prop_lut6_I1_O)        0.319     4.896 r  u_icache/tags[0][23]_i_64/O
                         net (fo=1, routed)           0.594     5.490    u_icache/tags[1]
    SLICE_X34Y15         LUT6 (Prop_lut6_I5_O)        0.124     5.614 r  u_icache/tags[0][23]_i_40/O
                         net (fo=1, routed)           0.000     5.614    u_icache/tags[0][23]_i_40_n_0
    SLICE_X34Y15         CARRY4 (Prop_carry4_S[0]_CO[3])
                                                      0.513     6.127 r  u_icache/tags_reg[0][23]_i_16/CO[3]
                         net (fo=1, routed)           0.000     6.127    u_icache/tags_reg[0][23]_i_16_n_0
    SLICE_X34Y16         CARRY4 (Prop_carry4_CI_CO[3])
                                                      0.117     6.244 f  u_icache/tags_reg[0][23]_i_7/CO[3]
                         net (fo=1, routed)           0.742     6.987    u_icache/hit0
    SLICE_X36Y16         LUT6 (Prop_lut6_I5_O)        0.124     7.111 f  u_icache/tags[0][23]_i_3/O
                         net (fo=96, routed)          1.021     8.131    u_pc/data_reg[14][0]_0
    SLICE_X53Y16         LUT6 (Prop_lut6_I5_O)        0.124     8.255 r  u_pc/tags[25][23]_i_1/O
                         net (fo=57, routed)          1.202     9.458    u_icache/data_reg[25][0]_0[0]
    SLICE_X63Y9          FDCE                                         r  u_icache/data_reg[25][12]/CE
  -------------------------------------------------------------------    -------------------

                         (clock clk rise edge)        5.000     5.000 r  
                                                      0.000     5.000 r  clk (IN)
                         net (fo=9777, unset)         0.924     5.924    u_icache/clk
    SLICE_X63Y9          FDCE                                         r  u_icache/data_reg[25][12]/C
                         clock pessimism              0.000     5.924    
                         clock uncertainty           -0.035     5.889    
    SLICE_X63Y9          FDCE (Setup_fdce_C_CE)      -0.205     5.684    u_icache/data_reg[25][12]
  -------------------------------------------------------------------
                         required time                          5.684    
                         arrival time                          -9.458    
  -------------------------------------------------------------------
                         slack                                 -3.774    

Slack (VIOLATED) :        -3.774ns  (required time - arrival time)
  Source:                 u_pc/pc_out_reg[3]_rep__0/C
                            (rising edge-triggered cell FDCE clocked by clk  {rise@0.000ns fall@2.500ns period=5.000ns})
  Destination:            u_icache/data_reg[25][9]/CE
                            (rising edge-triggered cell FDCE clocked by clk  {rise@0.000ns fall@2.500ns period=5.000ns})
  Path Group:             clk
  Path Type:              Setup (Max at Slow Process Corner)
  Requirement:            5.000ns  (clk rise@5.000ns - clk rise@0.000ns)
  Data Path Delay:        8.485ns  (logic 2.240ns (26.401%)  route 6.245ns (73.599%))
  Logic Levels:           9  (CARRY4=2 LUT6=5 MUXF7=1 MUXF8=1)
  Clock Path Skew:        -0.049ns (DCD - SCD + CPR)
    Destination Clock Delay (DCD):    0.924ns = ( 5.924 - 5.000 ) 
    Source Clock Delay      (SCD):    0.973ns
    Clock Pessimism Removal (CPR):    0.000ns
  Clock Uncertainty:      0.035ns  ((TSJ^2 + TIJ^2)^1/2 + DJ) / 2 + PE
    Total System Jitter     (TSJ):    0.071ns
    Total Input Jitter      (TIJ):    0.000ns
    Discrete Jitter          (DJ):    0.000ns
    Phase Error              (PE):    0.000ns

    Location             Delay type                Incr(ns)  Path(ns)    Netlist Resource(s)
  -------------------------------------------------------------------    -------------------
                         (clock clk rise edge)        0.000     0.000 r  
                                                      0.000     0.000 r  clk (IN)
                         net (fo=9777, unset)         0.973     0.973    u_pc/clk
    SLICE_X31Y20         FDCE                                         r  u_pc/pc_out_reg[3]_rep__0/C
  -------------------------------------------------------------------    -------------------
    SLICE_X31Y20         FDCE (Prop_fdce_C_Q)         0.456     1.429 r  u_pc/pc_out_reg[3]_rep__0/Q
                         net (fo=115, routed)         1.590     3.019    u_icache/tags_reg[0][23]_i_288_0
    SLICE_X14Y14         LUT6 (Prop_lut6_I2_O)        0.124     3.143 r  u_icache/tags[0][23]_i_725/O
                         net (fo=1, routed)           0.000     3.143    u_icache/tags[0][23]_i_725_n_0
    SLICE_X14Y14         MUXF7 (Prop_muxf7_I0_O)      0.241     3.384 r  u_icache/tags_reg[0][23]_i_347/O
                         net (fo=1, routed)           0.000     3.384    u_icache/tags_reg[0][23]_i_347_n_0
    SLICE_X14Y14         MUXF8 (Prop_muxf8_I0_O)      0.098     3.482 r  u_icache/tags_reg[0][23]_i_158/O
                         net (fo=1, routed)           1.095     4.577    u_icache/tags_reg[0][23]_i_158_n_0
    SLICE_X34Y14         LUT6 (Prop_lut6_I1_O)        0.319     4.896 r  u_icache/tags[0][23]_i_64/O
                         net (fo=1, routed)           0.594     5.490    u_icache/tags[1]
    SLICE_X34Y15         LUT6 (Prop_lut6_I5_O)        0.124     5.614 r  u_icache/tags[0][23]_i_40/O
                         net (fo=1, routed)           0.000     5.614    u_icache/tags[0][23]_i_40_n_0
    SLICE_X34Y15         CARRY4 (Prop_carry4_S[0]_CO[3])
                                                      0.513     6.127 r  u_icache/tags_reg[0][23]_i_16/CO[3]
                         net (fo=1, routed)           0.000     6.127    u_icache/tags_reg[0][23]_i_16_n_0
    SLICE_X34Y16         CARRY4 (Prop_carry4_CI_CO[3])
                                                      0.117     6.244 f  u_icache/tags_reg[0][23]_i_7/CO[3]
                         net (fo=1, routed)           0.742     6.987    u_icache/hit0
    SLICE_X36Y16         LUT6 (Prop_lut6_I5_O)        0.124     7.111 f  u_icache/tags[0][23]_i_3/O
                         net (fo=96, routed)          1.021     8.131    u_pc/data_reg[14][0]_0
    SLICE_X53Y16         LUT6 (Prop_lut6_I5_O)        0.124     8.255 r  u_pc/tags[25][23]_i_1/O
                         net (fo=57, routed)          1.202     9.458    u_icache/data_reg[25][0]_0[0]
    SLICE_X63Y9          FDCE                                         r  u_icache/data_reg[25][9]/CE
  -------------------------------------------------------------------    -------------------

                         (clock clk rise edge)        5.000     5.000 r  
                                                      0.000     5.000 r  clk (IN)
                         net (fo=9777, unset)         0.924     5.924    u_icache/clk
    SLICE_X63Y9          FDCE                                         r  u_icache/data_reg[25][9]/C
                         clock pessimism              0.000     5.924    
                         clock uncertainty           -0.035     5.889    
    SLICE_X63Y9          FDCE (Setup_fdce_C_CE)      -0.205     5.684    u_icache/data_reg[25][9]
  -------------------------------------------------------------------
                         required time                          5.684    
                         arrival time                          -9.458    
  -------------------------------------------------------------------
                         slack                                 -3.774    

Slack (VIOLATED) :        -3.773ns  (required time - arrival time)
  Source:                 u_pc/pc_out_reg[3]_rep__0/C
                            (rising edge-triggered cell FDCE clocked by clk  {rise@0.000ns fall@2.500ns period=5.000ns})
  Destination:            u_icache/data_reg[17][14]/CE
                            (rising edge-triggered cell FDCE clocked by clk  {rise@0.000ns fall@2.500ns period=5.000ns})
  Path Group:             clk
  Path Type:              Setup (Max at Slow Process Corner)
  Requirement:            5.000ns  (clk rise@5.000ns - clk rise@0.000ns)
  Data Path Delay:        8.484ns  (logic 2.240ns (26.401%)  route 6.244ns (73.599%))
  Logic Levels:           9  (CARRY4=2 LUT6=5 MUXF7=1 MUXF8=1)
  Clock Path Skew:        -0.049ns (DCD - SCD + CPR)
    Destination Clock Delay (DCD):    0.924ns = ( 5.924 - 5.000 ) 
    Source Clock Delay      (SCD):    0.973ns
    Clock Pessimism Removal (CPR):    0.000ns
  Clock Uncertainty:      0.035ns  ((TSJ^2 + TIJ^2)^1/2 + DJ) / 2 + PE
    Total System Jitter     (TSJ):    0.071ns
    Total Input Jitter      (TIJ):    0.000ns
    Discrete Jitter          (DJ):    0.000ns
    Phase Error              (PE):    0.000ns

    Location             Delay type                Incr(ns)  Path(ns)    Netlist Resource(s)
  -------------------------------------------------------------------    -------------------
                         (clock clk rise edge)        0.000     0.000 r  
                                                      0.000     0.000 r  clk (IN)
                         net (fo=9777, unset)         0.973     0.973    u_pc/clk
    SLICE_X31Y20         FDCE                                         r  u_pc/pc_out_reg[3]_rep__0/C
  -------------------------------------------------------------------    -------------------
    SLICE_X31Y20         FDCE (Prop_fdce_C_Q)         0.456     1.429 r  u_pc/pc_out_reg[3]_rep__0/Q
                         net (fo=115, routed)         1.590     3.019    u_icache/tags_reg[0][23]_i_288_0
    SLICE_X14Y14         LUT6 (Prop_lut6_I2_O)        0.124     3.143 r  u_icache/tags[0][23]_i_725/O
                         net (fo=1, routed)           0.000     3.143    u_icache/tags[0][23]_i_725_n_0
    SLICE_X14Y14         MUXF7 (Prop_muxf7_I0_O)      0.241     3.384 r  u_icache/tags_reg[0][23]_i_347/O
                         net (fo=1, routed)           0.000     3.384    u_icache/tags_reg[0][23]_i_347_n_0
    SLICE_X14Y14         MUXF8 (Prop_muxf8_I0_O)      0.098     3.482 r  u_icache/tags_reg[0][23]_i_158/O
                         net (fo=1, routed)           1.095     4.577    u_icache/tags_reg[0][23]_i_158_n_0
    SLICE_X34Y14         LUT6 (Prop_lut6_I1_O)        0.319     4.896 r  u_icache/tags[0][23]_i_64/O
                         net (fo=1, routed)           0.594     5.490    u_icache/tags[1]
    SLICE_X34Y15         LUT6 (Prop_lut6_I5_O)        0.124     5.614 r  u_icache/tags[0][23]_i_40/O
                         net (fo=1, routed)           0.000     5.614    u_icache/tags[0][23]_i_40_n_0
    SLICE_X34Y15         CARRY4 (Prop_carry4_S[0]_CO[3])
                                                      0.513     6.127 r  u_icache/tags_reg[0][23]_i_16/CO[3]
                         net (fo=1, routed)           0.000     6.127    u_icache/tags_reg[0][23]_i_16_n_0
    SLICE_X34Y16         CARRY4 (Prop_carry4_CI_CO[3])
                                                      0.117     6.244 f  u_icache/tags_reg[0][23]_i_7/CO[3]
                         net (fo=1, routed)           0.742     6.987    u_icache/hit0
    SLICE_X36Y16         LUT6 (Prop_lut6_I5_O)        0.124     7.111 f  u_icache/tags[0][23]_i_3/O
                         net (fo=96, routed)          1.038     8.148    u_pc/data_reg[14][0]_0
    SLICE_X52Y16         LUT6 (Prop_lut6_I5_O)        0.124     8.272 r  u_pc/tags[17][23]_i_1/O
                         net (fo=57, routed)          1.185     9.457    u_icache/data_reg[17][0]_0[0]
    SLICE_X58Y7          FDCE                                         r  u_icache/data_reg[17][14]/CE
  -------------------------------------------------------------------    -------------------

                         (clock clk rise edge)        5.000     5.000 r  
                                                      0.000     5.000 r  clk (IN)
                         net (fo=9777, unset)         0.924     5.924    u_icache/clk
    SLICE_X58Y7          FDCE                                         r  u_icache/data_reg[17][14]/C
                         clock pessimism              0.000     5.924    
                         clock uncertainty           -0.035     5.889    
    SLICE_X58Y7          FDCE (Setup_fdce_C_CE)      -0.205     5.684    u_icache/data_reg[17][14]
  -------------------------------------------------------------------
                         required time                          5.684    
                         arrival time                          -9.457    
  -------------------------------------------------------------------
                         slack                                 -3.773    




