Copyright 1986-2022 Xilinx, Inc. All Rights Reserved. Copyright 2022-2024 Advanced Micro Devices, Inc. All Rights Reserved.
---------------------------------------------------------------------------------------------------------------------------------------------
| Tool Version : Vivado v.2024.2 (win64) Build 5239630 Fri Nov 08 22:35:27 MST 2024
| Date         : Thu Sep 17 20:26:43 2026
| Host         : PavilionPlus1 running 64-bit major release  (build 9200)
| Command      : report_timing -delay_type max -max_paths 10 -file V:/stage8_baseline/wlblock/critical_setup_paths.rpt
| Design       : rv32i_pipeline_8stage_top
| Device       : 7a35t-cpg236
| Speed File   : -1  PRODUCTION 1.23 2018-06-13
| Design State : Routed
---------------------------------------------------------------------------------------------------------------------------------------------

Timing Report

Slack (VIOLATED) :        -3.544ns  (required time - arrival time)
  Source:                 u_ex1_ex2/csr_addr_out_reg[1]/C
                            (rising edge-triggered cell FDCE clocked by clk  {rise@0.000ns fall@2.500ns period=5.000ns})
  Destination:            u_csr/mcycle_reg[61]/D
                            (rising edge-triggered cell FDCE clocked by clk  {rise@0.000ns fall@2.500ns period=5.000ns})
  Path Group:             clk
  Path Type:              Setup (Max at Slow Process Corner)
  Requirement:            5.000ns  (clk rise@5.000ns - clk rise@0.000ns)
  Data Path Delay:        8.569ns  (logic 3.509ns (40.949%)  route 5.060ns (59.051%))
  Logic Levels:           20  (CARRY4=13 LUT2=1 LUT5=3 LUT6=3)
  Clock Path Skew:        -0.049ns (DCD - SCD + CPR)
    Destination Clock Delay (DCD):    0.924ns = ( 5.924 - 5.000 ) 
    Source Clock Delay      (SCD):    0.973ns
    Clock Pessimism Removal (CPR):    0.000ns
  Clock Uncertainty:      0.035ns  ((TSJ^2 + TIJ^2)^1/2 + DJ) / 2 + PE
    Total System Jitter     (TSJ):    0.071ns
    Total Input Jitter      (TIJ):    0.000ns
    Discrete Jitter          (DJ):    0.000ns
    Phase Error              (PE):    0.000ns

    Location             Delay type                Incr(ns)  Path(ns)    Netlist Resource(s)
  -------------------------------------------------------------------    -------------------
                         (clock clk rise edge)        0.000     0.000 r  
                                                      0.000     0.000 r  clk (IN)
                         net (fo=9745, unset)         0.973     0.973    u_ex1_ex2/clk
    SLICE_X8Y83          FDCE                                         r  u_ex1_ex2/csr_addr_out_reg[1]/C
  -------------------------------------------------------------------    -------------------
    SLICE_X8Y83          FDCE (Prop_fdce_C_Q)         0.518     1.491 r  u_ex1_ex2/csr_addr_out_reg[1]/Q
                         net (fo=20, routed)          0.920     2.411    u_ex1_ex2/ex2_csr_addr[1]
    SLICE_X10Y82         LUT6 (Prop_lut6_I2_O)        0.124     2.535 r  u_ex1_ex2/csr_rdata_out[31]_i_18/O
                         net (fo=15, routed)          0.389     2.924    u_ex1_ex2/csr_rdata_out[31]_i_18_n_0
    SLICE_X8Y83          LUT2 (Prop_lut2_I1_O)        0.124     3.048 r  u_ex1_ex2/csr_rdata_out[31]_i_12/O
                         net (fo=178, routed)         1.466     4.513    u_csr/csr_rdata_out_reg[31]
    SLICE_X6Y78          LUT6 (Prop_lut6_I2_O)        0.124     4.637 r  u_csr/csr_rdata_out[12]_i_5/O
                         net (fo=1, routed)           0.466     5.103    u_ex1_ex2/csr_rdata_out_reg[12]_0
    SLICE_X6Y78          LUT5 (Prop_lut5_I1_O)        0.124     5.227 f  u_ex1_ex2/csr_rdata_out[12]_i_2/O
                         net (fo=3, routed)           0.494     5.721    u_ex1_ex2/csr_rdata_out[12]_i_2_n_0
    SLICE_X7Y76          LUT5 (Prop_lut5_I4_O)        0.124     5.845 f  u_ex1_ex2/mstatus[12]_i_2/O
                         net (fo=1, routed)           0.345     6.190    u_ex1_ex2/mstatus[12]_i_2_n_0
    SLICE_X6Y74          LUT5 (Prop_lut5_I0_O)        0.124     6.314 r  u_ex1_ex2/mstatus[12]_i_1/O
                         net (fo=15, routed)          0.972     7.286    u_ex1_ex2/csr_new[12]
    SLICE_X8Y65          LUT6 (Prop_lut6_I5_O)        0.124     7.410 r  u_ex1_ex2/mcycle[12]_i_5/O
                         net (fo=1, routed)           0.000     7.410    u_ex1_ex2/mcycle[12]_i_5_n_0
    SLICE_X8Y65          CARRY4 (Prop_carry4_S[0]_CO[3])
                                                      0.513     7.923 r  u_ex1_ex2/mcycle_reg[12]_i_1/CO[3]
                         net (fo=1, routed)           0.000     7.923    u_ex1_ex2/mcycle_reg[12]_i_1_n_0
    SLICE_X8Y66          CARRY4 (Prop_carry4_CI_CO[3])
                                                      0.117     8.040 r  u_ex1_ex2/mcycle_reg[16]_i_1/CO[3]
                         net (fo=1, routed)           0.000     8.040    u_ex1_ex2/mcycle_reg[16]_i_1_n_0
    SLICE_X8Y67          CARRY4 (Prop_carry4_CI_CO[3])
                                                      0.117     8.157 r  u_ex1_ex2/mcycle_reg[20]_i_1/CO[3]
                         net (fo=1, routed)           0.000     8.157    u_ex1_ex2/mcycle_reg[20]_i_1_n_0
    SLICE_X8Y68          CARRY4 (Prop_carry4_CI_CO[3])
                                                      0.117     8.274 r  u_ex1_ex2/mcycle_reg[24]_i_1/CO[3]
                         net (fo=1, routed)           0.000     8.274    u_ex1_ex2/mcycle_reg[24]_i_1_n_0
    SLICE_X8Y69          CARRY4 (Prop_carry4_CI_CO[3])
                                                      0.117     8.391 r  u_ex1_ex2/mcycle_reg[28]_i_1/CO[3]
                         net (fo=1, routed)           0.000     8.391    u_ex1_ex2/mcycle_reg[28]_i_1_n_0
    SLICE_X8Y70          CARRY4 (Prop_carry4_CI_CO[3])
                                                      0.117     8.508 r  u_ex1_ex2/mcycle_reg[32]_i_1/CO[3]
                         net (fo=1, routed)           0.000     8.508    u_ex1_ex2/mcycle_reg[32]_i_1_n_0
    SLICE_X8Y71          CARRY4 (Prop_carry4_CI_CO[3])
                                                      0.117     8.625 r  u_ex1_ex2/mcycle_reg[36]_i_1/CO[3]
                         net (fo=1, routed)           0.000     8.625    u_ex1_ex2/mcycle_reg[36]_i_1_n_0
    SLICE_X8Y72          CARRY4 (Prop_carry4_CI_CO[3])
                                                      0.117     8.742 r  u_ex1_ex2/mcycle_reg[40]_i_1/CO[3]
                         net (fo=1, routed)           0.000     8.742    u_ex1_ex2/mcycle_reg[40]_i_1_n_0
    SLICE_X8Y73          CARRY4 (Prop_carry4_CI_CO[3])
                                                      0.117     8.859 r  u_ex1_ex2/mcycle_reg[44]_i_1/CO[3]
                         net (fo=1, routed)           0.000     8.859    u_ex1_ex2/mcycle_reg[44]_i_1_n_0
    SLICE_X8Y74          CARRY4 (Prop_carry4_CI_CO[3])
                                                      0.117     8.976 r  u_ex1_ex2/mcycle_reg[48]_i_1/CO[3]
                         net (fo=1, routed)           0.009     8.985    u_ex1_ex2/mcycle_reg[48]_i_1_n_0
    SLICE_X8Y75          CARRY4 (Prop_carry4_CI_CO[3])
                                                      0.117     9.102 r  u_ex1_ex2/mcycle_reg[52]_i_1/CO[3]
                         net (fo=1, routed)           0.000     9.102    u_ex1_ex2/mcycle_reg[52]_i_1_n_0
    SLICE_X8Y76          CARRY4 (Prop_carry4_CI_CO[3])
                                                      0.117     9.219 r  u_ex1_ex2/mcycle_reg[56]_i_1/CO[3]
                         net (fo=1, routed)           0.000     9.219    u_ex1_ex2/mcycle_reg[56]_i_1_n_0
    SLICE_X8Y77          CARRY4 (Prop_carry4_CI_O[1])
                                                      0.323     9.542 r  u_ex1_ex2/mcycle_reg[60]_i_1/O[1]
                         net (fo=1, routed)           0.000     9.542    u_csr/mcycle_reg[63]_0[1]
    SLICE_X8Y77          FDCE                                         r  u_csr/mcycle_reg[61]/D
  -------------------------------------------------------------------    -------------------

                         (clock clk rise edge)        5.000     5.000 r  
                                                      0.000     5.000 r  clk (IN)
                         net (fo=9745, unset)         0.924     5.924    u_csr/clk
    SLICE_X8Y77          FDCE                                         r  u_csr/mcycle_reg[61]/C
                         clock pessimism              0.000     5.924    
                         clock uncertainty           -0.035     5.889    
    SLICE_X8Y77          FDCE (Setup_fdce_C_D)        0.109     5.998    u_csr/mcycle_reg[61]
  -------------------------------------------------------------------
                         required time                          5.998    
                         arrival time                          -9.542    
  -------------------------------------------------------------------
                         slack                                 -3.544    

Slack (VIOLATED) :        -3.536ns  (required time - arrival time)
  Source:                 u_ex1_ex2/csr_addr_out_reg[1]/C
                            (rising edge-triggered cell FDCE clocked by clk  {rise@0.000ns fall@2.500ns period=5.000ns})
  Destination:            u_csr/mcycle_reg[63]/D
                            (rising edge-triggered cell FDCE clocked by clk  {rise@0.000ns fall@2.500ns period=5.000ns})
  Path Group:             clk
  Path Type:              Setup (Max at Slow Process Corner)
  Requirement:            5.000ns  (clk rise@5.000ns - clk rise@0.000ns)
  Data Path Delay:        8.561ns  (logic 3.501ns (40.894%)  route 5.060ns (59.106%))
  Logic Levels:           20  (CARRY4=13 LUT2=1 LUT5=3 LUT6=3)
  Clock Path Skew:        -0.049ns (DCD - SCD + CPR)
    Destination Clock Delay (DCD):    0.924ns = ( 5.924 - 5.000 ) 
    Source Clock Delay      (SCD):    0.973ns
    Clock Pessimism Removal (CPR):    0.000ns
  Clock Uncertainty:      0.035ns  ((TSJ^2 + TIJ^2)^1/2 + DJ) / 2 + PE
    Total System Jitter     (TSJ):    0.071ns
    Total Input Jitter      (TIJ):    0.000ns
    Discrete Jitter          (DJ):    0.000ns
    Phase Error              (PE):    0.000ns

    Location             Delay type                Incr(ns)  Path(ns)    Netlist Resource(s)
  -------------------------------------------------------------------    -------------------
                         (clock clk rise edge)        0.000     0.000 r  
                                                      0.000     0.000 r  clk (IN)
                         net (fo=9745, unset)         0.973     0.973    u_ex1_ex2/clk
    SLICE_X8Y83          FDCE                                         r  u_ex1_ex2/csr_addr_out_reg[1]/C
  -------------------------------------------------------------------    -------------------
    SLICE_X8Y83          FDCE (Prop_fdce_C_Q)         0.518     1.491 r  u_ex1_ex2/csr_addr_out_reg[1]/Q
                         net (fo=20, routed)          0.920     2.411    u_ex1_ex2/ex2_csr_addr[1]
    SLICE_X10Y82         LUT6 (Prop_lut6_I2_O)        0.124     2.535 r  u_ex1_ex2/csr_rdata_out[31]_i_18/O
                         net (fo=15, routed)          0.389     2.924    u_ex1_ex2/csr_rdata_out[31]_i_18_n_0
    SLICE_X8Y83          LUT2 (Prop_lut2_I1_O)        0.124     3.048 r  u_ex1_ex2/csr_rdata_out[31]_i_12/O
                         net (fo=178, routed)         1.466     4.513    u_csr/csr_rdata_out_reg[31]
    SLICE_X6Y78          LUT6 (Prop_lut6_I2_O)        0.124     4.637 r  u_csr/csr_rdata_out[12]_i_5/O
                         net (fo=1, routed)           0.466     5.103    u_ex1_ex2/csr_rdata_out_reg[12]_0
    SLICE_X6Y78          LUT5 (Prop_lut5_I1_O)        0.124     5.227 f  u_ex1_ex2/csr_rdata_out[12]_i_2/O
                         net (fo=3, routed)           0.494     5.721    u_ex1_ex2/csr_rdata_out[12]_i_2_n_0
    SLICE_X7Y76          LUT5 (Prop_lut5_I4_O)        0.124     5.845 f  u_ex1_ex2/mstatus[12]_i_2/O
                         net (fo=1, routed)           0.345     6.190    u_ex1_ex2/mstatus[12]_i_2_n_0
    SLICE_X6Y74          LUT5 (Prop_lut5_I0_O)        0.124     6.314 r  u_ex1_ex2/mstatus[12]_i_1/O
                         net (fo=15, routed)          0.972     7.286    u_ex1_ex2/csr_new[12]
    SLICE_X8Y65          LUT6 (Prop_lut6_I5_O)        0.124     7.410 r  u_ex1_ex2/mcycle[12]_i_5/O
                         net (fo=1, routed)           0.000     7.410    u_ex1_ex2/mcycle[12]_i_5_n_0
    SLICE_X8Y65          CARRY4 (Prop_carry4_S[0]_CO[3])
                                                      0.513     7.923 r  u_ex1_ex2/mcycle_reg[12]_i_1/CO[3]
                         net (fo=1, routed)           0.000     7.923    u_ex1_ex2/mcycle_reg[12]_i_1_n_0
    SLICE_X8Y66          CARRY4 (Prop_carry4_CI_CO[3])
                                                      0.117     8.040 r  u_ex1_ex2/mcycle_reg[16]_i_1/CO[3]
                         net (fo=1, routed)           0.000     8.040    u_ex1_ex2/mcycle_reg[16]_i_1_n_0
    SLICE_X8Y67          CARRY4 (Prop_carry4_CI_CO[3])
                                                      0.117     8.157 r  u_ex1_ex2/mcycle_reg[20]_i_1/CO[3]
                         net (fo=1, routed)           0.000     8.157    u_ex1_ex2/mcycle_reg[20]_i_1_n_0
    SLICE_X8Y68          CARRY4 (Prop_carry4_CI_CO[3])
                                                      0.117     8.274 r  u_ex1_ex2/mcycle_reg[24]_i_1/CO[3]
                         net (fo=1, routed)           0.000     8.274    u_ex1_ex2/mcycle_reg[24]_i_1_n_0
    SLICE_X8Y69          CARRY4 (Prop_carry4_CI_CO[3])
                                                      0.117     8.391 r  u_ex1_ex2/mcycle_reg[28]_i_1/CO[3]
                         net (fo=1, routed)           0.000     8.391    u_ex1_ex2/mcycle_reg[28]_i_1_n_0
    SLICE_X8Y70          CARRY4 (Prop_carry4_CI_CO[3])
                                                      0.117     8.508 r  u_ex1_ex2/mcycle_reg[32]_i_1/CO[3]
                         net (fo=1, routed)           0.000     8.508    u_ex1_ex2/mcycle_reg[32]_i_1_n_0
    SLICE_X8Y71          CARRY4 (Prop_carry4_CI_CO[3])
                                                      0.117     8.625 r  u_ex1_ex2/mcycle_reg[36]_i_1/CO[3]
                         net (fo=1, routed)           0.000     8.625    u_ex1_ex2/mcycle_reg[36]_i_1_n_0
    SLICE_X8Y72          CARRY4 (Prop_carry4_CI_CO[3])
                                                      0.117     8.742 r  u_ex1_ex2/mcycle_reg[40]_i_1/CO[3]
                         net (fo=1, routed)           0.000     8.742    u_ex1_ex2/mcycle_reg[40]_i_1_n_0
    SLICE_X8Y73          CARRY4 (Prop_carry4_CI_CO[3])
                                                      0.117     8.859 r  u_ex1_ex2/mcycle_reg[44]_i_1/CO[3]
                         net (fo=1, routed)           0.000     8.859    u_ex1_ex2/mcycle_reg[44]_i_1_n_0
    SLICE_X8Y74          CARRY4 (Prop_carry4_CI_CO[3])
                                                      0.117     8.976 r  u_ex1_ex2/mcycle_reg[48]_i_1/CO[3]
                         net (fo=1, routed)           0.009     8.985    u_ex1_ex2/mcycle_reg[48]_i_1_n_0
    SLICE_X8Y75          CARRY4 (Prop_carry4_CI_CO[3])
                                                      0.117     9.102 r  u_ex1_ex2/mcycle_reg[52]_i_1/CO[3]
                         net (fo=1, routed)           0.000     9.102    u_ex1_ex2/mcycle_reg[52]_i_1_n_0
    SLICE_X8Y76          CARRY4 (Prop_carry4_CI_CO[3])
                                                      0.117     9.219 r  u_ex1_ex2/mcycle_reg[56]_i_1/CO[3]
                         net (fo=1, routed)           0.000     9.219    u_ex1_ex2/mcycle_reg[56]_i_1_n_0
    SLICE_X8Y77          CARRY4 (Prop_carry4_CI_O[3])
                                                      0.315     9.534 r  u_ex1_ex2/mcycle_reg[60]_i_1/O[3]
                         net (fo=1, routed)           0.000     9.534    u_csr/mcycle_reg[63]_0[3]
    SLICE_X8Y77          FDCE                                         r  u_csr/mcycle_reg[63]/D
  -------------------------------------------------------------------    -------------------

                         (clock clk rise edge)        5.000     5.000 r  
                                                      0.000     5.000 r  clk (IN)
                         net (fo=9745, unset)         0.924     5.924    u_csr/clk
    SLICE_X8Y77          FDCE                                         r  u_csr/mcycle_reg[63]/C
                         clock pessimism              0.000     5.924    
                         clock uncertainty           -0.035     5.889    
    SLICE_X8Y77          FDCE (Setup_fdce_C_D)        0.109     5.998    u_csr/mcycle_reg[63]
  -------------------------------------------------------------------
                         required time                          5.998    
                         arrival time                          -9.534    
  -------------------------------------------------------------------
                         slack                                 -3.536    

Slack (VIOLATED) :        -3.495ns  (required time - arrival time)
  Source:                 u_ex1_ex2/fwd_rs2_out_reg[2]/C
                            (rising edge-triggered cell FDCE clocked by clk  {rise@0.000ns fall@2.500ns period=5.000ns})
  Destination:            u_if1_if2/pc_out_reg[4]/CE
                            (rising edge-triggered cell FDCE clocked by clk  {rise@0.000ns fall@2.500ns period=5.000ns})
  Path Group:             clk
  Path Type:              Setup (Max at Slow Process Corner)
  Requirement:            5.000ns  (clk rise@5.000ns - clk rise@0.000ns)
  Data Path Delay:        8.206ns  (logic 2.227ns (27.138%)  route 5.979ns (72.862%))
  Logic Levels:           10  (CARRY4=4 LUT4=1 LUT5=2 LUT6=3)
  Clock Path Skew:        -0.049ns (DCD - SCD + CPR)
    Destination Clock Delay (DCD):    0.924ns = ( 5.924 - 5.000 ) 
    Source Clock Delay      (SCD):    0.973ns
    Clock Pessimism Removal (CPR):    0.000ns
  Clock Uncertainty:      0.035ns  ((TSJ^2 + TIJ^2)^1/2 + DJ) / 2 + PE
    Total System Jitter     (TSJ):    0.071ns
    Total Input Jitter      (TIJ):    0.000ns
    Discrete Jitter          (DJ):    0.000ns
    Phase Error              (PE):    0.000ns

    Location             Delay type                Incr(ns)  Path(ns)    Netlist Resource(s)
  -------------------------------------------------------------------    -------------------
                         (clock clk rise edge)        0.000     0.000 r  
                                                      0.000     0.000 r  clk (IN)
                         net (fo=9745, unset)         0.973     0.973    u_ex1_ex2/clk
    SLICE_X15Y83         FDCE                                         r  u_ex1_ex2/fwd_rs2_out_reg[2]/C
  -------------------------------------------------------------------    -------------------
    SLICE_X15Y83         FDCE (Prop_fdce_C_Q)         0.419     1.392 r  u_ex1_ex2/fwd_rs2_out_reg[2]/Q
                         net (fo=12, routed)          1.270     2.662    u_ex1_ex2/fwd_rs2_out_reg[31]_0[2]
    SLICE_X13Y89         LUT4 (Prop_lut4_I0_O)        0.296     2.958 r  u_ex1_ex2/btb_valid[0]_i_123/O
                         net (fo=1, routed)           0.000     2.958    u_ex1_ex2/btb_valid[0]_i_123_n_0
    SLICE_X13Y89         CARRY4 (Prop_carry4_S[1]_CO[3])
                                                      0.550     3.508 r  u_ex1_ex2/btb_valid_reg[0]_i_90/CO[3]
                         net (fo=1, routed)           0.000     3.508    u_ex1_ex2/btb_valid_reg[0]_i_90_n_0
    SLICE_X13Y90         CARRY4 (Prop_carry4_CI_CO[3])
                                                      0.114     3.622 r  u_ex1_ex2/btb_valid_reg[0]_i_55/CO[3]
                         net (fo=1, routed)           0.000     3.622    u_ex1_ex2/btb_valid_reg[0]_i_55_n_0
    SLICE_X13Y91         CARRY4 (Prop_carry4_CI_CO[3])
                                                      0.114     3.736 r  u_ex1_ex2/btb_valid_reg[0]_i_18/CO[3]
                         net (fo=1, routed)           0.000     3.736    u_ex1_ex2/btb_valid_reg[0]_i_18_n_0
    SLICE_X13Y92         CARRY4 (Prop_carry4_CI_CO[3])
                                                      0.114     3.850 r  u_ex1_ex2/btb_valid_reg[0]_i_7/CO[3]
                         net (fo=1, routed)           1.026     4.875    u_ex1_ex2/u_branch/data2
    SLICE_X15Y94         LUT6 (Prop_lut6_I1_O)        0.124     4.999 r  u_ex1_ex2/btb_valid[0]_i_4/O
                         net (fo=1, routed)           0.304     5.304    u_ex1_ex2/btb_valid[0]_i_4_n_0
    SLICE_X12Y93         LUT6 (Prop_lut6_I0_O)        0.124     5.428 r  u_ex1_ex2/btb_valid[0]_i_2/O
                         net (fo=45, routed)          0.857     6.284    u_ex1_ex2/ex2_branch_taken
    SLICE_X16Y100        LUT5 (Prop_lut5_I3_O)        0.124     6.408 r  u_ex1_ex2/instr_out[31]_i_3/O
                         net (fo=141, routed)         0.362     6.770    u_mdu/if_id_flush
    SLICE_X21Y100        LUT6 (Prop_lut6_I4_O)        0.124     6.894 r  u_mdu/pc_out[31]_i_4/O
                         net (fo=61, routed)          1.216     8.110    u_mdu/pc_write0
    SLICE_X21Y115        LUT5 (Prop_lut5_I4_O)        0.124     8.234 r  u_mdu/pc_out[31]_i_1__3/O
                         net (fo=105, routed)         0.945     9.179    u_if1_if2/instr_out_reg[0]_0
    SLICE_X23Y113        FDCE                                         r  u_if1_if2/pc_out_reg[4]/CE
  -------------------------------------------------------------------    -------------------

                         (clock clk rise edge)        5.000     5.000 r  
                                                      0.000     5.000 r  clk (IN)
                         net (fo=9745, unset)         0.924     5.924    u_if1_if2/clk
    SLICE_X23Y113        FDCE                                         r  u_if1_if2/pc_out_reg[4]/C
                         clock pessimism              0.000     5.924    
                         clock uncertainty           -0.035     5.889    
    SLICE_X23Y113        FDCE (Setup_fdce_C_CE)      -0.205     5.684    u_if1_if2/pc_out_reg[4]
  -------------------------------------------------------------------
                         required time                          5.684    
                         arrival time                          -9.179    
  -------------------------------------------------------------------
                         slack                                 -3.495    

Slack (VIOLATED) :        -3.495ns  (required time - arrival time)
  Source:                 u_ex1_ex2/fwd_rs2_out_reg[2]/C
                            (rising edge-triggered cell FDCE clocked by clk  {rise@0.000ns fall@2.500ns period=5.000ns})
  Destination:            u_if1_if2/pc_plus4_out_reg[14]/CE
                            (rising edge-triggered cell FDCE clocked by clk  {rise@0.000ns fall@2.500ns period=5.000ns})
  Path Group:             clk
  Path Type:              Setup (Max at Slow Process Corner)
  Requirement:            5.000ns  (clk rise@5.000ns - clk rise@0.000ns)
  Data Path Delay:        8.206ns  (logic 2.227ns (27.138%)  route 5.979ns (72.862%))
  Logic Levels:           10  (CARRY4=4 LUT4=1 LUT5=2 LUT6=3)
  Clock Path Skew:        -0.049ns (DCD - SCD + CPR)
    Destination Clock Delay (DCD):    0.924ns = ( 5.924 - 5.000 ) 
    Source Clock Delay      (SCD):    0.973ns
    Clock Pessimism Removal (CPR):    0.000ns
  Clock Uncertainty:      0.035ns  ((TSJ^2 + TIJ^2)^1/2 + DJ) / 2 + PE
    Total System Jitter     (TSJ):    0.071ns
    Total Input Jitter      (TIJ):    0.000ns
    Discrete Jitter          (DJ):    0.000ns
    Phase Error              (PE):    0.000ns

    Location             Delay type                Incr(ns)  Path(ns)    Netlist Resource(s)
  -------------------------------------------------------------------    -------------------
                         (clock clk rise edge)        0.000     0.000 r  
                                                      0.000     0.000 r  clk (IN)
                         net (fo=9745, unset)         0.973     0.973    u_ex1_ex2/clk
    SLICE_X15Y83         FDCE                                         r  u_ex1_ex2/fwd_rs2_out_reg[2]/C
  -------------------------------------------------------------------    -------------------
    SLICE_X15Y83         FDCE (Prop_fdce_C_Q)         0.419     1.392 r  u_ex1_ex2/fwd_rs2_out_reg[2]/Q
                         net (fo=12, routed)          1.270     2.662    u_ex1_ex2/fwd_rs2_out_reg[31]_0[2]
    SLICE_X13Y89         LUT4 (Prop_lut4_I0_O)        0.296     2.958 r  u_ex1_ex2/btb_valid[0]_i_123/O
                         net (fo=1, routed)           0.000     2.958    u_ex1_ex2/btb_valid[0]_i_123_n_0
    SLICE_X13Y89         CARRY4 (Prop_carry4_S[1]_CO[3])
                                                      0.550     3.508 r  u_ex1_ex2/btb_valid_reg[0]_i_90/CO[3]
                         net (fo=1, routed)           0.000     3.508    u_ex1_ex2/btb_valid_reg[0]_i_90_n_0
    SLICE_X13Y90         CARRY4 (Prop_carry4_CI_CO[3])
                                                      0.114     3.622 r  u_ex1_ex2/btb_valid_reg[0]_i_55/CO[3]
                         net (fo=1, routed)           0.000     3.622    u_ex1_ex2/btb_valid_reg[0]_i_55_n_0
    SLICE_X13Y91         CARRY4 (Prop_carry4_CI_CO[3])
                                                      0.114     3.736 r  u_ex1_ex2/btb_valid_reg[0]_i_18/CO[3]
                         net (fo=1, routed)           0.000     3.736    u_ex1_ex2/btb_valid_reg[0]_i_18_n_0
    SLICE_X13Y92         CARRY4 (Prop_carry4_CI_CO[3])
                                                      0.114     3.850 r  u_ex1_ex2/btb_valid_reg[0]_i_7/CO[3]
                         net (fo=1, routed)           1.026     4.875    u_ex1_ex2/u_branch/data2
    SLICE_X15Y94         LUT6 (Prop_lut6_I1_O)        0.124     4.999 r  u_ex1_ex2/btb_valid[0]_i_4/O
                         net (fo=1, routed)           0.304     5.304    u_ex1_ex2/btb_valid[0]_i_4_n_0
    SLICE_X12Y93         LUT6 (Prop_lut6_I0_O)        0.124     5.428 r  u_ex1_ex2/btb_valid[0]_i_2/O
                         net (fo=45, routed)          0.857     6.284    u_ex1_ex2/ex2_branch_taken
    SLICE_X16Y100        LUT5 (Prop_lut5_I3_O)        0.124     6.408 r  u_ex1_ex2/instr_out[31]_i_3/O
                         net (fo=141, routed)         0.362     6.770    u_mdu/if_id_flush
    SLICE_X21Y100        LUT6 (Prop_lut6_I4_O)        0.124     6.894 r  u_mdu/pc_out[31]_i_4/O
                         net (fo=61, routed)          1.216     8.110    u_mdu/pc_write0
    SLICE_X21Y115        LUT5 (Prop_lut5_I4_O)        0.124     8.234 r  u_mdu/pc_out[31]_i_1__3/O
                         net (fo=105, routed)         0.945     9.179    u_if1_if2/instr_out_reg[0]_0
    SLICE_X23Y113        FDCE                                         r  u_if1_if2/pc_plus4_out_reg[14]/CE
  -------------------------------------------------------------------    -------------------

                         (clock clk rise edge)        5.000     5.000 r  
                                                      0.000     5.000 r  clk (IN)
                         net (fo=9745, unset)         0.924     5.924    u_if1_if2/clk
    SLICE_X23Y113        FDCE                                         r  u_if1_if2/pc_plus4_out_reg[14]/C
                         clock pessimism              0.000     5.924    
                         clock uncertainty           -0.035     5.889    
    SLICE_X23Y113        FDCE (Setup_fdce_C_CE)      -0.205     5.684    u_if1_if2/pc_plus4_out_reg[14]
  -------------------------------------------------------------------
                         required time                          5.684    
                         arrival time                          -9.179    
  -------------------------------------------------------------------
                         slack                                 -3.495    

Slack (VIOLATED) :        -3.495ns  (required time - arrival time)
  Source:                 u_ex1_ex2/fwd_rs2_out_reg[2]/C
                            (rising edge-triggered cell FDCE clocked by clk  {rise@0.000ns fall@2.500ns period=5.000ns})
  Destination:            u_if1_if2/pc_plus4_out_reg[25]/CE
                            (rising edge-triggered cell FDCE clocked by clk  {rise@0.000ns fall@2.500ns period=5.000ns})
  Path Group:             clk
  Path Type:              Setup (Max at Slow Process Corner)
  Requirement:            5.000ns  (clk rise@5.000ns - clk rise@0.000ns)
  Data Path Delay:        8.206ns  (logic 2.227ns (27.138%)  route 5.979ns (72.862%))
  Logic Levels:           10  (CARRY4=4 LUT4=1 LUT5=2 LUT6=3)
  Clock Path Skew:        -0.049ns (DCD - SCD + CPR)
    Destination Clock Delay (DCD):    0.924ns = ( 5.924 - 5.000 ) 
    Source Clock Delay      (SCD):    0.973ns
    Clock Pessimism Removal (CPR):    0.000ns
  Clock Uncertainty:      0.035ns  ((TSJ^2 + TIJ^2)^1/2 + DJ) / 2 + PE
    Total System Jitter     (TSJ):    0.071ns
    Total Input Jitter      (TIJ):    0.000ns
    Discrete Jitter          (DJ):    0.000ns
    Phase Error              (PE):    0.000ns

    Location             Delay type                Incr(ns)  Path(ns)    Netlist Resource(s)
  -------------------------------------------------------------------    -------------------
                         (clock clk rise edge)        0.000     0.000 r  
                                                      0.000     0.000 r  clk (IN)
                         net (fo=9745, unset)         0.973     0.973    u_ex1_ex2/clk
    SLICE_X15Y83         FDCE                                         r  u_ex1_ex2/fwd_rs2_out_reg[2]/C
  -------------------------------------------------------------------    -------------------
    SLICE_X15Y83         FDCE (Prop_fdce_C_Q)         0.419     1.392 r  u_ex1_ex2/fwd_rs2_out_reg[2]/Q
                         net (fo=12, routed)          1.270     2.662    u_ex1_ex2/fwd_rs2_out_reg[31]_0[2]
    SLICE_X13Y89         LUT4 (Prop_lut4_I0_O)        0.296     2.958 r  u_ex1_ex2/btb_valid[0]_i_123/O
                         net (fo=1, routed)           0.000     2.958    u_ex1_ex2/btb_valid[0]_i_123_n_0
    SLICE_X13Y89         CARRY4 (Prop_carry4_S[1]_CO[3])
                                                      0.550     3.508 r  u_ex1_ex2/btb_valid_reg[0]_i_90/CO[3]
                         net (fo=1, routed)           0.000     3.508    u_ex1_ex2/btb_valid_reg[0]_i_90_n_0
    SLICE_X13Y90         CARRY4 (Prop_carry4_CI_CO[3])
                                                      0.114     3.622 r  u_ex1_ex2/btb_valid_reg[0]_i_55/CO[3]
                         net (fo=1, routed)           0.000     3.622    u_ex1_ex2/btb_valid_reg[0]_i_55_n_0
    SLICE_X13Y91         CARRY4 (Prop_carry4_CI_CO[3])
                                                      0.114     3.736 r  u_ex1_ex2/btb_valid_reg[0]_i_18/CO[3]
                         net (fo=1, routed)           0.000     3.736    u_ex1_ex2/btb_valid_reg[0]_i_18_n_0
    SLICE_X13Y92         CARRY4 (Prop_carry4_CI_CO[3])
                                                      0.114     3.850 r  u_ex1_ex2/btb_valid_reg[0]_i_7/CO[3]
                         net (fo=1, routed)           1.026     4.875    u_ex1_ex2/u_branch/data2
    SLICE_X15Y94         LUT6 (Prop_lut6_I1_O)        0.124     4.999 r  u_ex1_ex2/btb_valid[0]_i_4/O
                         net (fo=1, routed)           0.304     5.304    u_ex1_ex2/btb_valid[0]_i_4_n_0
    SLICE_X12Y93         LUT6 (Prop_lut6_I0_O)        0.124     5.428 r  u_ex1_ex2/btb_valid[0]_i_2/O
                         net (fo=45, routed)          0.857     6.284    u_ex1_ex2/ex2_branch_taken
    SLICE_X16Y100        LUT5 (Prop_lut5_I3_O)        0.124     6.408 r  u_ex1_ex2/instr_out[31]_i_3/O
                         net (fo=141, routed)         0.362     6.770    u_mdu/if_id_flush
    SLICE_X21Y100        LUT6 (Prop_lut6_I4_O)        0.124     6.894 r  u_mdu/pc_out[31]_i_4/O
                         net (fo=61, routed)          1.216     8.110    u_mdu/pc_write0
    SLICE_X21Y115        LUT5 (Prop_lut5_I4_O)        0.124     8.234 r  u_mdu/pc_out[31]_i_1__3/O
                         net (fo=105, routed)         0.945     9.179    u_if1_if2/instr_out_reg[0]_0
    SLICE_X23Y113        FDCE                                         r  u_if1_if2/pc_plus4_out_reg[25]/CE
  -------------------------------------------------------------------    -------------------

                         (clock clk rise edge)        5.000     5.000 r  
                                                      0.000     5.000 r  clk (IN)
                         net (fo=9745, unset)         0.924     5.924    u_if1_if2/clk
    SLICE_X23Y113        FDCE                                         r  u_if1_if2/pc_plus4_out_reg[25]/C
                         clock pessimism              0.000     5.924    
                         clock uncertainty           -0.035     5.889    
    SLICE_X23Y113        FDCE (Setup_fdce_C_CE)      -0.205     5.684    u_if1_if2/pc_plus4_out_reg[25]
  -------------------------------------------------------------------
                         required time                          5.684    
                         arrival time                          -9.179    
  -------------------------------------------------------------------
                         slack                                 -3.495    

Slack (VIOLATED) :        -3.495ns  (required time - arrival time)
  Source:                 u_ex1_ex2/fwd_rs2_out_reg[2]/C
                            (rising edge-triggered cell FDCE clocked by clk  {rise@0.000ns fall@2.500ns period=5.000ns})
  Destination:            u_if1_if2/pc_plus4_out_reg[27]/CE
                            (rising edge-triggered cell FDCE clocked by clk  {rise@0.000ns fall@2.500ns period=5.000ns})
  Path Group:             clk
  Path Type:              Setup (Max at Slow Process Corner)
  Requirement:            5.000ns  (clk rise@5.000ns - clk rise@0.000ns)
  Data Path Delay:        8.206ns  (logic 2.227ns (27.138%)  route 5.979ns (72.862%))
  Logic Levels:           10  (CARRY4=4 LUT4=1 LUT5=2 LUT6=3)
  Clock Path Skew:        -0.049ns (DCD - SCD + CPR)
    Destination Clock Delay (DCD):    0.924ns = ( 5.924 - 5.000 ) 
    Source Clock Delay      (SCD):    0.973ns
    Clock Pessimism Removal (CPR):    0.000ns
  Clock Uncertainty:      0.035ns  ((TSJ^2 + TIJ^2)^1/2 + DJ) / 2 + PE
    Total System Jitter     (TSJ):    0.071ns
    Total Input Jitter      (TIJ):    0.000ns
    Discrete Jitter          (DJ):    0.000ns
    Phase Error              (PE):    0.000ns

    Location             Delay type                Incr(ns)  Path(ns)    Netlist Resource(s)
  -------------------------------------------------------------------    -------------------
                         (clock clk rise edge)        0.000     0.000 r  
                                                      0.000     0.000 r  clk (IN)
                         net (fo=9745, unset)         0.973     0.973    u_ex1_ex2/clk
    SLICE_X15Y83         FDCE                                         r  u_ex1_ex2/fwd_rs2_out_reg[2]/C
  -------------------------------------------------------------------    -------------------
    SLICE_X15Y83         FDCE (Prop_fdce_C_Q)         0.419     1.392 r  u_ex1_ex2/fwd_rs2_out_reg[2]/Q
                         net (fo=12, routed)          1.270     2.662    u_ex1_ex2/fwd_rs2_out_reg[31]_0[2]
    SLICE_X13Y89         LUT4 (Prop_lut4_I0_O)        0.296     2.958 r  u_ex1_ex2/btb_valid[0]_i_123/O
                         net (fo=1, routed)           0.000     2.958    u_ex1_ex2/btb_valid[0]_i_123_n_0
    SLICE_X13Y89         CARRY4 (Prop_carry4_S[1]_CO[3])
                                                      0.550     3.508 r  u_ex1_ex2/btb_valid_reg[0]_i_90/CO[3]
                         net (fo=1, routed)           0.000     3.508    u_ex1_ex2/btb_valid_reg[0]_i_90_n_0
    SLICE_X13Y90         CARRY4 (Prop_carry4_CI_CO[3])
                                                      0.114     3.622 r  u_ex1_ex2/btb_valid_reg[0]_i_55/CO[3]
                         net (fo=1, routed)           0.000     3.622    u_ex1_ex2/btb_valid_reg[0]_i_55_n_0
    SLICE_X13Y91         CARRY4 (Prop_carry4_CI_CO[3])
                                                      0.114     3.736 r  u_ex1_ex2/btb_valid_reg[0]_i_18/CO[3]
                         net (fo=1, routed)           0.000     3.736    u_ex1_ex2/btb_valid_reg[0]_i_18_n_0
    SLICE_X13Y92         CARRY4 (Prop_carry4_CI_CO[3])
                                                      0.114     3.850 r  u_ex1_ex2/btb_valid_reg[0]_i_7/CO[3]
                         net (fo=1, routed)           1.026     4.875    u_ex1_ex2/u_branch/data2
    SLICE_X15Y94         LUT6 (Prop_lut6_I1_O)        0.124     4.999 r  u_ex1_ex2/btb_valid[0]_i_4/O
                         net (fo=1, routed)           0.304     5.304    u_ex1_ex2/btb_valid[0]_i_4_n_0
    SLICE_X12Y93         LUT6 (Prop_lut6_I0_O)        0.124     5.428 r  u_ex1_ex2/btb_valid[0]_i_2/O
                         net (fo=45, routed)          0.857     6.284    u_ex1_ex2/ex2_branch_taken
    SLICE_X16Y100        LUT5 (Prop_lut5_I3_O)        0.124     6.408 r  u_ex1_ex2/instr_out[31]_i_3/O
                         net (fo=141, routed)         0.362     6.770    u_mdu/if_id_flush
    SLICE_X21Y100        LUT6 (Prop_lut6_I4_O)        0.124     6.894 r  u_mdu/pc_out[31]_i_4/O
                         net (fo=61, routed)          1.216     8.110    u_mdu/pc_write0
    SLICE_X21Y115        LUT5 (Prop_lut5_I4_O)        0.124     8.234 r  u_mdu/pc_out[31]_i_1__3/O
                         net (fo=105, routed)         0.945     9.179    u_if1_if2/instr_out_reg[0]_0
    SLICE_X23Y113        FDCE                                         r  u_if1_if2/pc_plus4_out_reg[27]/CE
  -------------------------------------------------------------------    -------------------

                         (clock clk rise edge)        5.000     5.000 r  
                                                      0.000     5.000 r  clk (IN)
                         net (fo=9745, unset)         0.924     5.924    u_if1_if2/clk
    SLICE_X23Y113        FDCE                                         r  u_if1_if2/pc_plus4_out_reg[27]/C
                         clock pessimism              0.000     5.924    
                         clock uncertainty           -0.035     5.889    
    SLICE_X23Y113        FDCE (Setup_fdce_C_CE)      -0.205     5.684    u_if1_if2/pc_plus4_out_reg[27]
  -------------------------------------------------------------------
                         required time                          5.684    
                         arrival time                          -9.179    
  -------------------------------------------------------------------
                         slack                                 -3.495    

Slack (VIOLATED) :        -3.481ns  (required time - arrival time)
  Source:                 u_ex1_ex2/fwd_rs2_out_reg[2]/C
                            (rising edge-triggered cell FDCE clocked by clk  {rise@0.000ns fall@2.500ns period=5.000ns})
  Destination:            u_if1_if2/pc_out_reg[8]/CE
                            (rising edge-triggered cell FDCE clocked by clk  {rise@0.000ns fall@2.500ns period=5.000ns})
  Path Group:             clk
  Path Type:              Setup (Max at Slow Process Corner)
  Requirement:            5.000ns  (clk rise@5.000ns - clk rise@0.000ns)
  Data Path Delay:        8.192ns  (logic 2.227ns (27.184%)  route 5.965ns (72.816%))
  Logic Levels:           10  (CARRY4=4 LUT4=1 LUT5=2 LUT6=3)
  Clock Path Skew:        -0.049ns (DCD - SCD + CPR)
    Destination Clock Delay (DCD):    0.924ns = ( 5.924 - 5.000 ) 
    Source Clock Delay      (SCD):    0.973ns
    Clock Pessimism Removal (CPR):    0.000ns
  Clock Uncertainty:      0.035ns  ((TSJ^2 + TIJ^2)^1/2 + DJ) / 2 + PE
    Total System Jitter     (TSJ):    0.071ns
    Total Input Jitter      (TIJ):    0.000ns
    Discrete Jitter          (DJ):    0.000ns
    Phase Error              (PE):    0.000ns

    Location             Delay type                Incr(ns)  Path(ns)    Netlist Resource(s)
  -------------------------------------------------------------------    -------------------
                         (clock clk rise edge)        0.000     0.000 r  
                                                      0.000     0.000 r  clk (IN)
                         net (fo=9745, unset)         0.973     0.973    u_ex1_ex2/clk
    SLICE_X15Y83         FDCE                                         r  u_ex1_ex2/fwd_rs2_out_reg[2]/C
  -------------------------------------------------------------------    -------------------
    SLICE_X15Y83         FDCE (Prop_fdce_C_Q)         0.419     1.392 r  u_ex1_ex2/fwd_rs2_out_reg[2]/Q
                         net (fo=12, routed)          1.270     2.662    u_ex1_ex2/fwd_rs2_out_reg[31]_0[2]
    SLICE_X13Y89         LUT4 (Prop_lut4_I0_O)        0.296     2.958 r  u_ex1_ex2/btb_valid[0]_i_123/O
                         net (fo=1, routed)           0.000     2.958    u_ex1_ex2/btb_valid[0]_i_123_n_0
    SLICE_X13Y89         CARRY4 (Prop_carry4_S[1]_CO[3])
                                                      0.550     3.508 r  u_ex1_ex2/btb_valid_reg[0]_i_90/CO[3]
                         net (fo=1, routed)           0.000     3.508    u_ex1_ex2/btb_valid_reg[0]_i_90_n_0
    SLICE_X13Y90         CARRY4 (Prop_carry4_CI_CO[3])
                                                      0.114     3.622 r  u_ex1_ex2/btb_valid_reg[0]_i_55/CO[3]
                         net (fo=1, routed)           0.000     3.622    u_ex1_ex2/btb_valid_reg[0]_i_55_n_0
    SLICE_X13Y91         CARRY4 (Prop_carry4_CI_CO[3])
                                                      0.114     3.736 r  u_ex1_ex2/btb_valid_reg[0]_i_18/CO[3]
                         net (fo=1, routed)           0.000     3.736    u_ex1_ex2/btb_valid_reg[0]_i_18_n_0
    SLICE_X13Y92         CARRY4 (Prop_carry4_CI_CO[3])
                                                      0.114     3.850 r  u_ex1_ex2/btb_valid_reg[0]_i_7/CO[3]
                         net (fo=1, routed)           1.026     4.875    u_ex1_ex2/u_branch/data2
    SLICE_X15Y94         LUT6 (Prop_lut6_I1_O)        0.124     4.999 r  u_ex1_ex2/btb_valid[0]_i_4/O
                         net (fo=1, routed)           0.304     5.304    u_ex1_ex2/btb_valid[0]_i_4_n_0
    SLICE_X12Y93         LUT6 (Prop_lut6_I0_O)        0.124     5.428 r  u_ex1_ex2/btb_valid[0]_i_2/O
                         net (fo=45, routed)          0.857     6.284    u_ex1_ex2/ex2_branch_taken
    SLICE_X16Y100        LUT5 (Prop_lut5_I3_O)        0.124     6.408 r  u_ex1_ex2/instr_out[31]_i_3/O
                         net (fo=141, routed)         0.362     6.770    u_mdu/if_id_flush
    SLICE_X21Y100        LUT6 (Prop_lut6_I4_O)        0.124     6.894 r  u_mdu/pc_out[31]_i_4/O
                         net (fo=61, routed)          1.216     8.110    u_mdu/pc_write0
    SLICE_X21Y115        LUT5 (Prop_lut5_I4_O)        0.124     8.234 r  u_mdu/pc_out[31]_i_1__3/O
                         net (fo=105, routed)         0.931     9.165    u_if1_if2/instr_out_reg[0]_0
    SLICE_X21Y109        FDCE                                         r  u_if1_if2/pc_out_reg[8]/CE
  -------------------------------------------------------------------    -------------------

                         (clock clk rise edge)        5.000     5.000 r  
                                                      0.000     5.000 r  clk (IN)
                         net (fo=9745, unset)         0.924     5.924    u_if1_if2/clk
    SLICE_X21Y109        FDCE                                         r  u_if1_if2/pc_out_reg[8]/C
                         clock pessimism              0.000     5.924    
                         clock uncertainty           -0.035     5.889    
    SLICE_X21Y109        FDCE (Setup_fdce_C_CE)      -0.205     5.684    u_if1_if2/pc_out_reg[8]
  -------------------------------------------------------------------
                         required time                          5.684    
                         arrival time                          -9.165    
  -------------------------------------------------------------------
                         slack                                 -3.481    

Slack (VIOLATED) :        -3.481ns  (required time - arrival time)
  Source:                 u_ex1_ex2/fwd_rs2_out_reg[2]/C
                            (rising edge-triggered cell FDCE clocked by clk  {rise@0.000ns fall@2.500ns period=5.000ns})
  Destination:            u_if1_if2/pc_plus4_out_reg[8]/CE
                            (rising edge-triggered cell FDCE clocked by clk  {rise@0.000ns fall@2.500ns period=5.000ns})
  Path Group:             clk
  Path Type:              Setup (Max at Slow Process Corner)
  Requirement:            5.000ns  (clk rise@5.000ns - clk rise@0.000ns)
  Data Path Delay:        8.192ns  (logic 2.227ns (27.184%)  route 5.965ns (72.816%))
  Logic Levels:           10  (CARRY4=4 LUT4=1 LUT5=2 LUT6=3)
  Clock Path Skew:        -0.049ns (DCD - SCD + CPR)
    Destination Clock Delay (DCD):    0.924ns = ( 5.924 - 5.000 ) 
    Source Clock Delay      (SCD):    0.973ns
    Clock Pessimism Removal (CPR):    0.000ns
  Clock Uncertainty:      0.035ns  ((TSJ^2 + TIJ^2)^1/2 + DJ) / 2 + PE
    Total System Jitter     (TSJ):    0.071ns
    Total Input Jitter      (TIJ):    0.000ns
    Discrete Jitter          (DJ):    0.000ns
    Phase Error              (PE):    0.000ns

    Location             Delay type                Incr(ns)  Path(ns)    Netlist Resource(s)
  -------------------------------------------------------------------    -------------------
                         (clock clk rise edge)        0.000     0.000 r  
                                                      0.000     0.000 r  clk (IN)
                         net (fo=9745, unset)         0.973     0.973    u_ex1_ex2/clk
    SLICE_X15Y83         FDCE                                         r  u_ex1_ex2/fwd_rs2_out_reg[2]/C
  -------------------------------------------------------------------    -------------------
    SLICE_X15Y83         FDCE (Prop_fdce_C_Q)         0.419     1.392 r  u_ex1_ex2/fwd_rs2_out_reg[2]/Q
                         net (fo=12, routed)          1.270     2.662    u_ex1_ex2/fwd_rs2_out_reg[31]_0[2]
    SLICE_X13Y89         LUT4 (Prop_lut4_I0_O)        0.296     2.958 r  u_ex1_ex2/btb_valid[0]_i_123/O
                         net (fo=1, routed)           0.000     2.958    u_ex1_ex2/btb_valid[0]_i_123_n_0
    SLICE_X13Y89         CARRY4 (Prop_carry4_S[1]_CO[3])
                                                      0.550     3.508 r  u_ex1_ex2/btb_valid_reg[0]_i_90/CO[3]
                         net (fo=1, routed)           0.000     3.508    u_ex1_ex2/btb_valid_reg[0]_i_90_n_0
    SLICE_X13Y90         CARRY4 (Prop_carry4_CI_CO[3])
                                                      0.114     3.622 r  u_ex1_ex2/btb_valid_reg[0]_i_55/CO[3]
                         net (fo=1, routed)           0.000     3.622    u_ex1_ex2/btb_valid_reg[0]_i_55_n_0
    SLICE_X13Y91         CARRY4 (Prop_carry4_CI_CO[3])
                                                      0.114     3.736 r  u_ex1_ex2/btb_valid_reg[0]_i_18/CO[3]
                         net (fo=1, routed)           0.000     3.736    u_ex1_ex2/btb_valid_reg[0]_i_18_n_0
    SLICE_X13Y92         CARRY4 (Prop_carry4_CI_CO[3])
                                                      0.114     3.850 r  u_ex1_ex2/btb_valid_reg[0]_i_7/CO[3]
                         net (fo=1, routed)           1.026     4.875    u_ex1_ex2/u_branch/data2
    SLICE_X15Y94         LUT6 (Prop_lut6_I1_O)        0.124     4.999 r  u_ex1_ex2/btb_valid[0]_i_4/O
                         net (fo=1, routed)           0.304     5.304    u_ex1_ex2/btb_valid[0]_i_4_n_0
    SLICE_X12Y93         LUT6 (Prop_lut6_I0_O)        0.124     5.428 r  u_ex1_ex2/btb_valid[0]_i_2/O
                         net (fo=45, routed)          0.857     6.284    u_ex1_ex2/ex2_branch_taken
    SLICE_X16Y100        LUT5 (Prop_lut5_I3_O)        0.124     6.408 r  u_ex1_ex2/instr_out[31]_i_3/O
                         net (fo=141, routed)         0.362     6.770    u_mdu/if_id_flush
    SLICE_X21Y100        LUT6 (Prop_lut6_I4_O)        0.124     6.894 r  u_mdu/pc_out[31]_i_4/O
                         net (fo=61, routed)          1.216     8.110    u_mdu/pc_write0
    SLICE_X21Y115        LUT5 (Prop_lut5_I4_O)        0.124     8.234 r  u_mdu/pc_out[31]_i_1__3/O
                         net (fo=105, routed)         0.931     9.165    u_if1_if2/instr_out_reg[0]_0
    SLICE_X21Y109        FDCE                                         r  u_if1_if2/pc_plus4_out_reg[8]/CE
  -------------------------------------------------------------------    -------------------

                         (clock clk rise edge)        5.000     5.000 r  
                                                      0.000     5.000 r  clk (IN)
                         net (fo=9745, unset)         0.924     5.924    u_if1_if2/clk
    SLICE_X21Y109        FDCE                                         r  u_if1_if2/pc_plus4_out_reg[8]/C
                         clock pessimism              0.000     5.924    
                         clock uncertainty           -0.035     5.889    
    SLICE_X21Y109        FDCE (Setup_fdce_C_CE)      -0.205     5.684    u_if1_if2/pc_plus4_out_reg[8]
  -------------------------------------------------------------------
                         required time                          5.684    
                         arrival time                          -9.165    
  -------------------------------------------------------------------
                         slack                                 -3.481    

Slack (VIOLATED) :        -3.469ns  (required time - arrival time)
  Source:                 u_pc/pc_out_reg[3]_rep__2/C
                            (rising edge-triggered cell FDCE clocked by clk  {rise@0.000ns fall@2.500ns period=5.000ns})
  Destination:            u_icache/data_reg[47][8]/CE
                            (rising edge-triggered cell FDCE clocked by clk  {rise@0.000ns fall@2.500ns period=5.000ns})
  Path Group:             clk
  Path Type:              Setup (Max at Slow Process Corner)
  Requirement:            5.000ns  (clk rise@5.000ns - clk rise@0.000ns)
  Data Path Delay:        8.180ns  (logic 2.167ns (26.493%)  route 6.013ns (73.507%))
  Logic Levels:           8  (CARRY4=1 LUT6=5 MUXF7=1 MUXF8=1)
  Clock Path Skew:        -0.049ns (DCD - SCD + CPR)
    Destination Clock Delay (DCD):    0.924ns = ( 5.924 - 5.000 ) 
    Source Clock Delay      (SCD):    0.973ns
    Clock Pessimism Removal (CPR):    0.000ns
  Clock Uncertainty:      0.035ns  ((TSJ^2 + TIJ^2)^1/2 + DJ) / 2 + PE
    Total System Jitter     (TSJ):    0.071ns
    Total Input Jitter      (TIJ):    0.000ns
    Discrete Jitter          (DJ):    0.000ns
    Phase Error              (PE):    0.000ns

    Location             Delay type                Incr(ns)  Path(ns)    Netlist Resource(s)
  -------------------------------------------------------------------    -------------------
                         (clock clk rise edge)        0.000     0.000 r  
                                                      0.000     0.000 r  clk (IN)
                         net (fo=9745, unset)         0.973     0.973    u_pc/clk
    SLICE_X28Y122        FDCE                                         r  u_pc/pc_out_reg[3]_rep__2/C
  -------------------------------------------------------------------    -------------------
    SLICE_X28Y122        FDCE (Prop_fdce_C_Q)         0.456     1.429 r  u_pc/pc_out_reg[3]_rep__2/Q
                         net (fo=115, routed)         1.681     3.110    u_icache/tags_reg[0][23]_i_195_0
    SLICE_X20Y133        LUT6 (Prop_lut6_I2_O)        0.124     3.234 r  u_icache/tags[0][23]_i_474/O
                         net (fo=1, routed)           0.000     3.234    u_icache/tags[0][23]_i_474_n_0
    SLICE_X20Y133        MUXF7 (Prop_muxf7_I1_O)      0.245     3.479 r  u_icache/tags_reg[0][23]_i_221/O
                         net (fo=1, routed)           0.000     3.479    u_icache/tags_reg[0][23]_i_221_n_0
    SLICE_X20Y133        MUXF8 (Prop_muxf8_I0_O)      0.104     3.583 r  u_icache/tags_reg[0][23]_i_95/O
                         net (fo=1, routed)           1.068     4.651    u_icache/tags_reg[0][23]_i_95_n_0
    SLICE_X28Y127        LUT6 (Prop_lut6_I3_O)        0.316     4.967 r  u_icache/tags[0][23]_i_48/O
                         net (fo=1, routed)           0.454     5.421    u_icache/tags[17]
    SLICE_X29Y127        LUT6 (Prop_lut6_I3_O)        0.124     5.545 r  u_icache/tags[0][23]_i_19/O
                         net (fo=1, routed)           0.000     5.545    u_icache/tags[0][23]_i_19_n_0
    SLICE_X29Y127        CARRY4 (Prop_carry4_S[1]_CO[3])
                                                      0.550     6.095 f  u_icache/tags_reg[0][23]_i_7/CO[3]
                         net (fo=1, routed)           0.600     6.695    u_icache/hit0
    SLICE_X29Y128        LUT6 (Prop_lut6_I5_O)        0.124     6.819 f  u_icache/tags[0][23]_i_3/O
                         net (fo=96, routed)          1.040     7.858    u_pc/data_reg[14][0]_0
    SLICE_X29Y125        LUT6 (Prop_lut6_I5_O)        0.124     7.982 r  u_pc/tags[47][23]_i_1/O
                         net (fo=57, routed)          1.170     9.153    u_icache/data_reg[47][0]_0[0]
    SLICE_X41Y118        FDCE                                         r  u_icache/data_reg[47][8]/CE
  -------------------------------------------------------------------    -------------------

                         (clock clk rise edge)        5.000     5.000 r  
                                                      0.000     5.000 r  clk (IN)
                         net (fo=9745, unset)         0.924     5.924    u_icache/clk
    SLICE_X41Y118        FDCE                                         r  u_icache/data_reg[47][8]/C
                         clock pessimism              0.000     5.924    
                         clock uncertainty           -0.035     5.889    
    SLICE_X41Y118        FDCE (Setup_fdce_C_CE)      -0.205     5.684    u_icache/data_reg[47][8]
  -------------------------------------------------------------------
                         required time                          5.684    
                         arrival time                          -9.153    
  -------------------------------------------------------------------
                         slack                                 -3.469    

Slack (VIOLATED) :        -3.460ns  (required time - arrival time)
  Source:                 u_ex1_ex2/csr_addr_out_reg[1]/C
                            (rising edge-triggered cell FDCE clocked by clk  {rise@0.000ns fall@2.500ns period=5.000ns})
  Destination:            u_csr/mcycle_reg[62]/D
                            (rising edge-triggered cell FDCE clocked by clk  {rise@0.000ns fall@2.500ns period=5.000ns})
  Path Group:             clk
  Path Type:              Setup (Max at Slow Process Corner)
  Requirement:            5.000ns  (clk rise@5.000ns - clk rise@0.000ns)
  Data Path Delay:        8.485ns  (logic 3.425ns (40.365%)  route 5.060ns (59.636%))
  Logic Levels:           20  (CARRY4=13 LUT2=1 LUT5=3 LUT6=3)
  Clock Path Skew:        -0.049ns (DCD - SCD + CPR)
    Destination Clock Delay (DCD):    0.924ns = ( 5.924 - 5.000 ) 
    Source Clock Delay      (SCD):    0.973ns
    Clock Pessimism Removal (CPR):    0.000ns
  Clock Uncertainty:      0.035ns  ((TSJ^2 + TIJ^2)^1/2 + DJ) / 2 + PE
    Total System Jitter     (TSJ):    0.071ns
    Total Input Jitter      (TIJ):    0.000ns
    Discrete Jitter          (DJ):    0.000ns
    Phase Error              (PE):    0.000ns

    Location             Delay type                Incr(ns)  Path(ns)    Netlist Resource(s)
  -------------------------------------------------------------------    -------------------
                         (clock clk rise edge)        0.000     0.000 r  
                                                      0.000     0.000 r  clk (IN)
                         net (fo=9745, unset)         0.973     0.973    u_ex1_ex2/clk
    SLICE_X8Y83          FDCE                                         r  u_ex1_ex2/csr_addr_out_reg[1]/C
  -------------------------------------------------------------------    -------------------
    SLICE_X8Y83          FDCE (Prop_fdce_C_Q)         0.518     1.491 r  u_ex1_ex2/csr_addr_out_reg[1]/Q
                         net (fo=20, routed)          0.920     2.411    u_ex1_ex2/ex2_csr_addr[1]
    SLICE_X10Y82         LUT6 (Prop_lut6_I2_O)        0.124     2.535 r  u_ex1_ex2/csr_rdata_out[31]_i_18/O
                         net (fo=15, routed)          0.389     2.924    u_ex1_ex2/csr_rdata_out[31]_i_18_n_0
    SLICE_X8Y83          LUT2 (Prop_lut2_I1_O)        0.124     3.048 r  u_ex1_ex2/csr_rdata_out[31]_i_12/O
                         net (fo=178, routed)         1.466     4.513    u_csr/csr_rdata_out_reg[31]
    SLICE_X6Y78          LUT6 (Prop_lut6_I2_O)        0.124     4.637 r  u_csr/csr_rdata_out[12]_i_5/O
                         net (fo=1, routed)           0.466     5.103    u_ex1_ex2/csr_rdata_out_reg[12]_0
    SLICE_X6Y78          LUT5 (Prop_lut5_I1_O)        0.124     5.227 f  u_ex1_ex2/csr_rdata_out[12]_i_2/O
                         net (fo=3, routed)           0.494     5.721    u_ex1_ex2/csr_rdata_out[12]_i_2_n_0
    SLICE_X7Y76          LUT5 (Prop_lut5_I4_O)        0.124     5.845 f  u_ex1_ex2/mstatus[12]_i_2/O
                         net (fo=1, routed)           0.345     6.190    u_ex1_ex2/mstatus[12]_i_2_n_0
    SLICE_X6Y74          LUT5 (Prop_lut5_I0_O)        0.124     6.314 r  u_ex1_ex2/mstatus[12]_i_1/O
                         net (fo=15, routed)          0.972     7.286    u_ex1_ex2/csr_new[12]
    SLICE_X8Y65          LUT6 (Prop_lut6_I5_O)        0.124     7.410 r  u_ex1_ex2/mcycle[12]_i_5/O
                         net (fo=1, routed)           0.000     7.410    u_ex1_ex2/mcycle[12]_i_5_n_0
    SLICE_X8Y65          CARRY4 (Prop_carry4_S[0]_CO[3])
                                                      0.513     7.923 r  u_ex1_ex2/mcycle_reg[12]_i_1/CO[3]
                         net (fo=1, routed)           0.000     7.923    u_ex1_ex2/mcycle_reg[12]_i_1_n_0
    SLICE_X8Y66          CARRY4 (Prop_carry4_CI_CO[3])
                                                      0.117     8.040 r  u_ex1_ex2/mcycle_reg[16]_i_1/CO[3]
                         net (fo=1, routed)           0.000     8.040    u_ex1_ex2/mcycle_reg[16]_i_1_n_0
    SLICE_X8Y67          CARRY4 (Prop_carry4_CI_CO[3])
                                                      0.117     8.157 r  u_ex1_ex2/mcycle_reg[20]_i_1/CO[3]
                         net (fo=1, routed)           0.000     8.157    u_ex1_ex2/mcycle_reg[20]_i_1_n_0
    SLICE_X8Y68          CARRY4 (Prop_carry4_CI_CO[3])
                                                      0.117     8.274 r  u_ex1_ex2/mcycle_reg[24]_i_1/CO[3]
                         net (fo=1, routed)           0.000     8.274    u_ex1_ex2/mcycle_reg[24]_i_1_n_0
    SLICE_X8Y69          CARRY4 (Prop_carry4_CI_CO[3])
                                                      0.117     8.391 r  u_ex1_ex2/mcycle_reg[28]_i_1/CO[3]
                         net (fo=1, routed)           0.000     8.391    u_ex1_ex2/mcycle_reg[28]_i_1_n_0
    SLICE_X8Y70          CARRY4 (Prop_carry4_CI_CO[3])
                                                      0.117     8.508 r  u_ex1_ex2/mcycle_reg[32]_i_1/CO[3]
                         net (fo=1, routed)           0.000     8.508    u_ex1_ex2/mcycle_reg[32]_i_1_n_0
    SLICE_X8Y71          CARRY4 (Prop_carry4_CI_CO[3])
                                                      0.117     8.625 r  u_ex1_ex2/mcycle_reg[36]_i_1/CO[3]
                         net (fo=1, routed)           0.000     8.625    u_ex1_ex2/mcycle_reg[36]_i_1_n_0
    SLICE_X8Y72          CARRY4 (Prop_carry4_CI_CO[3])
                                                      0.117     8.742 r  u_ex1_ex2/mcycle_reg[40]_i_1/CO[3]
                         net (fo=1, routed)           0.000     8.742    u_ex1_ex2/mcycle_reg[40]_i_1_n_0
    SLICE_X8Y73          CARRY4 (Prop_carry4_CI_CO[3])
                                                      0.117     8.859 r  u_ex1_ex2/mcycle_reg[44]_i_1/CO[3]
                         net (fo=1, routed)           0.000     8.859    u_ex1_ex2/mcycle_reg[44]_i_1_n_0
    SLICE_X8Y74          CARRY4 (Prop_carry4_CI_CO[3])
                                                      0.117     8.976 r  u_ex1_ex2/mcycle_reg[48]_i_1/CO[3]
                         net (fo=1, routed)           0.009     8.985    u_ex1_ex2/mcycle_reg[48]_i_1_n_0
    SLICE_X8Y75          CARRY4 (Prop_carry4_CI_CO[3])
                                                      0.117     9.102 r  u_ex1_ex2/mcycle_reg[52]_i_1/CO[3]
                         net (fo=1, routed)           0.000     9.102    u_ex1_ex2/mcycle_reg[52]_i_1_n_0
    SLICE_X8Y76          CARRY4 (Prop_carry4_CI_CO[3])
                                                      0.117     9.219 r  u_ex1_ex2/mcycle_reg[56]_i_1/CO[3]
                         net (fo=1, routed)           0.000     9.219    u_ex1_ex2/mcycle_reg[56]_i_1_n_0
    SLICE_X8Y77          CARRY4 (Prop_carry4_CI_O[2])
                                                      0.239     9.458 r  u_ex1_ex2/mcycle_reg[60]_i_1/O[2]
                         net (fo=1, routed)           0.000     9.458    u_csr/mcycle_reg[63]_0[2]
    SLICE_X8Y77          FDCE                                         r  u_csr/mcycle_reg[62]/D
  -------------------------------------------------------------------    -------------------

                         (clock clk rise edge)        5.000     5.000 r  
                                                      0.000     5.000 r  clk (IN)
                         net (fo=9745, unset)         0.924     5.924    u_csr/clk
    SLICE_X8Y77          FDCE                                         r  u_csr/mcycle_reg[62]/C
                         clock pessimism              0.000     5.924    
                         clock uncertainty           -0.035     5.889    
    SLICE_X8Y77          FDCE (Setup_fdce_C_D)        0.109     5.998    u_csr/mcycle_reg[62]
  -------------------------------------------------------------------
                         required time                          5.998    
                         arrival time                          -9.458    
  -------------------------------------------------------------------
                         slack                                 -3.460    




