Copyright 1986-2022 Xilinx, Inc. All Rights Reserved. Copyright 2022-2024 Advanced Micro Devices, Inc. All Rights Reserved.
---------------------------------------------------------------------------------------------------------------------------------------------
| Tool Version : Vivado v.2024.2 (win64) Build 5239630 Fri Nov 08 22:35:27 MST 2024
| Date         : Thu Sep 17 20:26:42 2026
| Host         : PavilionPlus1 running 64-bit major release  (build 9200)
| Command      : report_timing_summary -report_unconstrained -file V:/stage8_baseline/wlblock/timing_summary.rpt
| Design       : rv32i_pipeline_8stage_top
| Device       : 7a35t-cpg236
| Speed File   : -1  PRODUCTION 1.23 2018-06-13
| Design State : Routed
---------------------------------------------------------------------------------------------------------------------------------------------

Timing Summary Report

------------------------------------------------------------------------------------------------
| Timer Settings
| --------------
------------------------------------------------------------------------------------------------

  Enable Multi Corner Analysis               :  Yes
  Enable Pessimism Removal                   :  Yes
  Pessimism Removal Resolution               :  Nearest Common Node
  Enable Input Delay Default Clock           :  No
  Enable Preset / Clear Arcs                 :  No
  Disable Flight Delays                      :  No
  Ignore I/O Paths                           :  No
  Timing Early Launch at Borrowing Latches   :  No
  Borrow Time for Max Delay Exceptions       :  Yes
  Merge Timing Exceptions                    :  Yes
  Inter-SLR Compensation                     :  Conservative

  Corner  Analyze    Analyze    
  Name    Max Paths  Min Paths  
  ------  ---------  ---------  
  Slow    Yes        Yes        
  Fast    Yes        Yes        


------------------------------------------------------------------------------------------------
| Report Methodology
| ------------------
------------------------------------------------------------------------------------------------

Rule       Severity  Description                                                Violations  
---------  --------  ---------------------------------------------------------  ----------  
DPIR-1     Warning   Asynchronous driver check                                  414         
SYNTH-5    Warning   Mapped onto distributed RAM because of timing constraints  256         
SYNTH-10   Warning   Wide multiplier                                            12          
TIMING-16  Warning   Large setup violation                                      1000        
TIMING-18  Warning   Missing input or output delay                              97          

Note: This report is based on the most recent report_methodology run and may not be up-to-date. Run report_methodology on the current design for the latest report.



check_timing report

Table of Contents
-----------------
1. checking no_clock (0)
2. checking constant_clock (0)
3. checking pulse_width_clock (0)
4. checking unconstrained_internal_endpoints (0)
5. checking no_input_delay (1)
6. checking no_output_delay (96)
7. checking multiple_clock (0)
8. checking generated_clocks (0)
9. checking loops (0)
10. checking partial_input_delay (0)
11. checking partial_output_delay (0)
12. checking latch_loops (0)

1. checking no_clock (0)
------------------------
 There are 0 register/latch pins with no clock.


2. checking constant_clock (0)
------------------------------
 There are 0 register/latch pins with constant_clock.


3. checking pulse_width_clock (0)
---------------------------------
 There are 0 register/latch pins which need pulse_width check


4. checking unconstrained_internal_endpoints (0)
------------------------------------------------
 There are 0 pins that are not constrained for maximum delay.

 There are 0 pins that are not constrained for maximum delay due to constant clock.


5. checking no_input_delay (1)
------------------------------
 There is 1 input port with no input delay specified. (HIGH)

 There are 0 input ports with no input delay but user has a false path constraint.


6. checking no_output_delay (96)
--------------------------------
 There are 96 ports with no output delay specified. (HIGH)

 There are 0 ports with no output delay but user has a false path constraint

 There are 0 ports with no output delay but with a timing clock defined on it or propagating through it


7. checking multiple_clock (0)
------------------------------
 There are 0 register/latch pins with multiple clocks.


8. checking generated_clocks (0)
--------------------------------
 There are 0 generated clocks that are not connected to a clock source.


9. checking loops (0)
---------------------
 There are 0 combinational loops in the design.


10. checking partial_input_delay (0)
------------------------------------
 There are 0 input ports with partial input delay specified.


11. checking partial_output_delay (0)
-------------------------------------
 There are 0 ports with partial output delay specified.


12. checking latch_loops (0)
----------------------------
 There are 0 combinational latch loops in the design through latch input



------------------------------------------------------------------------------------------------
| Design Timing Summary
| ---------------------
------------------------------------------------------------------------------------------------

    WNS(ns)      TNS(ns)  TNS Failing Endpoints  TNS Total Endpoints      WHS(ns)      THS(ns)  THS Failing Endpoints  THS Total Endpoints     WPWS(ns)     TPWS(ns)  TPWS Failing Endpoints  TPWS Total Endpoints  
    -------      -------  ---------------------  -------------------      -------      -------  ---------------------  -------------------     --------     --------  ----------------------  --------------------  
     -3.544   -26142.482                  14196                27094        0.100        0.000                      0                27094        1.250        0.000                       0                  9745  


Timing constraints are not met.


------------------------------------------------------------------------------------------------
| Clock Summary
| -------------
------------------------------------------------------------------------------------------------

Clock  Waveform(ns)         Period(ns)      Frequency(MHz)
-----  ------------         ----------      --------------
clk    {0.000 2.500}        5.000           200.000         


------------------------------------------------------------------------------------------------
| Intra Clock Table
| -----------------
------------------------------------------------------------------------------------------------

Clock             WNS(ns)      TNS(ns)  TNS Failing Endpoints  TNS Total Endpoints      WHS(ns)      THS(ns)  THS Failing Endpoints  THS Total Endpoints     WPWS(ns)     TPWS(ns)  TPWS Failing Endpoints  TPWS Total Endpoints  
-----             -------      -------  ---------------------  -------------------      -------      -------  ---------------------  -------------------     --------     --------  ----------------------  --------------------  
clk                -3.544   -26142.482                  14196                27094        0.100        0.000                      0                27094        1.250        0.000                       0                  9745  


------------------------------------------------------------------------------------------------
| Inter Clock Table
| -----------------
------------------------------------------------------------------------------------------------

From Clock    To Clock          WNS(ns)      TNS(ns)  TNS Failing Endpoints  TNS Total Endpoints      WHS(ns)      THS(ns)  THS Failing Endpoints  THS Total Endpoints  
----------    --------          -------      -------  ---------------------  -------------------      -------      -------  ---------------------  -------------------  


------------------------------------------------------------------------------------------------
| Other Path Groups Table
| -----------------------
------------------------------------------------------------------------------------------------

Path Group    From Clock    To Clock          WNS(ns)      TNS(ns)  TNS Failing Endpoints  TNS Total Endpoints      WHS(ns)      THS(ns)  THS Failing Endpoints  THS Total Endpoints  
----------    ----------    --------          -------      -------  ---------------------  -------------------      -------      -------  ---------------------  -------------------  


------------------------------------------------------------------------------------------------
| User Ignored Path Table
| -----------------------
------------------------------------------------------------------------------------------------

Path Group    From Clock    To Clock    
----------    ----------    --------    


------------------------------------------------------------------------------------------------
| Unconstrained Path Table
| ------------------------
------------------------------------------------------------------------------------------------

Path Group    From Clock    To Clock    
----------    ----------    --------    
(none)        clk                         
(none)                      clk           


------------------------------------------------------------------------------------------------
| Timing Details
| --------------
------------------------------------------------------------------------------------------------


---------------------------------------------------------------------------------------------------
From Clock:  clk
  To Clock:  clk

Setup :        14196  Failing Endpoints,  Worst Slack       -3.544ns,  Total Violation   -26142.483ns
Hold  :            0  Failing Endpoints,  Worst Slack        0.100ns,  Total Violation        0.000ns
PW    :            0  Failing Endpoints,  Worst Slack        1.250ns,  Total Violation        0.000ns
---------------------------------------------------------------------------------------------------


Max Delay Paths
--------------------------------------------------------------------------------------
Slack (VIOLATED) :        -3.544ns  (required time - arrival time)
  Source:                 u_ex1_ex2/csr_addr_out_reg[1]/C
                            (rising edge-triggered cell FDCE clocked by clk  {rise@0.000ns fall@2.500ns period=5.000ns})
  Destination:            u_csr/mcycle_reg[61]/D
                            (rising edge-triggered cell FDCE clocked by clk  {rise@0.000ns fall@2.500ns period=5.000ns})
  Path Group:             clk
  Path Type:              Setup (Max at Slow Process Corner)
  Requirement:            5.000ns  (clk rise@5.000ns - clk rise@0.000ns)
  Data Path Delay:        8.569ns  (logic 3.509ns (40.949%)  route 5.060ns (59.051%))
  Logic Levels:           20  (CARRY4=13 LUT2=1 LUT5=3 LUT6=3)
  Clock Path Skew:        -0.049ns (DCD - SCD + CPR)
    Destination Clock Delay (DCD):    0.924ns = ( 5.924 - 5.000 ) 
    Source Clock Delay      (SCD):    0.973ns
    Clock Pessimism Removal (CPR):    0.000ns
  Clock Uncertainty:      0.035ns  ((TSJ^2 + TIJ^2)^1/2 + DJ) / 2 + PE
    Total System Jitter     (TSJ):    0.071ns
    Total Input Jitter      (TIJ):    0.000ns
    Discrete Jitter          (DJ):    0.000ns
    Phase Error              (PE):    0.000ns

    Location             Delay type                Incr(ns)  Path(ns)    Netlist Resource(s)
  -------------------------------------------------------------------    -------------------
                         (clock clk rise edge)        0.000     0.000 r  
                                                      0.000     0.000 r  clk (IN)
                         net (fo=9745, unset)         0.973     0.973    u_ex1_ex2/clk
    SLICE_X8Y83          FDCE                                         r  u_ex1_ex2/csr_addr_out_reg[1]/C
  -------------------------------------------------------------------    -------------------
    SLICE_X8Y83          FDCE (Prop_fdce_C_Q)         0.518     1.491 r  u_ex1_ex2/csr_addr_out_reg[1]/Q
                         net (fo=20, routed)          0.920     2.411    u_ex1_ex2/ex2_csr_addr[1]
    SLICE_X10Y82         LUT6 (Prop_lut6_I2_O)        0.124     2.535 r  u_ex1_ex2/csr_rdata_out[31]_i_18/O
                         net (fo=15, routed)          0.389     2.924    u_ex1_ex2/csr_rdata_out[31]_i_18_n_0
    SLICE_X8Y83          LUT2 (Prop_lut2_I1_O)        0.124     3.048 r  u_ex1_ex2/csr_rdata_out[31]_i_12/O
                         net (fo=178, routed)         1.466     4.513    u_csr/csr_rdata_out_reg[31]
    SLICE_X6Y78          LUT6 (Prop_lut6_I2_O)        0.124     4.637 r  u_csr/csr_rdata_out[12]_i_5/O
                         net (fo=1, routed)           0.466     5.103    u_ex1_ex2/csr_rdata_out_reg[12]_0
    SLICE_X6Y78          LUT5 (Prop_lut5_I1_O)        0.124     5.227 f  u_ex1_ex2/csr_rdata_out[12]_i_2/O
                         net (fo=3, routed)           0.494     5.721    u_ex1_ex2/csr_rdata_out[12]_i_2_n_0
    SLICE_X7Y76          LUT5 (Prop_lut5_I4_O)        0.124     5.845 f  u_ex1_ex2/mstatus[12]_i_2/O
                         net (fo=1, routed)           0.345     6.190    u_ex1_ex2/mstatus[12]_i_2_n_0
    SLICE_X6Y74          LUT5 (Prop_lut5_I0_O)        0.124     6.314 r  u_ex1_ex2/mstatus[12]_i_1/O
                         net (fo=15, routed)          0.972     7.286    u_ex1_ex2/csr_new[12]
    SLICE_X8Y65          LUT6 (Prop_lut6_I5_O)        0.124     7.410 r  u_ex1_ex2/mcycle[12]_i_5/O
                         net (fo=1, routed)           0.000     7.410    u_ex1_ex2/mcycle[12]_i_5_n_0
    SLICE_X8Y65          CARRY4 (Prop_carry4_S[0]_CO[3])
                                                      0.513     7.923 r  u_ex1_ex2/mcycle_reg[12]_i_1/CO[3]
                         net (fo=1, routed)           0.000     7.923    u_ex1_ex2/mcycle_reg[12]_i_1_n_0
    SLICE_X8Y66          CARRY4 (Prop_carry4_CI_CO[3])
                                                      0.117     8.040 r  u_ex1_ex2/mcycle_reg[16]_i_1/CO[3]
                         net (fo=1, routed)           0.000     8.040    u_ex1_ex2/mcycle_reg[16]_i_1_n_0
    SLICE_X8Y67          CARRY4 (Prop_carry4_CI_CO[3])
                                                      0.117     8.157 r  u_ex1_ex2/mcycle_reg[20]_i_1/CO[3]
                         net (fo=1, routed)           0.000     8.157    u_ex1_ex2/mcycle_reg[20]_i_1_n_0
    SLICE_X8Y68          CARRY4 (Prop_carry4_CI_CO[3])
                                                      0.117     8.274 r  u_ex1_ex2/mcycle_reg[24]_i_1/CO[3]
                         net (fo=1, routed)           0.000     8.274    u_ex1_ex2/mcycle_reg[24]_i_1_n_0
    SLICE_X8Y69          CARRY4 (Prop_carry4_CI_CO[3])
                                                      0.117     8.391 r  u_ex1_ex2/mcycle_reg[28]_i_1/CO[3]
                         net (fo=1, routed)           0.000     8.391    u_ex1_ex2/mcycle_reg[28]_i_1_n_0
    SLICE_X8Y70          CARRY4 (Prop_carry4_CI_CO[3])
                                                      0.117     8.508 r  u_ex1_ex2/mcycle_reg[32]_i_1/CO[3]
                         net (fo=1, routed)           0.000     8.508    u_ex1_ex2/mcycle_reg[32]_i_1_n_0
    SLICE_X8Y71          CARRY4 (Prop_carry4_CI_CO[3])
                                                      0.117     8.625 r  u_ex1_ex2/mcycle_reg[36]_i_1/CO[3]
                         net (fo=1, routed)           0.000     8.625    u_ex1_ex2/mcycle_reg[36]_i_1_n_0
    SLICE_X8Y72          CARRY4 (Prop_carry4_CI_CO[3])
                                                      0.117     8.742 r  u_ex1_ex2/mcycle_reg[40]_i_1/CO[3]
                         net (fo=1, routed)           0.000     8.742    u_ex1_ex2/mcycle_reg[40]_i_1_n_0
    SLICE_X8Y73          CARRY4 (Prop_carry4_CI_CO[3])
                                                      0.117     8.859 r  u_ex1_ex2/mcycle_reg[44]_i_1/CO[3]
                         net (fo=1, routed)           0.000     8.859    u_ex1_ex2/mcycle_reg[44]_i_1_n_0
    SLICE_X8Y74          CARRY4 (Prop_carry4_CI_CO[3])
                                                      0.117     8.976 r  u_ex1_ex2/mcycle_reg[48]_i_1/CO[3]
                         net (fo=1, routed)           0.009     8.985    u_ex1_ex2/mcycle_reg[48]_i_1_n_0
    SLICE_X8Y75          CARRY4 (Prop_carry4_CI_CO[3])
                                                      0.117     9.102 r  u_ex1_ex2/mcycle_reg[52]_i_1/CO[3]
                         net (fo=1, routed)           0.000     9.102    u_ex1_ex2/mcycle_reg[52]_i_1_n_0
    SLICE_X8Y76          CARRY4 (Prop_carry4_CI_CO[3])
                                                      0.117     9.219 r  u_ex1_ex2/mcycle_reg[56]_i_1/CO[3]
                         net (fo=1, routed)           0.000     9.219    u_ex1_ex2/mcycle_reg[56]_i_1_n_0
    SLICE_X8Y77          CARRY4 (Prop_carry4_CI_O[1])
                                                      0.323     9.542 r  u_ex1_ex2/mcycle_reg[60]_i_1/O[1]
                         net (fo=1, routed)           0.000     9.542    u_csr/mcycle_reg[63]_0[1]
    SLICE_X8Y77          FDCE                                         r  u_csr/mcycle_reg[61]/D
  -------------------------------------------------------------------    -------------------

                         (clock clk rise edge)        5.000     5.000 r  
                                                      0.000     5.000 r  clk (IN)
                         net (fo=9745, unset)         0.924     5.924    u_csr/clk
    SLICE_X8Y77          FDCE                                         r  u_csr/mcycle_reg[61]/C
                         clock pessimism              0.000     5.924    
                         clock uncertainty           -0.035     5.889    
    SLICE_X8Y77          FDCE (Setup_fdce_C_D)        0.109     5.998    u_csr/mcycle_reg[61]
  -------------------------------------------------------------------
                         required time                          5.998    
                         arrival time                          -9.542    
  -------------------------------------------------------------------
                         slack                                 -3.544    





Min Delay Paths
--------------------------------------------------------------------------------------
Slack (MET) :             0.100ns  (arrival time - required time)
  Source:                 u_mem1_mem2/mem_read_data_out_reg[0]/C
                            (rising edge-triggered cell FDCE clocked by clk  {rise@0.000ns fall@2.500ns period=5.000ns})
  Destination:            u_mem2_wb/mem_read_data_out_reg[0]/D
                            (rising edge-triggered cell FDCE clocked by clk  {rise@0.000ns fall@2.500ns period=5.000ns})
  Path Group:             clk
  Path Type:              Hold (Min at Fast Process Corner)
  Requirement:            0.000ns  (clk rise@0.000ns - clk rise@0.000ns)
  Data Path Delay:        0.197ns  (logic 0.141ns (71.611%)  route 0.056ns (28.389%))
  Logic Levels:           0  
  Clock Path Skew:        0.022ns (DCD - SCD - CPR)
    Destination Clock Delay (DCD):    0.432ns
    Source Clock Delay      (SCD):    0.410ns
    Clock Pessimism Removal (CPR):    -0.000ns

    Location             Delay type                Incr(ns)  Path(ns)    Netlist Resource(s)
  -------------------------------------------------------------------    -------------------
                         (clock clk rise edge)        0.000     0.000 r  
                                                      0.000     0.000 r  clk (IN)
                         net (fo=9745, unset)         0.410     0.410    u_mem1_mem2/clk
    SLICE_X41Y72         FDCE                                         r  u_mem1_mem2/mem_read_data_out_reg[0]/C
  -------------------------------------------------------------------    -------------------
    SLICE_X41Y72         FDCE (Prop_fdce_C_Q)         0.141     0.551 r  u_mem1_mem2/mem_read_data_out_reg[0]/Q
                         net (fo=2, routed)           0.056     0.607    u_mem2_wb/mem_read_data_out_reg[31]_0[0]
    SLICE_X41Y72         FDCE                                         r  u_mem2_wb/mem_read_data_out_reg[0]/D
  -------------------------------------------------------------------    -------------------

                         (clock clk rise edge)        0.000     0.000 r  
                                                      0.000     0.000 r  clk (IN)
                         net (fo=9745, unset)         0.432     0.432    u_mem2_wb/clk
    SLICE_X41Y72         FDCE                                         r  u_mem2_wb/mem_read_data_out_reg[0]/C
                         clock pessimism              0.000     0.432    
    SLICE_X41Y72         FDCE (Hold_fdce_C_D)         0.075     0.507    u_mem2_wb/mem_read_data_out_reg[0]
  -------------------------------------------------------------------
                         required time                         -0.507    
                         arrival time                           0.607    
  -------------------------------------------------------------------
                         slack                                  0.100    





Pulse Width Checks
--------------------------------------------------------------------------------------
Clock Name:         clk
Waveform(ns):       { 0.000 2.500 }
Period(ns):         5.000
Sources:            { clk }

Check Type        Corner  Lib Pin      Reference Pin  Required(ns)  Actual(ns)  Slack(ns)  Location      Pin
Min Period        n/a     DSP48E1/CLK  n/a            2.154         5.000       2.846      DSP48_X0Y27   u_mdu/mul_ss_out0__0/CLK
Low Pulse Width   Slow    RAMS64E/CLK  n/a            1.250         2.500       1.250      SLICE_X42Y73  u_dmem/mem_reg_0_255_0_0/RAMS64E_A/CLK
High Pulse Width  Slow    RAMS64E/CLK  n/a            1.250         2.500       1.250      SLICE_X42Y73  u_dmem/mem_reg_0_255_0_0/RAMS64E_A/CLK



--------------------------------------------------------------------------------------
Path Group:  (none)
From Clock:  clk
  To Clock:  

Max Delay            96 Endpoints
Min Delay            96 Endpoints
--------------------------------------------------------------------------------------


Max Delay Paths
--------------------------------------------------------------------------------------
Slack:                    inf
  Source:                 u_ex1_ex2/alu_a_out_reg[0]/C
                            (rising edge-triggered cell FDCE clocked by clk  {rise@0.000ns fall@2.500ns period=5.000ns})
  Destination:            debug_alu_result[23]
                            (output port)
  Path Group:             (none)
  Path Type:              Max at Slow Process Corner
  Data Path Delay:        6.563ns  (logic 2.307ns (35.152%)  route 4.256ns (64.848%))
  Logic Levels:           9  (CARRY4=6 LUT2=1 LUT5=1 LUT6=1)
  Clock Uncertainty:      0.025ns  ((TSJ^2 + TIJ^2)^1/2 + DJ) / 2 + PE
    Total System Jitter     (TSJ):    0.050ns
    Total Input Jitter      (TIJ):    0.000ns
    Discrete Jitter          (DJ):    0.000ns
    Phase Error              (PE):    0.000ns

    Location             Delay type                Incr(ns)  Path(ns)    Netlist Resource(s)
  -------------------------------------------------------------------    -------------------
                         (clock clk rise edge)        0.000     0.000 r  
                                                      0.000     0.000 r  clk (IN)
                         net (fo=9745, unset)         0.973     0.973    u_ex1_ex2/clk
    SLICE_X29Y83         FDCE                                         r  u_ex1_ex2/alu_a_out_reg[0]/C
  -------------------------------------------------------------------    -------------------
    SLICE_X29Y83         FDCE (Prop_fdce_C_Q)         0.456     1.429 r  u_ex1_ex2/alu_a_out_reg[0]/Q
                         net (fo=21, routed)          1.378     2.807    u_ex1_ex2/ex2_alu_a[0]
    SLICE_X14Y72         LUT2 (Prop_lut2_I0_O)        0.124     2.931 r  u_ex1_ex2/debug_alu_result[3]_INST_0_i_11/O
                         net (fo=1, routed)           0.000     2.931    u_ex1_ex2/debug_alu_result[3]_INST_0_i_11_n_0
    SLICE_X14Y72         CARRY4 (Prop_carry4_S[0]_CO[3])
                                                      0.513     3.444 r  u_ex1_ex2/debug_alu_result[3]_INST_0_i_5/CO[3]
                         net (fo=1, routed)           0.000     3.444    u_ex1_ex2/debug_alu_result[3]_INST_0_i_5_n_0
    SLICE_X14Y73         CARRY4 (Prop_carry4_CI_CO[3])
                                                      0.117     3.561 r  u_ex1_ex2/debug_alu_result[7]_INST_0_i_5/CO[3]
                         net (fo=1, routed)           0.000     3.561    u_ex1_ex2/debug_alu_result[7]_INST_0_i_5_n_0
    SLICE_X14Y74         CARRY4 (Prop_carry4_CI_CO[3])
                                                      0.117     3.678 r  u_ex1_ex2/debug_alu_result[11]_INST_0_i_5/CO[3]
                         net (fo=1, routed)           0.009     3.687    u_ex1_ex2/debug_alu_result[11]_INST_0_i_5_n_0
    SLICE_X14Y75         CARRY4 (Prop_carry4_CI_CO[3])
                                                      0.117     3.804 r  u_ex1_ex2/debug_alu_result[15]_INST_0_i_5/CO[3]
                         net (fo=1, routed)           0.000     3.804    u_ex1_ex2/debug_alu_result[15]_INST_0_i_5_n_0
    SLICE_X14Y76         CARRY4 (Prop_carry4_CI_CO[3])
                                                      0.117     3.921 r  u_ex1_ex2/debug_alu_result[19]_INST_0_i_9/CO[3]
                         net (fo=1, routed)           0.000     3.921    u_ex1_ex2/debug_alu_result[19]_INST_0_i_9_n_0
    SLICE_X14Y77         CARRY4 (Prop_carry4_CI_O[3])
                                                      0.315     4.236 r  u_ex1_ex2/debug_alu_result[23]_INST_0_i_9/O[3]
                         net (fo=1, routed)           0.971     5.206    u_ex1_ex2/u_alu/data1[23]
    SLICE_X13Y87         LUT6 (Prop_lut6_I3_O)        0.307     5.513 r  u_ex1_ex2/debug_alu_result[23]_INST_0_i_3/O
                         net (fo=1, routed)           0.926     6.439    u_ex1_ex2/debug_alu_result[23]_INST_0_i_3_n_0
    SLICE_X11Y78         LUT5 (Prop_lut5_I4_O)        0.124     6.563 r  u_ex1_ex2/debug_alu_result[23]_INST_0/O
                         net (fo=2, unset)            0.973     7.536    debug_alu_result[23]
                                                                      r  debug_alu_result[23] (OUT)
  -------------------------------------------------------------------    -------------------





Min Delay Paths
--------------------------------------------------------------------------------------
Slack:                    inf
  Source:                 u_if2_id/instr_out_reg[11]/C
                            (rising edge-triggered cell FDCE clocked by clk  {rise@0.000ns fall@2.500ns period=5.000ns})
  Destination:            debug_instr[11]
                            (output port)
  Path Group:             (none)
  Path Type:              Min at Fast Process Corner
  Data Path Delay:        0.538ns  (logic 0.128ns (23.786%)  route 0.410ns (76.214%))
  Logic Levels:           0  
  Clock Uncertainty:      0.025ns  ((TSJ^2 + TIJ^2)^1/2 + DJ) / 2 + PE
    Total System Jitter     (TSJ):    0.050ns
    Total Input Jitter      (TIJ):    0.000ns
    Discrete Jitter          (DJ):    0.000ns
    Phase Error              (PE):    0.000ns

    Location             Delay type                Incr(ns)  Path(ns)    Netlist Resource(s)
  -------------------------------------------------------------------    -------------------
                         (clock clk rise edge)        0.000     0.000 r  
                                                      0.000     0.000 r  clk (IN)
                         net (fo=9745, unset)         0.410     0.410    u_if2_id/clk
    SLICE_X27Y104        FDCE                                         r  u_if2_id/instr_out_reg[11]/C
  -------------------------------------------------------------------    -------------------
    SLICE_X27Y104        FDCE (Prop_fdce_C_Q)         0.128     0.538 r  u_if2_id/instr_out_reg[11]/Q
                         net (fo=2, unset)            0.410     0.948    debug_instr[11]
                                                                      r  debug_instr[11] (OUT)
  -------------------------------------------------------------------    -------------------





--------------------------------------------------------------------------------------
Path Group:  (none)
From Clock:  
  To Clock:  clk

Max Delay          8669 Endpoints
Min Delay          8669 Endpoints
--------------------------------------------------------------------------------------


Max Delay Paths
--------------------------------------------------------------------------------------
Slack:                    inf
  Source:                 rst_n
                            (input port)
  Destination:            u_bp/pht_reg[0][0]/PRE
                            (recovery check against rising-edge clock clk  {rise@0.000ns fall@2.500ns period=5.000ns})
  Path Group:             (none)
  Path Type:              Recovery (Max at Slow Process Corner)
  Data Path Delay:        21.729ns  (logic 0.124ns (0.571%)  route 21.605ns (99.429%))
  Logic Levels:           1  (LUT1=1)
  Clock Path Skew:        0.924ns (DCD - SCD + CPR)
    Destination Clock Delay (DCD):    0.924ns
    Source Clock Delay      (SCD):    0.000ns
    Clock Pessimism Removal (CPR):    0.000ns
  Clock Uncertainty:      0.025ns  ((TSJ^2 + TIJ^2)^1/2 + DJ) / 2 + PE
    Total System Jitter     (TSJ):    0.050ns
    Total Input Jitter      (TIJ):    0.000ns
    Discrete Jitter          (DJ):    0.000ns
    Phase Error              (PE):    0.000ns

    Location             Delay type                Incr(ns)  Path(ns)    Netlist Resource(s)
  -------------------------------------------------------------------    -------------------
                                                      0.000     0.000 r  rst_n (IN)
                         net (fo=1, unset)            0.973     0.973    u_icache/rst_n
    SLICE_X60Y47         LUT1 (Prop_lut1_I0_O)        0.124     1.097 f  u_icache/pc_out[31]_i_3/O
                         net (fo=6813, routed)       20.632    21.729    u_bp/p_0_in
    SLICE_X56Y109        FDPE                                         f  u_bp/pht_reg[0][0]/PRE
  -------------------------------------------------------------------    -------------------

                         (clock clk rise edge)        0.000     0.000 r  
                                                      0.000     0.000 r  clk (IN)
                         net (fo=9745, unset)         0.924     0.924    u_bp/clk
    SLICE_X56Y109        FDPE                                         r  u_bp/pht_reg[0][0]/C





Min Delay Paths
--------------------------------------------------------------------------------------
Slack:                    inf
  Source:                 rst_n
                            (input port)
  Destination:            u_regfile/regs_reg[21][0]/CLR
                            (removal check against rising-edge clock clk  {rise@0.000ns fall@2.500ns period=5.000ns})
  Path Group:             (none)
  Path Type:              Removal (Min at Fast Process Corner)
  Data Path Delay:        0.893ns  (logic 0.045ns (5.039%)  route 0.848ns (94.961%))
  Logic Levels:           1  (LUT1=1)
  Clock Path Skew:        0.432ns (DCD - SCD - CPR)
    Destination Clock Delay (DCD):    0.432ns
    Source Clock Delay      (SCD):    0.000ns
    Clock Pessimism Removal (CPR):    -0.000ns

    Location             Delay type                Incr(ns)  Path(ns)    Netlist Resource(s)
  -------------------------------------------------------------------    -------------------
                                                      0.000     0.000 r  rst_n (IN)
                         net (fo=1, unset)            0.410     0.410    u_icache/rst_n
    SLICE_X60Y47         LUT1 (Prop_lut1_I0_O)        0.045     0.455 f  u_icache/pc_out[31]_i_3/O
                         net (fo=6813, routed)        0.438     0.893    u_regfile/p_0_in
    SLICE_X59Y65         FDCE                                         f  u_regfile/regs_reg[21][0]/CLR
  -------------------------------------------------------------------    -------------------

                         (clock clk rise edge)        0.000     0.000 r  
                                                      0.000     0.000 r  clk (IN)
                         net (fo=9745, unset)         0.432     0.432    u_regfile/clk
    SLICE_X59Y65         FDCE                                         r  u_regfile/regs_reg[21][0]/C





