Copyright 1986-2022 Xilinx, Inc. All Rights Reserved. Copyright 2022-2024 Advanced Micro Devices, Inc. All Rights Reserved.
---------------------------------------------------------------------------------------------------------------------------------------------
| Tool Version : Vivado v.2024.2 (win64) Build 5239630 Fri Nov 08 22:35:27 MST 2024
| Date         : Thu Sep 17 20:08:56 2026
| Host         : PavilionPlus1 running 64-bit major release  (build 9200)
| Command      : report_timing -delay_type max -max_paths 10 -file V:/stage8_baseline/explore/critical_setup_paths.rpt
| Design       : rv32i_pipeline_8stage_top
| Device       : 7a35t-cpg236
| Speed File   : -1  PRODUCTION 1.23 2018-06-13
| Design State : Routed
---------------------------------------------------------------------------------------------------------------------------------------------

Timing Report

Slack (VIOLATED) :        -3.415ns  (required time - arrival time)
  Source:                 u_if1_if2/pc_out_reg[4]_rep__0/C
                            (rising edge-triggered cell FDCE clocked by clk  {rise@0.000ns fall@2.500ns period=5.000ns})
  Destination:            u_pc/pc_out_reg[2]_rep__3/D
                            (rising edge-triggered cell FDCE clocked by clk  {rise@0.000ns fall@2.500ns period=5.000ns})
  Path Group:             clk
  Path Type:              Setup (Max at Slow Process Corner)
  Requirement:            5.000ns  (clk rise@5.000ns - clk rise@0.000ns)
  Data Path Delay:        8.250ns  (logic 3.010ns (36.485%)  route 5.240ns (63.515%))
  Logic Levels:           10  (CARRY4=3 LUT6=6 MUXF7=1)
  Clock Path Skew:        -0.049ns (DCD - SCD + CPR)
    Destination Clock Delay (DCD):    0.924ns = ( 5.924 - 5.000 ) 
    Source Clock Delay      (SCD):    0.973ns
    Clock Pessimism Removal (CPR):    0.000ns
  Clock Uncertainty:      0.035ns  ((TSJ^2 + TIJ^2)^1/2 + DJ) / 2 + PE
    Total System Jitter     (TSJ):    0.071ns
    Total Input Jitter      (TIJ):    0.000ns
    Discrete Jitter          (DJ):    0.000ns
    Phase Error              (PE):    0.000ns

    Location             Delay type                Incr(ns)  Path(ns)    Netlist Resource(s)
  -------------------------------------------------------------------    -------------------
                         (clock clk rise edge)        0.000     0.000 r  
                                                      0.000     0.000 r  clk (IN)
                         net (fo=9760, unset)         0.973     0.973    u_if1_if2/clk
    SLICE_X12Y109        FDCE                                         r  u_if1_if2/pc_out_reg[4]_rep__0/C
  -------------------------------------------------------------------    -------------------
    SLICE_X12Y109        FDCE (Prop_fdce_C_Q)         0.478     1.451 r  u_if1_if2/pc_out_reg[4]_rep__0/Q
                         net (fo=109, routed)         1.056     2.507    u_bp/pc_out[31]_i_14
    SLICE_X11Y104        MUXF7 (Prop_muxf7_S_O)       0.447     2.954 r  u_bp/pc_out_reg[31]_i_208/O
                         net (fo=1, routed)           0.879     3.833    u_if1_if2/pc_out[31]_i_86_2
    SLICE_X13Y107        LUT6 (Prop_lut6_I5_O)        0.299     4.132 r  u_if1_if2/pc_out[31]_i_124/O
                         net (fo=1, routed)           0.616     4.748    u_if1_if2/pc_out[31]_i_124_n_0
    SLICE_X16Y107        LUT6 (Prop_lut6_I5_O)        0.124     4.872 r  u_if1_if2/pc_out[31]_i_86/O
                         net (fo=1, routed)           0.000     4.872    u_if1_if2/pc_out[31]_i_86_n_0
    SLICE_X16Y107        CARRY4 (Prop_carry4_S[0]_CO[3])
                                                      0.532     5.404 r  u_if1_if2/pc_out_reg[31]_i_71/CO[3]
                         net (fo=1, routed)           0.000     5.404    u_if1_if2/pc_out_reg[31]_i_71_n_0
    SLICE_X16Y108        CARRY4 (Prop_carry4_CI_CO[3])
                                                      0.114     5.518 r  u_if1_if2/pc_out_reg[31]_i_53/CO[3]
                         net (fo=1, routed)           0.000     5.518    u_if1_if2/pc_out_reg[31]_i_53_n_0
    SLICE_X16Y109        CARRY4 (Prop_carry4_CI_CO[0])
                                                      0.271     5.789 f  u_if1_if2/pc_out_reg[31]_i_27/CO[0]
                         net (fo=1, routed)           0.305     6.094    u_if1_if2/u_bp/btb_hit0
    SLICE_X16Y111        LUT6 (Prop_lut6_I0_O)        0.373     6.467 f  u_if1_if2/pc_out[31]_i_14/O
                         net (fo=1, routed)           0.446     6.914    u_bp/if2_predict_valid
    SLICE_X20Y113        LUT6 (Prop_lut6_I4_O)        0.124     7.038 r  u_bp/pc_out[31]_i_5/O
                         net (fo=35, routed)          0.602     7.639    u_bp/pc_out_reg[7]
    SLICE_X27Y116        LUT6 (Prop_lut6_I4_O)        0.124     7.763 r  u_bp/pc_out[2]_i_4/O
                         net (fo=10, routed)          0.767     8.530    u_ex1_ex2/pc_out_reg[2]_3
    SLICE_X28Y117        LUT6 (Prop_lut6_I2_O)        0.124     8.654 r  u_ex1_ex2/pc_out[2]_rep_i_1__7/O
                         net (fo=1, routed)           0.569     9.223    u_pc/pc_out_reg[2]_rep__3_1
    SLICE_X28Y117        FDCE                                         r  u_pc/pc_out_reg[2]_rep__3/D
  -------------------------------------------------------------------    -------------------

                         (clock clk rise edge)        5.000     5.000 r  
                                                      0.000     5.000 r  clk (IN)
                         net (fo=9760, unset)         0.924     5.924    u_pc/clk
    SLICE_X28Y117        FDCE                                         r  u_pc/pc_out_reg[2]_rep__3/C
                         clock pessimism              0.000     5.924    
                         clock uncertainty           -0.035     5.889    
    SLICE_X28Y117        FDCE (Setup_fdce_C_D)       -0.081     5.808    u_pc/pc_out_reg[2]_rep__3
  -------------------------------------------------------------------
                         required time                          5.808    
                         arrival time                          -9.223    
  -------------------------------------------------------------------
                         slack                                 -3.415    

Slack (VIOLATED) :        -3.393ns  (required time - arrival time)
  Source:                 u_pc/pc_out_reg[3]_rep__1/C
                            (rising edge-triggered cell FDCE clocked by clk  {rise@0.000ns fall@2.500ns period=5.000ns})
  Destination:            u_icache/data_reg[17][14]/CE
                            (rising edge-triggered cell FDCE clocked by clk  {rise@0.000ns fall@2.500ns period=5.000ns})
  Path Group:             clk
  Path Type:              Setup (Max at Slow Process Corner)
  Requirement:            5.000ns  (clk rise@5.000ns - clk rise@0.000ns)
  Data Path Delay:        8.104ns  (logic 2.132ns (26.309%)  route 5.972ns (73.691%))
  Logic Levels:           9  (CARRY4=2 LUT6=5 MUXF7=1 MUXF8=1)
  Clock Path Skew:        -0.049ns (DCD - SCD + CPR)
    Destination Clock Delay (DCD):    0.924ns = ( 5.924 - 5.000 ) 
    Source Clock Delay      (SCD):    0.973ns
    Clock Pessimism Removal (CPR):    0.000ns
  Clock Uncertainty:      0.035ns  ((TSJ^2 + TIJ^2)^1/2 + DJ) / 2 + PE
    Total System Jitter     (TSJ):    0.071ns
    Total Input Jitter      (TIJ):    0.000ns
    Discrete Jitter          (DJ):    0.000ns
    Phase Error              (PE):    0.000ns

    Location             Delay type                Incr(ns)  Path(ns)    Netlist Resource(s)
  -------------------------------------------------------------------    -------------------
                         (clock clk rise edge)        0.000     0.000 r  
                                                      0.000     0.000 r  clk (IN)
                         net (fo=9760, unset)         0.973     0.973    u_pc/clk
    SLICE_X29Y119        FDCE                                         r  u_pc/pc_out_reg[3]_rep__1/C
  -------------------------------------------------------------------    -------------------
    SLICE_X29Y119        FDCE (Prop_fdce_C_Q)         0.456     1.429 r  u_pc/pc_out_reg[3]_rep__1/Q
                         net (fo=115, routed)         1.494     2.923    u_icache/tags_reg[0][23]_i_253_0
    SLICE_X21Y121        LUT6 (Prop_lut6_I2_O)        0.124     3.047 r  u_icache/tags[0][23]_i_578/O
                         net (fo=1, routed)           0.000     3.047    u_icache/tags[0][23]_i_578_n_0
    SLICE_X21Y121        MUXF7 (Prop_muxf7_I1_O)      0.245     3.292 r  u_icache/tags_reg[0][23]_i_273/O
                         net (fo=1, routed)           0.000     3.292    u_icache/tags_reg[0][23]_i_273_n_0
    SLICE_X21Y121        MUXF8 (Prop_muxf8_I0_O)      0.104     3.396 r  u_icache/tags_reg[0][23]_i_121/O
                         net (fo=1, routed)           1.096     4.492    u_icache/tags_reg[0][23]_i_121_n_0
    SLICE_X28Y125        LUT6 (Prop_lut6_I0_O)        0.316     4.808 r  u_icache/tags[0][23]_i_55/O
                         net (fo=1, routed)           0.573     5.381    u_icache/tags[10]
    SLICE_X29Y125        LUT6 (Prop_lut6_I5_O)        0.124     5.505 r  u_icache/tags[0][23]_i_37/O
                         net (fo=1, routed)           0.000     5.505    u_icache/tags[0][23]_i_37_n_0
    SLICE_X29Y125        CARRY4 (Prop_carry4_S[3]_CO[3])
                                                      0.401     5.906 r  u_icache/tags_reg[0][23]_i_16/CO[3]
                         net (fo=1, routed)           0.000     5.906    u_icache/tags_reg[0][23]_i_16_n_0
    SLICE_X29Y126        CARRY4 (Prop_carry4_CI_CO[3])
                                                      0.114     6.020 f  u_icache/tags_reg[0][23]_i_7/CO[3]
                         net (fo=1, routed)           0.600     6.620    u_icache/hit0
    SLICE_X29Y127        LUT6 (Prop_lut6_I5_O)        0.124     6.744 f  u_icache/tags[0][23]_i_3/O
                         net (fo=96, routed)          1.076     7.819    u_pc/data_reg[14][0]_0
    SLICE_X26Y134        LUT6 (Prop_lut6_I5_O)        0.124     7.943 r  u_pc/tags[17][23]_i_1/O
                         net (fo=57, routed)          1.133     9.077    u_icache/data_reg[17][0]_0[0]
    SLICE_X20Y137        FDCE                                         r  u_icache/data_reg[17][14]/CE
  -------------------------------------------------------------------    -------------------

                         (clock clk rise edge)        5.000     5.000 r  
                                                      0.000     5.000 r  clk (IN)
                         net (fo=9760, unset)         0.924     5.924    u_icache/clk
    SLICE_X20Y137        FDCE                                         r  u_icache/data_reg[17][14]/C
                         clock pessimism              0.000     5.924    
                         clock uncertainty           -0.035     5.889    
    SLICE_X20Y137        FDCE (Setup_fdce_C_CE)      -0.205     5.684    u_icache/data_reg[17][14]
  -------------------------------------------------------------------
                         required time                          5.684    
                         arrival time                          -9.077    
  -------------------------------------------------------------------
                         slack                                 -3.393    

Slack (VIOLATED) :        -3.393ns  (required time - arrival time)
  Source:                 u_pc/pc_out_reg[3]_rep__1/C
                            (rising edge-triggered cell FDCE clocked by clk  {rise@0.000ns fall@2.500ns period=5.000ns})
  Destination:            u_icache/data_reg[17][21]/CE
                            (rising edge-triggered cell FDCE clocked by clk  {rise@0.000ns fall@2.500ns period=5.000ns})
  Path Group:             clk
  Path Type:              Setup (Max at Slow Process Corner)
  Requirement:            5.000ns  (clk rise@5.000ns - clk rise@0.000ns)
  Data Path Delay:        8.104ns  (logic 2.132ns (26.309%)  route 5.972ns (73.691%))
  Logic Levels:           9  (CARRY4=2 LUT6=5 MUXF7=1 MUXF8=1)
  Clock Path Skew:        -0.049ns (DCD - SCD + CPR)
    Destination Clock Delay (DCD):    0.924ns = ( 5.924 - 5.000 ) 
    Source Clock Delay      (SCD):    0.973ns
    Clock Pessimism Removal (CPR):    0.000ns
  Clock Uncertainty:      0.035ns  ((TSJ^2 + TIJ^2)^1/2 + DJ) / 2 + PE
    Total System Jitter     (TSJ):    0.071ns
    Total Input Jitter      (TIJ):    0.000ns
    Discrete Jitter          (DJ):    0.000ns
    Phase Error              (PE):    0.000ns

    Location             Delay type                Incr(ns)  Path(ns)    Netlist Resource(s)
  -------------------------------------------------------------------    -------------------
                         (clock clk rise edge)        0.000     0.000 r  
                                                      0.000     0.000 r  clk (IN)
                         net (fo=9760, unset)         0.973     0.973    u_pc/clk
    SLICE_X29Y119        FDCE                                         r  u_pc/pc_out_reg[3]_rep__1/C
  -------------------------------------------------------------------    -------------------
    SLICE_X29Y119        FDCE (Prop_fdce_C_Q)         0.456     1.429 r  u_pc/pc_out_reg[3]_rep__1/Q
                         net (fo=115, routed)         1.494     2.923    u_icache/tags_reg[0][23]_i_253_0
    SLICE_X21Y121        LUT6 (Prop_lut6_I2_O)        0.124     3.047 r  u_icache/tags[0][23]_i_578/O
                         net (fo=1, routed)           0.000     3.047    u_icache/tags[0][23]_i_578_n_0
    SLICE_X21Y121        MUXF7 (Prop_muxf7_I1_O)      0.245     3.292 r  u_icache/tags_reg[0][23]_i_273/O
                         net (fo=1, routed)           0.000     3.292    u_icache/tags_reg[0][23]_i_273_n_0
    SLICE_X21Y121        MUXF8 (Prop_muxf8_I0_O)      0.104     3.396 r  u_icache/tags_reg[0][23]_i_121/O
                         net (fo=1, routed)           1.096     4.492    u_icache/tags_reg[0][23]_i_121_n_0
    SLICE_X28Y125        LUT6 (Prop_lut6_I0_O)        0.316     4.808 r  u_icache/tags[0][23]_i_55/O
                         net (fo=1, routed)           0.573     5.381    u_icache/tags[10]
    SLICE_X29Y125        LUT6 (Prop_lut6_I5_O)        0.124     5.505 r  u_icache/tags[0][23]_i_37/O
                         net (fo=1, routed)           0.000     5.505    u_icache/tags[0][23]_i_37_n_0
    SLICE_X29Y125        CARRY4 (Prop_carry4_S[3]_CO[3])
                                                      0.401     5.906 r  u_icache/tags_reg[0][23]_i_16/CO[3]
                         net (fo=1, routed)           0.000     5.906    u_icache/tags_reg[0][23]_i_16_n_0
    SLICE_X29Y126        CARRY4 (Prop_carry4_CI_CO[3])
                                                      0.114     6.020 f  u_icache/tags_reg[0][23]_i_7/CO[3]
                         net (fo=1, routed)           0.600     6.620    u_icache/hit0
    SLICE_X29Y127        LUT6 (Prop_lut6_I5_O)        0.124     6.744 f  u_icache/tags[0][23]_i_3/O
                         net (fo=96, routed)          1.076     7.819    u_pc/data_reg[14][0]_0
    SLICE_X26Y134        LUT6 (Prop_lut6_I5_O)        0.124     7.943 r  u_pc/tags[17][23]_i_1/O
                         net (fo=57, routed)          1.133     9.077    u_icache/data_reg[17][0]_0[0]
    SLICE_X20Y137        FDCE                                         r  u_icache/data_reg[17][21]/CE
  -------------------------------------------------------------------    -------------------

                         (clock clk rise edge)        5.000     5.000 r  
                                                      0.000     5.000 r  clk (IN)
                         net (fo=9760, unset)         0.924     5.924    u_icache/clk
    SLICE_X20Y137        FDCE                                         r  u_icache/data_reg[17][21]/C
                         clock pessimism              0.000     5.924    
                         clock uncertainty           -0.035     5.889    
    SLICE_X20Y137        FDCE (Setup_fdce_C_CE)      -0.205     5.684    u_icache/data_reg[17][21]
  -------------------------------------------------------------------
                         required time                          5.684    
                         arrival time                          -9.077    
  -------------------------------------------------------------------
                         slack                                 -3.393    

Slack (VIOLATED) :        -3.393ns  (required time - arrival time)
  Source:                 u_pc/pc_out_reg[3]_rep__1/C
                            (rising edge-triggered cell FDCE clocked by clk  {rise@0.000ns fall@2.500ns period=5.000ns})
  Destination:            u_icache/data_reg[17][23]/CE
                            (rising edge-triggered cell FDCE clocked by clk  {rise@0.000ns fall@2.500ns period=5.000ns})
  Path Group:             clk
  Path Type:              Setup (Max at Slow Process Corner)
  Requirement:            5.000ns  (clk rise@5.000ns - clk rise@0.000ns)
  Data Path Delay:        8.104ns  (logic 2.132ns (26.309%)  route 5.972ns (73.691%))
  Logic Levels:           9  (CARRY4=2 LUT6=5 MUXF7=1 MUXF8=1)
  Clock Path Skew:        -0.049ns (DCD - SCD + CPR)
    Destination Clock Delay (DCD):    0.924ns = ( 5.924 - 5.000 ) 
    Source Clock Delay      (SCD):    0.973ns
    Clock Pessimism Removal (CPR):    0.000ns
  Clock Uncertainty:      0.035ns  ((TSJ^2 + TIJ^2)^1/2 + DJ) / 2 + PE
    Total System Jitter     (TSJ):    0.071ns
    Total Input Jitter      (TIJ):    0.000ns
    Discrete Jitter          (DJ):    0.000ns
    Phase Error              (PE):    0.000ns

    Location             Delay type                Incr(ns)  Path(ns)    Netlist Resource(s)
  -------------------------------------------------------------------    -------------------
                         (clock clk rise edge)        0.000     0.000 r  
                                                      0.000     0.000 r  clk (IN)
                         net (fo=9760, unset)         0.973     0.973    u_pc/clk
    SLICE_X29Y119        FDCE                                         r  u_pc/pc_out_reg[3]_rep__1/C
  -------------------------------------------------------------------    -------------------
    SLICE_X29Y119        FDCE (Prop_fdce_C_Q)         0.456     1.429 r  u_pc/pc_out_reg[3]_rep__1/Q
                         net (fo=115, routed)         1.494     2.923    u_icache/tags_reg[0][23]_i_253_0
    SLICE_X21Y121        LUT6 (Prop_lut6_I2_O)        0.124     3.047 r  u_icache/tags[0][23]_i_578/O
                         net (fo=1, routed)           0.000     3.047    u_icache/tags[0][23]_i_578_n_0
    SLICE_X21Y121        MUXF7 (Prop_muxf7_I1_O)      0.245     3.292 r  u_icache/tags_reg[0][23]_i_273/O
                         net (fo=1, routed)           0.000     3.292    u_icache/tags_reg[0][23]_i_273_n_0
    SLICE_X21Y121        MUXF8 (Prop_muxf8_I0_O)      0.104     3.396 r  u_icache/tags_reg[0][23]_i_121/O
                         net (fo=1, routed)           1.096     4.492    u_icache/tags_reg[0][23]_i_121_n_0
    SLICE_X28Y125        LUT6 (Prop_lut6_I0_O)        0.316     4.808 r  u_icache/tags[0][23]_i_55/O
                         net (fo=1, routed)           0.573     5.381    u_icache/tags[10]
    SLICE_X29Y125        LUT6 (Prop_lut6_I5_O)        0.124     5.505 r  u_icache/tags[0][23]_i_37/O
                         net (fo=1, routed)           0.000     5.505    u_icache/tags[0][23]_i_37_n_0
    SLICE_X29Y125        CARRY4 (Prop_carry4_S[3]_CO[3])
                                                      0.401     5.906 r  u_icache/tags_reg[0][23]_i_16/CO[3]
                         net (fo=1, routed)           0.000     5.906    u_icache/tags_reg[0][23]_i_16_n_0
    SLICE_X29Y126        CARRY4 (Prop_carry4_CI_CO[3])
                                                      0.114     6.020 f  u_icache/tags_reg[0][23]_i_7/CO[3]
                         net (fo=1, routed)           0.600     6.620    u_icache/hit0
    SLICE_X29Y127        LUT6 (Prop_lut6_I5_O)        0.124     6.744 f  u_icache/tags[0][23]_i_3/O
                         net (fo=96, routed)          1.076     7.819    u_pc/data_reg[14][0]_0
    SLICE_X26Y134        LUT6 (Prop_lut6_I5_O)        0.124     7.943 r  u_pc/tags[17][23]_i_1/O
                         net (fo=57, routed)          1.133     9.077    u_icache/data_reg[17][0]_0[0]
    SLICE_X20Y137        FDCE                                         r  u_icache/data_reg[17][23]/CE
  -------------------------------------------------------------------    -------------------

                         (clock clk rise edge)        5.000     5.000 r  
                                                      0.000     5.000 r  clk (IN)
                         net (fo=9760, unset)         0.924     5.924    u_icache/clk
    SLICE_X20Y137        FDCE                                         r  u_icache/data_reg[17][23]/C
                         clock pessimism              0.000     5.924    
                         clock uncertainty           -0.035     5.889    
    SLICE_X20Y137        FDCE (Setup_fdce_C_CE)      -0.205     5.684    u_icache/data_reg[17][23]
  -------------------------------------------------------------------
                         required time                          5.684    
                         arrival time                          -9.077    
  -------------------------------------------------------------------
                         slack                                 -3.393    

Slack (VIOLATED) :        -3.393ns  (required time - arrival time)
  Source:                 u_pc/pc_out_reg[3]_rep__1/C
                            (rising edge-triggered cell FDCE clocked by clk  {rise@0.000ns fall@2.500ns period=5.000ns})
  Destination:            u_icache/data_reg[17][25]/CE
                            (rising edge-triggered cell FDCE clocked by clk  {rise@0.000ns fall@2.500ns period=5.000ns})
  Path Group:             clk
  Path Type:              Setup (Max at Slow Process Corner)
  Requirement:            5.000ns  (clk rise@5.000ns - clk rise@0.000ns)
  Data Path Delay:        8.104ns  (logic 2.132ns (26.309%)  route 5.972ns (73.691%))
  Logic Levels:           9  (CARRY4=2 LUT6=5 MUXF7=1 MUXF8=1)
  Clock Path Skew:        -0.049ns (DCD - SCD + CPR)
    Destination Clock Delay (DCD):    0.924ns = ( 5.924 - 5.000 ) 
    Source Clock Delay      (SCD):    0.973ns
    Clock Pessimism Removal (CPR):    0.000ns
  Clock Uncertainty:      0.035ns  ((TSJ^2 + TIJ^2)^1/2 + DJ) / 2 + PE
    Total System Jitter     (TSJ):    0.071ns
    Total Input Jitter      (TIJ):    0.000ns
    Discrete Jitter          (DJ):    0.000ns
    Phase Error              (PE):    0.000ns

    Location             Delay type                Incr(ns)  Path(ns)    Netlist Resource(s)
  -------------------------------------------------------------------    -------------------
                         (clock clk rise edge)        0.000     0.000 r  
                                                      0.000     0.000 r  clk (IN)
                         net (fo=9760, unset)         0.973     0.973    u_pc/clk
    SLICE_X29Y119        FDCE                                         r  u_pc/pc_out_reg[3]_rep__1/C
  -------------------------------------------------------------------    -------------------
    SLICE_X29Y119        FDCE (Prop_fdce_C_Q)         0.456     1.429 r  u_pc/pc_out_reg[3]_rep__1/Q
                         net (fo=115, routed)         1.494     2.923    u_icache/tags_reg[0][23]_i_253_0
    SLICE_X21Y121        LUT6 (Prop_lut6_I2_O)        0.124     3.047 r  u_icache/tags[0][23]_i_578/O
                         net (fo=1, routed)           0.000     3.047    u_icache/tags[0][23]_i_578_n_0
    SLICE_X21Y121        MUXF7 (Prop_muxf7_I1_O)      0.245     3.292 r  u_icache/tags_reg[0][23]_i_273/O
                         net (fo=1, routed)           0.000     3.292    u_icache/tags_reg[0][23]_i_273_n_0
    SLICE_X21Y121        MUXF8 (Prop_muxf8_I0_O)      0.104     3.396 r  u_icache/tags_reg[0][23]_i_121/O
                         net (fo=1, routed)           1.096     4.492    u_icache/tags_reg[0][23]_i_121_n_0
    SLICE_X28Y125        LUT6 (Prop_lut6_I0_O)        0.316     4.808 r  u_icache/tags[0][23]_i_55/O
                         net (fo=1, routed)           0.573     5.381    u_icache/tags[10]
    SLICE_X29Y125        LUT6 (Prop_lut6_I5_O)        0.124     5.505 r  u_icache/tags[0][23]_i_37/O
                         net (fo=1, routed)           0.000     5.505    u_icache/tags[0][23]_i_37_n_0
    SLICE_X29Y125        CARRY4 (Prop_carry4_S[3]_CO[3])
                                                      0.401     5.906 r  u_icache/tags_reg[0][23]_i_16/CO[3]
                         net (fo=1, routed)           0.000     5.906    u_icache/tags_reg[0][23]_i_16_n_0
    SLICE_X29Y126        CARRY4 (Prop_carry4_CI_CO[3])
                                                      0.114     6.020 f  u_icache/tags_reg[0][23]_i_7/CO[3]
                         net (fo=1, routed)           0.600     6.620    u_icache/hit0
    SLICE_X29Y127        LUT6 (Prop_lut6_I5_O)        0.124     6.744 f  u_icache/tags[0][23]_i_3/O
                         net (fo=96, routed)          1.076     7.819    u_pc/data_reg[14][0]_0
    SLICE_X26Y134        LUT6 (Prop_lut6_I5_O)        0.124     7.943 r  u_pc/tags[17][23]_i_1/O
                         net (fo=57, routed)          1.133     9.077    u_icache/data_reg[17][0]_0[0]
    SLICE_X20Y137        FDCE                                         r  u_icache/data_reg[17][25]/CE
  -------------------------------------------------------------------    -------------------

                         (clock clk rise edge)        5.000     5.000 r  
                                                      0.000     5.000 r  clk (IN)
                         net (fo=9760, unset)         0.924     5.924    u_icache/clk
    SLICE_X20Y137        FDCE                                         r  u_icache/data_reg[17][25]/C
                         clock pessimism              0.000     5.924    
                         clock uncertainty           -0.035     5.889    
    SLICE_X20Y137        FDCE (Setup_fdce_C_CE)      -0.205     5.684    u_icache/data_reg[17][25]
  -------------------------------------------------------------------
                         required time                          5.684    
                         arrival time                          -9.077    
  -------------------------------------------------------------------
                         slack                                 -3.393    

Slack (VIOLATED) :        -3.393ns  (required time - arrival time)
  Source:                 u_pc/pc_out_reg[3]_rep__1/C
                            (rising edge-triggered cell FDCE clocked by clk  {rise@0.000ns fall@2.500ns period=5.000ns})
  Destination:            u_icache/data_reg[17][26]/CE
                            (rising edge-triggered cell FDCE clocked by clk  {rise@0.000ns fall@2.500ns period=5.000ns})
  Path Group:             clk
  Path Type:              Setup (Max at Slow Process Corner)
  Requirement:            5.000ns  (clk rise@5.000ns - clk rise@0.000ns)
  Data Path Delay:        8.104ns  (logic 2.132ns (26.309%)  route 5.972ns (73.691%))
  Logic Levels:           9  (CARRY4=2 LUT6=5 MUXF7=1 MUXF8=1)
  Clock Path Skew:        -0.049ns (DCD - SCD + CPR)
    Destination Clock Delay (DCD):    0.924ns = ( 5.924 - 5.000 ) 
    Source Clock Delay      (SCD):    0.973ns
    Clock Pessimism Removal (CPR):    0.000ns
  Clock Uncertainty:      0.035ns  ((TSJ^2 + TIJ^2)^1/2 + DJ) / 2 + PE
    Total System Jitter     (TSJ):    0.071ns
    Total Input Jitter      (TIJ):    0.000ns
    Discrete Jitter          (DJ):    0.000ns
    Phase Error              (PE):    0.000ns

    Location             Delay type                Incr(ns)  Path(ns)    Netlist Resource(s)
  -------------------------------------------------------------------    -------------------
                         (clock clk rise edge)        0.000     0.000 r  
                                                      0.000     0.000 r  clk (IN)
                         net (fo=9760, unset)         0.973     0.973    u_pc/clk
    SLICE_X29Y119        FDCE                                         r  u_pc/pc_out_reg[3]_rep__1/C
  -------------------------------------------------------------------    -------------------
    SLICE_X29Y119        FDCE (Prop_fdce_C_Q)         0.456     1.429 r  u_pc/pc_out_reg[3]_rep__1/Q
                         net (fo=115, routed)         1.494     2.923    u_icache/tags_reg[0][23]_i_253_0
    SLICE_X21Y121        LUT6 (Prop_lut6_I2_O)        0.124     3.047 r  u_icache/tags[0][23]_i_578/O
                         net (fo=1, routed)           0.000     3.047    u_icache/tags[0][23]_i_578_n_0
    SLICE_X21Y121        MUXF7 (Prop_muxf7_I1_O)      0.245     3.292 r  u_icache/tags_reg[0][23]_i_273/O
                         net (fo=1, routed)           0.000     3.292    u_icache/tags_reg[0][23]_i_273_n_0
    SLICE_X21Y121        MUXF8 (Prop_muxf8_I0_O)      0.104     3.396 r  u_icache/tags_reg[0][23]_i_121/O
                         net (fo=1, routed)           1.096     4.492    u_icache/tags_reg[0][23]_i_121_n_0
    SLICE_X28Y125        LUT6 (Prop_lut6_I0_O)        0.316     4.808 r  u_icache/tags[0][23]_i_55/O
                         net (fo=1, routed)           0.573     5.381    u_icache/tags[10]
    SLICE_X29Y125        LUT6 (Prop_lut6_I5_O)        0.124     5.505 r  u_icache/tags[0][23]_i_37/O
                         net (fo=1, routed)           0.000     5.505    u_icache/tags[0][23]_i_37_n_0
    SLICE_X29Y125        CARRY4 (Prop_carry4_S[3]_CO[3])
                                                      0.401     5.906 r  u_icache/tags_reg[0][23]_i_16/CO[3]
                         net (fo=1, routed)           0.000     5.906    u_icache/tags_reg[0][23]_i_16_n_0
    SLICE_X29Y126        CARRY4 (Prop_carry4_CI_CO[3])
                                                      0.114     6.020 f  u_icache/tags_reg[0][23]_i_7/CO[3]
                         net (fo=1, routed)           0.600     6.620    u_icache/hit0
    SLICE_X29Y127        LUT6 (Prop_lut6_I5_O)        0.124     6.744 f  u_icache/tags[0][23]_i_3/O
                         net (fo=96, routed)          1.076     7.819    u_pc/data_reg[14][0]_0
    SLICE_X26Y134        LUT6 (Prop_lut6_I5_O)        0.124     7.943 r  u_pc/tags[17][23]_i_1/O
                         net (fo=57, routed)          1.133     9.077    u_icache/data_reg[17][0]_0[0]
    SLICE_X20Y137        FDCE                                         r  u_icache/data_reg[17][26]/CE
  -------------------------------------------------------------------    -------------------

                         (clock clk rise edge)        5.000     5.000 r  
                                                      0.000     5.000 r  clk (IN)
                         net (fo=9760, unset)         0.924     5.924    u_icache/clk
    SLICE_X20Y137        FDCE                                         r  u_icache/data_reg[17][26]/C
                         clock pessimism              0.000     5.924    
                         clock uncertainty           -0.035     5.889    
    SLICE_X20Y137        FDCE (Setup_fdce_C_CE)      -0.205     5.684    u_icache/data_reg[17][26]
  -------------------------------------------------------------------
                         required time                          5.684    
                         arrival time                          -9.077    
  -------------------------------------------------------------------
                         slack                                 -3.393    

Slack (VIOLATED) :        -3.393ns  (required time - arrival time)
  Source:                 u_pc/pc_out_reg[3]_rep__1/C
                            (rising edge-triggered cell FDCE clocked by clk  {rise@0.000ns fall@2.500ns period=5.000ns})
  Destination:            u_icache/data_reg[17][28]/CE
                            (rising edge-triggered cell FDCE clocked by clk  {rise@0.000ns fall@2.500ns period=5.000ns})
  Path Group:             clk
  Path Type:              Setup (Max at Slow Process Corner)
  Requirement:            5.000ns  (clk rise@5.000ns - clk rise@0.000ns)
  Data Path Delay:        8.104ns  (logic 2.132ns (26.309%)  route 5.972ns (73.691%))
  Logic Levels:           9  (CARRY4=2 LUT6=5 MUXF7=1 MUXF8=1)
  Clock Path Skew:        -0.049ns (DCD - SCD + CPR)
    Destination Clock Delay (DCD):    0.924ns = ( 5.924 - 5.000 ) 
    Source Clock Delay      (SCD):    0.973ns
    Clock Pessimism Removal (CPR):    0.000ns
  Clock Uncertainty:      0.035ns  ((TSJ^2 + TIJ^2)^1/2 + DJ) / 2 + PE
    Total System Jitter     (TSJ):    0.071ns
    Total Input Jitter      (TIJ):    0.000ns
    Discrete Jitter          (DJ):    0.000ns
    Phase Error              (PE):    0.000ns

    Location             Delay type                Incr(ns)  Path(ns)    Netlist Resource(s)
  -------------------------------------------------------------------    -------------------
                         (clock clk rise edge)        0.000     0.000 r  
                                                      0.000     0.000 r  clk (IN)
                         net (fo=9760, unset)         0.973     0.973    u_pc/clk
    SLICE_X29Y119        FDCE                                         r  u_pc/pc_out_reg[3]_rep__1/C
  -------------------------------------------------------------------    -------------------
    SLICE_X29Y119        FDCE (Prop_fdce_C_Q)         0.456     1.429 r  u_pc/pc_out_reg[3]_rep__1/Q
                         net (fo=115, routed)         1.494     2.923    u_icache/tags_reg[0][23]_i_253_0
    SLICE_X21Y121        LUT6 (Prop_lut6_I2_O)        0.124     3.047 r  u_icache/tags[0][23]_i_578/O
                         net (fo=1, routed)           0.000     3.047    u_icache/tags[0][23]_i_578_n_0
    SLICE_X21Y121        MUXF7 (Prop_muxf7_I1_O)      0.245     3.292 r  u_icache/tags_reg[0][23]_i_273/O
                         net (fo=1, routed)           0.000     3.292    u_icache/tags_reg[0][23]_i_273_n_0
    SLICE_X21Y121        MUXF8 (Prop_muxf8_I0_O)      0.104     3.396 r  u_icache/tags_reg[0][23]_i_121/O
                         net (fo=1, routed)           1.096     4.492    u_icache/tags_reg[0][23]_i_121_n_0
    SLICE_X28Y125        LUT6 (Prop_lut6_I0_O)        0.316     4.808 r  u_icache/tags[0][23]_i_55/O
                         net (fo=1, routed)           0.573     5.381    u_icache/tags[10]
    SLICE_X29Y125        LUT6 (Prop_lut6_I5_O)        0.124     5.505 r  u_icache/tags[0][23]_i_37/O
                         net (fo=1, routed)           0.000     5.505    u_icache/tags[0][23]_i_37_n_0
    SLICE_X29Y125        CARRY4 (Prop_carry4_S[3]_CO[3])
                                                      0.401     5.906 r  u_icache/tags_reg[0][23]_i_16/CO[3]
                         net (fo=1, routed)           0.000     5.906    u_icache/tags_reg[0][23]_i_16_n_0
    SLICE_X29Y126        CARRY4 (Prop_carry4_CI_CO[3])
                                                      0.114     6.020 f  u_icache/tags_reg[0][23]_i_7/CO[3]
                         net (fo=1, routed)           0.600     6.620    u_icache/hit0
    SLICE_X29Y127        LUT6 (Prop_lut6_I5_O)        0.124     6.744 f  u_icache/tags[0][23]_i_3/O
                         net (fo=96, routed)          1.076     7.819    u_pc/data_reg[14][0]_0
    SLICE_X26Y134        LUT6 (Prop_lut6_I5_O)        0.124     7.943 r  u_pc/tags[17][23]_i_1/O
                         net (fo=57, routed)          1.133     9.077    u_icache/data_reg[17][0]_0[0]
    SLICE_X20Y137        FDCE                                         r  u_icache/data_reg[17][28]/CE
  -------------------------------------------------------------------    -------------------

                         (clock clk rise edge)        5.000     5.000 r  
                                                      0.000     5.000 r  clk (IN)
                         net (fo=9760, unset)         0.924     5.924    u_icache/clk
    SLICE_X20Y137        FDCE                                         r  u_icache/data_reg[17][28]/C
                         clock pessimism              0.000     5.924    
                         clock uncertainty           -0.035     5.889    
    SLICE_X20Y137        FDCE (Setup_fdce_C_CE)      -0.205     5.684    u_icache/data_reg[17][28]
  -------------------------------------------------------------------
                         required time                          5.684    
                         arrival time                          -9.077    
  -------------------------------------------------------------------
                         slack                                 -3.393    

Slack (VIOLATED) :        -3.393ns  (required time - arrival time)
  Source:                 u_pc/pc_out_reg[3]_rep__1/C
                            (rising edge-triggered cell FDCE clocked by clk  {rise@0.000ns fall@2.500ns period=5.000ns})
  Destination:            u_icache/data_reg[17][30]/CE
                            (rising edge-triggered cell FDCE clocked by clk  {rise@0.000ns fall@2.500ns period=5.000ns})
  Path Group:             clk
  Path Type:              Setup (Max at Slow Process Corner)
  Requirement:            5.000ns  (clk rise@5.000ns - clk rise@0.000ns)
  Data Path Delay:        8.104ns  (logic 2.132ns (26.309%)  route 5.972ns (73.691%))
  Logic Levels:           9  (CARRY4=2 LUT6=5 MUXF7=1 MUXF8=1)
  Clock Path Skew:        -0.049ns (DCD - SCD + CPR)
    Destination Clock Delay (DCD):    0.924ns = ( 5.924 - 5.000 ) 
    Source Clock Delay      (SCD):    0.973ns
    Clock Pessimism Removal (CPR):    0.000ns
  Clock Uncertainty:      0.035ns  ((TSJ^2 + TIJ^2)^1/2 + DJ) / 2 + PE
    Total System Jitter     (TSJ):    0.071ns
    Total Input Jitter      (TIJ):    0.000ns
    Discrete Jitter          (DJ):    0.000ns
    Phase Error              (PE):    0.000ns

    Location             Delay type                Incr(ns)  Path(ns)    Netlist Resource(s)
  -------------------------------------------------------------------    -------------------
                         (clock clk rise edge)        0.000     0.000 r  
                                                      0.000     0.000 r  clk (IN)
                         net (fo=9760, unset)         0.973     0.973    u_pc/clk
    SLICE_X29Y119        FDCE                                         r  u_pc/pc_out_reg[3]_rep__1/C
  -------------------------------------------------------------------    -------------------
    SLICE_X29Y119        FDCE (Prop_fdce_C_Q)         0.456     1.429 r  u_pc/pc_out_reg[3]_rep__1/Q
                         net (fo=115, routed)         1.494     2.923    u_icache/tags_reg[0][23]_i_253_0
    SLICE_X21Y121        LUT6 (Prop_lut6_I2_O)        0.124     3.047 r  u_icache/tags[0][23]_i_578/O
                         net (fo=1, routed)           0.000     3.047    u_icache/tags[0][23]_i_578_n_0
    SLICE_X21Y121        MUXF7 (Prop_muxf7_I1_O)      0.245     3.292 r  u_icache/tags_reg[0][23]_i_273/O
                         net (fo=1, routed)           0.000     3.292    u_icache/tags_reg[0][23]_i_273_n_0
    SLICE_X21Y121        MUXF8 (Prop_muxf8_I0_O)      0.104     3.396 r  u_icache/tags_reg[0][23]_i_121/O
                         net (fo=1, routed)           1.096     4.492    u_icache/tags_reg[0][23]_i_121_n_0
    SLICE_X28Y125        LUT6 (Prop_lut6_I0_O)        0.316     4.808 r  u_icache/tags[0][23]_i_55/O
                         net (fo=1, routed)           0.573     5.381    u_icache/tags[10]
    SLICE_X29Y125        LUT6 (Prop_lut6_I5_O)        0.124     5.505 r  u_icache/tags[0][23]_i_37/O
                         net (fo=1, routed)           0.000     5.505    u_icache/tags[0][23]_i_37_n_0
    SLICE_X29Y125        CARRY4 (Prop_carry4_S[3]_CO[3])
                                                      0.401     5.906 r  u_icache/tags_reg[0][23]_i_16/CO[3]
                         net (fo=1, routed)           0.000     5.906    u_icache/tags_reg[0][23]_i_16_n_0
    SLICE_X29Y126        CARRY4 (Prop_carry4_CI_CO[3])
                                                      0.114     6.020 f  u_icache/tags_reg[0][23]_i_7/CO[3]
                         net (fo=1, routed)           0.600     6.620    u_icache/hit0
    SLICE_X29Y127        LUT6 (Prop_lut6_I5_O)        0.124     6.744 f  u_icache/tags[0][23]_i_3/O
                         net (fo=96, routed)          1.076     7.819    u_pc/data_reg[14][0]_0
    SLICE_X26Y134        LUT6 (Prop_lut6_I5_O)        0.124     7.943 r  u_pc/tags[17][23]_i_1/O
                         net (fo=57, routed)          1.133     9.077    u_icache/data_reg[17][0]_0[0]
    SLICE_X20Y137        FDCE                                         r  u_icache/data_reg[17][30]/CE
  -------------------------------------------------------------------    -------------------

                         (clock clk rise edge)        5.000     5.000 r  
                                                      0.000     5.000 r  clk (IN)
                         net (fo=9760, unset)         0.924     5.924    u_icache/clk
    SLICE_X20Y137        FDCE                                         r  u_icache/data_reg[17][30]/C
                         clock pessimism              0.000     5.924    
                         clock uncertainty           -0.035     5.889    
    SLICE_X20Y137        FDCE (Setup_fdce_C_CE)      -0.205     5.684    u_icache/data_reg[17][30]
  -------------------------------------------------------------------
                         required time                          5.684    
                         arrival time                          -9.077    
  -------------------------------------------------------------------
                         slack                                 -3.393    

Slack (VIOLATED) :        -3.393ns  (required time - arrival time)
  Source:                 u_pc/pc_out_reg[3]_rep__1/C
                            (rising edge-triggered cell FDCE clocked by clk  {rise@0.000ns fall@2.500ns period=5.000ns})
  Destination:            u_icache/data_reg[17][3]/CE
                            (rising edge-triggered cell FDCE clocked by clk  {rise@0.000ns fall@2.500ns period=5.000ns})
  Path Group:             clk
  Path Type:              Setup (Max at Slow Process Corner)
  Requirement:            5.000ns  (clk rise@5.000ns - clk rise@0.000ns)
  Data Path Delay:        8.104ns  (logic 2.132ns (26.309%)  route 5.972ns (73.691%))
  Logic Levels:           9  (CARRY4=2 LUT6=5 MUXF7=1 MUXF8=1)
  Clock Path Skew:        -0.049ns (DCD - SCD + CPR)
    Destination Clock Delay (DCD):    0.924ns = ( 5.924 - 5.000 ) 
    Source Clock Delay      (SCD):    0.973ns
    Clock Pessimism Removal (CPR):    0.000ns
  Clock Uncertainty:      0.035ns  ((TSJ^2 + TIJ^2)^1/2 + DJ) / 2 + PE
    Total System Jitter     (TSJ):    0.071ns
    Total Input Jitter      (TIJ):    0.000ns
    Discrete Jitter          (DJ):    0.000ns
    Phase Error              (PE):    0.000ns

    Location             Delay type                Incr(ns)  Path(ns)    Netlist Resource(s)
  -------------------------------------------------------------------    -------------------
                         (clock clk rise edge)        0.000     0.000 r  
                                                      0.000     0.000 r  clk (IN)
                         net (fo=9760, unset)         0.973     0.973    u_pc/clk
    SLICE_X29Y119        FDCE                                         r  u_pc/pc_out_reg[3]_rep__1/C
  -------------------------------------------------------------------    -------------------
    SLICE_X29Y119        FDCE (Prop_fdce_C_Q)         0.456     1.429 r  u_pc/pc_out_reg[3]_rep__1/Q
                         net (fo=115, routed)         1.494     2.923    u_icache/tags_reg[0][23]_i_253_0
    SLICE_X21Y121        LUT6 (Prop_lut6_I2_O)        0.124     3.047 r  u_icache/tags[0][23]_i_578/O
                         net (fo=1, routed)           0.000     3.047    u_icache/tags[0][23]_i_578_n_0
    SLICE_X21Y121        MUXF7 (Prop_muxf7_I1_O)      0.245     3.292 r  u_icache/tags_reg[0][23]_i_273/O
                         net (fo=1, routed)           0.000     3.292    u_icache/tags_reg[0][23]_i_273_n_0
    SLICE_X21Y121        MUXF8 (Prop_muxf8_I0_O)      0.104     3.396 r  u_icache/tags_reg[0][23]_i_121/O
                         net (fo=1, routed)           1.096     4.492    u_icache/tags_reg[0][23]_i_121_n_0
    SLICE_X28Y125        LUT6 (Prop_lut6_I0_O)        0.316     4.808 r  u_icache/tags[0][23]_i_55/O
                         net (fo=1, routed)           0.573     5.381    u_icache/tags[10]
    SLICE_X29Y125        LUT6 (Prop_lut6_I5_O)        0.124     5.505 r  u_icache/tags[0][23]_i_37/O
                         net (fo=1, routed)           0.000     5.505    u_icache/tags[0][23]_i_37_n_0
    SLICE_X29Y125        CARRY4 (Prop_carry4_S[3]_CO[3])
                                                      0.401     5.906 r  u_icache/tags_reg[0][23]_i_16/CO[3]
                         net (fo=1, routed)           0.000     5.906    u_icache/tags_reg[0][23]_i_16_n_0
    SLICE_X29Y126        CARRY4 (Prop_carry4_CI_CO[3])
                                                      0.114     6.020 f  u_icache/tags_reg[0][23]_i_7/CO[3]
                         net (fo=1, routed)           0.600     6.620    u_icache/hit0
    SLICE_X29Y127        LUT6 (Prop_lut6_I5_O)        0.124     6.744 f  u_icache/tags[0][23]_i_3/O
                         net (fo=96, routed)          1.076     7.819    u_pc/data_reg[14][0]_0
    SLICE_X26Y134        LUT6 (Prop_lut6_I5_O)        0.124     7.943 r  u_pc/tags[17][23]_i_1/O
                         net (fo=57, routed)          1.133     9.077    u_icache/data_reg[17][0]_0[0]
    SLICE_X20Y137        FDCE                                         r  u_icache/data_reg[17][3]/CE
  -------------------------------------------------------------------    -------------------

                         (clock clk rise edge)        5.000     5.000 r  
                                                      0.000     5.000 r  clk (IN)
                         net (fo=9760, unset)         0.924     5.924    u_icache/clk
    SLICE_X20Y137        FDCE                                         r  u_icache/data_reg[17][3]/C
                         clock pessimism              0.000     5.924    
                         clock uncertainty           -0.035     5.889    
    SLICE_X20Y137        FDCE (Setup_fdce_C_CE)      -0.205     5.684    u_icache/data_reg[17][3]
  -------------------------------------------------------------------
                         required time                          5.684    
                         arrival time                          -9.077    
  -------------------------------------------------------------------
                         slack                                 -3.393    

Slack (VIOLATED) :        -3.374ns  (required time - arrival time)
  Source:                 u_pc/pc_out_reg[3]_rep__1/C
                            (rising edge-triggered cell FDCE clocked by clk  {rise@0.000ns fall@2.500ns period=5.000ns})
  Destination:            u_icache/data_reg[51][23]/CE
                            (rising edge-triggered cell FDCE clocked by clk  {rise@0.000ns fall@2.500ns period=5.000ns})
  Path Group:             clk
  Path Type:              Setup (Max at Slow Process Corner)
  Requirement:            5.000ns  (clk rise@5.000ns - clk rise@0.000ns)
  Data Path Delay:        8.085ns  (logic 2.132ns (26.370%)  route 5.953ns (73.630%))
  Logic Levels:           9  (CARRY4=2 LUT6=5 MUXF7=1 MUXF8=1)
  Clock Path Skew:        -0.049ns (DCD - SCD + CPR)
    Destination Clock Delay (DCD):    0.924ns = ( 5.924 - 5.000 ) 
    Source Clock Delay      (SCD):    0.973ns
    Clock Pessimism Removal (CPR):    0.000ns
  Clock Uncertainty:      0.035ns  ((TSJ^2 + TIJ^2)^1/2 + DJ) / 2 + PE
    Total System Jitter     (TSJ):    0.071ns
    Total Input Jitter      (TIJ):    0.000ns
    Discrete Jitter          (DJ):    0.000ns
    Phase Error              (PE):    0.000ns

    Location             Delay type                Incr(ns)  Path(ns)    Netlist Resource(s)
  -------------------------------------------------------------------    -------------------
                         (clock clk rise edge)        0.000     0.000 r  
                                                      0.000     0.000 r  clk (IN)
                         net (fo=9760, unset)         0.973     0.973    u_pc/clk
    SLICE_X29Y119        FDCE                                         r  u_pc/pc_out_reg[3]_rep__1/C
  -------------------------------------------------------------------    -------------------
    SLICE_X29Y119        FDCE (Prop_fdce_C_Q)         0.456     1.429 r  u_pc/pc_out_reg[3]_rep__1/Q
                         net (fo=115, routed)         1.494     2.923    u_icache/tags_reg[0][23]_i_253_0
    SLICE_X21Y121        LUT6 (Prop_lut6_I2_O)        0.124     3.047 r  u_icache/tags[0][23]_i_578/O
                         net (fo=1, routed)           0.000     3.047    u_icache/tags[0][23]_i_578_n_0
    SLICE_X21Y121        MUXF7 (Prop_muxf7_I1_O)      0.245     3.292 r  u_icache/tags_reg[0][23]_i_273/O
                         net (fo=1, routed)           0.000     3.292    u_icache/tags_reg[0][23]_i_273_n_0
    SLICE_X21Y121        MUXF8 (Prop_muxf8_I0_O)      0.104     3.396 r  u_icache/tags_reg[0][23]_i_121/O
                         net (fo=1, routed)           1.096     4.492    u_icache/tags_reg[0][23]_i_121_n_0
    SLICE_X28Y125        LUT6 (Prop_lut6_I0_O)        0.316     4.808 r  u_icache/tags[0][23]_i_55/O
                         net (fo=1, routed)           0.573     5.381    u_icache/tags[10]
    SLICE_X29Y125        LUT6 (Prop_lut6_I5_O)        0.124     5.505 r  u_icache/tags[0][23]_i_37/O
                         net (fo=1, routed)           0.000     5.505    u_icache/tags[0][23]_i_37_n_0
    SLICE_X29Y125        CARRY4 (Prop_carry4_S[3]_CO[3])
                                                      0.401     5.906 r  u_icache/tags_reg[0][23]_i_16/CO[3]
                         net (fo=1, routed)           0.000     5.906    u_icache/tags_reg[0][23]_i_16_n_0
    SLICE_X29Y126        CARRY4 (Prop_carry4_CI_CO[3])
                                                      0.114     6.020 f  u_icache/tags_reg[0][23]_i_7/CO[3]
                         net (fo=1, routed)           0.600     6.620    u_icache/hit0
    SLICE_X29Y127        LUT6 (Prop_lut6_I5_O)        0.124     6.744 f  u_icache/tags[0][23]_i_3/O
                         net (fo=96, routed)          1.016     7.760    u_pc/data_reg[14][0]_0
    SLICE_X18Y126        LUT6 (Prop_lut6_I5_O)        0.124     7.884 r  u_pc/tags[51][23]_i_1/O
                         net (fo=57, routed)          1.174     9.058    u_icache/data_reg[51][0]_0[0]
    SLICE_X24Y122        FDCE                                         r  u_icache/data_reg[51][23]/CE
  -------------------------------------------------------------------    -------------------

                         (clock clk rise edge)        5.000     5.000 r  
                                                      0.000     5.000 r  clk (IN)
                         net (fo=9760, unset)         0.924     5.924    u_icache/clk
    SLICE_X24Y122        FDCE                                         r  u_icache/data_reg[51][23]/C
                         clock pessimism              0.000     5.924    
                         clock uncertainty           -0.035     5.889    
    SLICE_X24Y122        FDCE (Setup_fdce_C_CE)      -0.205     5.684    u_icache/data_reg[51][23]
  -------------------------------------------------------------------
                         required time                          5.684    
                         arrival time                          -9.058    
  -------------------------------------------------------------------
                         slack                                 -3.374    




