Copyright 1986-2022 Xilinx, Inc. All Rights Reserved. Copyright 2022-2024 Advanced Micro Devices, Inc. All Rights Reserved.
---------------------------------------------------------------------------------------------------------------------------------------------
| Tool Version : Vivado v.2024.2 (win64) Build 5239630 Fri Nov 08 22:35:27 MST 2024
| Date         : Thu Sep 17 20:08:56 2026
| Host         : PavilionPlus1 running 64-bit major release  (build 9200)
| Command      : report_timing_summary -report_unconstrained -file V:/stage8_baseline/explore/timing_summary.rpt
| Design       : rv32i_pipeline_8stage_top
| Device       : 7a35t-cpg236
| Speed File   : -1  PRODUCTION 1.23 2018-06-13
| Design State : Routed
---------------------------------------------------------------------------------------------------------------------------------------------

Timing Summary Report

------------------------------------------------------------------------------------------------
| Timer Settings
| --------------
------------------------------------------------------------------------------------------------

  Enable Multi Corner Analysis               :  Yes
  Enable Pessimism Removal                   :  Yes
  Pessimism Removal Resolution               :  Nearest Common Node
  Enable Input Delay Default Clock           :  No
  Enable Preset / Clear Arcs                 :  No
  Disable Flight Delays                      :  No
  Ignore I/O Paths                           :  No
  Timing Early Launch at Borrowing Latches   :  No
  Borrow Time for Max Delay Exceptions       :  Yes
  Merge Timing Exceptions                    :  Yes
  Inter-SLR Compensation                     :  Conservative

  Corner  Analyze    Analyze    
  Name    Max Paths  Min Paths  
  ------  ---------  ---------  
  Slow    Yes        Yes        
  Fast    Yes        Yes        


------------------------------------------------------------------------------------------------
| Report Methodology
| ------------------
------------------------------------------------------------------------------------------------

Rule       Severity  Description                                                Violations  
---------  --------  ---------------------------------------------------------  ----------  
DPIR-1     Warning   Asynchronous driver check                                  414         
SYNTH-5    Warning   Mapped onto distributed RAM because of timing constraints  256         
SYNTH-10   Warning   Wide multiplier                                            12          
TIMING-16  Warning   Large setup violation                                      1000        
TIMING-18  Warning   Missing input or output delay                              97          

Note: This report is based on the most recent report_methodology run and may not be up-to-date. Run report_methodology on the current design for the latest report.



check_timing report

Table of Contents
-----------------
1. checking no_clock (0)
2. checking constant_clock (0)
3. checking pulse_width_clock (0)
4. checking unconstrained_internal_endpoints (0)
5. checking no_input_delay (1)
6. checking no_output_delay (96)
7. checking multiple_clock (0)
8. checking generated_clocks (0)
9. checking loops (0)
10. checking partial_input_delay (0)
11. checking partial_output_delay (0)
12. checking latch_loops (0)

1. checking no_clock (0)
------------------------
 There are 0 register/latch pins with no clock.


2. checking constant_clock (0)
------------------------------
 There are 0 register/latch pins with constant_clock.


3. checking pulse_width_clock (0)
---------------------------------
 There are 0 register/latch pins which need pulse_width check


4. checking unconstrained_internal_endpoints (0)
------------------------------------------------
 There are 0 pins that are not constrained for maximum delay.

 There are 0 pins that are not constrained for maximum delay due to constant clock.


5. checking no_input_delay (1)
------------------------------
 There is 1 input port with no input delay specified. (HIGH)

 There are 0 input ports with no input delay but user has a false path constraint.


6. checking no_output_delay (96)
--------------------------------
 There are 96 ports with no output delay specified. (HIGH)

 There are 0 ports with no output delay but user has a false path constraint

 There are 0 ports with no output delay but with a timing clock defined on it or propagating through it


7. checking multiple_clock (0)
------------------------------
 There are 0 register/latch pins with multiple clocks.


8. checking generated_clocks (0)
--------------------------------
 There are 0 generated clocks that are not connected to a clock source.


9. checking loops (0)
---------------------
 There are 0 combinational loops in the design.


10. checking partial_input_delay (0)
------------------------------------
 There are 0 input ports with partial input delay specified.


11. checking partial_output_delay (0)
-------------------------------------
 There are 0 ports with partial output delay specified.


12. checking latch_loops (0)
----------------------------
 There are 0 combinational latch loops in the design through latch input



------------------------------------------------------------------------------------------------
| Design Timing Summary
| ---------------------
------------------------------------------------------------------------------------------------

    WNS(ns)      TNS(ns)  TNS Failing Endpoints  TNS Total Endpoints      WHS(ns)      THS(ns)  THS Failing Endpoints  THS Total Endpoints     WPWS(ns)     TPWS(ns)  TPWS Failing Endpoints  TPWS Total Endpoints  
    -------      -------  ---------------------  -------------------      -------      -------  ---------------------  -------------------     --------     --------  ----------------------  --------------------  
     -3.415   -25272.980                  14919                27109        0.113        0.000                      0                27109        1.250        0.000                       0                  9760  


Timing constraints are not met.


------------------------------------------------------------------------------------------------
| Clock Summary
| -------------
------------------------------------------------------------------------------------------------

Clock  Waveform(ns)         Period(ns)      Frequency(MHz)
-----  ------------         ----------      --------------
clk    {0.000 2.500}        5.000           200.000         


------------------------------------------------------------------------------------------------
| Intra Clock Table
| -----------------
------------------------------------------------------------------------------------------------

Clock             WNS(ns)      TNS(ns)  TNS Failing Endpoints  TNS Total Endpoints      WHS(ns)      THS(ns)  THS Failing Endpoints  THS Total Endpoints     WPWS(ns)     TPWS(ns)  TPWS Failing Endpoints  TPWS Total Endpoints  
-----             -------      -------  ---------------------  -------------------      -------      -------  ---------------------  -------------------     --------     --------  ----------------------  --------------------  
clk                -3.415   -25272.980                  14919                27109        0.113        0.000                      0                27109        1.250        0.000                       0                  9760  


------------------------------------------------------------------------------------------------
| Inter Clock Table
| -----------------
------------------------------------------------------------------------------------------------

From Clock    To Clock          WNS(ns)      TNS(ns)  TNS Failing Endpoints  TNS Total Endpoints      WHS(ns)      THS(ns)  THS Failing Endpoints  THS Total Endpoints  
----------    --------          -------      -------  ---------------------  -------------------      -------      -------  ---------------------  -------------------  


------------------------------------------------------------------------------------------------
| Other Path Groups Table
| -----------------------
------------------------------------------------------------------------------------------------

Path Group    From Clock    To Clock          WNS(ns)      TNS(ns)  TNS Failing Endpoints  TNS Total Endpoints      WHS(ns)      THS(ns)  THS Failing Endpoints  THS Total Endpoints  
----------    ----------    --------          -------      -------  ---------------------  -------------------      -------      -------  ---------------------  -------------------  


------------------------------------------------------------------------------------------------
| User Ignored Path Table
| -----------------------
------------------------------------------------------------------------------------------------

Path Group    From Clock    To Clock    
----------    ----------    --------    


------------------------------------------------------------------------------------------------
| Unconstrained Path Table
| ------------------------
------------------------------------------------------------------------------------------------

Path Group    From Clock    To Clock    
----------    ----------    --------    
(none)        clk                         
(none)                      clk           


------------------------------------------------------------------------------------------------
| Timing Details
| --------------
------------------------------------------------------------------------------------------------


---------------------------------------------------------------------------------------------------
From Clock:  clk
  To Clock:  clk

Setup :        14919  Failing Endpoints,  Worst Slack       -3.415ns,  Total Violation   -25272.981ns
Hold  :            0  Failing Endpoints,  Worst Slack        0.113ns,  Total Violation        0.000ns
PW    :            0  Failing Endpoints,  Worst Slack        1.250ns,  Total Violation        0.000ns
---------------------------------------------------------------------------------------------------


Max Delay Paths
--------------------------------------------------------------------------------------
Slack (VIOLATED) :        -3.415ns  (required time - arrival time)
  Source:                 u_if1_if2/pc_out_reg[4]_rep__0/C
                            (rising edge-triggered cell FDCE clocked by clk  {rise@0.000ns fall@2.500ns period=5.000ns})
  Destination:            u_pc/pc_out_reg[2]_rep__3/D
                            (rising edge-triggered cell FDCE clocked by clk  {rise@0.000ns fall@2.500ns period=5.000ns})
  Path Group:             clk
  Path Type:              Setup (Max at Slow Process Corner)
  Requirement:            5.000ns  (clk rise@5.000ns - clk rise@0.000ns)
  Data Path Delay:        8.250ns  (logic 3.010ns (36.485%)  route 5.240ns (63.515%))
  Logic Levels:           10  (CARRY4=3 LUT6=6 MUXF7=1)
  Clock Path Skew:        -0.049ns (DCD - SCD + CPR)
    Destination Clock Delay (DCD):    0.924ns = ( 5.924 - 5.000 ) 
    Source Clock Delay      (SCD):    0.973ns
    Clock Pessimism Removal (CPR):    0.000ns
  Clock Uncertainty:      0.035ns  ((TSJ^2 + TIJ^2)^1/2 + DJ) / 2 + PE
    Total System Jitter     (TSJ):    0.071ns
    Total Input Jitter      (TIJ):    0.000ns
    Discrete Jitter          (DJ):    0.000ns
    Phase Error              (PE):    0.000ns

    Location             Delay type                Incr(ns)  Path(ns)    Netlist Resource(s)
  -------------------------------------------------------------------    -------------------
                         (clock clk rise edge)        0.000     0.000 r  
                                                      0.000     0.000 r  clk (IN)
                         net (fo=9760, unset)         0.973     0.973    u_if1_if2/clk
    SLICE_X12Y109        FDCE                                         r  u_if1_if2/pc_out_reg[4]_rep__0/C
  -------------------------------------------------------------------    -------------------
    SLICE_X12Y109        FDCE (Prop_fdce_C_Q)         0.478     1.451 r  u_if1_if2/pc_out_reg[4]_rep__0/Q
                         net (fo=109, routed)         1.056     2.507    u_bp/pc_out[31]_i_14
    SLICE_X11Y104        MUXF7 (Prop_muxf7_S_O)       0.447     2.954 r  u_bp/pc_out_reg[31]_i_208/O
                         net (fo=1, routed)           0.879     3.833    u_if1_if2/pc_out[31]_i_86_2
    SLICE_X13Y107        LUT6 (Prop_lut6_I5_O)        0.299     4.132 r  u_if1_if2/pc_out[31]_i_124/O
                         net (fo=1, routed)           0.616     4.748    u_if1_if2/pc_out[31]_i_124_n_0
    SLICE_X16Y107        LUT6 (Prop_lut6_I5_O)        0.124     4.872 r  u_if1_if2/pc_out[31]_i_86/O
                         net (fo=1, routed)           0.000     4.872    u_if1_if2/pc_out[31]_i_86_n_0
    SLICE_X16Y107        CARRY4 (Prop_carry4_S[0]_CO[3])
                                                      0.532     5.404 r  u_if1_if2/pc_out_reg[31]_i_71/CO[3]
                         net (fo=1, routed)           0.000     5.404    u_if1_if2/pc_out_reg[31]_i_71_n_0
    SLICE_X16Y108        CARRY4 (Prop_carry4_CI_CO[3])
                                                      0.114     5.518 r  u_if1_if2/pc_out_reg[31]_i_53/CO[3]
                         net (fo=1, routed)           0.000     5.518    u_if1_if2/pc_out_reg[31]_i_53_n_0
    SLICE_X16Y109        CARRY4 (Prop_carry4_CI_CO[0])
                                                      0.271     5.789 f  u_if1_if2/pc_out_reg[31]_i_27/CO[0]
                         net (fo=1, routed)           0.305     6.094    u_if1_if2/u_bp/btb_hit0
    SLICE_X16Y111        LUT6 (Prop_lut6_I0_O)        0.373     6.467 f  u_if1_if2/pc_out[31]_i_14/O
                         net (fo=1, routed)           0.446     6.914    u_bp/if2_predict_valid
    SLICE_X20Y113        LUT6 (Prop_lut6_I4_O)        0.124     7.038 r  u_bp/pc_out[31]_i_5/O
                         net (fo=35, routed)          0.602     7.639    u_bp/pc_out_reg[7]
    SLICE_X27Y116        LUT6 (Prop_lut6_I4_O)        0.124     7.763 r  u_bp/pc_out[2]_i_4/O
                         net (fo=10, routed)          0.767     8.530    u_ex1_ex2/pc_out_reg[2]_3
    SLICE_X28Y117        LUT6 (Prop_lut6_I2_O)        0.124     8.654 r  u_ex1_ex2/pc_out[2]_rep_i_1__7/O
                         net (fo=1, routed)           0.569     9.223    u_pc/pc_out_reg[2]_rep__3_1
    SLICE_X28Y117        FDCE                                         r  u_pc/pc_out_reg[2]_rep__3/D
  -------------------------------------------------------------------    -------------------

                         (clock clk rise edge)        5.000     5.000 r  
                                                      0.000     5.000 r  clk (IN)
                         net (fo=9760, unset)         0.924     5.924    u_pc/clk
    SLICE_X28Y117        FDCE                                         r  u_pc/pc_out_reg[2]_rep__3/C
                         clock pessimism              0.000     5.924    
                         clock uncertainty           -0.035     5.889    
    SLICE_X28Y117        FDCE (Setup_fdce_C_D)       -0.081     5.808    u_pc/pc_out_reg[2]_rep__3
  -------------------------------------------------------------------
                         required time                          5.808    
                         arrival time                          -9.223    
  -------------------------------------------------------------------
                         slack                                 -3.415    





Min Delay Paths
--------------------------------------------------------------------------------------
Slack (MET) :             0.113ns  (arrival time - required time)
  Source:                 u_ex2_mem1/alu_result_out_reg[20]/C
                            (rising edge-triggered cell FDCE clocked by clk  {rise@0.000ns fall@2.500ns period=5.000ns})
  Destination:            u_mem1_mem2/alu_result_out_reg[20]/D
                            (rising edge-triggered cell FDCE clocked by clk  {rise@0.000ns fall@2.500ns period=5.000ns})
  Path Group:             clk
  Path Type:              Hold (Min at Fast Process Corner)
  Requirement:            0.000ns  (clk rise@0.000ns - clk rise@0.000ns)
  Data Path Delay:        0.209ns  (logic 0.141ns (67.433%)  route 0.068ns (32.567%))
  Logic Levels:           0  
  Clock Path Skew:        0.022ns (DCD - SCD - CPR)
    Destination Clock Delay (DCD):    0.432ns
    Source Clock Delay      (SCD):    0.410ns
    Clock Pessimism Removal (CPR):    -0.000ns

    Location             Delay type                Incr(ns)  Path(ns)    Netlist Resource(s)
  -------------------------------------------------------------------    -------------------
                         (clock clk rise edge)        0.000     0.000 r  
                                                      0.000     0.000 r  clk (IN)
                         net (fo=9760, unset)         0.410     0.410    u_ex2_mem1/clk
    SLICE_X33Y85         FDCE                                         r  u_ex2_mem1/alu_result_out_reg[20]/C
  -------------------------------------------------------------------    -------------------
    SLICE_X33Y85         FDCE (Prop_fdce_C_Q)         0.141     0.551 r  u_ex2_mem1/alu_result_out_reg[20]/Q
                         net (fo=2, routed)           0.068     0.619    u_mem1_mem2/alu_result_out_reg[31]_1[20]
    SLICE_X33Y85         FDCE                                         r  u_mem1_mem2/alu_result_out_reg[20]/D
  -------------------------------------------------------------------    -------------------

                         (clock clk rise edge)        0.000     0.000 r  
                                                      0.000     0.000 r  clk (IN)
                         net (fo=9760, unset)         0.432     0.432    u_mem1_mem2/clk
    SLICE_X33Y85         FDCE                                         r  u_mem1_mem2/alu_result_out_reg[20]/C
                         clock pessimism              0.000     0.432    
    SLICE_X33Y85         FDCE (Hold_fdce_C_D)         0.075     0.507    u_mem1_mem2/alu_result_out_reg[20]
  -------------------------------------------------------------------
                         required time                         -0.507    
                         arrival time                           0.619    
  -------------------------------------------------------------------
                         slack                                  0.113    





Pulse Width Checks
--------------------------------------------------------------------------------------
Clock Name:         clk
Waveform(ns):       { 0.000 2.500 }
Period(ns):         5.000
Sources:            { clk }

Check Type        Corner  Lib Pin      Reference Pin  Required(ns)  Actual(ns)  Slack(ns)  Location      Pin
Min Period        n/a     DSP48E1/CLK  n/a            2.154         5.000       2.846      DSP48_X0Y25   u_mdu/mul_ss_out0__0/CLK
Low Pulse Width   Slow    RAMS64E/CLK  n/a            1.250         2.500       1.250      SLICE_X42Y69  u_dmem/mem_reg_0_255_0_0/RAMS64E_A/CLK
High Pulse Width  Slow    RAMS64E/CLK  n/a            1.250         2.500       1.250      SLICE_X42Y69  u_dmem/mem_reg_0_255_0_0/RAMS64E_A/CLK



--------------------------------------------------------------------------------------
Path Group:  (none)
From Clock:  clk
  To Clock:  

Max Delay            96 Endpoints
Min Delay            96 Endpoints
--------------------------------------------------------------------------------------


Max Delay Paths
--------------------------------------------------------------------------------------
Slack:                    inf
  Source:                 u_ex1_ex2/alu_a_out_reg[30]/C
                            (rising edge-triggered cell FDCE clocked by clk  {rise@0.000ns fall@2.500ns period=5.000ns})
  Destination:            debug_alu_result[17]
                            (output port)
  Path Group:             (none)
  Path Type:              Max at Slow Process Corner
  Data Path Delay:        6.469ns  (logic 1.014ns (15.675%)  route 5.455ns (84.325%))
  Logic Levels:           4  (LUT5=2 LUT6=2)
  Clock Uncertainty:      0.025ns  ((TSJ^2 + TIJ^2)^1/2 + DJ) / 2 + PE
    Total System Jitter     (TSJ):    0.050ns
    Total Input Jitter      (TIJ):    0.000ns
    Discrete Jitter          (DJ):    0.000ns
    Phase Error              (PE):    0.000ns

    Location             Delay type                Incr(ns)  Path(ns)    Netlist Resource(s)
  -------------------------------------------------------------------    -------------------
                         (clock clk rise edge)        0.000     0.000 r  
                                                      0.000     0.000 r  clk (IN)
                         net (fo=9760, unset)         0.973     0.973    u_ex1_ex2/clk
    SLICE_X14Y96         FDCE                                         r  u_ex1_ex2/alu_a_out_reg[30]/C
  -------------------------------------------------------------------    -------------------
    SLICE_X14Y96         FDCE (Prop_fdce_C_Q)         0.518     1.491 r  u_ex1_ex2/alu_a_out_reg[30]/Q
                         net (fo=24, routed)          1.666     3.157    u_ex1_ex2/ex2_alu_a[30]
    SLICE_X15Y79         LUT5 (Prop_lut5_I0_O)        0.124     3.281 r  u_ex1_ex2/debug_alu_result[21]_INST_0_i_9/O
                         net (fo=2, routed)           0.721     4.002    u_ex1_ex2/debug_alu_result[21]_INST_0_i_9_n_0
    SLICE_X15Y81         LUT6 (Prop_lut6_I0_O)        0.124     4.126 r  u_ex1_ex2/debug_alu_result[17]_INST_0_i_4/O
                         net (fo=2, routed)           0.998     5.124    u_ex1_ex2/debug_alu_result[17]_INST_0_i_4_n_0
    SLICE_X9Y73          LUT6 (Prop_lut6_I1_O)        0.124     5.248 r  u_ex1_ex2/debug_alu_result[17]_INST_0_i_1/O
                         net (fo=1, routed)           1.097     6.345    u_ex1_ex2/debug_alu_result[17]_INST_0_i_1_n_0
    SLICE_X12Y82         LUT5 (Prop_lut5_I0_O)        0.124     6.469 r  u_ex1_ex2/debug_alu_result[17]_INST_0/O
                         net (fo=2, unset)            0.973     7.442    debug_alu_result[17]
                                                                      r  debug_alu_result[17] (OUT)
  -------------------------------------------------------------------    -------------------





Min Delay Paths
--------------------------------------------------------------------------------------
Slack:                    inf
  Source:                 u_if2_id/instr_out_reg[11]/C
                            (rising edge-triggered cell FDCE clocked by clk  {rise@0.000ns fall@2.500ns period=5.000ns})
  Destination:            debug_instr[11]
                            (output port)
  Path Group:             (none)
  Path Type:              Min at Fast Process Corner
  Data Path Delay:        0.538ns  (logic 0.128ns (23.786%)  route 0.410ns (76.214%))
  Logic Levels:           0  
  Clock Uncertainty:      0.025ns  ((TSJ^2 + TIJ^2)^1/2 + DJ) / 2 + PE
    Total System Jitter     (TSJ):    0.050ns
    Total Input Jitter      (TIJ):    0.000ns
    Discrete Jitter          (DJ):    0.000ns
    Phase Error              (PE):    0.000ns

    Location             Delay type                Incr(ns)  Path(ns)    Netlist Resource(s)
  -------------------------------------------------------------------    -------------------
                         (clock clk rise edge)        0.000     0.000 r  
                                                      0.000     0.000 r  clk (IN)
                         net (fo=9760, unset)         0.410     0.410    u_if2_id/clk
    SLICE_X24Y104        FDCE                                         r  u_if2_id/instr_out_reg[11]/C
  -------------------------------------------------------------------    -------------------
    SLICE_X24Y104        FDCE (Prop_fdce_C_Q)         0.128     0.538 r  u_if2_id/instr_out_reg[11]/Q
                         net (fo=2, unset)            0.410     0.948    debug_instr[11]
                                                                      r  debug_instr[11] (OUT)
  -------------------------------------------------------------------    -------------------





--------------------------------------------------------------------------------------
Path Group:  (none)
From Clock:  
  To Clock:  clk

Max Delay          8684 Endpoints
Min Delay          8684 Endpoints
--------------------------------------------------------------------------------------


Max Delay Paths
--------------------------------------------------------------------------------------
Slack:                    inf
  Source:                 rst_n
                            (input port)
  Destination:            u_bp/pht_reg[0][0]/PRE
                            (recovery check against rising-edge clock clk  {rise@0.000ns fall@2.500ns period=5.000ns})
  Path Group:             (none)
  Path Type:              Recovery (Max at Slow Process Corner)
  Data Path Delay:        21.906ns  (logic 0.124ns (0.566%)  route 21.782ns (99.434%))
  Logic Levels:           1  (LUT1=1)
  Clock Path Skew:        0.924ns (DCD - SCD + CPR)
    Destination Clock Delay (DCD):    0.924ns
    Source Clock Delay      (SCD):    0.000ns
    Clock Pessimism Removal (CPR):    0.000ns
  Clock Uncertainty:      0.025ns  ((TSJ^2 + TIJ^2)^1/2 + DJ) / 2 + PE
    Total System Jitter     (TSJ):    0.050ns
    Total Input Jitter      (TIJ):    0.000ns
    Discrete Jitter          (DJ):    0.000ns
    Phase Error              (PE):    0.000ns

    Location             Delay type                Incr(ns)  Path(ns)    Netlist Resource(s)
  -------------------------------------------------------------------    -------------------
                                                      0.000     0.000 r  rst_n (IN)
                         net (fo=1, unset)            0.973     0.973    u_icache/rst_n
    SLICE_X60Y47         LUT1 (Prop_lut1_I0_O)        0.124     1.097 f  u_icache/pc_out[31]_i_3/O
                         net (fo=6828, routed)       20.809    21.906    u_bp/p_0_in
    SLICE_X54Y107        FDPE                                         f  u_bp/pht_reg[0][0]/PRE
  -------------------------------------------------------------------    -------------------

                         (clock clk rise edge)        0.000     0.000 r  
                                                      0.000     0.000 r  clk (IN)
                         net (fo=9760, unset)         0.924     0.924    u_bp/clk
    SLICE_X54Y107        FDPE                                         r  u_bp/pht_reg[0][0]/C





Min Delay Paths
--------------------------------------------------------------------------------------
Slack:                    inf
  Source:                 rst_n
                            (input port)
  Destination:            u_bp/btb_tag_reg[5][0]/CE
                            (rising edge-triggered cell FDRE clocked by clk  {rise@0.000ns fall@2.500ns period=5.000ns})
  Path Group:             (none)
  Path Type:              Hold (Min at Fast Process Corner)
  Data Path Delay:        0.908ns  (logic 0.090ns (9.910%)  route 0.818ns (90.090%))
  Logic Levels:           2  (LUT4=1 LUT6=1)
  Clock Path Skew:        0.432ns (DCD - SCD - CPR)
    Destination Clock Delay (DCD):    0.432ns
    Source Clock Delay      (SCD):    0.000ns
    Clock Pessimism Removal (CPR):    -0.000ns

    Location             Delay type                Incr(ns)  Path(ns)    Netlist Resource(s)
  -------------------------------------------------------------------    -------------------
                                                      0.000     0.000 r  rst_n (IN)
                         net (fo=1, unset)            0.410     0.410    u_ex1_ex2/rst_n
    SLICE_X20Y101        LUT4 (Prop_lut4_I3_O)        0.045     0.455 r  u_ex1_ex2/btb_type[31][0]_i_3/O
                         net (fo=32, routed)          0.219     0.674    u_ex1_ex2/btb_type[31][0]_i_3_n_0
    SLICE_X19Y101        LUT6 (Prop_lut6_I5_O)        0.045     0.719 r  u_ex1_ex2/btb_type[5][0]_i_1/O
                         net (fo=58, routed)          0.189     0.908    u_bp/btb_tag_reg[5][0]_0[0]
    SLICE_X16Y101        FDRE                                         r  u_bp/btb_tag_reg[5][0]/CE
  -------------------------------------------------------------------    -------------------

                         (clock clk rise edge)        0.000     0.000 r  
                                                      0.000     0.000 r  clk (IN)
                         net (fo=9760, unset)         0.432     0.432    u_bp/clk
    SLICE_X16Y101        FDRE                                         r  u_bp/btb_tag_reg[5][0]/C





