Copyright 1986-2022 Xilinx, Inc. All Rights Reserved. Copyright 2022-2024 Advanced Micro Devices, Inc. All Rights Reserved.
---------------------------------------------------------------------------------------------------------------------------------------------
| Tool Version : Vivado v.2024.2 (win64) Build 5239630 Fri Nov 08 22:35:27 MST 2024
| Date         : Thu Sep 17 17:55:32 2026
| Host         : PavilionPlus1 running 64-bit major release  (build 9200)
| Command      : report_timing -delay_type max -max_paths 10 -file V:/stage7_baseline/explore/critical_setup_paths.rpt
| Design       : rv32i_pipeline_7stage_top
| Device       : 7a35t-cpg236
| Speed File   : -1  PRODUCTION 1.23 2018-06-13
| Design State : Routed
---------------------------------------------------------------------------------------------------------------------------------------------

Timing Report

Slack (VIOLATED) :        -3.768ns  (required time - arrival time)
  Source:                 u_pc/pc_out_reg[2]_rep__2/C
                            (rising edge-triggered cell FDCE clocked by clk  {rise@0.000ns fall@2.500ns period=5.000ns})
  Destination:            u_icache/data_reg[14][12]/CE
                            (rising edge-triggered cell FDCE clocked by clk  {rise@0.000ns fall@2.500ns period=5.000ns})
  Path Group:             clk
  Path Type:              Setup (Max at Slow Process Corner)
  Requirement:            5.000ns  (clk rise@5.000ns - clk rise@0.000ns)
  Data Path Delay:        8.479ns  (logic 2.070ns (24.414%)  route 6.409ns (75.586%))
  Logic Levels:           8  (CARRY4=1 LUT6=5 MUXF7=1 MUXF8=1)
  Clock Path Skew:        -0.049ns (DCD - SCD + CPR)
    Destination Clock Delay (DCD):    0.924ns = ( 5.924 - 5.000 ) 
    Source Clock Delay      (SCD):    0.973ns
    Clock Pessimism Removal (CPR):    0.000ns
  Clock Uncertainty:      0.035ns  ((TSJ^2 + TIJ^2)^1/2 + DJ) / 2 + PE
    Total System Jitter     (TSJ):    0.071ns
    Total Input Jitter      (TIJ):    0.000ns
    Discrete Jitter          (DJ):    0.000ns
    Phase Error              (PE):    0.000ns

    Location             Delay type                Incr(ns)  Path(ns)    Netlist Resource(s)
  -------------------------------------------------------------------    -------------------
                         (clock clk rise edge)        0.000     0.000 r  
                                                      0.000     0.000 r  clk (IN)
                         net (fo=9564, unset)         0.973     0.973    u_pc/clk
    SLICE_X34Y29         FDCE                                         r  u_pc/pc_out_reg[2]_rep__2/C
  -------------------------------------------------------------------    -------------------
    SLICE_X34Y29         FDCE (Prop_fdce_C_Q)         0.518     1.491 r  u_pc/pc_out_reg[2]_rep__2/Q
                         net (fo=116, routed)         1.616     3.107    u_icache/tags_reg[0][23]_i_196_0
    SLICE_X47Y17         LUT6 (Prop_lut6_I4_O)        0.124     3.231 r  u_icache/tags[0][23]_i_445/O
                         net (fo=1, routed)           0.000     3.231    u_icache/tags[0][23]_i_445_n_0
    SLICE_X47Y17         MUXF7 (Prop_muxf7_I0_O)      0.238     3.469 r  u_icache/tags_reg[0][23]_i_207/O
                         net (fo=1, routed)           0.000     3.469    u_icache/tags_reg[0][23]_i_207_n_0
    SLICE_X47Y17         MUXF8 (Prop_muxf8_I0_O)      0.104     3.573 r  u_icache/tags_reg[0][23]_i_88/O
                         net (fo=1, routed)           1.108     4.681    u_icache/tags_reg[0][23]_i_88_n_0
    SLICE_X33Y21         LUT6 (Prop_lut6_I5_O)        0.316     4.997 r  u_icache/tags[0][23]_i_46/O
                         net (fo=1, routed)           0.439     5.436    u_icache/tags[19]
    SLICE_X35Y22         LUT6 (Prop_lut6_I5_O)        0.124     5.560 r  u_icache/tags[0][23]_i_18/O
                         net (fo=1, routed)           0.000     5.560    u_icache/tags[0][23]_i_18_n_0
    SLICE_X35Y22         CARRY4 (Prop_carry4_S[2]_CO[3])
                                                      0.398     5.958 f  u_icache/tags_reg[0][23]_i_7/CO[3]
                         net (fo=1, routed)           0.757     6.715    u_icache/hit0
    SLICE_X35Y19         LUT6 (Prop_lut6_I5_O)        0.124     6.839 f  u_icache/tags[0][23]_i_3/O
                         net (fo=96, routed)          1.352     8.191    u_pc/data_reg[14][0]_0
    SLICE_X49Y13         LUT6 (Prop_lut6_I5_O)        0.124     8.315 r  u_pc/tags[14][23]_i_1/O
                         net (fo=57, routed)          1.137     9.452    u_icache/data_reg[14][0]_0[0]
    SLICE_X55Y5          FDCE                                         r  u_icache/data_reg[14][12]/CE
  -------------------------------------------------------------------    -------------------

                         (clock clk rise edge)        5.000     5.000 r  
                                                      0.000     5.000 r  clk (IN)
                         net (fo=9564, unset)         0.924     5.924    u_icache/clk
    SLICE_X55Y5          FDCE                                         r  u_icache/data_reg[14][12]/C
                         clock pessimism              0.000     5.924    
                         clock uncertainty           -0.035     5.889    
    SLICE_X55Y5          FDCE (Setup_fdce_C_CE)      -0.205     5.684    u_icache/data_reg[14][12]
  -------------------------------------------------------------------
                         required time                          5.684    
                         arrival time                          -9.452    
  -------------------------------------------------------------------
                         slack                                 -3.768    

Slack (VIOLATED) :        -3.768ns  (required time - arrival time)
  Source:                 u_pc/pc_out_reg[2]_rep__2/C
                            (rising edge-triggered cell FDCE clocked by clk  {rise@0.000ns fall@2.500ns period=5.000ns})
  Destination:            u_icache/data_reg[14][13]/CE
                            (rising edge-triggered cell FDCE clocked by clk  {rise@0.000ns fall@2.500ns period=5.000ns})
  Path Group:             clk
  Path Type:              Setup (Max at Slow Process Corner)
  Requirement:            5.000ns  (clk rise@5.000ns - clk rise@0.000ns)
  Data Path Delay:        8.479ns  (logic 2.070ns (24.414%)  route 6.409ns (75.586%))
  Logic Levels:           8  (CARRY4=1 LUT6=5 MUXF7=1 MUXF8=1)
  Clock Path Skew:        -0.049ns (DCD - SCD + CPR)
    Destination Clock Delay (DCD):    0.924ns = ( 5.924 - 5.000 ) 
    Source Clock Delay      (SCD):    0.973ns
    Clock Pessimism Removal (CPR):    0.000ns
  Clock Uncertainty:      0.035ns  ((TSJ^2 + TIJ^2)^1/2 + DJ) / 2 + PE
    Total System Jitter     (TSJ):    0.071ns
    Total Input Jitter      (TIJ):    0.000ns
    Discrete Jitter          (DJ):    0.000ns
    Phase Error              (PE):    0.000ns

    Location             Delay type                Incr(ns)  Path(ns)    Netlist Resource(s)
  -------------------------------------------------------------------    -------------------
                         (clock clk rise edge)        0.000     0.000 r  
                                                      0.000     0.000 r  clk (IN)
                         net (fo=9564, unset)         0.973     0.973    u_pc/clk
    SLICE_X34Y29         FDCE                                         r  u_pc/pc_out_reg[2]_rep__2/C
  -------------------------------------------------------------------    -------------------
    SLICE_X34Y29         FDCE (Prop_fdce_C_Q)         0.518     1.491 r  u_pc/pc_out_reg[2]_rep__2/Q
                         net (fo=116, routed)         1.616     3.107    u_icache/tags_reg[0][23]_i_196_0
    SLICE_X47Y17         LUT6 (Prop_lut6_I4_O)        0.124     3.231 r  u_icache/tags[0][23]_i_445/O
                         net (fo=1, routed)           0.000     3.231    u_icache/tags[0][23]_i_445_n_0
    SLICE_X47Y17         MUXF7 (Prop_muxf7_I0_O)      0.238     3.469 r  u_icache/tags_reg[0][23]_i_207/O
                         net (fo=1, routed)           0.000     3.469    u_icache/tags_reg[0][23]_i_207_n_0
    SLICE_X47Y17         MUXF8 (Prop_muxf8_I0_O)      0.104     3.573 r  u_icache/tags_reg[0][23]_i_88/O
                         net (fo=1, routed)           1.108     4.681    u_icache/tags_reg[0][23]_i_88_n_0
    SLICE_X33Y21         LUT6 (Prop_lut6_I5_O)        0.316     4.997 r  u_icache/tags[0][23]_i_46/O
                         net (fo=1, routed)           0.439     5.436    u_icache/tags[19]
    SLICE_X35Y22         LUT6 (Prop_lut6_I5_O)        0.124     5.560 r  u_icache/tags[0][23]_i_18/O
                         net (fo=1, routed)           0.000     5.560    u_icache/tags[0][23]_i_18_n_0
    SLICE_X35Y22         CARRY4 (Prop_carry4_S[2]_CO[3])
                                                      0.398     5.958 f  u_icache/tags_reg[0][23]_i_7/CO[3]
                         net (fo=1, routed)           0.757     6.715    u_icache/hit0
    SLICE_X35Y19         LUT6 (Prop_lut6_I5_O)        0.124     6.839 f  u_icache/tags[0][23]_i_3/O
                         net (fo=96, routed)          1.352     8.191    u_pc/data_reg[14][0]_0
    SLICE_X49Y13         LUT6 (Prop_lut6_I5_O)        0.124     8.315 r  u_pc/tags[14][23]_i_1/O
                         net (fo=57, routed)          1.137     9.452    u_icache/data_reg[14][0]_0[0]
    SLICE_X55Y5          FDCE                                         r  u_icache/data_reg[14][13]/CE
  -------------------------------------------------------------------    -------------------

                         (clock clk rise edge)        5.000     5.000 r  
                                                      0.000     5.000 r  clk (IN)
                         net (fo=9564, unset)         0.924     5.924    u_icache/clk
    SLICE_X55Y5          FDCE                                         r  u_icache/data_reg[14][13]/C
                         clock pessimism              0.000     5.924    
                         clock uncertainty           -0.035     5.889    
    SLICE_X55Y5          FDCE (Setup_fdce_C_CE)      -0.205     5.684    u_icache/data_reg[14][13]
  -------------------------------------------------------------------
                         required time                          5.684    
                         arrival time                          -9.452    
  -------------------------------------------------------------------
                         slack                                 -3.768    

Slack (VIOLATED) :        -3.768ns  (required time - arrival time)
  Source:                 u_pc/pc_out_reg[2]_rep__2/C
                            (rising edge-triggered cell FDCE clocked by clk  {rise@0.000ns fall@2.500ns period=5.000ns})
  Destination:            u_icache/data_reg[14][18]/CE
                            (rising edge-triggered cell FDCE clocked by clk  {rise@0.000ns fall@2.500ns period=5.000ns})
  Path Group:             clk
  Path Type:              Setup (Max at Slow Process Corner)
  Requirement:            5.000ns  (clk rise@5.000ns - clk rise@0.000ns)
  Data Path Delay:        8.479ns  (logic 2.070ns (24.414%)  route 6.409ns (75.586%))
  Logic Levels:           8  (CARRY4=1 LUT6=5 MUXF7=1 MUXF8=1)
  Clock Path Skew:        -0.049ns (DCD - SCD + CPR)
    Destination Clock Delay (DCD):    0.924ns = ( 5.924 - 5.000 ) 
    Source Clock Delay      (SCD):    0.973ns
    Clock Pessimism Removal (CPR):    0.000ns
  Clock Uncertainty:      0.035ns  ((TSJ^2 + TIJ^2)^1/2 + DJ) / 2 + PE
    Total System Jitter     (TSJ):    0.071ns
    Total Input Jitter      (TIJ):    0.000ns
    Discrete Jitter          (DJ):    0.000ns
    Phase Error              (PE):    0.000ns

    Location             Delay type                Incr(ns)  Path(ns)    Netlist Resource(s)
  -------------------------------------------------------------------    -------------------
                         (clock clk rise edge)        0.000     0.000 r  
                                                      0.000     0.000 r  clk (IN)
                         net (fo=9564, unset)         0.973     0.973    u_pc/clk
    SLICE_X34Y29         FDCE                                         r  u_pc/pc_out_reg[2]_rep__2/C
  -------------------------------------------------------------------    -------------------
    SLICE_X34Y29         FDCE (Prop_fdce_C_Q)         0.518     1.491 r  u_pc/pc_out_reg[2]_rep__2/Q
                         net (fo=116, routed)         1.616     3.107    u_icache/tags_reg[0][23]_i_196_0
    SLICE_X47Y17         LUT6 (Prop_lut6_I4_O)        0.124     3.231 r  u_icache/tags[0][23]_i_445/O
                         net (fo=1, routed)           0.000     3.231    u_icache/tags[0][23]_i_445_n_0
    SLICE_X47Y17         MUXF7 (Prop_muxf7_I0_O)      0.238     3.469 r  u_icache/tags_reg[0][23]_i_207/O
                         net (fo=1, routed)           0.000     3.469    u_icache/tags_reg[0][23]_i_207_n_0
    SLICE_X47Y17         MUXF8 (Prop_muxf8_I0_O)      0.104     3.573 r  u_icache/tags_reg[0][23]_i_88/O
                         net (fo=1, routed)           1.108     4.681    u_icache/tags_reg[0][23]_i_88_n_0
    SLICE_X33Y21         LUT6 (Prop_lut6_I5_O)        0.316     4.997 r  u_icache/tags[0][23]_i_46/O
                         net (fo=1, routed)           0.439     5.436    u_icache/tags[19]
    SLICE_X35Y22         LUT6 (Prop_lut6_I5_O)        0.124     5.560 r  u_icache/tags[0][23]_i_18/O
                         net (fo=1, routed)           0.000     5.560    u_icache/tags[0][23]_i_18_n_0
    SLICE_X35Y22         CARRY4 (Prop_carry4_S[2]_CO[3])
                                                      0.398     5.958 f  u_icache/tags_reg[0][23]_i_7/CO[3]
                         net (fo=1, routed)           0.757     6.715    u_icache/hit0
    SLICE_X35Y19         LUT6 (Prop_lut6_I5_O)        0.124     6.839 f  u_icache/tags[0][23]_i_3/O
                         net (fo=96, routed)          1.352     8.191    u_pc/data_reg[14][0]_0
    SLICE_X49Y13         LUT6 (Prop_lut6_I5_O)        0.124     8.315 r  u_pc/tags[14][23]_i_1/O
                         net (fo=57, routed)          1.137     9.452    u_icache/data_reg[14][0]_0[0]
    SLICE_X55Y5          FDCE                                         r  u_icache/data_reg[14][18]/CE
  -------------------------------------------------------------------    -------------------

                         (clock clk rise edge)        5.000     5.000 r  
                                                      0.000     5.000 r  clk (IN)
                         net (fo=9564, unset)         0.924     5.924    u_icache/clk
    SLICE_X55Y5          FDCE                                         r  u_icache/data_reg[14][18]/C
                         clock pessimism              0.000     5.924    
                         clock uncertainty           -0.035     5.889    
    SLICE_X55Y5          FDCE (Setup_fdce_C_CE)      -0.205     5.684    u_icache/data_reg[14][18]
  -------------------------------------------------------------------
                         required time                          5.684    
                         arrival time                          -9.452    
  -------------------------------------------------------------------
                         slack                                 -3.768    

Slack (VIOLATED) :        -3.768ns  (required time - arrival time)
  Source:                 u_pc/pc_out_reg[2]_rep__2/C
                            (rising edge-triggered cell FDCE clocked by clk  {rise@0.000ns fall@2.500ns period=5.000ns})
  Destination:            u_icache/data_reg[14][21]/CE
                            (rising edge-triggered cell FDCE clocked by clk  {rise@0.000ns fall@2.500ns period=5.000ns})
  Path Group:             clk
  Path Type:              Setup (Max at Slow Process Corner)
  Requirement:            5.000ns  (clk rise@5.000ns - clk rise@0.000ns)
  Data Path Delay:        8.479ns  (logic 2.070ns (24.414%)  route 6.409ns (75.586%))
  Logic Levels:           8  (CARRY4=1 LUT6=5 MUXF7=1 MUXF8=1)
  Clock Path Skew:        -0.049ns (DCD - SCD + CPR)
    Destination Clock Delay (DCD):    0.924ns = ( 5.924 - 5.000 ) 
    Source Clock Delay      (SCD):    0.973ns
    Clock Pessimism Removal (CPR):    0.000ns
  Clock Uncertainty:      0.035ns  ((TSJ^2 + TIJ^2)^1/2 + DJ) / 2 + PE
    Total System Jitter     (TSJ):    0.071ns
    Total Input Jitter      (TIJ):    0.000ns
    Discrete Jitter          (DJ):    0.000ns
    Phase Error              (PE):    0.000ns

    Location             Delay type                Incr(ns)  Path(ns)    Netlist Resource(s)
  -------------------------------------------------------------------    -------------------
                         (clock clk rise edge)        0.000     0.000 r  
                                                      0.000     0.000 r  clk (IN)
                         net (fo=9564, unset)         0.973     0.973    u_pc/clk
    SLICE_X34Y29         FDCE                                         r  u_pc/pc_out_reg[2]_rep__2/C
  -------------------------------------------------------------------    -------------------
    SLICE_X34Y29         FDCE (Prop_fdce_C_Q)         0.518     1.491 r  u_pc/pc_out_reg[2]_rep__2/Q
                         net (fo=116, routed)         1.616     3.107    u_icache/tags_reg[0][23]_i_196_0
    SLICE_X47Y17         LUT6 (Prop_lut6_I4_O)        0.124     3.231 r  u_icache/tags[0][23]_i_445/O
                         net (fo=1, routed)           0.000     3.231    u_icache/tags[0][23]_i_445_n_0
    SLICE_X47Y17         MUXF7 (Prop_muxf7_I0_O)      0.238     3.469 r  u_icache/tags_reg[0][23]_i_207/O
                         net (fo=1, routed)           0.000     3.469    u_icache/tags_reg[0][23]_i_207_n_0
    SLICE_X47Y17         MUXF8 (Prop_muxf8_I0_O)      0.104     3.573 r  u_icache/tags_reg[0][23]_i_88/O
                         net (fo=1, routed)           1.108     4.681    u_icache/tags_reg[0][23]_i_88_n_0
    SLICE_X33Y21         LUT6 (Prop_lut6_I5_O)        0.316     4.997 r  u_icache/tags[0][23]_i_46/O
                         net (fo=1, routed)           0.439     5.436    u_icache/tags[19]
    SLICE_X35Y22         LUT6 (Prop_lut6_I5_O)        0.124     5.560 r  u_icache/tags[0][23]_i_18/O
                         net (fo=1, routed)           0.000     5.560    u_icache/tags[0][23]_i_18_n_0
    SLICE_X35Y22         CARRY4 (Prop_carry4_S[2]_CO[3])
                                                      0.398     5.958 f  u_icache/tags_reg[0][23]_i_7/CO[3]
                         net (fo=1, routed)           0.757     6.715    u_icache/hit0
    SLICE_X35Y19         LUT6 (Prop_lut6_I5_O)        0.124     6.839 f  u_icache/tags[0][23]_i_3/O
                         net (fo=96, routed)          1.352     8.191    u_pc/data_reg[14][0]_0
    SLICE_X49Y13         LUT6 (Prop_lut6_I5_O)        0.124     8.315 r  u_pc/tags[14][23]_i_1/O
                         net (fo=57, routed)          1.137     9.452    u_icache/data_reg[14][0]_0[0]
    SLICE_X55Y5          FDCE                                         r  u_icache/data_reg[14][21]/CE
  -------------------------------------------------------------------    -------------------

                         (clock clk rise edge)        5.000     5.000 r  
                                                      0.000     5.000 r  clk (IN)
                         net (fo=9564, unset)         0.924     5.924    u_icache/clk
    SLICE_X55Y5          FDCE                                         r  u_icache/data_reg[14][21]/C
                         clock pessimism              0.000     5.924    
                         clock uncertainty           -0.035     5.889    
    SLICE_X55Y5          FDCE (Setup_fdce_C_CE)      -0.205     5.684    u_icache/data_reg[14][21]
  -------------------------------------------------------------------
                         required time                          5.684    
                         arrival time                          -9.452    
  -------------------------------------------------------------------
                         slack                                 -3.768    

Slack (VIOLATED) :        -3.768ns  (required time - arrival time)
  Source:                 u_pc/pc_out_reg[2]_rep__2/C
                            (rising edge-triggered cell FDCE clocked by clk  {rise@0.000ns fall@2.500ns period=5.000ns})
  Destination:            u_icache/data_reg[14][28]/CE
                            (rising edge-triggered cell FDCE clocked by clk  {rise@0.000ns fall@2.500ns period=5.000ns})
  Path Group:             clk
  Path Type:              Setup (Max at Slow Process Corner)
  Requirement:            5.000ns  (clk rise@5.000ns - clk rise@0.000ns)
  Data Path Delay:        8.479ns  (logic 2.070ns (24.414%)  route 6.409ns (75.586%))
  Logic Levels:           8  (CARRY4=1 LUT6=5 MUXF7=1 MUXF8=1)
  Clock Path Skew:        -0.049ns (DCD - SCD + CPR)
    Destination Clock Delay (DCD):    0.924ns = ( 5.924 - 5.000 ) 
    Source Clock Delay      (SCD):    0.973ns
    Clock Pessimism Removal (CPR):    0.000ns
  Clock Uncertainty:      0.035ns  ((TSJ^2 + TIJ^2)^1/2 + DJ) / 2 + PE
    Total System Jitter     (TSJ):    0.071ns
    Total Input Jitter      (TIJ):    0.000ns
    Discrete Jitter          (DJ):    0.000ns
    Phase Error              (PE):    0.000ns

    Location             Delay type                Incr(ns)  Path(ns)    Netlist Resource(s)
  -------------------------------------------------------------------    -------------------
                         (clock clk rise edge)        0.000     0.000 r  
                                                      0.000     0.000 r  clk (IN)
                         net (fo=9564, unset)         0.973     0.973    u_pc/clk
    SLICE_X34Y29         FDCE                                         r  u_pc/pc_out_reg[2]_rep__2/C
  -------------------------------------------------------------------    -------------------
    SLICE_X34Y29         FDCE (Prop_fdce_C_Q)         0.518     1.491 r  u_pc/pc_out_reg[2]_rep__2/Q
                         net (fo=116, routed)         1.616     3.107    u_icache/tags_reg[0][23]_i_196_0
    SLICE_X47Y17         LUT6 (Prop_lut6_I4_O)        0.124     3.231 r  u_icache/tags[0][23]_i_445/O
                         net (fo=1, routed)           0.000     3.231    u_icache/tags[0][23]_i_445_n_0
    SLICE_X47Y17         MUXF7 (Prop_muxf7_I0_O)      0.238     3.469 r  u_icache/tags_reg[0][23]_i_207/O
                         net (fo=1, routed)           0.000     3.469    u_icache/tags_reg[0][23]_i_207_n_0
    SLICE_X47Y17         MUXF8 (Prop_muxf8_I0_O)      0.104     3.573 r  u_icache/tags_reg[0][23]_i_88/O
                         net (fo=1, routed)           1.108     4.681    u_icache/tags_reg[0][23]_i_88_n_0
    SLICE_X33Y21         LUT6 (Prop_lut6_I5_O)        0.316     4.997 r  u_icache/tags[0][23]_i_46/O
                         net (fo=1, routed)           0.439     5.436    u_icache/tags[19]
    SLICE_X35Y22         LUT6 (Prop_lut6_I5_O)        0.124     5.560 r  u_icache/tags[0][23]_i_18/O
                         net (fo=1, routed)           0.000     5.560    u_icache/tags[0][23]_i_18_n_0
    SLICE_X35Y22         CARRY4 (Prop_carry4_S[2]_CO[3])
                                                      0.398     5.958 f  u_icache/tags_reg[0][23]_i_7/CO[3]
                         net (fo=1, routed)           0.757     6.715    u_icache/hit0
    SLICE_X35Y19         LUT6 (Prop_lut6_I5_O)        0.124     6.839 f  u_icache/tags[0][23]_i_3/O
                         net (fo=96, routed)          1.352     8.191    u_pc/data_reg[14][0]_0
    SLICE_X49Y13         LUT6 (Prop_lut6_I5_O)        0.124     8.315 r  u_pc/tags[14][23]_i_1/O
                         net (fo=57, routed)          1.137     9.452    u_icache/data_reg[14][0]_0[0]
    SLICE_X55Y5          FDCE                                         r  u_icache/data_reg[14][28]/CE
  -------------------------------------------------------------------    -------------------

                         (clock clk rise edge)        5.000     5.000 r  
                                                      0.000     5.000 r  clk (IN)
                         net (fo=9564, unset)         0.924     5.924    u_icache/clk
    SLICE_X55Y5          FDCE                                         r  u_icache/data_reg[14][28]/C
                         clock pessimism              0.000     5.924    
                         clock uncertainty           -0.035     5.889    
    SLICE_X55Y5          FDCE (Setup_fdce_C_CE)      -0.205     5.684    u_icache/data_reg[14][28]
  -------------------------------------------------------------------
                         required time                          5.684    
                         arrival time                          -9.452    
  -------------------------------------------------------------------
                         slack                                 -3.768    

Slack (VIOLATED) :        -3.768ns  (required time - arrival time)
  Source:                 u_pc/pc_out_reg[2]_rep__2/C
                            (rising edge-triggered cell FDCE clocked by clk  {rise@0.000ns fall@2.500ns period=5.000ns})
  Destination:            u_icache/data_reg[14][9]/CE
                            (rising edge-triggered cell FDCE clocked by clk  {rise@0.000ns fall@2.500ns period=5.000ns})
  Path Group:             clk
  Path Type:              Setup (Max at Slow Process Corner)
  Requirement:            5.000ns  (clk rise@5.000ns - clk rise@0.000ns)
  Data Path Delay:        8.479ns  (logic 2.070ns (24.414%)  route 6.409ns (75.586%))
  Logic Levels:           8  (CARRY4=1 LUT6=5 MUXF7=1 MUXF8=1)
  Clock Path Skew:        -0.049ns (DCD - SCD + CPR)
    Destination Clock Delay (DCD):    0.924ns = ( 5.924 - 5.000 ) 
    Source Clock Delay      (SCD):    0.973ns
    Clock Pessimism Removal (CPR):    0.000ns
  Clock Uncertainty:      0.035ns  ((TSJ^2 + TIJ^2)^1/2 + DJ) / 2 + PE
    Total System Jitter     (TSJ):    0.071ns
    Total Input Jitter      (TIJ):    0.000ns
    Discrete Jitter          (DJ):    0.000ns
    Phase Error              (PE):    0.000ns

    Location             Delay type                Incr(ns)  Path(ns)    Netlist Resource(s)
  -------------------------------------------------------------------    -------------------
                         (clock clk rise edge)        0.000     0.000 r  
                                                      0.000     0.000 r  clk (IN)
                         net (fo=9564, unset)         0.973     0.973    u_pc/clk
    SLICE_X34Y29         FDCE                                         r  u_pc/pc_out_reg[2]_rep__2/C
  -------------------------------------------------------------------    -------------------
    SLICE_X34Y29         FDCE (Prop_fdce_C_Q)         0.518     1.491 r  u_pc/pc_out_reg[2]_rep__2/Q
                         net (fo=116, routed)         1.616     3.107    u_icache/tags_reg[0][23]_i_196_0
    SLICE_X47Y17         LUT6 (Prop_lut6_I4_O)        0.124     3.231 r  u_icache/tags[0][23]_i_445/O
                         net (fo=1, routed)           0.000     3.231    u_icache/tags[0][23]_i_445_n_0
    SLICE_X47Y17         MUXF7 (Prop_muxf7_I0_O)      0.238     3.469 r  u_icache/tags_reg[0][23]_i_207/O
                         net (fo=1, routed)           0.000     3.469    u_icache/tags_reg[0][23]_i_207_n_0
    SLICE_X47Y17         MUXF8 (Prop_muxf8_I0_O)      0.104     3.573 r  u_icache/tags_reg[0][23]_i_88/O
                         net (fo=1, routed)           1.108     4.681    u_icache/tags_reg[0][23]_i_88_n_0
    SLICE_X33Y21         LUT6 (Prop_lut6_I5_O)        0.316     4.997 r  u_icache/tags[0][23]_i_46/O
                         net (fo=1, routed)           0.439     5.436    u_icache/tags[19]
    SLICE_X35Y22         LUT6 (Prop_lut6_I5_O)        0.124     5.560 r  u_icache/tags[0][23]_i_18/O
                         net (fo=1, routed)           0.000     5.560    u_icache/tags[0][23]_i_18_n_0
    SLICE_X35Y22         CARRY4 (Prop_carry4_S[2]_CO[3])
                                                      0.398     5.958 f  u_icache/tags_reg[0][23]_i_7/CO[3]
                         net (fo=1, routed)           0.757     6.715    u_icache/hit0
    SLICE_X35Y19         LUT6 (Prop_lut6_I5_O)        0.124     6.839 f  u_icache/tags[0][23]_i_3/O
                         net (fo=96, routed)          1.352     8.191    u_pc/data_reg[14][0]_0
    SLICE_X49Y13         LUT6 (Prop_lut6_I5_O)        0.124     8.315 r  u_pc/tags[14][23]_i_1/O
                         net (fo=57, routed)          1.137     9.452    u_icache/data_reg[14][0]_0[0]
    SLICE_X55Y5          FDCE                                         r  u_icache/data_reg[14][9]/CE
  -------------------------------------------------------------------    -------------------

                         (clock clk rise edge)        5.000     5.000 r  
                                                      0.000     5.000 r  clk (IN)
                         net (fo=9564, unset)         0.924     5.924    u_icache/clk
    SLICE_X55Y5          FDCE                                         r  u_icache/data_reg[14][9]/C
                         clock pessimism              0.000     5.924    
                         clock uncertainty           -0.035     5.889    
    SLICE_X55Y5          FDCE (Setup_fdce_C_CE)      -0.205     5.684    u_icache/data_reg[14][9]
  -------------------------------------------------------------------
                         required time                          5.684    
                         arrival time                          -9.452    
  -------------------------------------------------------------------
                         slack                                 -3.768    

Slack (VIOLATED) :        -3.752ns  (required time - arrival time)
  Source:                 u_pc/pc_out_reg[2]_rep__2/C
                            (rising edge-triggered cell FDCE clocked by clk  {rise@0.000ns fall@2.500ns period=5.000ns})
  Destination:            u_icache/data_reg[2][28]/CE
                            (rising edge-triggered cell FDCE clocked by clk  {rise@0.000ns fall@2.500ns period=5.000ns})
  Path Group:             clk
  Path Type:              Setup (Max at Slow Process Corner)
  Requirement:            5.000ns  (clk rise@5.000ns - clk rise@0.000ns)
  Data Path Delay:        8.499ns  (logic 2.070ns (24.356%)  route 6.429ns (75.644%))
  Logic Levels:           8  (CARRY4=1 LUT6=5 MUXF7=1 MUXF8=1)
  Clock Path Skew:        -0.049ns (DCD - SCD + CPR)
    Destination Clock Delay (DCD):    0.924ns = ( 5.924 - 5.000 ) 
    Source Clock Delay      (SCD):    0.973ns
    Clock Pessimism Removal (CPR):    0.000ns
  Clock Uncertainty:      0.035ns  ((TSJ^2 + TIJ^2)^1/2 + DJ) / 2 + PE
    Total System Jitter     (TSJ):    0.071ns
    Total Input Jitter      (TIJ):    0.000ns
    Discrete Jitter          (DJ):    0.000ns
    Phase Error              (PE):    0.000ns

    Location             Delay type                Incr(ns)  Path(ns)    Netlist Resource(s)
  -------------------------------------------------------------------    -------------------
                         (clock clk rise edge)        0.000     0.000 r  
                                                      0.000     0.000 r  clk (IN)
                         net (fo=9564, unset)         0.973     0.973    u_pc/clk
    SLICE_X34Y29         FDCE                                         r  u_pc/pc_out_reg[2]_rep__2/C
  -------------------------------------------------------------------    -------------------
    SLICE_X34Y29         FDCE (Prop_fdce_C_Q)         0.518     1.491 r  u_pc/pc_out_reg[2]_rep__2/Q
                         net (fo=116, routed)         1.616     3.107    u_icache/tags_reg[0][23]_i_196_0
    SLICE_X47Y17         LUT6 (Prop_lut6_I4_O)        0.124     3.231 r  u_icache/tags[0][23]_i_445/O
                         net (fo=1, routed)           0.000     3.231    u_icache/tags[0][23]_i_445_n_0
    SLICE_X47Y17         MUXF7 (Prop_muxf7_I0_O)      0.238     3.469 r  u_icache/tags_reg[0][23]_i_207/O
                         net (fo=1, routed)           0.000     3.469    u_icache/tags_reg[0][23]_i_207_n_0
    SLICE_X47Y17         MUXF8 (Prop_muxf8_I0_O)      0.104     3.573 r  u_icache/tags_reg[0][23]_i_88/O
                         net (fo=1, routed)           1.108     4.681    u_icache/tags_reg[0][23]_i_88_n_0
    SLICE_X33Y21         LUT6 (Prop_lut6_I5_O)        0.316     4.997 r  u_icache/tags[0][23]_i_46/O
                         net (fo=1, routed)           0.439     5.436    u_icache/tags[19]
    SLICE_X35Y22         LUT6 (Prop_lut6_I5_O)        0.124     5.560 r  u_icache/tags[0][23]_i_18/O
                         net (fo=1, routed)           0.000     5.560    u_icache/tags[0][23]_i_18_n_0
    SLICE_X35Y22         CARRY4 (Prop_carry4_S[2]_CO[3])
                                                      0.398     5.958 f  u_icache/tags_reg[0][23]_i_7/CO[3]
                         net (fo=1, routed)           0.757     6.715    u_icache/hit0
    SLICE_X35Y19         LUT6 (Prop_lut6_I5_O)        0.124     6.839 f  u_icache/tags[0][23]_i_3/O
                         net (fo=96, routed)          1.256     8.095    u_pc/data_reg[14][0]_0
    SLICE_X44Y12         LUT6 (Prop_lut6_I5_O)        0.124     8.219 r  u_pc/tags[2][23]_i_1/O
                         net (fo=57, routed)          1.253     9.472    u_icache/data_reg[2][0]_0[0]
    SLICE_X54Y1          FDCE                                         r  u_icache/data_reg[2][28]/CE
  -------------------------------------------------------------------    -------------------

                         (clock clk rise edge)        5.000     5.000 r  
                                                      0.000     5.000 r  clk (IN)
                         net (fo=9564, unset)         0.924     5.924    u_icache/clk
    SLICE_X54Y1          FDCE                                         r  u_icache/data_reg[2][28]/C
                         clock pessimism              0.000     5.924    
                         clock uncertainty           -0.035     5.889    
    SLICE_X54Y1          FDCE (Setup_fdce_C_CE)      -0.169     5.720    u_icache/data_reg[2][28]
  -------------------------------------------------------------------
                         required time                          5.720    
                         arrival time                          -9.472    
  -------------------------------------------------------------------
                         slack                                 -3.752    

Slack (VIOLATED) :        -3.752ns  (required time - arrival time)
  Source:                 u_pc/pc_out_reg[2]_rep__2/C
                            (rising edge-triggered cell FDCE clocked by clk  {rise@0.000ns fall@2.500ns period=5.000ns})
  Destination:            u_icache/data_reg[2][2]/CE
                            (rising edge-triggered cell FDCE clocked by clk  {rise@0.000ns fall@2.500ns period=5.000ns})
  Path Group:             clk
  Path Type:              Setup (Max at Slow Process Corner)
  Requirement:            5.000ns  (clk rise@5.000ns - clk rise@0.000ns)
  Data Path Delay:        8.499ns  (logic 2.070ns (24.356%)  route 6.429ns (75.644%))
  Logic Levels:           8  (CARRY4=1 LUT6=5 MUXF7=1 MUXF8=1)
  Clock Path Skew:        -0.049ns (DCD - SCD + CPR)
    Destination Clock Delay (DCD):    0.924ns = ( 5.924 - 5.000 ) 
    Source Clock Delay      (SCD):    0.973ns
    Clock Pessimism Removal (CPR):    0.000ns
  Clock Uncertainty:      0.035ns  ((TSJ^2 + TIJ^2)^1/2 + DJ) / 2 + PE
    Total System Jitter     (TSJ):    0.071ns
    Total Input Jitter      (TIJ):    0.000ns
    Discrete Jitter          (DJ):    0.000ns
    Phase Error              (PE):    0.000ns

    Location             Delay type                Incr(ns)  Path(ns)    Netlist Resource(s)
  -------------------------------------------------------------------    -------------------
                         (clock clk rise edge)        0.000     0.000 r  
                                                      0.000     0.000 r  clk (IN)
                         net (fo=9564, unset)         0.973     0.973    u_pc/clk
    SLICE_X34Y29         FDCE                                         r  u_pc/pc_out_reg[2]_rep__2/C
  -------------------------------------------------------------------    -------------------
    SLICE_X34Y29         FDCE (Prop_fdce_C_Q)         0.518     1.491 r  u_pc/pc_out_reg[2]_rep__2/Q
                         net (fo=116, routed)         1.616     3.107    u_icache/tags_reg[0][23]_i_196_0
    SLICE_X47Y17         LUT6 (Prop_lut6_I4_O)        0.124     3.231 r  u_icache/tags[0][23]_i_445/O
                         net (fo=1, routed)           0.000     3.231    u_icache/tags[0][23]_i_445_n_0
    SLICE_X47Y17         MUXF7 (Prop_muxf7_I0_O)      0.238     3.469 r  u_icache/tags_reg[0][23]_i_207/O
                         net (fo=1, routed)           0.000     3.469    u_icache/tags_reg[0][23]_i_207_n_0
    SLICE_X47Y17         MUXF8 (Prop_muxf8_I0_O)      0.104     3.573 r  u_icache/tags_reg[0][23]_i_88/O
                         net (fo=1, routed)           1.108     4.681    u_icache/tags_reg[0][23]_i_88_n_0
    SLICE_X33Y21         LUT6 (Prop_lut6_I5_O)        0.316     4.997 r  u_icache/tags[0][23]_i_46/O
                         net (fo=1, routed)           0.439     5.436    u_icache/tags[19]
    SLICE_X35Y22         LUT6 (Prop_lut6_I5_O)        0.124     5.560 r  u_icache/tags[0][23]_i_18/O
                         net (fo=1, routed)           0.000     5.560    u_icache/tags[0][23]_i_18_n_0
    SLICE_X35Y22         CARRY4 (Prop_carry4_S[2]_CO[3])
                                                      0.398     5.958 f  u_icache/tags_reg[0][23]_i_7/CO[3]
                         net (fo=1, routed)           0.757     6.715    u_icache/hit0
    SLICE_X35Y19         LUT6 (Prop_lut6_I5_O)        0.124     6.839 f  u_icache/tags[0][23]_i_3/O
                         net (fo=96, routed)          1.256     8.095    u_pc/data_reg[14][0]_0
    SLICE_X44Y12         LUT6 (Prop_lut6_I5_O)        0.124     8.219 r  u_pc/tags[2][23]_i_1/O
                         net (fo=57, routed)          1.253     9.472    u_icache/data_reg[2][0]_0[0]
    SLICE_X54Y1          FDCE                                         r  u_icache/data_reg[2][2]/CE
  -------------------------------------------------------------------    -------------------

                         (clock clk rise edge)        5.000     5.000 r  
                                                      0.000     5.000 r  clk (IN)
                         net (fo=9564, unset)         0.924     5.924    u_icache/clk
    SLICE_X54Y1          FDCE                                         r  u_icache/data_reg[2][2]/C
                         clock pessimism              0.000     5.924    
                         clock uncertainty           -0.035     5.889    
    SLICE_X54Y1          FDCE (Setup_fdce_C_CE)      -0.169     5.720    u_icache/data_reg[2][2]
  -------------------------------------------------------------------
                         required time                          5.720    
                         arrival time                          -9.472    
  -------------------------------------------------------------------
                         slack                                 -3.752    

Slack (VIOLATED) :        -3.748ns  (required time - arrival time)
  Source:                 u_pc/pc_out_reg[2]_rep__2/C
                            (rising edge-triggered cell FDCE clocked by clk  {rise@0.000ns fall@2.500ns period=5.000ns})
  Destination:            u_icache/data_reg[2][13]/CE
                            (rising edge-triggered cell FDCE clocked by clk  {rise@0.000ns fall@2.500ns period=5.000ns})
  Path Group:             clk
  Path Type:              Setup (Max at Slow Process Corner)
  Requirement:            5.000ns  (clk rise@5.000ns - clk rise@0.000ns)
  Data Path Delay:        8.495ns  (logic 2.070ns (24.367%)  route 6.425ns (75.633%))
  Logic Levels:           8  (CARRY4=1 LUT6=5 MUXF7=1 MUXF8=1)
  Clock Path Skew:        -0.049ns (DCD - SCD + CPR)
    Destination Clock Delay (DCD):    0.924ns = ( 5.924 - 5.000 ) 
    Source Clock Delay      (SCD):    0.973ns
    Clock Pessimism Removal (CPR):    0.000ns
  Clock Uncertainty:      0.035ns  ((TSJ^2 + TIJ^2)^1/2 + DJ) / 2 + PE
    Total System Jitter     (TSJ):    0.071ns
    Total Input Jitter      (TIJ):    0.000ns
    Discrete Jitter          (DJ):    0.000ns
    Phase Error              (PE):    0.000ns

    Location             Delay type                Incr(ns)  Path(ns)    Netlist Resource(s)
  -------------------------------------------------------------------    -------------------
                         (clock clk rise edge)        0.000     0.000 r  
                                                      0.000     0.000 r  clk (IN)
                         net (fo=9564, unset)         0.973     0.973    u_pc/clk
    SLICE_X34Y29         FDCE                                         r  u_pc/pc_out_reg[2]_rep__2/C
  -------------------------------------------------------------------    -------------------
    SLICE_X34Y29         FDCE (Prop_fdce_C_Q)         0.518     1.491 r  u_pc/pc_out_reg[2]_rep__2/Q
                         net (fo=116, routed)         1.616     3.107    u_icache/tags_reg[0][23]_i_196_0
    SLICE_X47Y17         LUT6 (Prop_lut6_I4_O)        0.124     3.231 r  u_icache/tags[0][23]_i_445/O
                         net (fo=1, routed)           0.000     3.231    u_icache/tags[0][23]_i_445_n_0
    SLICE_X47Y17         MUXF7 (Prop_muxf7_I0_O)      0.238     3.469 r  u_icache/tags_reg[0][23]_i_207/O
                         net (fo=1, routed)           0.000     3.469    u_icache/tags_reg[0][23]_i_207_n_0
    SLICE_X47Y17         MUXF8 (Prop_muxf8_I0_O)      0.104     3.573 r  u_icache/tags_reg[0][23]_i_88/O
                         net (fo=1, routed)           1.108     4.681    u_icache/tags_reg[0][23]_i_88_n_0
    SLICE_X33Y21         LUT6 (Prop_lut6_I5_O)        0.316     4.997 r  u_icache/tags[0][23]_i_46/O
                         net (fo=1, routed)           0.439     5.436    u_icache/tags[19]
    SLICE_X35Y22         LUT6 (Prop_lut6_I5_O)        0.124     5.560 r  u_icache/tags[0][23]_i_18/O
                         net (fo=1, routed)           0.000     5.560    u_icache/tags[0][23]_i_18_n_0
    SLICE_X35Y22         CARRY4 (Prop_carry4_S[2]_CO[3])
                                                      0.398     5.958 f  u_icache/tags_reg[0][23]_i_7/CO[3]
                         net (fo=1, routed)           0.757     6.715    u_icache/hit0
    SLICE_X35Y19         LUT6 (Prop_lut6_I5_O)        0.124     6.839 f  u_icache/tags[0][23]_i_3/O
                         net (fo=96, routed)          1.256     8.095    u_pc/data_reg[14][0]_0
    SLICE_X44Y12         LUT6 (Prop_lut6_I5_O)        0.124     8.219 r  u_pc/tags[2][23]_i_1/O
                         net (fo=57, routed)          1.249     9.468    u_icache/data_reg[2][0]_0[0]
    SLICE_X56Y2          FDCE                                         r  u_icache/data_reg[2][13]/CE
  -------------------------------------------------------------------    -------------------

                         (clock clk rise edge)        5.000     5.000 r  
                                                      0.000     5.000 r  clk (IN)
                         net (fo=9564, unset)         0.924     5.924    u_icache/clk
    SLICE_X56Y2          FDCE                                         r  u_icache/data_reg[2][13]/C
                         clock pessimism              0.000     5.924    
                         clock uncertainty           -0.035     5.889    
    SLICE_X56Y2          FDCE (Setup_fdce_C_CE)      -0.169     5.720    u_icache/data_reg[2][13]
  -------------------------------------------------------------------
                         required time                          5.720    
                         arrival time                          -9.468    
  -------------------------------------------------------------------
                         slack                                 -3.748    

Slack (VIOLATED) :        -3.748ns  (required time - arrival time)
  Source:                 u_pc/pc_out_reg[2]_rep__2/C
                            (rising edge-triggered cell FDCE clocked by clk  {rise@0.000ns fall@2.500ns period=5.000ns})
  Destination:            u_icache/data_reg[2][9]/CE
                            (rising edge-triggered cell FDCE clocked by clk  {rise@0.000ns fall@2.500ns period=5.000ns})
  Path Group:             clk
  Path Type:              Setup (Max at Slow Process Corner)
  Requirement:            5.000ns  (clk rise@5.000ns - clk rise@0.000ns)
  Data Path Delay:        8.495ns  (logic 2.070ns (24.367%)  route 6.425ns (75.633%))
  Logic Levels:           8  (CARRY4=1 LUT6=5 MUXF7=1 MUXF8=1)
  Clock Path Skew:        -0.049ns (DCD - SCD + CPR)
    Destination Clock Delay (DCD):    0.924ns = ( 5.924 - 5.000 ) 
    Source Clock Delay      (SCD):    0.973ns
    Clock Pessimism Removal (CPR):    0.000ns
  Clock Uncertainty:      0.035ns  ((TSJ^2 + TIJ^2)^1/2 + DJ) / 2 + PE
    Total System Jitter     (TSJ):    0.071ns
    Total Input Jitter      (TIJ):    0.000ns
    Discrete Jitter          (DJ):    0.000ns
    Phase Error              (PE):    0.000ns

    Location             Delay type                Incr(ns)  Path(ns)    Netlist Resource(s)
  -------------------------------------------------------------------    -------------------
                         (clock clk rise edge)        0.000     0.000 r  
                                                      0.000     0.000 r  clk (IN)
                         net (fo=9564, unset)         0.973     0.973    u_pc/clk
    SLICE_X34Y29         FDCE                                         r  u_pc/pc_out_reg[2]_rep__2/C
  -------------------------------------------------------------------    -------------------
    SLICE_X34Y29         FDCE (Prop_fdce_C_Q)         0.518     1.491 r  u_pc/pc_out_reg[2]_rep__2/Q
                         net (fo=116, routed)         1.616     3.107    u_icache/tags_reg[0][23]_i_196_0
    SLICE_X47Y17         LUT6 (Prop_lut6_I4_O)        0.124     3.231 r  u_icache/tags[0][23]_i_445/O
                         net (fo=1, routed)           0.000     3.231    u_icache/tags[0][23]_i_445_n_0
    SLICE_X47Y17         MUXF7 (Prop_muxf7_I0_O)      0.238     3.469 r  u_icache/tags_reg[0][23]_i_207/O
                         net (fo=1, routed)           0.000     3.469    u_icache/tags_reg[0][23]_i_207_n_0
    SLICE_X47Y17         MUXF8 (Prop_muxf8_I0_O)      0.104     3.573 r  u_icache/tags_reg[0][23]_i_88/O
                         net (fo=1, routed)           1.108     4.681    u_icache/tags_reg[0][23]_i_88_n_0
    SLICE_X33Y21         LUT6 (Prop_lut6_I5_O)        0.316     4.997 r  u_icache/tags[0][23]_i_46/O
                         net (fo=1, routed)           0.439     5.436    u_icache/tags[19]
    SLICE_X35Y22         LUT6 (Prop_lut6_I5_O)        0.124     5.560 r  u_icache/tags[0][23]_i_18/O
                         net (fo=1, routed)           0.000     5.560    u_icache/tags[0][23]_i_18_n_0
    SLICE_X35Y22         CARRY4 (Prop_carry4_S[2]_CO[3])
                                                      0.398     5.958 f  u_icache/tags_reg[0][23]_i_7/CO[3]
                         net (fo=1, routed)           0.757     6.715    u_icache/hit0
    SLICE_X35Y19         LUT6 (Prop_lut6_I5_O)        0.124     6.839 f  u_icache/tags[0][23]_i_3/O
                         net (fo=96, routed)          1.256     8.095    u_pc/data_reg[14][0]_0
    SLICE_X44Y12         LUT6 (Prop_lut6_I5_O)        0.124     8.219 r  u_pc/tags[2][23]_i_1/O
                         net (fo=57, routed)          1.249     9.468    u_icache/data_reg[2][0]_0[0]
    SLICE_X56Y2          FDCE                                         r  u_icache/data_reg[2][9]/CE
  -------------------------------------------------------------------    -------------------

                         (clock clk rise edge)        5.000     5.000 r  
                                                      0.000     5.000 r  clk (IN)
                         net (fo=9564, unset)         0.924     5.924    u_icache/clk
    SLICE_X56Y2          FDCE                                         r  u_icache/data_reg[2][9]/C
                         clock pessimism              0.000     5.924    
                         clock uncertainty           -0.035     5.889    
    SLICE_X56Y2          FDCE (Setup_fdce_C_CE)      -0.169     5.720    u_icache/data_reg[2][9]
  -------------------------------------------------------------------
                         required time                          5.720    
                         arrival time                          -9.468    
  -------------------------------------------------------------------
                         slack                                 -3.748    




