Copyright 1986-2022 Xilinx, Inc. All Rights Reserved. Copyright 2022-2024 Advanced Micro Devices, Inc. All Rights Reserved.
---------------------------------------------------------------------------------------------------------------------------------------------
| Tool Version : Vivado v.2024.2 (win64) Build 5239630 Fri Nov 08 22:35:27 MST 2024
| Date         : Thu Sep 17 17:55:32 2026
| Host         : PavilionPlus1 running 64-bit major release  (build 9200)
| Command      : report_timing_summary -report_unconstrained -file V:/stage7_baseline/explore/timing_summary.rpt
| Design       : rv32i_pipeline_7stage_top
| Device       : 7a35t-cpg236
| Speed File   : -1  PRODUCTION 1.23 2018-06-13
| Design State : Routed
---------------------------------------------------------------------------------------------------------------------------------------------

Timing Summary Report

------------------------------------------------------------------------------------------------
| Timer Settings
| --------------
------------------------------------------------------------------------------------------------

  Enable Multi Corner Analysis               :  Yes
  Enable Pessimism Removal                   :  Yes
  Pessimism Removal Resolution               :  Nearest Common Node
  Enable Input Delay Default Clock           :  No
  Enable Preset / Clear Arcs                 :  No
  Disable Flight Delays                      :  No
  Ignore I/O Paths                           :  No
  Timing Early Launch at Borrowing Latches   :  No
  Borrow Time for Max Delay Exceptions       :  Yes
  Merge Timing Exceptions                    :  Yes
  Inter-SLR Compensation                     :  Conservative

  Corner  Analyze    Analyze    
  Name    Max Paths  Min Paths  
  ------  ---------  ---------  
  Slow    Yes        Yes        
  Fast    Yes        Yes        


------------------------------------------------------------------------------------------------
| Report Methodology
| ------------------
------------------------------------------------------------------------------------------------

Rule       Severity  Description                                                Violations  
---------  --------  ---------------------------------------------------------  ----------  
DPIR-1     Warning   Asynchronous driver check                                  414         
SYNTH-5    Warning   Mapped onto distributed RAM because of timing constraints  256         
SYNTH-10   Warning   Wide multiplier                                            12          
TIMING-16  Warning   Large setup violation                                      1000        
TIMING-18  Warning   Missing input or output delay                              97          

Note: This report is based on the most recent report_methodology run and may not be up-to-date. Run report_methodology on the current design for the latest report.



check_timing report

Table of Contents
-----------------
1. checking no_clock (0)
2. checking constant_clock (0)
3. checking pulse_width_clock (0)
4. checking unconstrained_internal_endpoints (0)
5. checking no_input_delay (1)
6. checking no_output_delay (96)
7. checking multiple_clock (0)
8. checking generated_clocks (0)
9. checking loops (0)
10. checking partial_input_delay (0)
11. checking partial_output_delay (0)
12. checking latch_loops (0)

1. checking no_clock (0)
------------------------
 There are 0 register/latch pins with no clock.


2. checking constant_clock (0)
------------------------------
 There are 0 register/latch pins with constant_clock.


3. checking pulse_width_clock (0)
---------------------------------
 There are 0 register/latch pins which need pulse_width check


4. checking unconstrained_internal_endpoints (0)
------------------------------------------------
 There are 0 pins that are not constrained for maximum delay.

 There are 0 pins that are not constrained for maximum delay due to constant clock.


5. checking no_input_delay (1)
------------------------------
 There is 1 input port with no input delay specified. (HIGH)

 There are 0 input ports with no input delay but user has a false path constraint.


6. checking no_output_delay (96)
--------------------------------
 There are 96 ports with no output delay specified. (HIGH)

 There are 0 ports with no output delay but user has a false path constraint

 There are 0 ports with no output delay but with a timing clock defined on it or propagating through it


7. checking multiple_clock (0)
------------------------------
 There are 0 register/latch pins with multiple clocks.


8. checking generated_clocks (0)
--------------------------------
 There are 0 generated clocks that are not connected to a clock source.


9. checking loops (0)
---------------------
 There are 0 combinational loops in the design.


10. checking partial_input_delay (0)
------------------------------------
 There are 0 input ports with partial input delay specified.


11. checking partial_output_delay (0)
-------------------------------------
 There are 0 ports with partial output delay specified.


12. checking latch_loops (0)
----------------------------
 There are 0 combinational latch loops in the design through latch input



------------------------------------------------------------------------------------------------
| Design Timing Summary
| ---------------------
------------------------------------------------------------------------------------------------

    WNS(ns)      TNS(ns)  TNS Failing Endpoints  TNS Total Endpoints      WHS(ns)      THS(ns)  THS Failing Endpoints  THS Total Endpoints     WPWS(ns)     TPWS(ns)  TPWS Failing Endpoints  TPWS Total Endpoints  
    -------      -------  ---------------------  -------------------      -------      -------  ---------------------  -------------------     --------     --------  ----------------------  --------------------  
     -3.768   -28621.619                  14615                26996        0.104        0.000                      0                26996        1.250        0.000                       0                  9565  


Timing constraints are not met.


------------------------------------------------------------------------------------------------
| Clock Summary
| -------------
------------------------------------------------------------------------------------------------

Clock  Waveform(ns)         Period(ns)      Frequency(MHz)
-----  ------------         ----------      --------------
clk    {0.000 2.500}        5.000           200.000         


------------------------------------------------------------------------------------------------
| Intra Clock Table
| -----------------
------------------------------------------------------------------------------------------------

Clock             WNS(ns)      TNS(ns)  TNS Failing Endpoints  TNS Total Endpoints      WHS(ns)      THS(ns)  THS Failing Endpoints  THS Total Endpoints     WPWS(ns)     TPWS(ns)  TPWS Failing Endpoints  TPWS Total Endpoints  
-----             -------      -------  ---------------------  -------------------      -------      -------  ---------------------  -------------------     --------     --------  ----------------------  --------------------  
clk                -3.768   -28621.619                  14615                26996        0.104        0.000                      0                26996        1.250        0.000                       0                  9565  


------------------------------------------------------------------------------------------------
| Inter Clock Table
| -----------------
------------------------------------------------------------------------------------------------

From Clock    To Clock          WNS(ns)      TNS(ns)  TNS Failing Endpoints  TNS Total Endpoints      WHS(ns)      THS(ns)  THS Failing Endpoints  THS Total Endpoints  
----------    --------          -------      -------  ---------------------  -------------------      -------      -------  ---------------------  -------------------  


------------------------------------------------------------------------------------------------
| Other Path Groups Table
| -----------------------
------------------------------------------------------------------------------------------------

Path Group    From Clock    To Clock          WNS(ns)      TNS(ns)  TNS Failing Endpoints  TNS Total Endpoints      WHS(ns)      THS(ns)  THS Failing Endpoints  THS Total Endpoints  
----------    ----------    --------          -------      -------  ---------------------  -------------------      -------      -------  ---------------------  -------------------  


------------------------------------------------------------------------------------------------
| User Ignored Path Table
| -----------------------
------------------------------------------------------------------------------------------------

Path Group    From Clock    To Clock    
----------    ----------    --------    


------------------------------------------------------------------------------------------------
| Unconstrained Path Table
| ------------------------
------------------------------------------------------------------------------------------------

Path Group    From Clock    To Clock    
----------    ----------    --------    
(none)        clk                         
(none)                      clk           


------------------------------------------------------------------------------------------------
| Timing Details
| --------------
------------------------------------------------------------------------------------------------


---------------------------------------------------------------------------------------------------
From Clock:  clk
  To Clock:  clk

Setup :        14615  Failing Endpoints,  Worst Slack       -3.768ns,  Total Violation   -28621.620ns
Hold  :            0  Failing Endpoints,  Worst Slack        0.104ns,  Total Violation        0.000ns
PW    :            0  Failing Endpoints,  Worst Slack        1.250ns,  Total Violation        0.000ns
---------------------------------------------------------------------------------------------------


Max Delay Paths
--------------------------------------------------------------------------------------
Slack (VIOLATED) :        -3.768ns  (required time - arrival time)
  Source:                 u_pc/pc_out_reg[2]_rep__2/C
                            (rising edge-triggered cell FDCE clocked by clk  {rise@0.000ns fall@2.500ns period=5.000ns})
  Destination:            u_icache/data_reg[14][12]/CE
                            (rising edge-triggered cell FDCE clocked by clk  {rise@0.000ns fall@2.500ns period=5.000ns})
  Path Group:             clk
  Path Type:              Setup (Max at Slow Process Corner)
  Requirement:            5.000ns  (clk rise@5.000ns - clk rise@0.000ns)
  Data Path Delay:        8.479ns  (logic 2.070ns (24.414%)  route 6.409ns (75.586%))
  Logic Levels:           8  (CARRY4=1 LUT6=5 MUXF7=1 MUXF8=1)
  Clock Path Skew:        -0.049ns (DCD - SCD + CPR)
    Destination Clock Delay (DCD):    0.924ns = ( 5.924 - 5.000 ) 
    Source Clock Delay      (SCD):    0.973ns
    Clock Pessimism Removal (CPR):    0.000ns
  Clock Uncertainty:      0.035ns  ((TSJ^2 + TIJ^2)^1/2 + DJ) / 2 + PE
    Total System Jitter     (TSJ):    0.071ns
    Total Input Jitter      (TIJ):    0.000ns
    Discrete Jitter          (DJ):    0.000ns
    Phase Error              (PE):    0.000ns

    Location             Delay type                Incr(ns)  Path(ns)    Netlist Resource(s)
  -------------------------------------------------------------------    -------------------
                         (clock clk rise edge)        0.000     0.000 r  
                                                      0.000     0.000 r  clk (IN)
                         net (fo=9564, unset)         0.973     0.973    u_pc/clk
    SLICE_X34Y29         FDCE                                         r  u_pc/pc_out_reg[2]_rep__2/C
  -------------------------------------------------------------------    -------------------
    SLICE_X34Y29         FDCE (Prop_fdce_C_Q)         0.518     1.491 r  u_pc/pc_out_reg[2]_rep__2/Q
                         net (fo=116, routed)         1.616     3.107    u_icache/tags_reg[0][23]_i_196_0
    SLICE_X47Y17         LUT6 (Prop_lut6_I4_O)        0.124     3.231 r  u_icache/tags[0][23]_i_445/O
                         net (fo=1, routed)           0.000     3.231    u_icache/tags[0][23]_i_445_n_0
    SLICE_X47Y17         MUXF7 (Prop_muxf7_I0_O)      0.238     3.469 r  u_icache/tags_reg[0][23]_i_207/O
                         net (fo=1, routed)           0.000     3.469    u_icache/tags_reg[0][23]_i_207_n_0
    SLICE_X47Y17         MUXF8 (Prop_muxf8_I0_O)      0.104     3.573 r  u_icache/tags_reg[0][23]_i_88/O
                         net (fo=1, routed)           1.108     4.681    u_icache/tags_reg[0][23]_i_88_n_0
    SLICE_X33Y21         LUT6 (Prop_lut6_I5_O)        0.316     4.997 r  u_icache/tags[0][23]_i_46/O
                         net (fo=1, routed)           0.439     5.436    u_icache/tags[19]
    SLICE_X35Y22         LUT6 (Prop_lut6_I5_O)        0.124     5.560 r  u_icache/tags[0][23]_i_18/O
                         net (fo=1, routed)           0.000     5.560    u_icache/tags[0][23]_i_18_n_0
    SLICE_X35Y22         CARRY4 (Prop_carry4_S[2]_CO[3])
                                                      0.398     5.958 f  u_icache/tags_reg[0][23]_i_7/CO[3]
                         net (fo=1, routed)           0.757     6.715    u_icache/hit0
    SLICE_X35Y19         LUT6 (Prop_lut6_I5_O)        0.124     6.839 f  u_icache/tags[0][23]_i_3/O
                         net (fo=96, routed)          1.352     8.191    u_pc/data_reg[14][0]_0
    SLICE_X49Y13         LUT6 (Prop_lut6_I5_O)        0.124     8.315 r  u_pc/tags[14][23]_i_1/O
                         net (fo=57, routed)          1.137     9.452    u_icache/data_reg[14][0]_0[0]
    SLICE_X55Y5          FDCE                                         r  u_icache/data_reg[14][12]/CE
  -------------------------------------------------------------------    -------------------

                         (clock clk rise edge)        5.000     5.000 r  
                                                      0.000     5.000 r  clk (IN)
                         net (fo=9564, unset)         0.924     5.924    u_icache/clk
    SLICE_X55Y5          FDCE                                         r  u_icache/data_reg[14][12]/C
                         clock pessimism              0.000     5.924    
                         clock uncertainty           -0.035     5.889    
    SLICE_X55Y5          FDCE (Setup_fdce_C_CE)      -0.205     5.684    u_icache/data_reg[14][12]
  -------------------------------------------------------------------
                         required time                          5.684    
                         arrival time                          -9.452    
  -------------------------------------------------------------------
                         slack                                 -3.768    





Min Delay Paths
--------------------------------------------------------------------------------------
Slack (MET) :             0.104ns  (arrival time - required time)
  Source:                 u_ex2_mem/alu_result_out_reg[5]_rep__1/C
                            (rising edge-triggered cell FDCE clocked by clk  {rise@0.000ns fall@2.500ns period=5.000ns})
  Destination:            u_dmem/mem_reg_0_255_27_27/RAMS64E_A/ADR3
                            (rising edge-triggered cell RAMS64E clocked by clk  {rise@0.000ns fall@2.500ns period=5.000ns})
  Path Group:             clk
  Path Type:              Hold (Min at Fast Process Corner)
  Requirement:            0.000ns  (clk rise@0.000ns - clk rise@0.000ns)
  Data Path Delay:        0.366ns  (logic 0.141ns (38.521%)  route 0.225ns (61.479%))
  Logic Levels:           0  
  Clock Path Skew:        0.022ns (DCD - SCD - CPR)
    Destination Clock Delay (DCD):    0.432ns
    Source Clock Delay      (SCD):    0.410ns
    Clock Pessimism Removal (CPR):    -0.000ns

    Location             Delay type                Incr(ns)  Path(ns)    Netlist Resource(s)
  -------------------------------------------------------------------    -------------------
                         (clock clk rise edge)        0.000     0.000 r  
                                                      0.000     0.000 r  clk (IN)
                         net (fo=9564, unset)         0.410     0.410    u_ex2_mem/clk
    SLICE_X39Y34         FDCE                                         r  u_ex2_mem/alu_result_out_reg[5]_rep__1/C
  -------------------------------------------------------------------    -------------------
    SLICE_X39Y34         FDCE (Prop_fdce_C_Q)         0.141     0.551 r  u_ex2_mem/alu_result_out_reg[5]_rep__1/Q
                         net (fo=128, routed)         0.225     0.776    u_dmem/mem_reg_0_255_27_27/A3
    SLICE_X38Y34         RAMS64E                                      r  u_dmem/mem_reg_0_255_27_27/RAMS64E_A/ADR3
  -------------------------------------------------------------------    -------------------

                         (clock clk rise edge)        0.000     0.000 r  
                                                      0.000     0.000 r  clk (IN)
                         net (fo=9564, unset)         0.432     0.432    u_dmem/mem_reg_0_255_27_27/WCLK
    SLICE_X38Y34         RAMS64E                                      r  u_dmem/mem_reg_0_255_27_27/RAMS64E_A/CLK
                         clock pessimism              0.000     0.432    
    SLICE_X38Y34         RAMS64E (Hold_rams64e_CLK_ADR3)
                                                      0.240     0.672    u_dmem/mem_reg_0_255_27_27/RAMS64E_A
  -------------------------------------------------------------------
                         required time                         -0.672    
                         arrival time                           0.776    
  -------------------------------------------------------------------
                         slack                                  0.104    





Pulse Width Checks
--------------------------------------------------------------------------------------
Clock Name:         clk
Waveform(ns):       { 0.000 2.500 }
Period(ns):         5.000
Sources:            { clk }

Check Type        Corner  Lib Pin      Reference Pin  Required(ns)  Actual(ns)  Slack(ns)  Location      Pin
Min Period        n/a     DSP48E1/CLK  n/a            2.154         5.000       2.846      DSP48_X1Y13   u_mdu/mul_ss_out0__0/CLK
Low Pulse Width   Slow    RAMS64E/CLK  n/a            1.250         2.500       1.250      SLICE_X56Y48  u_dmem/mem_reg_0_255_0_0/RAMS64E_A/CLK
High Pulse Width  Slow    RAMS64E/CLK  n/a            1.250         2.500       1.250      SLICE_X56Y48  u_dmem/mem_reg_0_255_0_0/RAMS64E_A/CLK



--------------------------------------------------------------------------------------
Path Group:  (none)
From Clock:  clk
  To Clock:  

Max Delay            96 Endpoints
Min Delay            96 Endpoints
--------------------------------------------------------------------------------------


Max Delay Paths
--------------------------------------------------------------------------------------
Slack:                    inf
  Source:                 u_ex1_ex2/alu_a_out_reg[7]/C
                            (rising edge-triggered cell FDCE clocked by clk  {rise@0.000ns fall@2.500ns period=5.000ns})
  Destination:            debug_alu_result[14]
                            (output port)
  Path Group:             (none)
  Path Type:              Max at Slow Process Corner
  Data Path Delay:        6.383ns  (logic 0.952ns (14.916%)  route 5.431ns (85.084%))
  Logic Levels:           4  (LUT5=1 LUT6=3)
  Clock Uncertainty:      0.025ns  ((TSJ^2 + TIJ^2)^1/2 + DJ) / 2 + PE
    Total System Jitter     (TSJ):    0.050ns
    Total Input Jitter      (TIJ):    0.000ns
    Discrete Jitter          (DJ):    0.000ns
    Phase Error              (PE):    0.000ns

    Location             Delay type                Incr(ns)  Path(ns)    Netlist Resource(s)
  -------------------------------------------------------------------    -------------------
                         (clock clk rise edge)        0.000     0.000 r  
                                                      0.000     0.000 r  clk (IN)
                         net (fo=9564, unset)         0.973     0.973    u_ex1_ex2/clk
    SLICE_X51Y41         FDCE                                         r  u_ex1_ex2/alu_a_out_reg[7]/C
  -------------------------------------------------------------------    -------------------
    SLICE_X51Y41         FDCE (Prop_fdce_C_Q)         0.456     1.429 r  u_ex1_ex2/alu_a_out_reg[7]/Q
                         net (fo=18, routed)          1.749     3.178    u_ex1_ex2/ex2_alu_a[7]
    SLICE_X57Y25         LUT6 (Prop_lut6_I0_O)        0.124     3.302 r  u_ex1_ex2/debug_alu_result[30]_INST_0_i_14/O
                         net (fo=4, routed)           1.121     4.424    u_ex1_ex2/debug_alu_result[30]_INST_0_i_14_n_0
    SLICE_X54Y25         LUT6 (Prop_lut6_I1_O)        0.124     4.548 r  u_ex1_ex2/debug_alu_result[30]_INST_0_i_7/O
                         net (fo=2, routed)           1.082     5.629    u_ex1_ex2/debug_alu_result[30]_INST_0_i_7_n_0
    SLICE_X41Y31         LUT6 (Prop_lut6_I1_O)        0.124     5.753 r  u_ex1_ex2/debug_alu_result[14]_INST_0_i_2/O
                         net (fo=1, routed)           0.505     6.259    u_ex1_ex2/debug_alu_result[14]_INST_0_i_2_n_0
    SLICE_X40Y31         LUT5 (Prop_lut5_I2_O)        0.124     6.383 r  u_ex1_ex2/debug_alu_result[14]_INST_0/O
                         net (fo=2, unset)            0.973     7.356    debug_alu_result[14]
                                                                      r  debug_alu_result[14] (OUT)
  -------------------------------------------------------------------    -------------------





Min Delay Paths
--------------------------------------------------------------------------------------
Slack:                    inf
  Source:                 u_if2_id/instr_out_reg[11]/C
                            (rising edge-triggered cell FDCE clocked by clk  {rise@0.000ns fall@2.500ns period=5.000ns})
  Destination:            debug_instr[11]
                            (output port)
  Path Group:             (none)
  Path Type:              Min at Fast Process Corner
  Data Path Delay:        0.538ns  (logic 0.128ns (23.786%)  route 0.410ns (76.214%))
  Logic Levels:           0  
  Clock Uncertainty:      0.025ns  ((TSJ^2 + TIJ^2)^1/2 + DJ) / 2 + PE
    Total System Jitter     (TSJ):    0.050ns
    Total Input Jitter      (TIJ):    0.000ns
    Discrete Jitter          (DJ):    0.000ns
    Phase Error              (PE):    0.000ns

    Location             Delay type                Incr(ns)  Path(ns)    Netlist Resource(s)
  -------------------------------------------------------------------    -------------------
                         (clock clk rise edge)        0.000     0.000 r  
                                                      0.000     0.000 r  clk (IN)
                         net (fo=9564, unset)         0.410     0.410    u_if2_id/clk
    SLICE_X35Y33         FDCE                                         r  u_if2_id/instr_out_reg[11]/C
  -------------------------------------------------------------------    -------------------
    SLICE_X35Y33         FDCE (Prop_fdce_C_Q)         0.128     0.538 r  u_if2_id/instr_out_reg[11]/Q
                         net (fo=2, unset)            0.410     0.948    debug_instr[11]
                                                                      r  debug_instr[11] (OUT)
  -------------------------------------------------------------------    -------------------





--------------------------------------------------------------------------------------
Path Group:  (none)
From Clock:  
  To Clock:  clk

Max Delay          8535 Endpoints
Min Delay          8535 Endpoints
--------------------------------------------------------------------------------------


Max Delay Paths
--------------------------------------------------------------------------------------
Slack:                    inf
  Source:                 rst_n
                            (input port)
  Destination:            u_csr/mepc_reg[12]/CLR
                            (recovery check against rising-edge clock clk  {rise@0.000ns fall@2.500ns period=5.000ns})
  Path Group:             (none)
  Path Type:              Recovery (Max at Slow Process Corner)
  Data Path Delay:        25.547ns  (logic 0.124ns (0.485%)  route 25.423ns (99.515%))
  Logic Levels:           1  (LUT1=1)
  Clock Path Skew:        0.924ns (DCD - SCD + CPR)
    Destination Clock Delay (DCD):    0.924ns
    Source Clock Delay      (SCD):    0.000ns
    Clock Pessimism Removal (CPR):    0.000ns
  Clock Uncertainty:      0.025ns  ((TSJ^2 + TIJ^2)^1/2 + DJ) / 2 + PE
    Total System Jitter     (TSJ):    0.050ns
    Total Input Jitter      (TIJ):    0.000ns
    Discrete Jitter          (DJ):    0.000ns
    Phase Error              (PE):    0.000ns

    Location             Delay type                Incr(ns)  Path(ns)    Netlist Resource(s)
  -------------------------------------------------------------------    -------------------
                                                      0.000     0.000 r  rst_n (IN)
                         net (fo=1, unset)            0.973     0.973    u_icache/rst_n
    SLICE_X4Y2           LUT1 (Prop_lut1_I0_O)        0.124     1.097 f  u_icache/pc_out[31]_i_3/O
                         net (fo=6679, routed)       24.450    25.547    u_csr/p_0_in
    SLICE_X32Y60         FDCE                                         f  u_csr/mepc_reg[12]/CLR
  -------------------------------------------------------------------    -------------------

                         (clock clk rise edge)        0.000     0.000 r  
                                                      0.000     0.000 r  clk (IN)
                         net (fo=9564, unset)         0.924     0.924    u_csr/clk
    SLICE_X32Y60         FDCE                                         r  u_csr/mepc_reg[12]/C





Min Delay Paths
--------------------------------------------------------------------------------------
Slack:                    inf
  Source:                 rst_n
                            (input port)
  Destination:            u_icache/data_reg[22][0]/CLR
                            (removal check against rising-edge clock clk  {rise@0.000ns fall@2.500ns period=5.000ns})
  Path Group:             (none)
  Path Type:              Removal (Min at Fast Process Corner)
  Data Path Delay:        0.706ns  (logic 0.045ns (6.374%)  route 0.661ns (93.626%))
  Logic Levels:           1  (LUT1=1)
  Clock Path Skew:        0.432ns (DCD - SCD - CPR)
    Destination Clock Delay (DCD):    0.432ns
    Source Clock Delay      (SCD):    0.000ns
    Clock Pessimism Removal (CPR):    -0.000ns

    Location             Delay type                Incr(ns)  Path(ns)    Netlist Resource(s)
  -------------------------------------------------------------------    -------------------
                                                      0.000     0.000 r  rst_n (IN)
                         net (fo=1, unset)            0.410     0.410    u_icache/rst_n
    SLICE_X4Y2           LUT1 (Prop_lut1_I0_O)        0.045     0.455 f  u_icache/pc_out[31]_i_3/O
                         net (fo=6679, routed)        0.251     0.706    u_icache/p_0_in
    SLICE_X7Y5           FDCE                                         f  u_icache/data_reg[22][0]/CLR
  -------------------------------------------------------------------    -------------------

                         (clock clk rise edge)        0.000     0.000 r  
                                                      0.000     0.000 r  clk (IN)
                         net (fo=9564, unset)         0.432     0.432    u_icache/clk
    SLICE_X7Y5           FDCE                                         r  u_icache/data_reg[22][0]/C





